
{
    "pystart_ms": 1588924043174.218,
    "pyend_ms": 1588924045203.815,
    "pyduration_ms": 2029.596923828125,
    "func_data": {
        "initTime_ms": 1588924043577.543,
        "endTime_ms": 1588924045106.7256,
        "duration_ms": 1529.1826725006104,
        "executionID": "prpg73kia44x",
        "containerID": "8bfe628c-5183-402b-994d-616a1ed7cc3a",
        "uptime": "102.66",
        "meminfo": "MemTotal:        2097152 kB\nMemFree:         2049156 kB\nMemAvailable:    2049156 kB\nBuffers:               0 kB\nCached:            13604 kB\nSwapCache:             0 kB\nActive:            34724 kB\nInactive:           6804 kB\nActive(anon):      27924 kB\nInactive(anon):        0 kB\nActive(file):       6800 kB\nInactive(file):     6804 kB\nUnevictable:           0 kB\nMlocked:               0 kB\nSwapTotal:             0 kB\nSwapFree:              0 kB\nDirty:                 0 kB\nWriteback:             0 kB\nAnonPages:         27924 kB\nMapped:            13604 kB\nShmem:                 0 kB",
        "cpuinfo": "Architecture:        x86_64\nCPU op-mode(s):      32-bit, 64-bit\nByte Order:          Little Endian\nCPU(s):              2\nOn-line CPU(s) list: 0,1\nVendor ID:           GenuineIntel\nCPU family:          6\nModel:               79\nModel name:          unknown\nStepping:            unknown\nCPU MHz:             2739.158\nBogoMIPS:            2739.16\nVirtualization:      VT-x\nFlags:               fpu vme de pse tsc msr pae mce cx8 apic sep mtrr pge mca cmov pat pse36 clflush dts acpi mmx fxsr sse sse2 ss ht tm pbe syscall nx pdpe1gb rdtscp lm pni pclmulqdq dtes64 monitor ds_cpl vmx smx est tm2 ssse3 sdbg fma cx16 xtpr pdcm pcid dca sse4_1 sse4_2 x2apic movbe popcnt tsc_deadline_timer aes xsave avx f16c rdrand lahf_lm abm 3dnowprefetch fsgsbase tsc_adjust bmi1 hle avx2 smep bmi2 erms invpcid rtm cqm rdt_a rdseed adx smap xsaveopt"
    }
},
{
    "pystart_ms": 1588924043172.1978,
    "pyend_ms": 1588924045323.255,
    "pyduration_ms": 2151.05712890625,
    "func_data": {
        "initTime_ms": 1588924043542.7969,
        "endTime_ms": 1588924045153.1636,
        "duration_ms": 1610.3668212890625,
        "executionID": "i7m1ox2rzq4m",
        "containerID": "245fdf4d-0a88-4669-8d01-1e40195f1f08",
        "uptime": "103.88",
        "meminfo": "MemTotal:        2097152 kB\nMemFree:         2049064 kB\nMemAvailable:    2049064 kB\nBuffers:               0 kB\nCached:            13616 kB\nSwapCache:             0 kB\nActive:            34812 kB\nInactive:           6808 kB\nActive(anon):      28004 kB\nInactive(anon):        0 kB\nActive(file):       6808 kB\nInactive(file):     6808 kB\nUnevictable:           0 kB\nMlocked:               0 kB\nSwapTotal:             0 kB\nSwapFree:              0 kB\nDirty:                 0 kB\nWriteback:             0 kB\nAnonPages:         28004 kB\nMapped:            13616 kB\nShmem:                 0 kB",
        "cpuinfo": "Architecture:        x86_64\nCPU op-mode(s):      32-bit, 64-bit\nByte Order:          Little Endian\nCPU(s):              2\nOn-line CPU(s) list: 0,1\nVendor ID:           GenuineIntel\nCPU family:          6\nModel:               85\nModel name:          unknown\nStepping:            unknown\nCPU MHz:             2700.266\nBogoMIPS:            2700.27\nVirtualization:      VT-x\nFlags:               fpu vme de pse tsc msr pae mce cx8 apic sep mtrr pge mca cmov pat pse36 clflush dts acpi mmx fxsr sse sse2 ss ht tm pbe syscall nx pdpe1gb rdtscp lm pni pclmulqdq dtes64 monitor ds_cpl vmx smx est tm2 ssse3 sdbg fma cx16 xtpr pdcm pcid dca sse4_1 sse4_2 x2apic movbe popcnt tsc_deadline_timer aes xsave avx f16c rdrand lahf_lm abm 3dnowprefetch fsgsbase tsc_adjust bmi1 hle avx2 smep bmi2 erms invpcid rtm cqm mpx rdt_a avx512f avx512dq rdseed adx smap clwb avx512cd avx512bw avx512vl xsaveopt xsavec xgetbv1 xsaves pku"
    }
},
{
    "pystart_ms": 1588924043184.2144,
    "pyend_ms": 1588924045326.2456,
    "pyduration_ms": 2142.03125,
    "func_data": {
        "initTime_ms": 1588924043535.6836,
        "endTime_ms": 1588924045237.5132,
        "duration_ms": 1701.829433441162,
        "executionID": "yldpek8jyoe5",
        "containerID": "1079d80b-1401-4095-8d84-6f9d4f06b84c",
        "uptime": "103.83",
        "meminfo": "MemTotal:        2097152 kB\nMemFree:         2048108 kB\nMemAvailable:    2048108 kB\nBuffers:               0 kB\nCached:            13752 kB\nSwapCache:             0 kB\nActive:            35700 kB\nInactive:           6876 kB\nActive(anon):      28824 kB\nInactive(anon):        0 kB\nActive(file):       6876 kB\nInactive(file):     6876 kB\nUnevictable:           0 kB\nMlocked:               0 kB\nSwapTotal:             0 kB\nSwapFree:              0 kB\nDirty:                 0 kB\nWriteback:             0 kB\nAnonPages:         28824 kB\nMapped:            13752 kB\nShmem:                 0 kB",
        "cpuinfo": "Architecture:        x86_64\nCPU op-mode(s):      32-bit, 64-bit\nByte Order:          Little Endian\nCPU(s):              2\nOn-line CPU(s) list: 0,1\nVendor ID:           GenuineIntel\nCPU family:          6\nModel:               85\nModel name:          unknown\nStepping:            unknown\nCPU MHz:             2700.259\nBogoMIPS:            2700.26\nVirtualization:      VT-x\nFlags:               fpu vme de pse tsc msr pae mce cx8 apic sep mtrr pge mca cmov pat pse36 clflush dts acpi mmx fxsr sse sse2 ss ht tm pbe syscall nx pdpe1gb rdtscp lm pni pclmulqdq dtes64 monitor ds_cpl vmx smx est tm2 ssse3 sdbg fma cx16 xtpr pdcm pcid dca sse4_1 sse4_2 x2apic movbe popcnt tsc_deadline_timer aes xsave avx f16c rdrand lahf_lm abm 3dnowprefetch fsgsbase tsc_adjust bmi1 hle avx2 smep bmi2 erms invpcid rtm cqm mpx rdt_a avx512f avx512dq rdseed adx smap clwb avx512cd avx512bw avx512vl xsaveopt xsavec xgetbv1 xsaves pku"
    }
},
{
    "pystart_ms": 1588924043173.1982,
    "pyend_ms": 1588924045327.2478,
    "pyduration_ms": 2154.049560546875,
    "func_data": {
        "initTime_ms": 1588924043555.3816,
        "endTime_ms": 1588924045216.3516,
        "duration_ms": 1660.9699726104736,
        "executionID": "e1ngm507vvov",
        "containerID": "ee6e61f7-8cb5-47c3-b6a2-ae0b06730010",
        "uptime": "103.97",
        "meminfo": "MemTotal:        2097152 kB\nMemFree:         2048032 kB\nMemAvailable:    2048032 kB\nBuffers:               0 kB\nCached:            13604 kB\nSwapCache:             0 kB\nActive:            35848 kB\nInactive:           6804 kB\nActive(anon):      29048 kB\nInactive(anon):        0 kB\nActive(file):       6800 kB\nInactive(file):     6804 kB\nUnevictable:           0 kB\nMlocked:               0 kB\nSwapTotal:             0 kB\nSwapFree:              0 kB\nDirty:                 0 kB\nWriteback:             0 kB\nAnonPages:         29048 kB\nMapped:            13604 kB\nShmem:                 0 kB",
        "cpuinfo": "Architecture:        x86_64\nCPU op-mode(s):      32-bit, 64-bit\nByte Order:          Little Endian\nCPU(s):              2\nOn-line CPU(s) list: 0,1\nVendor ID:           GenuineIntel\nCPU family:          6\nModel:               85\nModel name:          unknown\nStepping:            unknown\nCPU MHz:             2700.138\nBogoMIPS:            2700.14\nVirtualization:      VT-x\nFlags:               fpu vme de pse tsc msr pae mce cx8 apic sep mtrr pge mca cmov pat pse36 clflush dts acpi mmx fxsr sse sse2 ss ht tm pbe syscall nx pdpe1gb rdtscp lm pni pclmulqdq dtes64 monitor ds_cpl vmx smx est tm2 ssse3 sdbg fma cx16 xtpr pdcm pcid dca sse4_1 sse4_2 x2apic movbe popcnt tsc_deadline_timer aes xsave avx f16c rdrand lahf_lm abm 3dnowprefetch fsgsbase tsc_adjust bmi1 hle avx2 smep bmi2 erms invpcid rtm cqm mpx rdt_a avx512f avx512dq rdseed adx smap clwb avx512cd avx512bw avx512vl xsaveopt xsavec xgetbv1 xsaves pku"
    }
},
{
    "pystart_ms": 1588924043191.2085,
    "pyend_ms": 1588924045358.2812,
    "pyduration_ms": 2167.07275390625,
    "func_data": {
        "initTime_ms": 1588924043646.7356,
        "endTime_ms": 1588924045214.7527,
        "duration_ms": 1568.0170059204102,
        "executionID": "r60zqj0b1wxs",
        "containerID": "1386db12-5950-45e7-922b-026fad8ee9b4",
        "uptime": "103.34",
        "meminfo": "MemTotal:        2097152 kB\nMemFree:         2048932 kB\nMemAvailable:    2048932 kB\nBuffers:               0 kB\nCached:            13604 kB\nSwapCache:             0 kB\nActive:            34948 kB\nInactive:           6804 kB\nActive(anon):      28148 kB\nInactive(anon):        0 kB\nActive(file):       6800 kB\nInactive(file):     6804 kB\nUnevictable:           0 kB\nMlocked:               0 kB\nSwapTotal:             0 kB\nSwapFree:              0 kB\nDirty:                 0 kB\nWriteback:             0 kB\nAnonPages:         28148 kB\nMapped:            13604 kB\nShmem:                 0 kB",
        "cpuinfo": "Architecture:        x86_64\nCPU op-mode(s):      32-bit, 64-bit\nByte Order:          Little Endian\nCPU(s):              2\nOn-line CPU(s) list: 0,1\nVendor ID:           GenuineIntel\nCPU family:          6\nModel:               85\nModel name:          unknown\nStepping:            unknown\nCPU MHz:             2456.138\nBogoMIPS:            2456.14\nVirtualization:      VT-x\nFlags:               fpu vme de pse tsc msr pae mce cx8 apic sep mtrr pge mca cmov pat pse36 clflush dts acpi mmx fxsr sse sse2 ss ht tm pbe syscall nx pdpe1gb rdtscp lm pni pclmulqdq dtes64 monitor ds_cpl vmx smx est tm2 ssse3 sdbg fma cx16 xtpr pdcm pcid dca sse4_1 sse4_2 x2apic movbe popcnt tsc_deadline_timer aes xsave avx f16c rdrand lahf_lm abm 3dnowprefetch fsgsbase tsc_adjust bmi1 hle avx2 smep bmi2 erms invpcid rtm cqm mpx rdt_a avx512f avx512dq rdseed adx smap clwb avx512cd avx512bw avx512vl xsaveopt xsavec xgetbv1 xsaves pku"
    }
},
{
    "pystart_ms": 1588924043188.1982,
    "pyend_ms": 1588924045438.2466,
    "pyduration_ms": 2250.04833984375,
    "func_data": {
        "initTime_ms": 1588924043675.0554,
        "endTime_ms": 1588924045231.4148,
        "duration_ms": 1556.3592910766602,
        "executionID": "rc2py52j33sn",
        "containerID": "9ed2e45a-ba2e-4af9-8cda-5365d035d696",
        "uptime": "29.88",
        "meminfo": "MemTotal:        2097152 kB\nMemFree:         2050416 kB\nMemAvailable:    2050416 kB\nBuffers:               0 kB\nCached:            13740 kB\nSwapCache:             0 kB\nActive:            33396 kB\nInactive:           6872 kB\nActive(anon):      26528 kB\nInactive(anon):        0 kB\nActive(file):       6868 kB\nInactive(file):     6872 kB\nUnevictable:           0 kB\nMlocked:               0 kB\nSwapTotal:             0 kB\nSwapFree:              0 kB\nDirty:                 0 kB\nWriteback:             0 kB\nAnonPages:         26528 kB\nMapped:            13740 kB\nShmem:                 0 kB",
        "cpuinfo": "Architecture:        x86_64\nCPU op-mode(s):      32-bit, 64-bit\nByte Order:          Little Endian\nCPU(s):              2\nOn-line CPU(s) list: 0,1\nVendor ID:           GenuineIntel\nCPU family:          6\nModel:               85\nModel name:          unknown\nStepping:            unknown\nCPU MHz:             2620.567\nBogoMIPS:            2620.57\nVirtualization:      VT-x\nFlags:               fpu vme de pse tsc msr pae mce cx8 apic sep mtrr pge mca cmov pat pse36 clflush dts acpi mmx fxsr sse sse2 ss ht tm pbe syscall nx pdpe1gb rdtscp lm pni pclmulqdq dtes64 monitor ds_cpl vmx smx est tm2 ssse3 sdbg fma cx16 xtpr pdcm pcid dca sse4_1 sse4_2 x2apic movbe popcnt tsc_deadline_timer aes xsave avx f16c rdrand lahf_lm abm 3dnowprefetch fsgsbase tsc_adjust bmi1 hle avx2 smep bmi2 erms invpcid rtm cqm mpx rdt_a avx512f avx512dq rdseed adx smap clwb avx512cd avx512bw avx512vl xsaveopt xsavec xgetbv1 xsaves pku"
    }
},
{
    "pystart_ms": 1588924043203.198,
    "pyend_ms": 1588924045441.2458,
    "pyduration_ms": 2238.0478515625,
    "func_data": {
        "initTime_ms": 1588924043669.315,
        "endTime_ms": 1588924045355.9778,
        "duration_ms": 1686.6629123687744,
        "executionID": "neoh1och0w2l",
        "containerID": "22fa30f6-3275-4967-b171-94390c2d188f",
        "uptime": "30.19",
        "meminfo": "MemTotal:        2097152 kB\nMemFree:         2048840 kB\nMemAvailable:    2048840 kB\nBuffers:               0 kB\nCached:            13740 kB\nSwapCache:             0 kB\nActive:            34972 kB\nInactive:           6872 kB\nActive(anon):      28104 kB\nInactive(anon):        0 kB\nActive(file):       6868 kB\nInactive(file):     6872 kB\nUnevictable:           0 kB\nMlocked:               0 kB\nSwapTotal:             0 kB\nSwapFree:              0 kB\nDirty:                 0 kB\nWriteback:             0 kB\nAnonPages:         28104 kB\nMapped:            13740 kB\nShmem:                 0 kB",
        "cpuinfo": "Architecture:        x86_64\nCPU op-mode(s):      32-bit, 64-bit\nByte Order:          Little Endian\nCPU(s):              2\nOn-line CPU(s) list: 0,1\nVendor ID:           GenuineIntel\nCPU family:          6\nModel:               85\nModel name:          unknown\nStepping:            unknown\nCPU MHz:             2700.262\nBogoMIPS:            2700.26\nVirtualization:      VT-x\nFlags:               fpu vme de pse tsc msr pae mce cx8 apic sep mtrr pge mca cmov pat pse36 clflush dts acpi mmx fxsr sse sse2 ss ht tm pbe syscall nx pdpe1gb rdtscp lm pni pclmulqdq dtes64 monitor ds_cpl vmx smx est tm2 ssse3 sdbg fma cx16 xtpr pdcm pcid dca sse4_1 sse4_2 x2apic movbe popcnt tsc_deadline_timer aes xsave avx f16c rdrand lahf_lm abm 3dnowprefetch fsgsbase tsc_adjust bmi1 hle avx2 smep bmi2 erms invpcid rtm cqm mpx rdt_a avx512f avx512dq rdseed adx smap clwb avx512cd avx512bw avx512vl xsaveopt xsavec xgetbv1 xsaves pku"
    }
},
{
    "pystart_ms": 1588924043189.1985,
    "pyend_ms": 1588924045462.2446,
    "pyduration_ms": 2273.046142578125,
    "func_data": {
        "initTime_ms": 1588924043646.713,
        "endTime_ms": 1588924045296.852,
        "duration_ms": 1650.139331817627,
        "executionID": "59fbhxqqo7hv",
        "containerID": "c7bf2b68-b981-401a-af8a-fe5405ea4279",
        "uptime": "102.69",
        "meminfo": "MemTotal:        2097152 kB\nMemFree:         2046684 kB\nMemAvailable:    2046684 kB\nBuffers:               0 kB\nCached:            13640 kB\nSwapCache:             0 kB\nActive:            37180 kB\nInactive:           6820 kB\nActive(anon):      30360 kB\nInactive(anon):        0 kB\nActive(file):       6820 kB\nInactive(file):     6820 kB\nUnevictable:           0 kB\nMlocked:               0 kB\nSwapTotal:             0 kB\nSwapFree:              0 kB\nDirty:                 0 kB\nWriteback:             0 kB\nAnonPages:         30360 kB\nMapped:            13640 kB\nShmem:                 0 kB",
        "cpuinfo": "Architecture:        x86_64\nCPU op-mode(s):      32-bit, 64-bit\nByte Order:          Little Endian\nCPU(s):              2\nOn-line CPU(s) list: 0,1\nVendor ID:           GenuineIntel\nCPU family:          6\nModel:               85\nModel name:          unknown\nStepping:            unknown\nCPU MHz:             2486.696\nBogoMIPS:            2486.70\nVirtualization:      VT-x\nFlags:               fpu vme de pse tsc msr pae mce cx8 apic sep mtrr pge mca cmov pat pse36 clflush dts acpi mmx fxsr sse sse2 ss ht tm pbe syscall nx pdpe1gb rdtscp lm pni pclmulqdq dtes64 monitor ds_cpl vmx smx est tm2 ssse3 sdbg fma cx16 xtpr pdcm pcid dca sse4_1 sse4_2 x2apic movbe popcnt tsc_deadline_timer aes xsave avx f16c rdrand lahf_lm abm 3dnowprefetch fsgsbase tsc_adjust bmi1 hle avx2 smep bmi2 erms invpcid rtm cqm mpx rdt_a avx512f avx512dq rdseed adx smap clwb avx512cd avx512bw avx512vl xsaveopt xsavec xgetbv1 xsaves pku"
    }
},
{
    "pystart_ms": 1588924043227.2075,
    "pyend_ms": 1588924045505.265,
    "pyduration_ms": 2278.057373046875,
    "func_data": {
        "initTime_ms": 1588924043853.4966,
        "endTime_ms": 1588924045414.4106,
        "duration_ms": 1560.9140396118164,
        "executionID": "dntbio27nhyf",
        "containerID": "c3097b97-7713-48f7-a697-f7bd99605ac8",
        "uptime": "30.30",
        "meminfo": "MemTotal:        2097152 kB\nMemFree:         2048748 kB\nMemAvailable:    2048748 kB\nBuffers:               0 kB\nCached:            13028 kB\nSwapCache:             0 kB\nActive:            33748 kB\nInactive:           6516 kB\nActive(anon):      27236 kB\nInactive(anon):        0 kB\nActive(file):       6512 kB\nInactive(file):     6516 kB\nUnevictable:           0 kB\nMlocked:               0 kB\nSwapTotal:             0 kB\nSwapFree:              0 kB\nDirty:                 0 kB\nWriteback:             0 kB\nAnonPages:         27236 kB\nMapped:            13028 kB\nShmem:                 0 kB",
        "cpuinfo": "Architecture:        x86_64\nCPU op-mode(s):      32-bit, 64-bit\nByte Order:          Little Endian\nCPU(s):              2\nOn-line CPU(s) list: 0,1\nVendor ID:           GenuineIntel\nCPU family:          6\nModel:               45\nModel name:          unknown\nStepping:            unknown\nCPU MHz:             3299.998\nBogoMIPS:            3300.00\nVirtualization:      VT-x\nFlags:               fpu vme de pse tsc msr pae mce cx8 apic sep mtrr pge mca cmov pat pse36 clflush dts acpi mmx fxsr sse sse2 ss ht tm pbe syscall nx pdpe1gb rdtscp lm pni pclmulqdq dtes64 monitor ds_cpl vmx smx est tm2 ssse3 cx16 xtpr pdcm pcid dca sse4_1 sse4_2 x2apic popcnt tsc_deadline_timer aes xsave avx lahf_lm xsaveopt"
    }
},
{
    "pystart_ms": 1588924043184.2144,
    "pyend_ms": 1588924045507.3042,
    "pyduration_ms": 2323.08984375,
    "func_data": {
        "initTime_ms": 1588924043551.0205,
        "endTime_ms": 1588924045362.9463,
        "duration_ms": 1811.9256496429443,
        "executionID": "jmj0zjk5up5h",
        "containerID": "b99bdd86-d5e8-4bce-92dd-89870b83cecc",
        "uptime": "101.72",
        "meminfo": "MemTotal:        2097152 kB\nMemFree:         2047688 kB\nMemAvailable:    2047688 kB\nBuffers:               0 kB\nCached:            13740 kB\nSwapCache:             0 kB\nActive:            36124 kB\nInactive:           6872 kB\nActive(anon):      29256 kB\nInactive(anon):        0 kB\nActive(file):       6868 kB\nInactive(file):     6872 kB\nUnevictable:           0 kB\nMlocked:               0 kB\nSwapTotal:             0 kB\nSwapFree:              0 kB\nDirty:                 0 kB\nWriteback:             0 kB\nAnonPages:         29256 kB\nMapped:            13740 kB\nShmem:                 0 kB",
        "cpuinfo": "Architecture:        x86_64\nCPU op-mode(s):      32-bit, 64-bit\nByte Order:          Little Endian\nCPU(s):              2\nOn-line CPU(s) list: 0,1\nVendor ID:           GenuineIntel\nCPU family:          6\nModel:               85\nModel name:          unknown\nStepping:            unknown\nCPU MHz:             2568.005\nBogoMIPS:            2568.01\nVirtualization:      VT-x\nFlags:               fpu vme de pse tsc msr pae mce cx8 apic sep mtrr pge mca cmov pat pse36 clflush dts acpi mmx fxsr sse sse2 ss ht tm pbe syscall nx pdpe1gb rdtscp lm pni pclmulqdq dtes64 monitor ds_cpl vmx smx est tm2 ssse3 sdbg fma cx16 xtpr pdcm pcid dca sse4_1 sse4_2 x2apic movbe popcnt tsc_deadline_timer aes xsave avx f16c rdrand lahf_lm abm 3dnowprefetch fsgsbase tsc_adjust bmi1 hle avx2 smep bmi2 erms invpcid rtm cqm mpx rdt_a avx512f avx512dq rdseed adx smap clwb avx512cd avx512bw avx512vl xsaveopt xsavec xgetbv1 xsaves pku"
    }
},
{
    "pystart_ms": 1588924043213.1978,
    "pyend_ms": 1588924045515.2705,
    "pyduration_ms": 2302.07275390625,
    "func_data": {
        "initTime_ms": 1588924043797.8918,
        "endTime_ms": 1588924045442.6633,
        "duration_ms": 1644.7715759277344,
        "executionID": "v4kkaq2fkv5z",
        "containerID": "9cc3783d-ab2b-4c77-89aa-71c05db305a1",
        "uptime": "73.68",
        "meminfo": "MemTotal:        2097152 kB\nMemFree:         2050328 kB\nMemAvailable:    2050328 kB\nBuffers:               0 kB\nCached:            13240 kB\nSwapCache:             0 kB\nActive:            33736 kB\nInactive:           6620 kB\nActive(anon):      27116 kB\nInactive(anon):        0 kB\nActive(file):       6620 kB\nInactive(file):     6620 kB\nUnevictable:           0 kB\nMlocked:               0 kB\nSwapTotal:             0 kB\nSwapFree:              0 kB\nDirty:                 0 kB\nWriteback:             0 kB\nAnonPages:         27116 kB\nMapped:            13240 kB\nShmem:                 0 kB",
        "cpuinfo": "Architecture:        x86_64\nCPU op-mode(s):      32-bit, 64-bit\nByte Order:          Little Endian\nCPU(s):              2\nOn-line CPU(s) list: 0,1\nVendor ID:           GenuineIntel\nCPU family:          6\nModel:               85\nModel name:          unknown\nStepping:            unknown\nCPU MHz:             2574.144\nBogoMIPS:            2574.14\nVirtualization:      VT-x\nFlags:               fpu vme de pse tsc msr pae mce cx8 apic sep mtrr pge mca cmov pat pse36 clflush dts acpi mmx fxsr sse sse2 ss ht tm pbe syscall nx pdpe1gb rdtscp lm pni pclmulqdq dtes64 monitor ds_cpl vmx smx est tm2 ssse3 sdbg fma cx16 xtpr pdcm pcid dca sse4_1 sse4_2 x2apic movbe popcnt tsc_deadline_timer aes xsave avx f16c rdrand lahf_lm abm 3dnowprefetch fsgsbase tsc_adjust bmi1 hle avx2 smep bmi2 erms invpcid rtm cqm mpx rdt_a avx512f avx512dq rdseed adx smap clwb avx512cd avx512bw avx512vl xsaveopt xsavec xgetbv1 xsaves pku"
    }
},
{
    "pystart_ms": 1588924043222.1738,
    "pyend_ms": 1588924045558.091,
    "pyduration_ms": 2335.917236328125,
    "func_data": {
        "initTime_ms": 1588924043836.0027,
        "endTime_ms": 1588924045448.7527,
        "duration_ms": 1612.7500534057617,
        "executionID": "20e3br1c7dqx",
        "containerID": "6cfd8bec-6b29-41a5-b09c-d49927add133",
        "uptime": "103.47",
        "meminfo": "MemTotal:        2097152 kB\nMemFree:         2048668 kB\nMemAvailable:    2048668 kB\nBuffers:               0 kB\nCached:            13608 kB\nSwapCache:             0 kB\nActive:            35212 kB\nInactive:           6804 kB\nActive(anon):      28408 kB\nInactive(anon):        0 kB\nActive(file):       6804 kB\nInactive(file):     6804 kB\nUnevictable:           0 kB\nMlocked:               0 kB\nSwapTotal:             0 kB\nSwapFree:              0 kB\nDirty:                 0 kB\nWriteback:             0 kB\nAnonPages:         28408 kB\nMapped:            13608 kB\nShmem:                 0 kB",
        "cpuinfo": "Architecture:        x86_64\nCPU op-mode(s):      32-bit, 64-bit\nByte Order:          Little Endian\nCPU(s):              2\nOn-line CPU(s) list: 0,1\nVendor ID:           GenuineIntel\nCPU family:          6\nModel:               79\nModel name:          unknown\nStepping:            unknown\nCPU MHz:             2800.000\nBogoMIPS:            2800.00\nVirtualization:      VT-x\nFlags:               fpu vme de pse tsc msr pae mce cx8 apic sep mtrr pge mca cmov pat pse36 clflush dts acpi mmx fxsr sse sse2 ss ht tm pbe syscall nx pdpe1gb rdtscp lm pni pclmulqdq dtes64 monitor ds_cpl vmx smx est tm2 ssse3 sdbg fma cx16 xtpr pdcm pcid dca sse4_1 sse4_2 x2apic movbe popcnt tsc_deadline_timer aes xsave avx f16c rdrand lahf_lm abm 3dnowprefetch fsgsbase tsc_adjust bmi1 hle avx2 smep bmi2 erms invpcid rtm cqm rdt_a rdseed adx smap xsaveopt"
    }
},
{
    "pystart_ms": 1588924043176.1868,
    "pyend_ms": 1588924045559.057,
    "pyduration_ms": 2382.8701171875,
    "func_data": {
        "initTime_ms": 1588924043521.312,
        "endTime_ms": 1588924045367.3267,
        "duration_ms": 1846.0147380828857,
        "executionID": "zaguj7uyyft3",
        "containerID": "720852ac-3aac-4b9b-ae12-fef1e0f59f17",
        "uptime": "103.50",
        "meminfo": "MemTotal:        2097152 kB\nMemFree:         2046652 kB\nMemAvailable:    2046652 kB\nBuffers:               0 kB\nCached:            13740 kB\nSwapCache:             0 kB\nActive:            37160 kB\nInactive:           6872 kB\nActive(anon):      30292 kB\nInactive(anon):        0 kB\nActive(file):       6868 kB\nInactive(file):     6872 kB\nUnevictable:           0 kB\nMlocked:               0 kB\nSwapTotal:             0 kB\nSwapFree:              0 kB\nDirty:                 0 kB\nWriteback:             0 kB\nAnonPages:         30292 kB\nMapped:            13740 kB\nShmem:                 0 kB",
        "cpuinfo": "Architecture:        x86_64\nCPU op-mode(s):      32-bit, 64-bit\nByte Order:          Little Endian\nCPU(s):              2\nOn-line CPU(s) list: 0,1\nVendor ID:           GenuineIntel\nCPU family:          6\nModel:               85\nModel name:          unknown\nStepping:            unknown\nCPU MHz:             2700.116\nBogoMIPS:            2700.12\nVirtualization:      VT-x\nFlags:               fpu vme de pse tsc msr pae mce cx8 apic sep mtrr pge mca cmov pat pse36 clflush dts acpi mmx fxsr sse sse2 ss ht tm pbe syscall nx pdpe1gb rdtscp lm pni pclmulqdq dtes64 monitor ds_cpl vmx smx est tm2 ssse3 sdbg fma cx16 xtpr pdcm pcid dca sse4_1 sse4_2 x2apic movbe popcnt tsc_deadline_timer aes xsave avx f16c rdrand lahf_lm abm 3dnowprefetch fsgsbase tsc_adjust bmi1 hle avx2 smep bmi2 erms invpcid rtm cqm mpx rdt_a avx512f avx512dq rdseed adx smap clwb avx512cd avx512bw avx512vl xsaveopt xsavec xgetbv1 xsaves pku"
    }
},
{
    "pystart_ms": 1588924043180.175,
    "pyend_ms": 1588924045560.0571,
    "pyduration_ms": 2379.882080078125,
    "func_data": {
        "initTime_ms": 1588924043580.0085,
        "endTime_ms": 1588924045375.4473,
        "duration_ms": 1795.4387664794922,
        "executionID": "n1g6vsykm45g",
        "containerID": "09a121da-d8ce-4b64-a0d0-d599f270bb0d",
        "uptime": "102.83",
        "meminfo": "MemTotal:        2097152 kB\nMemFree:         2048084 kB\nMemAvailable:    2048084 kB\nBuffers:               0 kB\nCached:            13604 kB\nSwapCache:             0 kB\nActive:            35796 kB\nInactive:           6804 kB\nActive(anon):      28996 kB\nInactive(anon):        0 kB\nActive(file):       6800 kB\nInactive(file):     6804 kB\nUnevictable:           0 kB\nMlocked:               0 kB\nSwapTotal:             0 kB\nSwapFree:              0 kB\nDirty:                 0 kB\nWriteback:             0 kB\nAnonPages:         28996 kB\nMapped:            13604 kB\nShmem:                 0 kB",
        "cpuinfo": "Architecture:        x86_64\nCPU op-mode(s):      32-bit, 64-bit\nByte Order:          Little Endian\nCPU(s):              2\nOn-line CPU(s) list: 0,1\nVendor ID:           GenuineIntel\nCPU family:          6\nModel:               79\nModel name:          unknown\nStepping:            unknown\nCPU MHz:             2764.795\nBogoMIPS:            2764.80\nVirtualization:      VT-x\nFlags:               fpu vme de pse tsc msr pae mce cx8 apic sep mtrr pge mca cmov pat pse36 clflush dts acpi mmx fxsr sse sse2 ss ht tm pbe syscall nx pdpe1gb rdtscp lm pni pclmulqdq dtes64 monitor ds_cpl vmx smx est tm2 ssse3 sdbg fma cx16 xtpr pdcm pcid dca sse4_1 sse4_2 x2apic movbe popcnt tsc_deadline_timer aes xsave avx f16c rdrand lahf_lm abm 3dnowprefetch fsgsbase tsc_adjust bmi1 hle avx2 smep bmi2 erms invpcid rtm cqm rdt_a rdseed adx smap xsaveopt"
    }
},
{
    "pystart_ms": 1588924043219.1982,
    "pyend_ms": 1588924045562.0603,
    "pyduration_ms": 2342.862060546875,
    "func_data": {
        "initTime_ms": 1588924043856.856,
        "endTime_ms": 1588924045462.4438,
        "duration_ms": 1605.5879592895508,
        "executionID": "ciziu7utk9us",
        "containerID": "2b1d2ce9-4eb0-4f3a-8288-44defb00efa7",
        "uptime": "30.70",
        "meminfo": "MemTotal:        2097152 kB\nMemFree:         2047756 kB\nMemAvailable:    2047756 kB\nBuffers:               0 kB\nCached:            13240 kB\nSwapCache:             0 kB\nActive:            36308 kB\nInactive:           6620 kB\nActive(anon):      29688 kB\nInactive(anon):        0 kB\nActive(file):       6620 kB\nInactive(file):     6620 kB\nUnevictable:           0 kB\nMlocked:               0 kB\nSwapTotal:             0 kB\nSwapFree:              0 kB\nDirty:                 0 kB\nWriteback:             0 kB\nAnonPages:         29688 kB\nMapped:            13240 kB\nShmem:                 0 kB",
        "cpuinfo": "Architecture:        x86_64\nCPU op-mode(s):      32-bit, 64-bit\nByte Order:          Little Endian\nCPU(s):              2\nOn-line CPU(s) list: 0,1\nVendor ID:           GenuineIntel\nCPU family:          6\nModel:               85\nModel name:          unknown\nStepping:            unknown\nCPU MHz:             2600.277\nBogoMIPS:            2600.28\nVirtualization:      VT-x\nFlags:               fpu vme de pse tsc msr pae mce cx8 apic sep mtrr pge mca cmov pat pse36 clflush dts acpi mmx fxsr sse sse2 ss ht tm pbe syscall nx pdpe1gb rdtscp lm pni pclmulqdq dtes64 monitor ds_cpl vmx smx est tm2 ssse3 sdbg fma cx16 xtpr pdcm pcid dca sse4_1 sse4_2 x2apic movbe popcnt tsc_deadline_timer aes xsave avx f16c rdrand lahf_lm abm 3dnowprefetch fsgsbase tsc_adjust bmi1 hle avx2 smep bmi2 erms invpcid rtm cqm mpx rdt_a avx512f avx512dq rdseed adx smap clwb avx512cd avx512bw avx512vl xsaveopt xsavec xgetbv1 xsaves pku"
    }
},
{
    "pystart_ms": 1588924043196.2144,
    "pyend_ms": 1588924045570.6218,
    "pyduration_ms": 2374.407470703125,
    "func_data": {
        "initTime_ms": 1588924043704.7483,
        "endTime_ms": 1588924045497.3489,
        "duration_ms": 1792.600393295288,
        "executionID": "quzb2gabr6f0",
        "containerID": "bb584352-cfba-4d36-bade-0b7a48849017",
        "uptime": "102.33",
        "meminfo": "MemTotal:        2097152 kB\nMemFree:         2049512 kB\nMemAvailable:    2049512 kB\nBuffers:               0 kB\nCached:            13740 kB\nSwapCache:             0 kB\nActive:            34300 kB\nInactive:           6872 kB\nActive(anon):      27432 kB\nInactive(anon):        0 kB\nActive(file):       6868 kB\nInactive(file):     6872 kB\nUnevictable:           0 kB\nMlocked:               0 kB\nSwapTotal:             0 kB\nSwapFree:              0 kB\nDirty:                 0 kB\nWriteback:             0 kB\nAnonPages:         27432 kB\nMapped:            13740 kB\nShmem:                 0 kB",
        "cpuinfo": "Architecture:        x86_64\nCPU op-mode(s):      32-bit, 64-bit\nByte Order:          Little Endian\nCPU(s):              2\nOn-line CPU(s) list: 0,1\nVendor ID:           GenuineIntel\nCPU family:          6\nModel:               79\nModel name:          unknown\nStepping:            unknown\nCPU MHz:             2730.835\nBogoMIPS:            2730.84\nVirtualization:      VT-x\nFlags:               fpu vme de pse tsc msr pae mce cx8 apic sep mtrr pge mca cmov pat pse36 clflush dts acpi mmx fxsr sse sse2 ss ht tm pbe syscall nx pdpe1gb rdtscp lm pni pclmulqdq dtes64 monitor ds_cpl vmx smx est tm2 ssse3 sdbg fma cx16 xtpr pdcm pcid dca sse4_1 sse4_2 x2apic movbe popcnt tsc_deadline_timer aes xsave avx f16c rdrand lahf_lm abm 3dnowprefetch fsgsbase tsc_adjust bmi1 hle avx2 smep bmi2 erms invpcid rtm cqm rdt_a rdseed adx smap xsaveopt"
    }
},
{
    "pystart_ms": 1588924043179.175,
    "pyend_ms": 1588924045573.2402,
    "pyduration_ms": 2394.065185546875,
    "func_data": {
        "initTime_ms": 1588924043553.1455,
        "endTime_ms": 1588924045497.6528,
        "duration_ms": 1944.507360458374,
        "executionID": "9lites514ndy",
        "containerID": "03ae0856-26a2-4f3e-9f58-8d49062c79ef",
        "uptime": "102.36",
        "meminfo": "MemTotal:        2097152 kB\nMemFree:         2048272 kB\nMemAvailable:    2048272 kB\nBuffers:               0 kB\nCached:            13740 kB\nSwapCache:             0 kB\nActive:            35540 kB\nInactive:           6872 kB\nActive(anon):      28672 kB\nInactive(anon):        0 kB\nActive(file):       6868 kB\nInactive(file):     6872 kB\nUnevictable:           0 kB\nMlocked:               0 kB\nSwapTotal:             0 kB\nSwapFree:              0 kB\nDirty:                 0 kB\nWriteback:             0 kB\nAnonPages:         28672 kB\nMapped:            13740 kB\nShmem:                 0 kB",
        "cpuinfo": "Architecture:        x86_64\nCPU op-mode(s):      32-bit, 64-bit\nByte Order:          Little Endian\nCPU(s):              2\nOn-line CPU(s) list: 0,1\nVendor ID:           GenuineIntel\nCPU family:          6\nModel:               85\nModel name:          unknown\nStepping:            unknown\nCPU MHz:             2618.734\nBogoMIPS:            2618.73\nVirtualization:      VT-x\nFlags:               fpu vme de pse tsc msr pae mce cx8 apic sep mtrr pge mca cmov pat pse36 clflush dts acpi mmx fxsr sse sse2 ss ht tm pbe syscall nx pdpe1gb rdtscp lm pni pclmulqdq dtes64 monitor ds_cpl vmx smx est tm2 ssse3 sdbg fma cx16 xtpr pdcm pcid dca sse4_1 sse4_2 x2apic movbe popcnt tsc_deadline_timer aes xsave avx f16c rdrand lahf_lm abm 3dnowprefetch fsgsbase tsc_adjust bmi1 hle avx2 smep bmi2 erms invpcid rtm cqm mpx rdt_a avx512f avx512dq rdseed adx smap clwb avx512cd avx512bw avx512vl xsaveopt xsavec xgetbv1 xsaves pku"
    }
},
{
    "pystart_ms": 1588924043257.2107,
    "pyend_ms": 1588924045608.594,
    "pyduration_ms": 2351.38330078125,
    "func_data": {
        "initTime_ms": 1588924043954.9849,
        "endTime_ms": 1588924045530.398,
        "duration_ms": 1575.4129886627197,
        "executionID": "o6r431kbr0qo",
        "containerID": "7a2aed65-8ca7-43ab-9835-019425bc4f94",
        "uptime": "29.77",
        "meminfo": "MemTotal:        2097152 kB\nMemFree:         2050768 kB\nMemAvailable:    2050768 kB\nBuffers:               0 kB\nCached:            13604 kB\nSwapCache:             0 kB\nActive:            33112 kB\nInactive:           6804 kB\nActive(anon):      26312 kB\nInactive(anon):        0 kB\nActive(file):       6800 kB\nInactive(file):     6804 kB\nUnevictable:           0 kB\nMlocked:               0 kB\nSwapTotal:             0 kB\nSwapFree:              0 kB\nDirty:                 0 kB\nWriteback:             0 kB\nAnonPages:         26312 kB\nMapped:            13604 kB\nShmem:                 0 kB",
        "cpuinfo": "Architecture:        x86_64\nCPU op-mode(s):      32-bit, 64-bit\nByte Order:          Little Endian\nCPU(s):              2\nOn-line CPU(s) list: 0,1\nVendor ID:           GenuineIntel\nCPU family:          6\nModel:               85\nModel name:          unknown\nStepping:            unknown\nCPU MHz:             2700.227\nBogoMIPS:            2700.23\nVirtualization:      VT-x\nFlags:               fpu vme de pse tsc msr pae mce cx8 apic sep mtrr pge mca cmov pat pse36 clflush dts acpi mmx fxsr sse sse2 ss ht tm pbe syscall nx pdpe1gb rdtscp lm pni pclmulqdq dtes64 monitor ds_cpl vmx smx est tm2 ssse3 sdbg fma cx16 xtpr pdcm pcid dca sse4_1 sse4_2 x2apic movbe popcnt tsc_deadline_timer aes xsave avx f16c rdrand lahf_lm abm 3dnowprefetch fsgsbase tsc_adjust bmi1 hle avx2 smep bmi2 erms invpcid rtm cqm mpx rdt_a avx512f avx512dq rdseed adx smap clwb avx512cd avx512bw avx512vl xsaveopt xsavec xgetbv1 xsaves pku"
    }
},
{
    "pystart_ms": 1588924043219.1982,
    "pyend_ms": 1588924045610.595,
    "pyduration_ms": 2391.396728515625,
    "func_data": {
        "initTime_ms": 1588924043832.3474,
        "endTime_ms": 1588924045511.0476,
        "duration_ms": 1678.7002086639404,
        "executionID": "4wczts18dxrv",
        "containerID": "4ae3e82d-5710-49fa-b37c-9887638acc46",
        "uptime": "29.59",
        "meminfo": "MemTotal:        2097152 kB\nMemFree:         2049312 kB\nMemAvailable:    2049312 kB\nBuffers:               0 kB\nCached:            13740 kB\nSwapCache:             0 kB\nActive:            34068 kB\nInactive:           6872 kB\nActive(anon):      27200 kB\nInactive(anon):        0 kB\nActive(file):       6868 kB\nInactive(file):     6872 kB\nUnevictable:           0 kB\nMlocked:               0 kB\nSwapTotal:             0 kB\nSwapFree:              0 kB\nDirty:                 0 kB\nWriteback:             0 kB\nAnonPages:         27200 kB\nMapped:            13740 kB\nShmem:                 0 kB",
        "cpuinfo": "Architecture:        x86_64\nCPU op-mode(s):      32-bit, 64-bit\nByte Order:          Little Endian\nCPU(s):              2\nOn-line CPU(s) list: 0,1\nVendor ID:           GenuineIntel\nCPU family:          6\nModel:               85\nModel name:          unknown\nStepping:            unknown\nCPU MHz:             2635.098\nBogoMIPS:            2635.10\nVirtualization:      VT-x\nFlags:               fpu vme de pse tsc msr pae mce cx8 apic sep mtrr pge mca cmov pat pse36 clflush dts acpi mmx fxsr sse sse2 ss ht tm pbe syscall nx pdpe1gb rdtscp lm pni pclmulqdq dtes64 monitor ds_cpl vmx smx est tm2 ssse3 sdbg fma cx16 xtpr pdcm pcid dca sse4_1 sse4_2 x2apic movbe popcnt tsc_deadline_timer aes xsave avx f16c rdrand lahf_lm abm 3dnowprefetch fsgsbase tsc_adjust bmi1 hle avx2 smep bmi2 erms invpcid rtm cqm mpx rdt_a avx512f avx512dq rdseed adx smap clwb avx512cd avx512bw avx512vl xsaveopt xsavec xgetbv1 xsaves pku"
    }
},
{
    "pystart_ms": 1588924043186.2139,
    "pyend_ms": 1588924045611.596,
    "pyduration_ms": 2425.382080078125,
    "func_data": {
        "initTime_ms": 1588924043648.05,
        "endTime_ms": 1588924045460.2158,
        "duration_ms": 1812.1657371520996,
        "executionID": "cewp6p8t30wx",
        "containerID": "d919edba-8fc8-4174-b455-092029ba311c",
        "uptime": "103.48",
        "meminfo": "MemTotal:        2097152 kB\nMemFree:         2048832 kB\nMemAvailable:    2048832 kB\nBuffers:               0 kB\nCached:            13740 kB\nSwapCache:             0 kB\nActive:            34980 kB\nInactive:           6872 kB\nActive(anon):      28112 kB\nInactive(anon):        0 kB\nActive(file):       6868 kB\nInactive(file):     6872 kB\nUnevictable:           0 kB\nMlocked:               0 kB\nSwapTotal:             0 kB\nSwapFree:              0 kB\nDirty:                 0 kB\nWriteback:             0 kB\nAnonPages:         28112 kB\nMapped:            13740 kB\nShmem:                 0 kB",
        "cpuinfo": "Architecture:        x86_64\nCPU op-mode(s):      32-bit, 64-bit\nByte Order:          Little Endian\nCPU(s):              2\nOn-line CPU(s) list: 0,1\nVendor ID:           GenuineIntel\nCPU family:          6\nModel:               85\nModel name:          unknown\nStepping:            unknown\nCPU MHz:             2700.251\nBogoMIPS:            2700.25\nVirtualization:      VT-x\nFlags:               fpu vme de pse tsc msr pae mce cx8 apic sep mtrr pge mca cmov pat pse36 clflush dts acpi mmx fxsr sse sse2 ss ht tm pbe syscall nx pdpe1gb rdtscp lm pni pclmulqdq dtes64 monitor ds_cpl vmx smx est tm2 ssse3 sdbg fma cx16 xtpr pdcm pcid dca sse4_1 sse4_2 x2apic movbe popcnt tsc_deadline_timer aes xsave avx f16c rdrand lahf_lm abm 3dnowprefetch fsgsbase tsc_adjust bmi1 hle avx2 smep bmi2 erms invpcid rtm cqm mpx rdt_a avx512f avx512dq rdseed adx smap clwb avx512cd avx512bw avx512vl xsaveopt xsavec xgetbv1 xsaves pku"
    }
},
{
    "pystart_ms": 1588924043194.2092,
    "pyend_ms": 1588924045620.596,
    "pyduration_ms": 2426.38671875,
    "func_data": {
        "initTime_ms": 1588924043765.8906,
        "endTime_ms": 1588924045464.2556,
        "duration_ms": 1698.3649730682373,
        "executionID": "35z36gvmh2jz",
        "containerID": "0f5c459b-cefd-4d4b-a148-5a2105c46d97",
        "uptime": "103.50",
        "meminfo": "MemTotal:        2097152 kB\nMemFree:         2047544 kB\nMemAvailable:    2047544 kB\nBuffers:               0 kB\nCached:            13816 kB\nSwapCache:             0 kB\nActive:            36232 kB\nInactive:           6908 kB\nActive(anon):      29324 kB\nInactive(anon):        0 kB\nActive(file):       6908 kB\nInactive(file):     6908 kB\nUnevictable:           0 kB\nMlocked:               0 kB\nSwapTotal:             0 kB\nSwapFree:              0 kB\nDirty:                 0 kB\nWriteback:             0 kB\nAnonPages:         29324 kB\nMapped:            13816 kB\nShmem:                 0 kB",
        "cpuinfo": "Architecture:        x86_64\nCPU op-mode(s):      32-bit, 64-bit\nByte Order:          Little Endian\nCPU(s):              2\nOn-line CPU(s) list: 0,1\nVendor ID:           GenuineIntel\nCPU family:          6\nModel:               85\nModel name:          unknown\nStepping:            unknown\nCPU MHz:             2700.250\nBogoMIPS:            2700.25\nVirtualization:      VT-x\nFlags:               fpu vme de pse tsc msr pae mce cx8 apic sep mtrr pge mca cmov pat pse36 clflush dts acpi mmx fxsr sse sse2 ss ht tm pbe syscall nx pdpe1gb rdtscp lm pni pclmulqdq dtes64 monitor ds_cpl vmx smx est tm2 ssse3 sdbg fma cx16 xtpr pdcm pcid dca sse4_1 sse4_2 x2apic movbe popcnt tsc_deadline_timer aes xsave avx f16c rdrand lahf_lm abm 3dnowprefetch fsgsbase tsc_adjust bmi1 hle avx2 smep bmi2 erms invpcid rtm cqm mpx rdt_a avx512f avx512dq rdseed adx smap clwb avx512cd avx512bw avx512vl xsaveopt xsavec xgetbv1 xsaves pku"
    }
},
{
    "pystart_ms": 1588924043244.1892,
    "pyend_ms": 1588924045709.594,
    "pyduration_ms": 2465.40478515625,
    "func_data": {
        "initTime_ms": 1588924043960.879,
        "endTime_ms": 1588924045637.1155,
        "duration_ms": 1676.236629486084,
        "executionID": "ldaqj5d4zmli",
        "containerID": "54685549-f676-456c-9ccb-348d69517670",
        "uptime": "104.24",
        "meminfo": "MemTotal:        2097152 kB\nMemFree:         2050508 kB\nMemAvailable:    2050508 kB\nBuffers:               0 kB\nCached:            13240 kB\nSwapCache:             0 kB\nActive:            33556 kB\nInactive:           6620 kB\nActive(anon):      26936 kB\nInactive(anon):        0 kB\nActive(file):       6620 kB\nInactive(file):     6620 kB\nUnevictable:           0 kB\nMlocked:               0 kB\nSwapTotal:             0 kB\nSwapFree:              0 kB\nDirty:                 0 kB\nWriteback:             0 kB\nAnonPages:         26936 kB\nMapped:            13240 kB\nShmem:                 0 kB",
        "cpuinfo": "Architecture:        x86_64\nCPU op-mode(s):      32-bit, 64-bit\nByte Order:          Little Endian\nCPU(s):              2\nOn-line CPU(s) list: 0,1\nVendor ID:           GenuineIntel\nCPU family:          6\nModel:               85\nModel name:          unknown\nStepping:            unknown\nCPU MHz:             2694.910\nBogoMIPS:            2694.91\nVirtualization:      VT-x\nFlags:               fpu vme de pse tsc msr pae mce cx8 apic sep mtrr pge mca cmov pat pse36 clflush dts acpi mmx fxsr sse sse2 ss ht tm pbe syscall nx pdpe1gb rdtscp lm pni pclmulqdq dtes64 monitor ds_cpl vmx smx est tm2 ssse3 sdbg fma cx16 xtpr pdcm pcid dca sse4_1 sse4_2 x2apic movbe popcnt tsc_deadline_timer aes xsave avx f16c rdrand lahf_lm abm 3dnowprefetch fsgsbase tsc_adjust bmi1 hle avx2 smep bmi2 erms invpcid rtm cqm mpx rdt_a avx512f avx512dq rdseed adx smap clwb avx512cd avx512bw avx512vl xsaveopt xsavec xgetbv1 xsaves pku"
    }
},
{
    "pystart_ms": 1588924043255.2095,
    "pyend_ms": 1588924045715.5945,
    "pyduration_ms": 2460.385009765625,
    "func_data": {
        "initTime_ms": 1588924044014.6558,
        "endTime_ms": 1588924045635.3586,
        "duration_ms": 1620.7027435302734,
        "executionID": "93mxhqndyukz",
        "containerID": "ccdb6725-30a8-4c66-9a7a-c5330755116f",
        "uptime": "74.52",
        "meminfo": "MemTotal:        2097152 kB\nMemFree:         2050092 kB\nMemAvailable:    2050092 kB\nBuffers:               0 kB\nCached:            13788 kB\nSwapCache:             0 kB\nActive:            33696 kB\nInactive:           6896 kB\nActive(anon):      26804 kB\nInactive(anon):        0 kB\nActive(file):       6892 kB\nInactive(file):     6896 kB\nUnevictable:           0 kB\nMlocked:               0 kB\nSwapTotal:             0 kB\nSwapFree:              0 kB\nDirty:                 0 kB\nWriteback:             0 kB\nAnonPages:         26804 kB\nMapped:            13788 kB\nShmem:                 0 kB",
        "cpuinfo": "Architecture:        x86_64\nCPU op-mode(s):      32-bit, 64-bit\nByte Order:          Little Endian\nCPU(s):              2\nOn-line CPU(s) list: 0,1\nVendor ID:           GenuineIntel\nCPU family:          6\nModel:               79\nModel name:          unknown\nStepping:            unknown\nCPU MHz:             2707.078\nBogoMIPS:            2707.08\nVirtualization:      VT-x\nFlags:               fpu vme de pse tsc msr pae mce cx8 apic sep mtrr pge mca cmov pat pse36 clflush dts acpi mmx fxsr sse sse2 ss ht tm pbe syscall nx pdpe1gb rdtscp lm pni pclmulqdq dtes64 monitor ds_cpl vmx smx est tm2 ssse3 sdbg fma cx16 xtpr pdcm pcid dca sse4_1 sse4_2 x2apic movbe popcnt tsc_deadline_timer aes xsave avx f16c rdrand lahf_lm abm 3dnowprefetch fsgsbase tsc_adjust bmi1 hle avx2 smep bmi2 erms invpcid rtm cqm rdt_a rdseed adx smap xsaveopt"
    }
},
{
    "pystart_ms": 1588924043267.2092,
    "pyend_ms": 1588924045718.5945,
    "pyduration_ms": 2451.38525390625,
    "func_data": {
        "initTime_ms": 1588924043972.0835,
        "endTime_ms": 1588924045593.92,
        "duration_ms": 1621.8364238739014,
        "executionID": "u362ryheaoa8",
        "containerID": "2dcd66a0-4e2b-4c16-a6a3-8a36b254e854",
        "uptime": "29.68",
        "meminfo": "MemTotal:        2097152 kB\nMemFree:         2050516 kB\nMemAvailable:    2050516 kB\nBuffers:               0 kB\nCached:            13684 kB\nSwapCache:             0 kB\nActive:            33324 kB\nInactive:           6844 kB\nActive(anon):      26484 kB\nInactive(anon):        0 kB\nActive(file):       6840 kB\nInactive(file):     6844 kB\nUnevictable:           0 kB\nMlocked:               0 kB\nSwapTotal:             0 kB\nSwapFree:              0 kB\nDirty:                 0 kB\nWriteback:             0 kB\nAnonPages:         26484 kB\nMapped:            13684 kB\nShmem:                 0 kB",
        "cpuinfo": "Architecture:        x86_64\nCPU op-mode(s):      32-bit, 64-bit\nByte Order:          Little Endian\nCPU(s):              2\nOn-line CPU(s) list: 0,1\nVendor ID:           GenuineIntel\nCPU family:          6\nModel:               85\nModel name:          unknown\nStepping:            unknown\nCPU MHz:             2653.399\nBogoMIPS:            2653.40\nVirtualization:      VT-x\nFlags:               fpu vme de pse tsc msr pae mce cx8 apic sep mtrr pge mca cmov pat pse36 clflush dts acpi mmx fxsr sse sse2 ss ht tm pbe syscall nx pdpe1gb rdtscp lm pni pclmulqdq dtes64 monitor ds_cpl vmx smx est tm2 ssse3 sdbg fma cx16 xtpr pdcm pcid dca sse4_1 sse4_2 x2apic movbe popcnt tsc_deadline_timer aes xsave avx f16c rdrand lahf_lm abm 3dnowprefetch fsgsbase tsc_adjust bmi1 hle avx2 smep bmi2 erms invpcid rtm cqm mpx rdt_a avx512f avx512dq rdseed adx smap clwb avx512cd avx512bw avx512vl xsaveopt xsavec xgetbv1 xsaves pku"
    }
},
{
    "pystart_ms": 1588924043217.1987,
    "pyend_ms": 1588924045722.597,
    "pyduration_ms": 2505.398193359375,
    "func_data": {
        "initTime_ms": 1588924043828.675,
        "endTime_ms": 1588924045598.1194,
        "duration_ms": 1769.444465637207,
        "executionID": "u8n0urxccq94",
        "containerID": "725b9dea-3f62-4189-9a3a-7c2c66cc0ada",
        "uptime": "30.09",
        "meminfo": "MemTotal:        2097152 kB\nMemFree:         2048468 kB\nMemAvailable:    2048468 kB\nBuffers:               0 kB\nCached:            13740 kB\nSwapCache:             0 kB\nActive:            35344 kB\nInactive:           6872 kB\nActive(anon):      28476 kB\nInactive(anon):        0 kB\nActive(file):       6868 kB\nInactive(file):     6872 kB\nUnevictable:           0 kB\nMlocked:               0 kB\nSwapTotal:             0 kB\nSwapFree:              0 kB\nDirty:                 0 kB\nWriteback:             0 kB\nAnonPages:         28476 kB\nMapped:            13740 kB\nShmem:                 0 kB",
        "cpuinfo": "Architecture:        x86_64\nCPU op-mode(s):      32-bit, 64-bit\nByte Order:          Little Endian\nCPU(s):              2\nOn-line CPU(s) list: 0,1\nVendor ID:           GenuineIntel\nCPU family:          6\nModel:               85\nModel name:          unknown\nStepping:            unknown\nCPU MHz:             2685.287\nBogoMIPS:            2685.29\nVirtualization:      VT-x\nFlags:               fpu vme de pse tsc msr pae mce cx8 apic sep mtrr pge mca cmov pat pse36 clflush dts acpi mmx fxsr sse sse2 ss ht tm pbe syscall nx pdpe1gb rdtscp lm pni pclmulqdq dtes64 monitor ds_cpl vmx smx est tm2 ssse3 sdbg fma cx16 xtpr pdcm pcid dca sse4_1 sse4_2 x2apic movbe popcnt tsc_deadline_timer aes xsave avx f16c rdrand lahf_lm abm 3dnowprefetch fsgsbase tsc_adjust bmi1 hle avx2 smep bmi2 erms invpcid rtm cqm mpx rdt_a avx512f avx512dq rdseed adx smap clwb avx512cd avx512bw avx512vl xsaveopt xsavec xgetbv1 xsaves pku"
    }
},
{
    "pystart_ms": 1588924043246.1736,
    "pyend_ms": 1588924045767.5952,
    "pyduration_ms": 2521.421630859375,
    "func_data": {
        "initTime_ms": 1588924044015.0386,
        "endTime_ms": 1588924045624.6409,
        "duration_ms": 1609.602451324463,
        "executionID": "1rsgdyul6t69",
        "containerID": "f7dccd6c-9a09-4c2f-9d12-07222557aa4c",
        "uptime": "74.60",
        "meminfo": "MemTotal:        2097152 kB\nMemFree:         2049888 kB\nMemAvailable:    2049888 kB\nBuffers:               0 kB\nCached:            13836 kB\nSwapCache:             0 kB\nActive:            33876 kB\nInactive:           6920 kB\nActive(anon):      26960 kB\nInactive(anon):        0 kB\nActive(file):       6916 kB\nInactive(file):     6920 kB\nUnevictable:           0 kB\nMlocked:               0 kB\nSwapTotal:             0 kB\nSwapFree:              0 kB\nDirty:                 0 kB\nWriteback:             0 kB\nAnonPages:         26960 kB\nMapped:            13836 kB\nShmem:                 0 kB",
        "cpuinfo": "Architecture:        x86_64\nCPU op-mode(s):      32-bit, 64-bit\nByte Order:          Little Endian\nCPU(s):              2\nOn-line CPU(s) list: 0,1\nVendor ID:           GenuineIntel\nCPU family:          6\nModel:               79\nModel name:          unknown\nStepping:            unknown\nCPU MHz:             2781.354\nBogoMIPS:            2781.35\nVirtualization:      VT-x\nFlags:               fpu vme de pse tsc msr pae mce cx8 apic sep mtrr pge mca cmov pat pse36 clflush dts acpi mmx fxsr sse sse2 ss ht tm pbe syscall nx pdpe1gb rdtscp lm pni pclmulqdq dtes64 monitor ds_cpl vmx smx est tm2 ssse3 sdbg fma cx16 xtpr pdcm pcid dca sse4_1 sse4_2 x2apic movbe popcnt tsc_deadline_timer aes xsave avx f16c rdrand lahf_lm abm 3dnowprefetch fsgsbase tsc_adjust bmi1 hle avx2 smep bmi2 erms invpcid rtm cqm rdt_a rdseed adx smap xsaveopt"
    }
},
{
    "pystart_ms": 1588924043242.1736,
    "pyend_ms": 1588924045770.5962,
    "pyduration_ms": 2528.422607421875,
    "func_data": {
        "initTime_ms": 1588924043967.2495,
        "endTime_ms": 1588924045698.0781,
        "duration_ms": 1730.8285236358643,
        "executionID": "s8syy0plp36v",
        "containerID": "ff3a30c5-22a2-4fa3-9c05-9cced06bb6b5",
        "uptime": "29.99",
        "meminfo": "MemTotal:        2097152 kB\nMemFree:         2049644 kB\nMemAvailable:    2049644 kB\nBuffers:               0 kB\nCached:            13756 kB\nSwapCache:             0 kB\nActive:            34160 kB\nInactive:           6880 kB\nActive(anon):      27284 kB\nInactive(anon):        0 kB\nActive(file):       6876 kB\nInactive(file):     6880 kB\nUnevictable:           0 kB\nMlocked:               0 kB\nSwapTotal:             0 kB\nSwapFree:              0 kB\nDirty:                 0 kB\nWriteback:             0 kB\nAnonPages:         27284 kB\nMapped:            13756 kB\nShmem:                 0 kB",
        "cpuinfo": "Architecture:        x86_64\nCPU op-mode(s):      32-bit, 64-bit\nByte Order:          Little Endian\nCPU(s):              2\nOn-line CPU(s) list: 0,1\nVendor ID:           GenuineIntel\nCPU family:          6\nModel:               79\nModel name:          unknown\nStepping:            unknown\nCPU MHz:             2800.000\nBogoMIPS:            2800.00\nVirtualization:      VT-x\nFlags:               fpu vme de pse tsc msr pae mce cx8 apic sep mtrr pge mca cmov pat pse36 clflush dts acpi mmx fxsr sse sse2 ss ht tm pbe syscall nx pdpe1gb rdtscp lm pni pclmulqdq dtes64 monitor ds_cpl vmx smx est tm2 ssse3 sdbg fma cx16 xtpr pdcm pcid dca sse4_1 sse4_2 x2apic movbe popcnt tsc_deadline_timer aes xsave avx f16c rdrand lahf_lm abm 3dnowprefetch fsgsbase tsc_adjust bmi1 hle avx2 smep bmi2 erms invpcid rtm cqm rdt_a rdseed adx smap xsaveopt"
    }
},
{
    "pystart_ms": 1588924043215.1987,
    "pyend_ms": 1588924045773.5938,
    "pyduration_ms": 2558.39501953125,
    "func_data": {
        "initTime_ms": 1588924043923.3623,
        "endTime_ms": 1588924045619.136,
        "duration_ms": 1695.7738399505615,
        "executionID": "6dgrs8cpuxy6",
        "containerID": "00fef088-a702-4f4a-ab1c-e660ee52b3b7",
        "uptime": "103.11",
        "meminfo": "MemTotal:        2097152 kB\nMemFree:         2049524 kB\nMemAvailable:    2049524 kB\nBuffers:               0 kB\nCached:            13604 kB\nSwapCache:             0 kB\nActive:            34356 kB\nInactive:           6804 kB\nActive(anon):      27556 kB\nInactive(anon):        0 kB\nActive(file):       6800 kB\nInactive(file):     6804 kB\nUnevictable:           0 kB\nMlocked:               0 kB\nSwapTotal:             0 kB\nSwapFree:              0 kB\nDirty:                 0 kB\nWriteback:             0 kB\nAnonPages:         27556 kB\nMapped:            13604 kB\nShmem:                 0 kB",
        "cpuinfo": "Architecture:        x86_64\nCPU op-mode(s):      32-bit, 64-bit\nByte Order:          Little Endian\nCPU(s):              2\nOn-line CPU(s) list: 0,1\nVendor ID:           GenuineIntel\nCPU family:          6\nModel:               79\nModel name:          unknown\nStepping:            unknown\nCPU MHz:             2796.222\nBogoMIPS:            2796.22\nVirtualization:      VT-x\nFlags:               fpu vme de pse tsc msr pae mce cx8 apic sep mtrr pge mca cmov pat pse36 clflush dts acpi mmx fxsr sse sse2 ss ht tm pbe syscall nx pdpe1gb rdtscp lm pni pclmulqdq dtes64 monitor ds_cpl vmx smx est tm2 ssse3 sdbg fma cx16 xtpr pdcm pcid dca sse4_1 sse4_2 x2apic movbe popcnt tsc_deadline_timer aes xsave avx f16c rdrand lahf_lm abm 3dnowprefetch fsgsbase tsc_adjust bmi1 hle avx2 smep bmi2 erms invpcid rtm cqm rdt_a rdseed adx smap xsaveopt"
    }
},
{
    "pystart_ms": 1588924043237.2065,
    "pyend_ms": 1588924045778.5947,
    "pyduration_ms": 2541.38818359375,
    "func_data": {
        "initTime_ms": 1588924044007.2412,
        "endTime_ms": 1588924045619.1233,
        "duration_ms": 1611.881971359253,
        "executionID": "cpep77kpto6c",
        "containerID": "c2c01175-b07d-464a-ac18-5b3cf30a869f",
        "uptime": "28.96",
        "meminfo": "MemTotal:        2097152 kB\nMemFree:         2048444 kB\nMemAvailable:    2048444 kB\nBuffers:               0 kB\nCached:            13740 kB\nSwapCache:             0 kB\nActive:            35368 kB\nInactive:           6872 kB\nActive(anon):      28500 kB\nInactive(anon):        0 kB\nActive(file):       6868 kB\nInactive(file):     6872 kB\nUnevictable:           0 kB\nMlocked:               0 kB\nSwapTotal:             0 kB\nSwapFree:              0 kB\nDirty:                 0 kB\nWriteback:             0 kB\nAnonPages:         28500 kB\nMapped:            13740 kB\nShmem:                 0 kB",
        "cpuinfo": "Architecture:        x86_64\nCPU op-mode(s):      32-bit, 64-bit\nByte Order:          Little Endian\nCPU(s):              2\nOn-line CPU(s) list: 0,1\nVendor ID:           GenuineIntel\nCPU family:          6\nModel:               79\nModel name:          unknown\nStepping:            unknown\nCPU MHz:             2404.637\nBogoMIPS:            2404.64\nVirtualization:      VT-x\nFlags:               fpu vme de pse tsc msr pae mce cx8 apic sep mtrr pge mca cmov pat pse36 clflush dts acpi mmx fxsr sse sse2 ss ht tm pbe syscall nx pdpe1gb rdtscp lm pni pclmulqdq dtes64 monitor ds_cpl vmx smx est tm2 ssse3 sdbg fma cx16 xtpr pdcm pcid dca sse4_1 sse4_2 x2apic movbe popcnt tsc_deadline_timer aes xsave avx f16c rdrand lahf_lm abm 3dnowprefetch fsgsbase tsc_adjust bmi1 hle avx2 smep bmi2 erms invpcid rtm cqm rdt_a rdseed adx smap xsaveopt"
    }
},
{
    "pystart_ms": 1588924043212.1982,
    "pyend_ms": 1588924045790.5957,
    "pyduration_ms": 2578.3974609375,
    "func_data": {
        "initTime_ms": 1588924043826.9092,
        "endTime_ms": 1588924045619.8787,
        "duration_ms": 1792.9697036743164,
        "executionID": "h0a5fcxumt7t",
        "containerID": "c87c9b4b-f62b-4425-bace-60ad6d6813db",
        "uptime": "102.96",
        "meminfo": "MemTotal:        2097152 kB\nMemFree:         2047996 kB\nMemAvailable:    2047996 kB\nBuffers:               0 kB\nCached:            13748 kB\nSwapCache:             0 kB\nActive:            35812 kB\nInactive:           6876 kB\nActive(anon):      28940 kB\nInactive(anon):        0 kB\nActive(file):       6872 kB\nInactive(file):     6876 kB\nUnevictable:           0 kB\nMlocked:               0 kB\nSwapTotal:             0 kB\nSwapFree:              0 kB\nDirty:                 0 kB\nWriteback:             0 kB\nAnonPages:         28940 kB\nMapped:            13748 kB\nShmem:                 0 kB",
        "cpuinfo": "Architecture:        x86_64\nCPU op-mode(s):      32-bit, 64-bit\nByte Order:          Little Endian\nCPU(s):              2\nOn-line CPU(s) list: 0,1\nVendor ID:           GenuineIntel\nCPU family:          6\nModel:               85\nModel name:          unknown\nStepping:            unknown\nCPU MHz:             2581.749\nBogoMIPS:            2581.75\nVirtualization:      VT-x\nFlags:               fpu vme de pse tsc msr pae mce cx8 apic sep mtrr pge mca cmov pat pse36 clflush dts acpi mmx fxsr sse sse2 ss ht tm pbe syscall nx pdpe1gb rdtscp lm pni pclmulqdq dtes64 monitor ds_cpl vmx smx est tm2 ssse3 sdbg fma cx16 xtpr pdcm pcid dca sse4_1 sse4_2 x2apic movbe popcnt tsc_deadline_timer aes xsave avx f16c rdrand lahf_lm abm 3dnowprefetch fsgsbase tsc_adjust bmi1 hle avx2 smep bmi2 erms invpcid rtm cqm mpx rdt_a avx512f avx512dq rdseed adx smap clwb avx512cd avx512bw avx512vl xsaveopt xsavec xgetbv1 xsaves pku"
    }
},
{
    "pystart_ms": 1588924043236.2073,
    "pyend_ms": 1588924045796.5957,
    "pyduration_ms": 2560.388427734375,
    "func_data": {
        "initTime_ms": 1588924043952.1619,
        "endTime_ms": 1588924045726.5132,
        "duration_ms": 1774.3513584136963,
        "executionID": "tv8hlvo2osdj",
        "containerID": "9d455d19-6026-4c02-bdc9-aaa53ceee0ec",
        "uptime": "73.47",
        "meminfo": "MemTotal:        2097152 kB\nMemFree:         2049072 kB\nMemAvailable:    2049072 kB\nBuffers:               0 kB\nCached:            13740 kB\nSwapCache:             0 kB\nActive:            34740 kB\nInactive:           6872 kB\nActive(anon):      27872 kB\nInactive(anon):        0 kB\nActive(file):       6868 kB\nInactive(file):     6872 kB\nUnevictable:           0 kB\nMlocked:               0 kB\nSwapTotal:             0 kB\nSwapFree:              0 kB\nDirty:                 0 kB\nWriteback:             0 kB\nAnonPages:         27872 kB\nMapped:            13740 kB\nShmem:                 0 kB",
        "cpuinfo": "Architecture:        x86_64\nCPU op-mode(s):      32-bit, 64-bit\nByte Order:          Little Endian\nCPU(s):              2\nOn-line CPU(s) list: 0,1\nVendor ID:           GenuineIntel\nCPU family:          6\nModel:               85\nModel name:          unknown\nStepping:            unknown\nCPU MHz:             2641.405\nBogoMIPS:            2641.41\nVirtualization:      VT-x\nFlags:               fpu vme de pse tsc msr pae mce cx8 apic sep mtrr pge mca cmov pat pse36 clflush dts acpi mmx fxsr sse sse2 ss ht tm pbe syscall nx pdpe1gb rdtscp lm pni pclmulqdq dtes64 monitor ds_cpl vmx smx est tm2 ssse3 sdbg fma cx16 xtpr pdcm pcid dca sse4_1 sse4_2 x2apic movbe popcnt tsc_deadline_timer aes xsave avx f16c rdrand lahf_lm abm 3dnowprefetch fsgsbase tsc_adjust bmi1 hle avx2 smep bmi2 erms invpcid rtm cqm mpx rdt_a avx512f avx512dq rdseed adx smap clwb avx512cd avx512bw avx512vl xsaveopt xsavec xgetbv1 xsaves pku"
    }
},
{
    "pystart_ms": 1588924043178.1753,
    "pyend_ms": 1588924045809.5952,
    "pyduration_ms": 2631.419921875,
    "func_data": {
        "initTime_ms": 1588924043540.3257,
        "endTime_ms": 1588924045643.3513,
        "duration_ms": 2103.0256748199463,
        "executionID": "whyw8cdn92se",
        "containerID": "b0b15921-1871-4219-ad68-0bcfa6d821a4",
        "uptime": "29.67",
        "meminfo": "MemTotal:        2097152 kB\nMemFree:         2048044 kB\nMemAvailable:    2048044 kB\nBuffers:               0 kB\nCached:            13740 kB\nSwapCache:             0 kB\nActive:            35768 kB\nInactive:           6872 kB\nActive(anon):      28900 kB\nInactive(anon):        0 kB\nActive(file):       6868 kB\nInactive(file):     6872 kB\nUnevictable:           0 kB\nMlocked:               0 kB\nSwapTotal:             0 kB\nSwapFree:              0 kB\nDirty:                 0 kB\nWriteback:             0 kB\nAnonPages:         28900 kB\nMapped:            13740 kB\nShmem:                 0 kB",
        "cpuinfo": "Architecture:        x86_64\nCPU op-mode(s):      32-bit, 64-bit\nByte Order:          Little Endian\nCPU(s):              2\nOn-line CPU(s) list: 0,1\nVendor ID:           GenuineIntel\nCPU family:          6\nModel:               85\nModel name:          unknown\nStepping:            unknown\nCPU MHz:             2700.249\nBogoMIPS:            2700.25\nVirtualization:      VT-x\nFlags:               fpu vme de pse tsc msr pae mce cx8 apic sep mtrr pge mca cmov pat pse36 clflush dts acpi mmx fxsr sse sse2 ss ht tm pbe syscall nx pdpe1gb rdtscp lm pni pclmulqdq dtes64 monitor ds_cpl vmx smx est tm2 ssse3 sdbg fma cx16 xtpr pdcm pcid dca sse4_1 sse4_2 x2apic movbe popcnt tsc_deadline_timer aes xsave avx f16c rdrand lahf_lm abm 3dnowprefetch fsgsbase tsc_adjust bmi1 hle avx2 smep bmi2 erms invpcid rtm cqm mpx rdt_a avx512f avx512dq rdseed adx smap clwb avx512cd avx512bw avx512vl xsaveopt xsavec xgetbv1 xsaves pku"
    }
},
{
    "pystart_ms": 1588924043239.207,
    "pyend_ms": 1588924045812.5942,
    "pyduration_ms": 2573.38720703125,
    "func_data": {
        "initTime_ms": 1588924044066.038,
        "endTime_ms": 1588924045659.7485,
        "duration_ms": 1593.7104225158691,
        "executionID": "h4kfj28xlmx5",
        "containerID": "49bd6100-e06c-4737-add2-0e25d925d58e",
        "uptime": "28.02",
        "meminfo": "MemTotal:        2097152 kB\nMemFree:         2050452 kB\nMemAvailable:    2050452 kB\nBuffers:               0 kB\nCached:            13620 kB\nSwapCache:             0 kB\nActive:            33420 kB\nInactive:           6812 kB\nActive(anon):      26612 kB\nInactive(anon):        0 kB\nActive(file):       6808 kB\nInactive(file):     6812 kB\nUnevictable:           0 kB\nMlocked:               0 kB\nSwapTotal:             0 kB\nSwapFree:              0 kB\nDirty:                 0 kB\nWriteback:             0 kB\nAnonPages:         26612 kB\nMapped:            13620 kB\nShmem:                 0 kB",
        "cpuinfo": "Architecture:        x86_64\nCPU op-mode(s):      32-bit, 64-bit\nByte Order:          Little Endian\nCPU(s):              2\nOn-line CPU(s) list: 0,1\nVendor ID:           GenuineIntel\nCPU family:          6\nModel:               85\nModel name:          unknown\nStepping:            unknown\nCPU MHz:             2571.600\nBogoMIPS:            2571.60\nVirtualization:      VT-x\nFlags:               fpu vme de pse tsc msr pae mce cx8 apic sep mtrr pge mca cmov pat pse36 clflush dts acpi mmx fxsr sse sse2 ss ht tm pbe syscall nx pdpe1gb rdtscp lm pni pclmulqdq dtes64 monitor ds_cpl vmx smx est tm2 ssse3 sdbg fma cx16 xtpr pdcm pcid dca sse4_1 sse4_2 x2apic movbe popcnt tsc_deadline_timer aes xsave avx f16c rdrand lahf_lm abm 3dnowprefetch fsgsbase tsc_adjust bmi1 hle avx2 smep bmi2 erms invpcid rtm cqm mpx rdt_a avx512f avx512dq rdseed adx smap clwb avx512cd avx512bw avx512vl xsaveopt xsavec xgetbv1 xsaves pku"
    }
},
{
    "pystart_ms": 1588924043250.2097,
    "pyend_ms": 1588924045813.5935,
    "pyduration_ms": 2563.3837890625,
    "func_data": {
        "initTime_ms": 1588924044045.8687,
        "endTime_ms": 1588924045722.0344,
        "duration_ms": 1676.1658191680908,
        "executionID": "3cri72lc6ya1",
        "containerID": "08f0be5e-f5bd-4543-97b9-12d3b364bf00",
        "uptime": "30.42",
        "meminfo": "MemTotal:        2097152 kB\nMemFree:         2046928 kB\nMemAvailable:    2046928 kB\nBuffers:               0 kB\nCached:            13740 kB\nSwapCache:             0 kB\nActive:            35192 kB\nInactive:           6872 kB\nActive(anon):      28324 kB\nInactive(anon):        0 kB\nActive(file):       6868 kB\nInactive(file):     6872 kB\nUnevictable:           0 kB\nMlocked:               0 kB\nSwapTotal:             0 kB\nSwapFree:              0 kB\nDirty:                 0 kB\nWriteback:             0 kB\nAnonPages:         28324 kB\nMapped:            13740 kB\nShmem:                 0 kB",
        "cpuinfo": "Architecture:        x86_64\nCPU op-mode(s):      32-bit, 64-bit\nByte Order:          Little Endian\nCPU(s):              2\nOn-line CPU(s) list: 0,1\nVendor ID:           GenuineIntel\nCPU family:          6\nModel:               85\nModel name:          unknown\nStepping:            unknown\nCPU MHz:             2700.246\nBogoMIPS:            2700.25\nVirtualization:      VT-x\nFlags:               fpu vme de pse tsc msr pae mce cx8 apic sep mtrr pge mca cmov pat pse36 clflush dts acpi mmx fxsr sse sse2 ss ht tm pbe syscall nx pdpe1gb rdtscp lm pni pclmulqdq dtes64 monitor ds_cpl vmx smx est tm2 ssse3 sdbg fma cx16 xtpr pdcm pcid dca sse4_1 sse4_2 x2apic movbe popcnt tsc_deadline_timer aes xsave avx f16c rdrand lahf_lm abm 3dnowprefetch fsgsbase tsc_adjust bmi1 hle avx2 smep bmi2 erms invpcid rtm cqm mpx rdt_a avx512f avx512dq rdseed adx smap clwb avx512cd avx512bw avx512vl xsaveopt xsavec xgetbv1 xsaves pku"
    }
},
{
    "pystart_ms": 1588924043266.2112,
    "pyend_ms": 1588924045819.594,
    "pyduration_ms": 2553.3828125,
    "func_data": {
        "initTime_ms": 1588924043952.6658,
        "endTime_ms": 1588924045744.8396,
        "duration_ms": 1792.1738624572754,
        "executionID": "4moml9j0xi6g",
        "containerID": "7dd97b56-b347-4e49-9fa2-227ca93fe1a8",
        "uptime": "74.25",
        "meminfo": "MemTotal:        2097152 kB\nMemFree:         2047944 kB\nMemAvailable:    2047944 kB\nBuffers:               0 kB\nCached:            13608 kB\nSwapCache:             0 kB\nActive:            35936 kB\nInactive:           6804 kB\nActive(anon):      29132 kB\nInactive(anon):        0 kB\nActive(file):       6804 kB\nInactive(file):     6804 kB\nUnevictable:           0 kB\nMlocked:               0 kB\nSwapTotal:             0 kB\nSwapFree:              0 kB\nDirty:                 0 kB\nWriteback:             0 kB\nAnonPages:         29132 kB\nMapped:            13608 kB\nShmem:                 0 kB",
        "cpuinfo": "Architecture:        x86_64\nCPU op-mode(s):      32-bit, 64-bit\nByte Order:          Little Endian\nCPU(s):              2\nOn-line CPU(s) list: 0,1\nVendor ID:           GenuineIntel\nCPU family:          6\nModel:               85\nModel name:          unknown\nStepping:            unknown\nCPU MHz:             2692.345\nBogoMIPS:            2692.34\nVirtualization:      VT-x\nFlags:               fpu vme de pse tsc msr pae mce cx8 apic sep mtrr pge mca cmov pat pse36 clflush dts acpi mmx fxsr sse sse2 ss ht tm pbe syscall nx pdpe1gb rdtscp lm pni pclmulqdq dtes64 monitor ds_cpl vmx smx est tm2 ssse3 sdbg fma cx16 xtpr pdcm pcid dca sse4_1 sse4_2 x2apic movbe popcnt tsc_deadline_timer aes xsave avx f16c rdrand lahf_lm abm 3dnowprefetch fsgsbase tsc_adjust bmi1 hle avx2 smep bmi2 erms invpcid rtm cqm mpx rdt_a avx512f avx512dq rdseed adx smap clwb avx512cd avx512bw avx512vl xsaveopt xsavec xgetbv1 xsaves pku"
    }
},
{
    "pystart_ms": 1588924043258.2092,
    "pyend_ms": 1588924045821.5938,
    "pyduration_ms": 2563.384521484375,
    "func_data": {
        "initTime_ms": 1588924044055.142,
        "endTime_ms": 1588924045667.5757,
        "duration_ms": 1612.4334335327148,
        "executionID": "oxg94n8c98w8",
        "containerID": "128d7137-6785-4814-9308-c99f397fdee7",
        "uptime": "74.21",
        "meminfo": "MemTotal:        2097152 kB\nMemFree:         2050260 kB\nMemAvailable:    2050260 kB\nBuffers:               0 kB\nCached:            13620 kB\nSwapCache:             0 kB\nActive:            33612 kB\nInactive:           6812 kB\nActive(anon):      26804 kB\nInactive(anon):        0 kB\nActive(file):       6808 kB\nInactive(file):     6812 kB\nUnevictable:           0 kB\nMlocked:               0 kB\nSwapTotal:             0 kB\nSwapFree:              0 kB\nDirty:                 0 kB\nWriteback:             0 kB\nAnonPages:         26804 kB\nMapped:            13620 kB\nShmem:                 0 kB",
        "cpuinfo": "Architecture:        x86_64\nCPU op-mode(s):      32-bit, 64-bit\nByte Order:          Little Endian\nCPU(s):              2\nOn-line CPU(s) list: 0,1\nVendor ID:           GenuineIntel\nCPU family:          6\nModel:               85\nModel name:          unknown\nStepping:            unknown\nCPU MHz:             2606.688\nBogoMIPS:            2606.69\nVirtualization:      VT-x\nFlags:               fpu vme de pse tsc msr pae mce cx8 apic sep mtrr pge mca cmov pat pse36 clflush dts acpi mmx fxsr sse sse2 ss ht tm pbe syscall nx pdpe1gb rdtscp lm pni pclmulqdq dtes64 monitor ds_cpl vmx smx est tm2 ssse3 sdbg fma cx16 xtpr pdcm pcid dca sse4_1 sse4_2 x2apic movbe popcnt tsc_deadline_timer aes xsave avx f16c rdrand lahf_lm abm 3dnowprefetch fsgsbase tsc_adjust bmi1 hle avx2 smep bmi2 erms invpcid rtm cqm mpx rdt_a avx512f avx512dq rdseed adx smap clwb avx512cd avx512bw avx512vl xsaveopt xsavec xgetbv1 xsaves pku"
    }
},
{
    "pystart_ms": 1588924043208.1978,
    "pyend_ms": 1588924045823.5957,
    "pyduration_ms": 2615.39794921875,
    "func_data": {
        "initTime_ms": 1588924043851.6333,
        "endTime_ms": 1588924045640.1626,
        "duration_ms": 1788.529396057129,
        "executionID": "dul4ylxb59ie",
        "containerID": "8136595e-4e14-4a61-80ee-182a5ae1249e",
        "uptime": "29.92",
        "meminfo": "MemTotal:        2097152 kB\nMemFree:         2049904 kB\nMemAvailable:    2049904 kB\nBuffers:               0 kB\nCached:            13240 kB\nSwapCache:             0 kB\nActive:            34160 kB\nInactive:           6620 kB\nActive(anon):      27540 kB\nInactive(anon):        0 kB\nActive(file):       6620 kB\nInactive(file):     6620 kB\nUnevictable:           0 kB\nMlocked:               0 kB\nSwapTotal:             0 kB\nSwapFree:              0 kB\nDirty:                 0 kB\nWriteback:             0 kB\nAnonPages:         27540 kB\nMapped:            13240 kB\nShmem:                 0 kB",
        "cpuinfo": "Architecture:        x86_64\nCPU op-mode(s):      32-bit, 64-bit\nByte Order:          Little Endian\nCPU(s):              2\nOn-line CPU(s) list: 0,1\nVendor ID:           GenuineIntel\nCPU family:          6\nModel:               85\nModel name:          unknown\nStepping:            unknown\nCPU MHz:             2666.417\nBogoMIPS:            2666.42\nVirtualization:      VT-x\nFlags:               fpu vme de pse tsc msr pae mce cx8 apic sep mtrr pge mca cmov pat pse36 clflush dts acpi mmx fxsr sse sse2 ss ht tm pbe syscall nx pdpe1gb rdtscp lm pni pclmulqdq dtes64 monitor ds_cpl vmx smx est tm2 ssse3 sdbg fma cx16 xtpr pdcm pcid dca sse4_1 sse4_2 x2apic movbe popcnt tsc_deadline_timer aes xsave avx f16c rdrand lahf_lm abm 3dnowprefetch fsgsbase tsc_adjust bmi1 hle avx2 smep bmi2 erms invpcid rtm cqm mpx rdt_a avx512f avx512dq rdseed adx smap clwb avx512cd avx512bw avx512vl xsaveopt xsavec xgetbv1 xsaves pku"
    }
},
{
    "pystart_ms": 1588924043271.2124,
    "pyend_ms": 1588924045871.593,
    "pyduration_ms": 2600.380615234375,
    "func_data": {
        "initTime_ms": 1588924044006.3137,
        "endTime_ms": 1588924045701.5417,
        "duration_ms": 1695.227861404419,
        "executionID": "x3yyeunlelce",
        "containerID": "854e307a-f407-4a50-bd3f-153050b4c067",
        "uptime": "29.65",
        "meminfo": "MemTotal:        2097152 kB\nMemFree:         2050816 kB\nMemAvailable:    2050816 kB\nBuffers:               0 kB\nCached:            13744 kB\nSwapCache:             0 kB\nActive:            32996 kB\nInactive:           6872 kB\nActive(anon):      26124 kB\nInactive(anon):        0 kB\nActive(file):       6872 kB\nInactive(file):     6872 kB\nUnevictable:           0 kB\nMlocked:               0 kB\nSwapTotal:             0 kB\nSwapFree:              0 kB\nDirty:                 0 kB\nWriteback:             0 kB\nAnonPages:         26124 kB\nMapped:            13744 kB\nShmem:                 0 kB",
        "cpuinfo": "Architecture:        x86_64\nCPU op-mode(s):      32-bit, 64-bit\nByte Order:          Little Endian\nCPU(s):              2\nOn-line CPU(s) list: 0,1\nVendor ID:           GenuineIntel\nCPU family:          6\nModel:               79\nModel name:          unknown\nStepping:            unknown\nCPU MHz:             2766.806\nBogoMIPS:            2766.81\nVirtualization:      VT-x\nFlags:               fpu vme de pse tsc msr pae mce cx8 apic sep mtrr pge mca cmov pat pse36 clflush dts acpi mmx fxsr sse sse2 ss ht tm pbe syscall nx pdpe1gb rdtscp lm pni pclmulqdq dtes64 monitor ds_cpl vmx smx est tm2 ssse3 sdbg fma cx16 xtpr pdcm pcid dca sse4_1 sse4_2 x2apic movbe popcnt tsc_deadline_timer aes xsave avx f16c rdrand lahf_lm abm 3dnowprefetch fsgsbase tsc_adjust bmi1 hle avx2 smep bmi2 erms invpcid rtm cqm rdt_a rdseed adx smap xsaveopt"
    }
},
{
    "pystart_ms": 1588924043279.2095,
    "pyend_ms": 1588924045887.595,
    "pyduration_ms": 2608.385498046875,
    "func_data": {
        "initTime_ms": 1588924043924.9092,
        "endTime_ms": 1588924045721.7095,
        "duration_ms": 1796.8003749847412,
        "executionID": "jt5uu65fwdo1",
        "containerID": "aedbdb0f-190e-4a90-b80f-c97d0f9df374",
        "uptime": "103.80",
        "meminfo": "MemTotal:        2097152 kB\nMemFree:         2047692 kB\nMemAvailable:    2047692 kB\nBuffers:               0 kB\nCached:            13604 kB\nSwapCache:             0 kB\nActive:            36188 kB\nInactive:           6804 kB\nActive(anon):      29388 kB\nInactive(anon):        0 kB\nActive(file):       6800 kB\nInactive(file):     6804 kB\nUnevictable:           0 kB\nMlocked:               0 kB\nSwapTotal:             0 kB\nSwapFree:              0 kB\nDirty:                 0 kB\nWriteback:             0 kB\nAnonPages:         29388 kB\nMapped:            13604 kB\nShmem:                 0 kB",
        "cpuinfo": "Architecture:        x86_64\nCPU op-mode(s):      32-bit, 64-bit\nByte Order:          Little Endian\nCPU(s):              2\nOn-line CPU(s) list: 0,1\nVendor ID:           GenuineIntel\nCPU family:          6\nModel:               85\nModel name:          unknown\nStepping:            unknown\nCPU MHz:             2682.308\nBogoMIPS:            2682.31\nVirtualization:      VT-x\nFlags:               fpu vme de pse tsc msr pae mce cx8 apic sep mtrr pge mca cmov pat pse36 clflush dts acpi mmx fxsr sse sse2 ss ht tm pbe syscall nx pdpe1gb rdtscp lm pni pclmulqdq dtes64 monitor ds_cpl vmx smx est tm2 ssse3 sdbg fma cx16 xtpr pdcm pcid dca sse4_1 sse4_2 x2apic movbe popcnt tsc_deadline_timer aes xsave avx f16c rdrand lahf_lm abm 3dnowprefetch fsgsbase tsc_adjust bmi1 hle avx2 smep bmi2 erms invpcid rtm cqm mpx rdt_a avx512f avx512dq rdseed adx smap clwb avx512cd avx512bw avx512vl xsaveopt xsavec xgetbv1 xsaves pku"
    }
},
{
    "pystart_ms": 1588924043261.209,
    "pyend_ms": 1588924045891.5947,
    "pyduration_ms": 2630.3857421875,
    "func_data": {
        "initTime_ms": 1588924044011.643,
        "endTime_ms": 1588924045735.6042,
        "duration_ms": 1723.9611148834229,
        "executionID": "6vcnmq7eru6t",
        "containerID": "d019b65b-0f58-4b14-9c1e-43f73bf6a857",
        "uptime": "30.19",
        "meminfo": "MemTotal:        2097152 kB\nMemFree:         2049216 kB\nMemAvailable:    2049216 kB\nBuffers:               0 kB\nCached:            13740 kB\nSwapCache:             0 kB\nActive:            34596 kB\nInactive:           6872 kB\nActive(anon):      27728 kB\nInactive(anon):        0 kB\nActive(file):       6868 kB\nInactive(file):     6872 kB\nUnevictable:           0 kB\nMlocked:               0 kB\nSwapTotal:             0 kB\nSwapFree:              0 kB\nDirty:                 0 kB\nWriteback:             0 kB\nAnonPages:         27728 kB\nMapped:            13740 kB\nShmem:                 0 kB",
        "cpuinfo": "Architecture:        x86_64\nCPU op-mode(s):      32-bit, 64-bit\nByte Order:          Little Endian\nCPU(s):              2\nOn-line CPU(s) list: 0,1\nVendor ID:           GenuineIntel\nCPU family:          6\nModel:               85\nModel name:          unknown\nStepping:            unknown\nCPU MHz:             2700.202\nBogoMIPS:            2700.20\nVirtualization:      VT-x\nFlags:               fpu vme de pse tsc msr pae mce cx8 apic sep mtrr pge mca cmov pat pse36 clflush dts acpi mmx fxsr sse sse2 ss ht tm pbe syscall nx pdpe1gb rdtscp lm pni pclmulqdq dtes64 monitor ds_cpl vmx smx est tm2 ssse3 sdbg fma cx16 xtpr pdcm pcid dca sse4_1 sse4_2 x2apic movbe popcnt tsc_deadline_timer aes xsave avx f16c rdrand lahf_lm abm 3dnowprefetch fsgsbase tsc_adjust bmi1 hle avx2 smep bmi2 erms invpcid rtm cqm mpx rdt_a avx512f avx512dq rdseed adx smap clwb avx512cd avx512bw avx512vl xsaveopt xsavec xgetbv1 xsaves pku"
    }
},
{
    "pystart_ms": 1588924043275.2114,
    "pyend_ms": 1588924045915.594,
    "pyduration_ms": 2640.382568359375,
    "func_data": {
        "initTime_ms": 1588924044008.5344,
        "endTime_ms": 1588924045827.3376,
        "duration_ms": 1818.803310394287,
        "executionID": "oiq389rdsrgh",
        "containerID": "b1d4594c-7084-44ba-83a4-d17cd8bf6a33",
        "uptime": "30.70",
        "meminfo": "MemTotal:        2097152 kB\nMemFree:         2047896 kB\nMemAvailable:    2047896 kB\nBuffers:               0 kB\nCached:            13832 kB\nSwapCache:             0 kB\nActive:            35872 kB\nInactive:           6916 kB\nActive(anon):      28956 kB\nInactive(anon):        0 kB\nActive(file):       6916 kB\nInactive(file):     6916 kB\nUnevictable:           0 kB\nMlocked:               0 kB\nSwapTotal:             0 kB\nSwapFree:              0 kB\nDirty:                 0 kB\nWriteback:             0 kB\nAnonPages:         28956 kB\nMapped:            13832 kB\nShmem:                 0 kB",
        "cpuinfo": "Architecture:        x86_64\nCPU op-mode(s):      32-bit, 64-bit\nByte Order:          Little Endian\nCPU(s):              2\nOn-line CPU(s) list: 0,1\nVendor ID:           GenuineIntel\nCPU family:          6\nModel:               79\nModel name:          unknown\nStepping:            unknown\nCPU MHz:             2762.972\nBogoMIPS:            2762.97\nVirtualization:      VT-x\nFlags:               fpu vme de pse tsc msr pae mce cx8 apic sep mtrr pge mca cmov pat pse36 clflush dts acpi mmx fxsr sse sse2 ss ht tm pbe syscall nx pdpe1gb rdtscp lm pni pclmulqdq dtes64 monitor ds_cpl vmx smx est tm2 ssse3 sdbg fma cx16 xtpr pdcm pcid dca sse4_1 sse4_2 x2apic movbe popcnt tsc_deadline_timer aes xsave avx f16c rdrand lahf_lm abm 3dnowprefetch fsgsbase tsc_adjust bmi1 hle avx2 smep bmi2 erms invpcid rtm cqm rdt_a rdseed adx smap xsaveopt"
    }
},
{
    "pystart_ms": 1588924043257.2107,
    "pyend_ms": 1588924045917.5942,
    "pyduration_ms": 2660.383544921875,
    "func_data": {
        "initTime_ms": 1588924044014.5244,
        "endTime_ms": 1588924045746.0,
        "duration_ms": 1731.475591659546,
        "executionID": "bfrc2q07r8gx",
        "containerID": "850358f4-a56f-425a-9f17-61dd1a6e01ed",
        "uptime": "74.61",
        "meminfo": "MemTotal:        2097152 kB\nMemFree:         2048508 kB\nMemAvailable:    2048508 kB\nBuffers:               0 kB\nCached:            13604 kB\nSwapCache:             0 kB\nActive:            35372 kB\nInactive:           6804 kB\nActive(anon):      28572 kB\nInactive(anon):        0 kB\nActive(file):       6800 kB\nInactive(file):     6804 kB\nUnevictable:           0 kB\nMlocked:               0 kB\nSwapTotal:             0 kB\nSwapFree:              0 kB\nDirty:                 0 kB\nWriteback:             0 kB\nAnonPages:         28572 kB\nMapped:            13604 kB\nShmem:                 0 kB",
        "cpuinfo": "Architecture:        x86_64\nCPU op-mode(s):      32-bit, 64-bit\nByte Order:          Little Endian\nCPU(s):              2\nOn-line CPU(s) list: 0,1\nVendor ID:           GenuineIntel\nCPU family:          6\nModel:               85\nModel name:          unknown\nStepping:            unknown\nCPU MHz:             2700.247\nBogoMIPS:            2700.25\nVirtualization:      VT-x\nFlags:               fpu vme de pse tsc msr pae mce cx8 apic sep mtrr pge mca cmov pat pse36 clflush dts acpi mmx fxsr sse sse2 ss ht tm pbe syscall nx pdpe1gb rdtscp lm pni pclmulqdq dtes64 monitor ds_cpl vmx smx est tm2 ssse3 sdbg fma cx16 xtpr pdcm pcid dca sse4_1 sse4_2 x2apic movbe popcnt tsc_deadline_timer aes xsave avx f16c rdrand lahf_lm abm 3dnowprefetch fsgsbase tsc_adjust bmi1 hle avx2 smep bmi2 erms invpcid rtm cqm mpx rdt_a avx512f avx512dq rdseed adx smap clwb avx512cd avx512bw avx512vl xsaveopt xsavec xgetbv1 xsaves pku"
    }
},
{
    "pystart_ms": 1588924043210.1978,
    "pyend_ms": 1588924045923.597,
    "pyduration_ms": 2713.399169921875,
    "func_data": {
        "initTime_ms": 1588924043845.2666,
        "endTime_ms": 1588924045784.1008,
        "duration_ms": 1938.8341903686523,
        "executionID": "rw9jqu34q77e",
        "containerID": "12518bba-b4f6-4d42-9e3b-60b4b4ce23cd",
        "uptime": "73.65",
        "meminfo": "MemTotal:        2097152 kB\nMemFree:         2047268 kB\nMemAvailable:    2047268 kB\nBuffers:               0 kB\nCached:            13752 kB\nSwapCache:             0 kB\nActive:            36540 kB\nInactive:           6876 kB\nActive(anon):      29664 kB\nInactive(anon):        0 kB\nActive(file):       6876 kB\nInactive(file):     6876 kB\nUnevictable:           0 kB\nMlocked:               0 kB\nSwapTotal:             0 kB\nSwapFree:              0 kB\nDirty:                 0 kB\nWriteback:             0 kB\nAnonPages:         29664 kB\nMapped:            13752 kB\nShmem:                 0 kB",
        "cpuinfo": "Architecture:        x86_64\nCPU op-mode(s):      32-bit, 64-bit\nByte Order:          Little Endian\nCPU(s):              2\nOn-line CPU(s) list: 0,1\nVendor ID:           GenuineIntel\nCPU family:          6\nModel:               85\nModel name:          unknown\nStepping:            unknown\nCPU MHz:             2683.654\nBogoMIPS:            2683.65\nVirtualization:      VT-x\nFlags:               fpu vme de pse tsc msr pae mce cx8 apic sep mtrr pge mca cmov pat pse36 clflush dts acpi mmx fxsr sse sse2 ss ht tm pbe syscall nx pdpe1gb rdtscp lm pni pclmulqdq dtes64 monitor ds_cpl vmx smx est tm2 ssse3 sdbg fma cx16 xtpr pdcm pcid dca sse4_1 sse4_2 x2apic movbe popcnt tsc_deadline_timer aes xsave avx f16c rdrand lahf_lm abm 3dnowprefetch fsgsbase tsc_adjust bmi1 hle avx2 smep bmi2 erms invpcid rtm cqm mpx rdt_a avx512f avx512dq rdseed adx smap clwb avx512cd avx512bw avx512vl xsaveopt xsavec xgetbv1 xsaves pku"
    }
},
{
    "pystart_ms": 1588924043255.2095,
    "pyend_ms": 1588924045954.5933,
    "pyduration_ms": 2699.3837890625,
    "func_data": {
        "initTime_ms": 1588924043989.6592,
        "endTime_ms": 1588924045757.3933,
        "duration_ms": 1767.7342891693115,
        "executionID": "bk3b3yubc6ni",
        "containerID": "7b5c32b0-c717-489b-a3c3-495c7227ac0b",
        "uptime": "74.48",
        "meminfo": "MemTotal:        2097152 kB\nMemFree:         2048740 kB\nMemAvailable:    2048740 kB\nBuffers:               0 kB\nCached:            13620 kB\nSwapCache:             0 kB\nActive:            35132 kB\nInactive:           6812 kB\nActive(anon):      28324 kB\nInactive(anon):        0 kB\nActive(file):       6808 kB\nInactive(file):     6812 kB\nUnevictable:           0 kB\nMlocked:               0 kB\nSwapTotal:             0 kB\nSwapFree:              0 kB\nDirty:                 0 kB\nWriteback:             0 kB\nAnonPages:         28324 kB\nMapped:            13620 kB\nShmem:                 0 kB",
        "cpuinfo": "Architecture:        x86_64\nCPU op-mode(s):      32-bit, 64-bit\nByte Order:          Little Endian\nCPU(s):              2\nOn-line CPU(s) list: 0,1\nVendor ID:           GenuineIntel\nCPU family:          6\nModel:               79\nModel name:          unknown\nStepping:            unknown\nCPU MHz:             2799.998\nBogoMIPS:            2800.00\nVirtualization:      VT-x\nFlags:               fpu vme de pse tsc msr pae mce cx8 apic sep mtrr pge mca cmov pat pse36 clflush dts acpi mmx fxsr sse sse2 ss ht tm pbe syscall nx pdpe1gb rdtscp lm pni pclmulqdq dtes64 monitor ds_cpl vmx smx est tm2 ssse3 sdbg fma cx16 xtpr pdcm pcid dca sse4_1 sse4_2 x2apic movbe popcnt tsc_deadline_timer aes xsave avx f16c rdrand lahf_lm abm 3dnowprefetch fsgsbase tsc_adjust bmi1 hle avx2 smep bmi2 erms invpcid rtm cqm rdt_a rdseed adx smap xsaveopt"
    }
},
{
    "pystart_ms": 1588924043261.209,
    "pyend_ms": 1588924045964.5972,
    "pyduration_ms": 2703.38818359375,
    "func_data": {
        "initTime_ms": 1588924044057.3857,
        "endTime_ms": 1588924045892.3948,
        "duration_ms": 1835.0090980529785,
        "executionID": "xcllr5pdk9co",
        "containerID": "5e5dfeee-1bd0-48e0-b84b-03df2c0c1ada",
        "uptime": "73.92",
        "meminfo": "MemTotal:        2097152 kB\nMemFree:         2049544 kB\nMemAvailable:    2049544 kB\nBuffers:               0 kB\nCached:            13748 kB\nSwapCache:             0 kB\nActive:            34264 kB\nInactive:           6876 kB\nActive(anon):      27392 kB\nInactive(anon):        0 kB\nActive(file):       6872 kB\nInactive(file):     6876 kB\nUnevictable:           0 kB\nMlocked:               0 kB\nSwapTotal:             0 kB\nSwapFree:              0 kB\nDirty:                 0 kB\nWriteback:             0 kB\nAnonPages:         27392 kB\nMapped:            13748 kB\nShmem:                 0 kB",
        "cpuinfo": "Architecture:        x86_64\nCPU op-mode(s):      32-bit, 64-bit\nByte Order:          Little Endian\nCPU(s):              2\nOn-line CPU(s) list: 0,1\nVendor ID:           GenuineIntel\nCPU family:          6\nModel:               79\nModel name:          unknown\nStepping:            unknown\nCPU MHz:             2799.998\nBogoMIPS:            2800.00\nVirtualization:      VT-x\nFlags:               fpu vme de pse tsc msr pae mce cx8 apic sep mtrr pge mca cmov pat pse36 clflush dts acpi mmx fxsr sse sse2 ss ht tm pbe syscall nx pdpe1gb rdtscp lm pni pclmulqdq dtes64 monitor ds_cpl vmx smx est tm2 ssse3 sdbg fma cx16 xtpr pdcm pcid dca sse4_1 sse4_2 x2apic movbe popcnt tsc_deadline_timer aes xsave avx f16c rdrand lahf_lm abm 3dnowprefetch fsgsbase tsc_adjust bmi1 hle avx2 smep bmi2 erms invpcid rtm cqm rdt_a rdseed adx smap xsaveopt"
    }
},
{
    "pystart_ms": 1588924043233.2065,
    "pyend_ms": 1588924046003.5967,
    "pyduration_ms": 2770.39013671875,
    "func_data": {
        "initTime_ms": 1588924044087.242,
        "endTime_ms": 1588924045883.9878,
        "duration_ms": 1796.746015548706,
        "executionID": "u4dn4lywql1o",
        "containerID": "9b57c1ef-33ae-4a60-94b9-5adf6eecd19c",
        "uptime": "103.98",
        "meminfo": "MemTotal:        2097152 kB\nMemFree:         2048924 kB\nMemAvailable:    2048924 kB\nBuffers:               0 kB\nCached:            13776 kB\nSwapCache:             0 kB\nActive:            34872 kB\nInactive:           6888 kB\nActive(anon):      27984 kB\nInactive(anon):        0 kB\nActive(file):       6888 kB\nInactive(file):     6888 kB\nUnevictable:           0 kB\nMlocked:               0 kB\nSwapTotal:             0 kB\nSwapFree:              0 kB\nDirty:                 0 kB\nWriteback:             0 kB\nAnonPages:         27984 kB\nMapped:            13776 kB\nShmem:                 0 kB",
        "cpuinfo": "Architecture:        x86_64\nCPU op-mode(s):      32-bit, 64-bit\nByte Order:          Little Endian\nCPU(s):              2\nOn-line CPU(s) list: 0,1\nVendor ID:           GenuineIntel\nCPU family:          6\nModel:               85\nModel name:          unknown\nStepping:            unknown\nCPU MHz:             2661.106\nBogoMIPS:            2661.11\nVirtualization:      VT-x\nFlags:               fpu vme de pse tsc msr pae mce cx8 apic sep mtrr pge mca cmov pat pse36 clflush dts acpi mmx fxsr sse sse2 ss ht tm pbe syscall nx pdpe1gb rdtscp lm pni pclmulqdq dtes64 monitor ds_cpl vmx smx est tm2 ssse3 sdbg fma cx16 xtpr pdcm pcid dca sse4_1 sse4_2 x2apic movbe popcnt tsc_deadline_timer aes xsave avx f16c rdrand lahf_lm abm 3dnowprefetch fsgsbase tsc_adjust bmi1 hle avx2 smep bmi2 erms invpcid rtm cqm mpx rdt_a avx512f avx512dq rdseed adx smap clwb avx512cd avx512bw avx512vl xsaveopt xsavec xgetbv1 xsaves pku"
    }
},
{
    "pystart_ms": 1588924043233.2065,
    "pyend_ms": 1588924046005.5955,
    "pyduration_ms": 2772.388916015625,
    "func_data": {
        "initTime_ms": 1588924044034.572,
        "endTime_ms": 1588924045840.7659,
        "duration_ms": 1806.1938285827637,
        "executionID": "8dylzsfq0wyk",
        "containerID": "753a83a0-22b1-4419-b01c-ff0e9888a739",
        "uptime": "30.56",
        "meminfo": "MemTotal:        2097152 kB\nMemFree:         2047820 kB\nMemAvailable:    2047820 kB\nBuffers:               0 kB\nCached:            13604 kB\nSwapCache:             0 kB\nActive:            36060 kB\nInactive:           6804 kB\nActive(anon):      29260 kB\nInactive(anon):        0 kB\nActive(file):       6800 kB\nInactive(file):     6804 kB\nUnevictable:           0 kB\nMlocked:               0 kB\nSwapTotal:             0 kB\nSwapFree:              0 kB\nDirty:                 0 kB\nWriteback:             0 kB\nAnonPages:         29260 kB\nMapped:            13604 kB\nShmem:                 0 kB",
        "cpuinfo": "Architecture:        x86_64\nCPU op-mode(s):      32-bit, 64-bit\nByte Order:          Little Endian\nCPU(s):              2\nOn-line CPU(s) list: 0,1\nVendor ID:           GenuineIntel\nCPU family:          6\nModel:               85\nModel name:          unknown\nStepping:            unknown\nCPU MHz:             2687.877\nBogoMIPS:            2687.88\nVirtualization:      VT-x\nFlags:               fpu vme de pse tsc msr pae mce cx8 apic sep mtrr pge mca cmov pat pse36 clflush dts acpi mmx fxsr sse sse2 ss ht tm pbe syscall nx pdpe1gb rdtscp lm pni pclmulqdq dtes64 monitor ds_cpl vmx smx est tm2 ssse3 sdbg fma cx16 xtpr pdcm pcid dca sse4_1 sse4_2 x2apic movbe popcnt tsc_deadline_timer aes xsave avx f16c rdrand lahf_lm abm 3dnowprefetch fsgsbase tsc_adjust bmi1 hle avx2 smep bmi2 erms invpcid rtm cqm mpx rdt_a avx512f avx512dq rdseed adx smap clwb avx512cd avx512bw avx512vl xsaveopt xsavec xgetbv1 xsaves pku"
    }
},
{
    "pystart_ms": 1588924043265.1724,
    "pyend_ms": 1588924046010.5955,
    "pyduration_ms": 2745.423095703125,
    "func_data": {
        "initTime_ms": 1588924044075.7378,
        "endTime_ms": 1588924045931.8684,
        "duration_ms": 1856.130599975586,
        "executionID": "b84bavuld4p5",
        "containerID": "cb882f66-bc8d-42b9-a0ea-dca1f7278bea",
        "uptime": "73.65",
        "meminfo": "MemTotal:        2097152 kB\nMemFree:         2047664 kB\nMemAvailable:    2047664 kB\nBuffers:               0 kB\nCached:            13740 kB\nSwapCache:             0 kB\nActive:            36148 kB\nInactive:           6872 kB\nActive(anon):      29280 kB\nInactive(anon):        0 kB\nActive(file):       6868 kB\nInactive(file):     6872 kB\nUnevictable:           0 kB\nMlocked:               0 kB\nSwapTotal:             0 kB\nSwapFree:              0 kB\nDirty:                 0 kB\nWriteback:             0 kB\nAnonPages:         29280 kB\nMapped:            13740 kB\nShmem:                 0 kB",
        "cpuinfo": "Architecture:        x86_64\nCPU op-mode(s):      32-bit, 64-bit\nByte Order:          Little Endian\nCPU(s):              2\nOn-line CPU(s) list: 0,1\nVendor ID:           GenuineIntel\nCPU family:          6\nModel:               85\nModel name:          unknown\nStepping:            unknown\nCPU MHz:             2700.268\nBogoMIPS:            2700.27\nVirtualization:      VT-x\nFlags:               fpu vme de pse tsc msr pae mce cx8 apic sep mtrr pge mca cmov pat pse36 clflush dts acpi mmx fxsr sse sse2 ss ht tm pbe syscall nx pdpe1gb rdtscp lm pni pclmulqdq dtes64 monitor ds_cpl vmx smx est tm2 ssse3 sdbg fma cx16 xtpr pdcm pcid dca sse4_1 sse4_2 x2apic movbe popcnt tsc_deadline_timer aes xsave avx f16c rdrand lahf_lm abm 3dnowprefetch fsgsbase tsc_adjust bmi1 hle avx2 smep bmi2 erms invpcid rtm cqm mpx rdt_a avx512f avx512dq rdseed adx smap clwb avx512cd avx512bw avx512vl xsaveopt xsavec xgetbv1 xsaves pku"
    }
},
{
    "pystart_ms": 1588924043259.2095,
    "pyend_ms": 1588924046013.596,
    "pyduration_ms": 2754.386474609375,
    "func_data": {
        "initTime_ms": 1588924044031.1252,
        "endTime_ms": 1588924045940.4355,
        "duration_ms": 1909.3103408813477,
        "executionID": "7v7vg25rp4rk",
        "containerID": "facd92d4-1c23-435f-a822-106e43023ec4",
        "uptime": "73.75",
        "meminfo": "MemTotal:        2097152 kB\nMemFree:         2049532 kB\nMemAvailable:    2049532 kB\nBuffers:               0 kB\nCached:            12752 kB\nSwapCache:             0 kB\nActive:            34776 kB\nInactive:           6376 kB\nActive(anon):      28400 kB\nInactive(anon):        0 kB\nActive(file):       6376 kB\nInactive(file):     6376 kB\nUnevictable:           0 kB\nMlocked:               0 kB\nSwapTotal:             0 kB\nSwapFree:              0 kB\nDirty:                 0 kB\nWriteback:             0 kB\nAnonPages:         28400 kB\nMapped:            12752 kB\nShmem:                 0 kB",
        "cpuinfo": "Architecture:        x86_64\nCPU op-mode(s):      32-bit, 64-bit\nByte Order:          Little Endian\nCPU(s):              2\nOn-line CPU(s) list: 0,1\nVendor ID:           GenuineIntel\nCPU family:          6\nModel:               85\nModel name:          unknown\nStepping:            unknown\nCPU MHz:             2700.239\nBogoMIPS:            2700.24\nVirtualization:      VT-x\nFlags:               fpu vme de pse tsc msr pae mce cx8 apic sep mtrr pge mca cmov pat pse36 clflush dts acpi mmx fxsr sse sse2 ss ht tm pbe syscall nx pdpe1gb rdtscp lm pni pclmulqdq dtes64 monitor ds_cpl vmx smx est tm2 ssse3 sdbg fma cx16 xtpr pdcm pcid dca sse4_1 sse4_2 x2apic movbe popcnt tsc_deadline_timer aes xsave avx f16c rdrand lahf_lm abm 3dnowprefetch fsgsbase tsc_adjust bmi1 hle avx2 smep bmi2 erms invpcid rtm cqm mpx rdt_a avx512f avx512dq rdseed adx smap clwb avx512cd avx512bw avx512vl xsaveopt xsavec xgetbv1 xsaves pku"
    }
},
{
    "pystart_ms": 1588924043237.2065,
    "pyend_ms": 1588924046085.595,
    "pyduration_ms": 2848.388427734375,
    "func_data": {
        "initTime_ms": 1588924043976.6748,
        "endTime_ms": 1588924045940.6736,
        "duration_ms": 1963.998794555664,
        "executionID": "qcu9j717xp94",
        "containerID": "9a3e468c-5671-4a39-b8ec-4b8cbff7bbe6",
        "uptime": "30.11",
        "meminfo": "MemTotal:        2097152 kB\nMemFree:         2047116 kB\nMemAvailable:    2047116 kB\nBuffers:               0 kB\nCached:            13740 kB\nSwapCache:             0 kB\nActive:            36696 kB\nInactive:           6872 kB\nActive(anon):      29828 kB\nInactive(anon):        0 kB\nActive(file):       6868 kB\nInactive(file):     6872 kB\nUnevictable:           0 kB\nMlocked:               0 kB\nSwapTotal:             0 kB\nSwapFree:              0 kB\nDirty:                 0 kB\nWriteback:             0 kB\nAnonPages:         29828 kB\nMapped:            13740 kB\nShmem:                 0 kB",
        "cpuinfo": "Architecture:        x86_64\nCPU op-mode(s):      32-bit, 64-bit\nByte Order:          Little Endian\nCPU(s):              2\nOn-line CPU(s) list: 0,1\nVendor ID:           GenuineIntel\nCPU family:          6\nModel:               85\nModel name:          unknown\nStepping:            unknown\nCPU MHz:             2663.466\nBogoMIPS:            2663.47\nVirtualization:      VT-x\nFlags:               fpu vme de pse tsc msr pae mce cx8 apic sep mtrr pge mca cmov pat pse36 clflush dts acpi mmx fxsr sse sse2 ss ht tm pbe syscall nx pdpe1gb rdtscp lm pni pclmulqdq dtes64 monitor ds_cpl vmx smx est tm2 ssse3 sdbg fma cx16 xtpr pdcm pcid dca sse4_1 sse4_2 x2apic movbe popcnt tsc_deadline_timer aes xsave avx f16c rdrand lahf_lm abm 3dnowprefetch fsgsbase tsc_adjust bmi1 hle avx2 smep bmi2 erms invpcid rtm cqm mpx rdt_a avx512f avx512dq rdseed adx smap clwb avx512cd avx512bw avx512vl xsaveopt xsavec xgetbv1 xsaves pku"
    }
},
{
    "pystart_ms": 1588924043260.2107,
    "pyend_ms": 1588924046142.5942,
    "pyduration_ms": 2882.383544921875,
    "func_data": {
        "initTime_ms": 1588924044088.2588,
        "endTime_ms": 1588924045976.4485,
        "duration_ms": 1888.1897926330566,
        "executionID": "vvaz9w25dlqg",
        "containerID": "6467e2aa-73b2-4dc8-a3a7-8ed8197094e5",
        "uptime": "74.29",
        "meminfo": "MemTotal:        2097152 kB\nMemFree:         2048852 kB\nMemAvailable:    2048852 kB\nBuffers:               0 kB\nCached:            13604 kB\nSwapCache:             0 kB\nActive:            35028 kB\nInactive:           6804 kB\nActive(anon):      28228 kB\nInactive(anon):        0 kB\nActive(file):       6800 kB\nInactive(file):     6804 kB\nUnevictable:           0 kB\nMlocked:               0 kB\nSwapTotal:             0 kB\nSwapFree:              0 kB\nDirty:                 0 kB\nWriteback:             0 kB\nAnonPages:         28228 kB\nMapped:            13604 kB\nShmem:                 0 kB",
        "cpuinfo": "Architecture:        x86_64\nCPU op-mode(s):      32-bit, 64-bit\nByte Order:          Little Endian\nCPU(s):              2\nOn-line CPU(s) list: 0,1\nVendor ID:           GenuineIntel\nCPU family:          6\nModel:               85\nModel name:          unknown\nStepping:            unknown\nCPU MHz:             2691.820\nBogoMIPS:            2691.82\nVirtualization:      VT-x\nFlags:               fpu vme de pse tsc msr pae mce cx8 apic sep mtrr pge mca cmov pat pse36 clflush dts acpi mmx fxsr sse sse2 ss ht tm pbe syscall nx pdpe1gb rdtscp lm pni pclmulqdq dtes64 monitor ds_cpl vmx smx est tm2 ssse3 sdbg fma cx16 xtpr pdcm pcid dca sse4_1 sse4_2 x2apic movbe popcnt tsc_deadline_timer aes xsave avx f16c rdrand lahf_lm abm 3dnowprefetch fsgsbase tsc_adjust bmi1 hle avx2 smep bmi2 erms invpcid rtm cqm mpx rdt_a avx512f avx512dq rdseed adx smap clwb avx512cd avx512bw avx512vl xsaveopt xsavec xgetbv1 xsaves pku"
    }
},
{
    "pystart_ms": 1588924043254.21,
    "pyend_ms": 1588924046291.5942,
    "pyduration_ms": 3037.38427734375,
    "func_data": {
        "initTime_ms": 1588924043924.046,
        "endTime_ms": 1588924046117.1165,
        "duration_ms": 2193.070650100708,
        "executionID": "w9xuuedl2lv1",
        "containerID": "7a599915-6e73-427f-ab1f-59a6d4b66ad2",
        "uptime": "103.73",
