
{
    "pystart_ms": 1588924117025.3438,
    "pyend_ms": 1588924119347.1646,
    "pyduration_ms": 2321.82080078125,
    "func_data": {
        "initTime_ms": 1588924117658.7778,
        "endTime_ms": 1588924119255.8042,
        "duration_ms": 1597.0263481140137,
        "executionID": "0ea20dxj9gat",
        "containerID": "364d921e-c8a6-43d4-a64e-40d3b5c94929",
        "uptime": "103.98",
        "meminfo": "MemTotal:        2097152 kB\nMemFree:         2048016 kB\nMemAvailable:    2048016 kB\nBuffers:               0 kB\nCached:            13604 kB\nSwapCache:             0 kB\nActive:            35864 kB\nInactive:           6804 kB\nActive(anon):      29064 kB\nInactive(anon):        0 kB\nActive(file):       6800 kB\nInactive(file):     6804 kB\nUnevictable:           0 kB\nMlocked:               0 kB\nSwapTotal:             0 kB\nSwapFree:              0 kB\nDirty:                 0 kB\nWriteback:             0 kB\nAnonPages:         29064 kB\nMapped:            13604 kB\nShmem:                 0 kB",
        "cpuinfo": "Architecture:        x86_64\nCPU op-mode(s):      32-bit, 64-bit\nByte Order:          Little Endian\nCPU(s):              2\nOn-line CPU(s) list: 0,1\nVendor ID:           GenuineIntel\nCPU family:          6\nModel:               85\nModel name:          unknown\nStepping:            unknown\nCPU MHz:             2580.829\nBogoMIPS:            2580.83\nVirtualization:      VT-x\nFlags:               fpu vme de pse tsc msr pae mce cx8 apic sep mtrr pge mca cmov pat pse36 clflush dts acpi mmx fxsr sse sse2 ss ht tm pbe syscall nx pdpe1gb rdtscp lm pni pclmulqdq dtes64 monitor ds_cpl vmx smx est tm2 ssse3 sdbg fma cx16 xtpr pdcm pcid dca sse4_1 sse4_2 x2apic movbe popcnt tsc_deadline_timer aes xsave avx f16c rdrand lahf_lm abm 3dnowprefetch fsgsbase tsc_adjust bmi1 hle avx2 smep bmi2 erms invpcid rtm cqm mpx rdt_a avx512f avx512dq rdseed adx smap clwb avx512cd avx512bw avx512vl xsaveopt xsavec xgetbv1 xsaves pku"
    }
},
{
    "pystart_ms": 1588924117038.3435,
    "pyend_ms": 1588924119397.2122,
    "pyduration_ms": 2358.86865234375,
    "func_data": {
        "initTime_ms": 1588924117701.9382,
        "endTime_ms": 1588924119249.1133,
        "duration_ms": 1547.1751689910889,
        "executionID": "3qoygmxop153",
        "containerID": "7dc9214c-0e82-4996-a10c-3d9abfcada92",
        "uptime": "148.03",
        "meminfo": "MemTotal:        2097152 kB\nMemFree:         2049868 kB\nMemAvailable:    2049868 kB\nBuffers:               0 kB\nCached:            13604 kB\nSwapCache:             0 kB\nActive:            34012 kB\nInactive:           6804 kB\nActive(anon):      27212 kB\nInactive(anon):        0 kB\nActive(file):       6800 kB\nInactive(file):     6804 kB\nUnevictable:           0 kB\nMlocked:               0 kB\nSwapTotal:             0 kB\nSwapFree:              0 kB\nDirty:                 0 kB\nWriteback:             0 kB\nAnonPages:         27212 kB\nMapped:            13604 kB\nShmem:                 0 kB",
        "cpuinfo": "Architecture:        x86_64\nCPU op-mode(s):      32-bit, 64-bit\nByte Order:          Little Endian\nCPU(s):              2\nOn-line CPU(s) list: 0,1\nVendor ID:           GenuineIntel\nCPU family:          6\nModel:               85\nModel name:          unknown\nStepping:            unknown\nCPU MHz:             2625.092\nBogoMIPS:            2625.09\nVirtualization:      VT-x\nFlags:               fpu vme de pse tsc msr pae mce cx8 apic sep mtrr pge mca cmov pat pse36 clflush dts acpi mmx fxsr sse sse2 ss ht tm pbe syscall nx pdpe1gb rdtscp lm pni pclmulqdq dtes64 monitor ds_cpl vmx smx est tm2 ssse3 sdbg fma cx16 xtpr pdcm pcid dca sse4_1 sse4_2 x2apic movbe popcnt tsc_deadline_timer aes xsave avx f16c rdrand lahf_lm abm 3dnowprefetch fsgsbase tsc_adjust bmi1 hle avx2 smep bmi2 erms invpcid rtm cqm mpx rdt_a avx512f avx512dq rdseed adx smap clwb avx512cd avx512bw avx512vl xsaveopt xsavec xgetbv1 xsaves pku"
    }
},
{
    "pystart_ms": 1588924117039.3433,
    "pyend_ms": 1588924119403.1948,
    "pyduration_ms": 2363.8515625,
    "func_data": {
        "initTime_ms": 1588924117707.004,
        "endTime_ms": 1588924119257.239,
        "duration_ms": 1550.2352714538574,
        "executionID": "takwvai7ha0r",
        "containerID": "c69260f6-7bd0-43f5-ab8c-9d9b8da3c322",
        "uptime": "147.07",
        "meminfo": "MemTotal:        2097152 kB\nMemFree:         2049632 kB\nMemAvailable:    2049632 kB\nBuffers:               0 kB\nCached:            13604 kB\nSwapCache:             0 kB\nActive:            34248 kB\nInactive:           6804 kB\nActive(anon):      27448 kB\nInactive(anon):        0 kB\nActive(file):       6800 kB\nInactive(file):     6804 kB\nUnevictable:           0 kB\nMlocked:               0 kB\nSwapTotal:             0 kB\nSwapFree:              0 kB\nDirty:                 0 kB\nWriteback:             0 kB\nAnonPages:         27448 kB\nMapped:            13604 kB\nShmem:                 0 kB",
        "cpuinfo": "Architecture:        x86_64\nCPU op-mode(s):      32-bit, 64-bit\nByte Order:          Little Endian\nCPU(s):              2\nOn-line CPU(s) list: 0,1\nVendor ID:           GenuineIntel\nCPU family:          6\nModel:               85\nModel name:          unknown\nStepping:            unknown\nCPU MHz:             2700.311\nBogoMIPS:            2700.31\nVirtualization:      VT-x\nFlags:               fpu vme de pse tsc msr pae mce cx8 apic sep mtrr pge mca cmov pat pse36 clflush dts acpi mmx fxsr sse sse2 ss ht tm pbe syscall nx pdpe1gb rdtscp lm pni pclmulqdq dtes64 monitor ds_cpl vmx smx est tm2 ssse3 sdbg fma cx16 xtpr pdcm pcid dca sse4_1 sse4_2 x2apic movbe popcnt tsc_deadline_timer aes xsave avx f16c rdrand lahf_lm abm 3dnowprefetch fsgsbase tsc_adjust bmi1 hle avx2 smep bmi2 erms invpcid rtm cqm mpx rdt_a avx512f avx512dq rdseed adx smap clwb avx512cd avx512bw avx512vl xsaveopt xsavec xgetbv1 xsaves pku"
    }
},
{
    "pystart_ms": 1588924117015.3433,
    "pyend_ms": 1588924119415.5798,
    "pyduration_ms": 2400.236572265625,
    "func_data": {
        "initTime_ms": 1588924117531.006,
        "endTime_ms": 1588924119248.225,
        "duration_ms": 1717.2191143035889,
        "executionID": "4uh6ecw4d68o",
        "containerID": "b672c630-dfd7-446e-9ef2-6cb9098777c2",
        "uptime": "71.88",
        "meminfo": "MemTotal:        2097152 kB\nMemFree:         2050176 kB\nMemAvailable:    2050176 kB\nBuffers:               0 kB\nCached:            13604 kB\nSwapCache:             0 kB\nActive:            33704 kB\nInactive:           6804 kB\nActive(anon):      26904 kB\nInactive(anon):        0 kB\nActive(file):       6800 kB\nInactive(file):     6804 kB\nUnevictable:           0 kB\nMlocked:               0 kB\nSwapTotal:             0 kB\nSwapFree:              0 kB\nDirty:                 0 kB\nWriteback:             0 kB\nAnonPages:         26904 kB\nMapped:            13604 kB\nShmem:                 0 kB",
        "cpuinfo": "Architecture:        x86_64\nCPU op-mode(s):      32-bit, 64-bit\nByte Order:          Little Endian\nCPU(s):              2\nOn-line CPU(s) list: 0,1\nVendor ID:           GenuineIntel\nCPU family:          6\nModel:               85\nModel name:          unknown\nStepping:            unknown\nCPU MHz:             2700.127\nBogoMIPS:            2700.13\nVirtualization:      VT-x\nFlags:               fpu vme de pse tsc msr pae mce cx8 apic sep mtrr pge mca cmov pat pse36 clflush dts acpi mmx fxsr sse sse2 ss ht tm pbe syscall nx pdpe1gb rdtscp lm pni pclmulqdq dtes64 monitor ds_cpl vmx smx est tm2 ssse3 sdbg fma cx16 xtpr pdcm pcid dca sse4_1 sse4_2 x2apic movbe popcnt tsc_deadline_timer aes xsave avx f16c rdrand lahf_lm abm 3dnowprefetch fsgsbase tsc_adjust bmi1 hle avx2 smep bmi2 erms invpcid rtm cqm mpx rdt_a avx512f avx512dq rdseed adx smap clwb avx512cd avx512bw avx512vl xsaveopt xsavec xgetbv1 xsaves pku"
    }
},
{
    "pystart_ms": 1588924117031.3435,
    "pyend_ms": 1588924119425.403,
    "pyduration_ms": 2394.0595703125,
    "func_data": {
        "initTime_ms": 1588924117672.1577,
        "endTime_ms": 1588924119342.6975,
        "duration_ms": 1670.5398559570312,
        "executionID": "q2jlk1ghd97d",
        "containerID": "7f54e4b8-d628-4284-9669-2425c745f510",
        "uptime": "103.83",
        "meminfo": "MemTotal:        2097152 kB\nMemFree:         2048720 kB\nMemAvailable:    2048720 kB\nBuffers:               0 kB\nCached:            12716 kB\nSwapCache:             0 kB\nActive:            35604 kB\nInactive:           6360 kB\nActive(anon):      29248 kB\nInactive(anon):        0 kB\nActive(file):       6356 kB\nInactive(file):     6360 kB\nUnevictable:           0 kB\nMlocked:               0 kB\nSwapTotal:             0 kB\nSwapFree:              0 kB\nDirty:                 0 kB\nWriteback:             0 kB\nAnonPages:         29248 kB\nMapped:            12716 kB\nShmem:                 0 kB",
        "cpuinfo": "Architecture:        x86_64\nCPU op-mode(s):      32-bit, 64-bit\nByte Order:          Little Endian\nCPU(s):              2\nOn-line CPU(s) list: 0,1\nVendor ID:           GenuineIntel\nCPU family:          6\nModel:               79\nModel name:          unknown\nStepping:            unknown\nCPU MHz:             2795.248\nBogoMIPS:            2795.25\nVirtualization:      VT-x\nFlags:               fpu vme de pse tsc msr pae mce cx8 apic sep mtrr pge mca cmov pat pse36 clflush dts acpi mmx fxsr sse sse2 ss ht tm pbe syscall nx pdpe1gb rdtscp lm pni pclmulqdq dtes64 monitor ds_cpl vmx smx est tm2 ssse3 sdbg fma cx16 xtpr pdcm pcid dca sse4_1 sse4_2 x2apic movbe popcnt tsc_deadline_timer aes xsave avx f16c rdrand lahf_lm abm 3dnowprefetch fsgsbase tsc_adjust bmi1 hle avx2 smep bmi2 erms invpcid rtm cqm rdt_a rdseed adx smap xsaveopt"
    }
},
{
    "pystart_ms": 1588924117064.3462,
    "pyend_ms": 1588924119427.3252,
    "pyduration_ms": 2362.97900390625,
    "func_data": {
        "initTime_ms": 1588924117796.9062,
        "endTime_ms": 1588924119354.4011,
        "duration_ms": 1557.494878768921,
        "executionID": "z4mr3dsmxvnc",
        "containerID": "645886a0-1272-4611-acf8-83cc0fd804ae",
        "uptime": "73.70",
        "meminfo": "MemTotal:        2097152 kB\nMemFree:         2049536 kB\nMemAvailable:    2049536 kB\nBuffers:               0 kB\nCached:            13604 kB\nSwapCache:             0 kB\nActive:            34344 kB\nInactive:           6804 kB\nActive(anon):      27544 kB\nInactive(anon):        0 kB\nActive(file):       6800 kB\nInactive(file):     6804 kB\nUnevictable:           0 kB\nMlocked:               0 kB\nSwapTotal:             0 kB\nSwapFree:              0 kB\nDirty:                 0 kB\nWriteback:             0 kB\nAnonPages:         27544 kB\nMapped:            13604 kB\nShmem:                 0 kB",
        "cpuinfo": "Architecture:        x86_64\nCPU op-mode(s):      32-bit, 64-bit\nByte Order:          Little Endian\nCPU(s):              2\nOn-line CPU(s) list: 0,1\nVendor ID:           GenuineIntel\nCPU family:          6\nModel:               85\nModel name:          unknown\nStepping:            unknown\nCPU MHz:             2700.226\nBogoMIPS:            2700.23\nVirtualization:      VT-x\nFlags:               fpu vme de pse tsc msr pae mce cx8 apic sep mtrr pge mca cmov pat pse36 clflush dts acpi mmx fxsr sse sse2 ss ht tm pbe syscall nx pdpe1gb rdtscp lm pni pclmulqdq dtes64 monitor ds_cpl vmx smx est tm2 ssse3 sdbg fma cx16 xtpr pdcm pcid dca sse4_1 sse4_2 x2apic movbe popcnt tsc_deadline_timer aes xsave avx f16c rdrand lahf_lm abm 3dnowprefetch fsgsbase tsc_adjust bmi1 hle avx2 smep bmi2 erms invpcid rtm cqm mpx rdt_a avx512f avx512dq rdseed adx smap clwb avx512cd avx512bw avx512vl xsaveopt xsavec xgetbv1 xsaves pku"
    }
},
{
    "pystart_ms": 1588924117036.3438,
    "pyend_ms": 1588924119481.819,
    "pyduration_ms": 2445.475341796875,
    "func_data": {
        "initTime_ms": 1588924117671.4146,
        "endTime_ms": 1588924119295.8328,
        "duration_ms": 1624.4182586669922,
        "executionID": "5we0gkzd5z2e",
        "containerID": "975a25fa-ba11-492b-9b4d-0b879a4a94ee",
        "uptime": "72.68",
        "meminfo": "MemTotal:        2097152 kB\nMemFree:         2048096 kB\nMemAvailable:    2048096 kB\nBuffers:               0 kB\nCached:            13820 kB\nSwapCache:             0 kB\nActive:            35676 kB\nInactive:           6912 kB\nActive(anon):      28768 kB\nInactive(anon):        0 kB\nActive(file):       6908 kB\nInactive(file):     6912 kB\nUnevictable:           0 kB\nMlocked:               0 kB\nSwapTotal:             0 kB\nSwapFree:              0 kB\nDirty:                 0 kB\nWriteback:             0 kB\nAnonPages:         28768 kB\nMapped:            13820 kB\nShmem:                 0 kB",
        "cpuinfo": "Architecture:        x86_64\nCPU op-mode(s):      32-bit, 64-bit\nByte Order:          Little Endian\nCPU(s):              2\nOn-line CPU(s) list: 0,1\nVendor ID:           GenuineIntel\nCPU family:          6\nModel:               79\nModel name:          unknown\nStepping:            unknown\nCPU MHz:             2671.613\nBogoMIPS:            2671.61\nVirtualization:      VT-x\nFlags:               fpu vme de pse tsc msr pae mce cx8 apic sep mtrr pge mca cmov pat pse36 clflush dts acpi mmx fxsr sse sse2 ss ht tm pbe syscall nx pdpe1gb rdtscp lm pni pclmulqdq dtes64 monitor ds_cpl vmx smx est tm2 ssse3 sdbg fma cx16 xtpr pdcm pcid dca sse4_1 sse4_2 x2apic movbe popcnt tsc_deadline_timer aes xsave avx f16c rdrand lahf_lm abm 3dnowprefetch fsgsbase tsc_adjust bmi1 hle avx2 smep bmi2 erms invpcid rtm cqm rdt_a rdseed adx smap xsaveopt"
    }
},
{
    "pystart_ms": 1588924117050.3435,
    "pyend_ms": 1588924119495.8145,
    "pyduration_ms": 2445.470947265625,
    "func_data": {
        "initTime_ms": 1588924117790.6072,
        "endTime_ms": 1588924119330.3325,
        "duration_ms": 1539.7253036499023,
        "executionID": "zo5zdxbv08qq",
        "containerID": "e51e87b3-2dda-4042-8646-fdbcafe1e812",
        "uptime": "72.47",
        "meminfo": "MemTotal:        2097152 kB\nMemFree:         2050532 kB\nMemAvailable:    2050532 kB\nBuffers:               0 kB\nCached:            13604 kB\nSwapCache:             0 kB\nActive:            33348 kB\nInactive:           6804 kB\nActive(anon):      26548 kB\nInactive(anon):        0 kB\nActive(file):       6800 kB\nInactive(file):     6804 kB\nUnevictable:           0 kB\nMlocked:               0 kB\nSwapTotal:             0 kB\nSwapFree:              0 kB\nDirty:                 0 kB\nWriteback:             0 kB\nAnonPages:         26548 kB\nMapped:            13604 kB\nShmem:                 0 kB",
        "cpuinfo": "Architecture:        x86_64\nCPU op-mode(s):      32-bit, 64-bit\nByte Order:          Little Endian\nCPU(s):              2\nOn-line CPU(s) list: 0,1\nVendor ID:           GenuineIntel\nCPU family:          6\nModel:               85\nModel name:          unknown\nStepping:            unknown\nCPU MHz:             2653.023\nBogoMIPS:            2653.02\nVirtualization:      VT-x\nFlags:               fpu vme de pse tsc msr pae mce cx8 apic sep mtrr pge mca cmov pat pse36 clflush dts acpi mmx fxsr sse sse2 ss ht tm pbe syscall nx pdpe1gb rdtscp lm pni pclmulqdq dtes64 monitor ds_cpl vmx smx est tm2 ssse3 sdbg fma cx16 xtpr pdcm pcid dca sse4_1 sse4_2 x2apic movbe popcnt tsc_deadline_timer aes xsave avx f16c rdrand lahf_lm abm 3dnowprefetch fsgsbase tsc_adjust bmi1 hle avx2 smep bmi2 erms invpcid rtm cqm mpx rdt_a avx512f avx512dq rdseed adx smap clwb avx512cd avx512bw avx512vl xsaveopt xsavec xgetbv1 xsaves pku"
    }
},
{
    "pystart_ms": 1588924117032.3435,
    "pyend_ms": 1588924119524.3433,
    "pyduration_ms": 2491.999755859375,
    "func_data": {
        "initTime_ms": 1588924117671.7576,
        "endTime_ms": 1588924119443.9717,
        "duration_ms": 1772.2141742706299,
        "executionID": "llpqyr9g9qae",
        "containerID": "24b42153-d5cd-434e-9380-b4764c67633d",
        "uptime": "73.69",
        "meminfo": "MemTotal:        2097152 kB\nMemFree:         2048160 kB\nMemAvailable:    2048160 kB\nBuffers:               0 kB\nCached:            13608 kB\nSwapCache:             0 kB\nActive:            35720 kB\nInactive:           6804 kB\nActive(anon):      28916 kB\nInactive(anon):        0 kB\nActive(file):       6804 kB\nInactive(file):     6804 kB\nUnevictable:           0 kB\nMlocked:               0 kB\nSwapTotal:             0 kB\nSwapFree:              0 kB\nDirty:                 0 kB\nWriteback:             0 kB\nAnonPages:         28916 kB\nMapped:            13608 kB\nShmem:                 0 kB",
        "cpuinfo": "Architecture:        x86_64\nCPU op-mode(s):      32-bit, 64-bit\nByte Order:          Little Endian\nCPU(s):              2\nOn-line CPU(s) list: 0,1\nVendor ID:           GenuineIntel\nCPU family:          6\nModel:               85\nModel name:          unknown\nStepping:            unknown\nCPU MHz:             2620.376\nBogoMIPS:            2620.38\nVirtualization:      VT-x\nFlags:               fpu vme de pse tsc msr pae mce cx8 apic sep mtrr pge mca cmov pat pse36 clflush dts acpi mmx fxsr sse sse2 ss ht tm pbe syscall nx pdpe1gb rdtscp lm pni pclmulqdq dtes64 monitor ds_cpl vmx smx est tm2 ssse3 sdbg fma cx16 xtpr pdcm pcid dca sse4_1 sse4_2 x2apic movbe popcnt tsc_deadline_timer aes xsave avx f16c rdrand lahf_lm abm 3dnowprefetch fsgsbase tsc_adjust bmi1 hle avx2 smep bmi2 erms invpcid rtm cqm mpx rdt_a avx512f avx512dq rdseed adx smap clwb avx512cd avx512bw avx512vl xsaveopt xsavec xgetbv1 xsaves pku"
    }
},
{
    "pystart_ms": 1588924117035.3435,
    "pyend_ms": 1588924119548.44,
    "pyduration_ms": 2513.096435546875,
    "func_data": {
        "initTime_ms": 1588924117677.6147,
        "endTime_ms": 1588924119361.8984,
        "duration_ms": 1684.28373336792,
        "executionID": "e1l4kt48u1ha",
        "containerID": "7e641546-5782-4737-8cbe-842141ca6768",
        "uptime": "71.48",
        "meminfo": "MemTotal:        2097152 kB\nMemFree:         2048728 kB\nMemAvailable:    2048728 kB\nBuffers:               0 kB\nCached:            13440 kB\nSwapCache:             0 kB\nActive:            35236 kB\nInactive:           6720 kB\nActive(anon):      28516 kB\nInactive(anon):        0 kB\nActive(file):       6720 kB\nInactive(file):     6720 kB\nUnevictable:           0 kB\nMlocked:               0 kB\nSwapTotal:             0 kB\nSwapFree:              0 kB\nDirty:                 0 kB\nWriteback:             0 kB\nAnonPages:         28516 kB\nMapped:            13440 kB\nShmem:                 0 kB",
        "cpuinfo": "Architecture:        x86_64\nCPU op-mode(s):      32-bit, 64-bit\nByte Order:          Little Endian\nCPU(s):              2\nOn-line CPU(s) list: 0,1\nVendor ID:           GenuineIntel\nCPU family:          6\nModel:               85\nModel name:          unknown\nStepping:            unknown\nCPU MHz:             2700.245\nBogoMIPS:            2700.24\nVirtualization:      VT-x\nFlags:               fpu vme de pse tsc msr pae mce cx8 apic sep mtrr pge mca cmov pat pse36 clflush dts acpi mmx fxsr sse sse2 ss ht tm pbe syscall nx pdpe1gb rdtscp lm pni pclmulqdq dtes64 monitor ds_cpl vmx smx est tm2 ssse3 sdbg fma cx16 xtpr pdcm pcid dca sse4_1 sse4_2 x2apic movbe popcnt tsc_deadline_timer aes xsave avx f16c rdrand lahf_lm abm 3dnowprefetch fsgsbase tsc_adjust bmi1 hle avx2 smep bmi2 erms invpcid rtm cqm mpx rdt_a avx512f avx512dq rdseed adx smap clwb avx512cd avx512bw avx512vl xsaveopt xsavec xgetbv1 xsaves pku"
    }
},
{
    "pystart_ms": 1588924117026.3435,
    "pyend_ms": 1588924119569.4844,
    "pyduration_ms": 2543.140869140625,
    "func_data": {
        "initTime_ms": 1588924117709.891,
        "endTime_ms": 1588924119396.0303,
        "duration_ms": 1686.1391067504883,
        "executionID": "bud1ljli4s15",
        "containerID": "2ea1d385-abde-455d-9bc4-1ae3dceedf22",
        "uptime": "72.87",
        "meminfo": "MemTotal:        2097152 kB\nMemFree:         2052012 kB\nMemAvailable:    2052012 kB\nBuffers:               0 kB\nCached:            13740 kB\nSwapCache:             0 kB\nActive:            31800 kB\nInactive:           6872 kB\nActive(anon):      24932 kB\nInactive(anon):        0 kB\nActive(file):       6868 kB\nInactive(file):     6872 kB\nUnevictable:           0 kB\nMlocked:               0 kB\nSwapTotal:             0 kB\nSwapFree:              0 kB\nDirty:                 0 kB\nWriteback:             0 kB\nAnonPages:         24932 kB\nMapped:            13740 kB\nShmem:                 0 kB",
        "cpuinfo": "Architecture:        x86_64\nCPU op-mode(s):      32-bit, 64-bit\nByte Order:          Little Endian\nCPU(s):              2\nOn-line CPU(s) list: 0,1\nVendor ID:           GenuineIntel\nCPU family:          6\nModel:               79\nModel name:          unknown\nStepping:            unknown\nCPU MHz:             2799.997\nBogoMIPS:            2800.00\nVirtualization:      VT-x\nFlags:               fpu vme de pse tsc msr pae mce cx8 apic sep mtrr pge mca cmov pat pse36 clflush dts acpi mmx fxsr sse sse2 ss ht tm pbe syscall nx pdpe1gb rdtscp lm pni pclmulqdq dtes64 monitor ds_cpl vmx smx est tm2 ssse3 sdbg fma cx16 xtpr pdcm pcid dca sse4_1 sse4_2 x2apic movbe popcnt tsc_deadline_timer aes xsave avx f16c rdrand lahf_lm abm 3dnowprefetch fsgsbase tsc_adjust bmi1 hle avx2 smep bmi2 erms invpcid rtm cqm rdt_a rdseed adx smap xsaveopt"
    }
},
{
    "pystart_ms": 1588924117044.3445,
    "pyend_ms": 1588924119573.4836,
    "pyduration_ms": 2529.13916015625,
    "func_data": {
        "initTime_ms": 1588924117773.0803,
        "endTime_ms": 1588924119400.472,
        "duration_ms": 1627.3915767669678,
        "executionID": "frgewam6qa9y",
        "containerID": "64251823-427f-40a6-b6e6-898cae36d298",
        "uptime": "104.00",
        "meminfo": "MemTotal:        2097152 kB\nMemFree:         2049352 kB\nMemAvailable:    2049352 kB\nBuffers:               0 kB\nCached:            13628 kB\nSwapCache:             0 kB\nActive:            34516 kB\nInactive:           6816 kB\nActive(anon):      27704 kB\nInactive(anon):        0 kB\nActive(file):       6812 kB\nInactive(file):     6816 kB\nUnevictable:           0 kB\nMlocked:               0 kB\nSwapTotal:             0 kB\nSwapFree:              0 kB\nDirty:                 0 kB\nWriteback:             0 kB\nAnonPages:         27704 kB\nMapped:            13628 kB\nShmem:                 0 kB",
        "cpuinfo": "Architecture:        x86_64\nCPU op-mode(s):      32-bit, 64-bit\nByte Order:          Little Endian\nCPU(s):              2\nOn-line CPU(s) list: 0,1\nVendor ID:           GenuineIntel\nCPU family:          6\nModel:               79\nModel name:          unknown\nStepping:            unknown\nCPU MHz:             2799.998\nBogoMIPS:            2800.00\nVirtualization:      VT-x\nFlags:               fpu vme de pse tsc msr pae mce cx8 apic sep mtrr pge mca cmov pat pse36 clflush dts acpi mmx fxsr sse sse2 ss ht tm pbe syscall nx pdpe1gb rdtscp lm pni pclmulqdq dtes64 monitor ds_cpl vmx smx est tm2 ssse3 sdbg fma cx16 xtpr pdcm pcid dca sse4_1 sse4_2 x2apic movbe popcnt tsc_deadline_timer aes xsave avx f16c rdrand lahf_lm abm 3dnowprefetch fsgsbase tsc_adjust bmi1 hle avx2 smep bmi2 erms invpcid rtm cqm rdt_a rdseed adx smap xsaveopt"
    }
},
{
    "pystart_ms": 1588924117027.3425,
    "pyend_ms": 1588924119580.4424,
    "pyduration_ms": 2553.099853515625,
    "func_data": {
        "initTime_ms": 1588924117706.4111,
        "endTime_ms": 1588924119406.254,
        "duration_ms": 1699.8426914215088,
        "executionID": "5cvv8zs693cf",
        "containerID": "4b5c6e76-b079-482a-b05f-ef9d157ddc94",
        "uptime": "72.44",
        "meminfo": "MemTotal:        2097152 kB\nMemFree:         2050312 kB\nMemAvailable:    2050312 kB\nBuffers:               0 kB\nCached:            13684 kB\nSwapCache:             0 kB\nActive:            33528 kB\nInactive:           6844 kB\nActive(anon):      26688 kB\nInactive(anon):        0 kB\nActive(file):       6840 kB\nInactive(file):     6844 kB\nUnevictable:           0 kB\nMlocked:               0 kB\nSwapTotal:             0 kB\nSwapFree:              0 kB\nDirty:                 0 kB\nWriteback:             0 kB\nAnonPages:         26688 kB\nMapped:            13684 kB\nShmem:                 0 kB",
        "cpuinfo": "Architecture:        x86_64\nCPU op-mode(s):      32-bit, 64-bit\nByte Order:          Little Endian\nCPU(s):              2\nOn-line CPU(s) list: 0,1\nVendor ID:           GenuineIntel\nCPU family:          6\nModel:               79\nModel name:          unknown\nStepping:            unknown\nCPU MHz:             2799.998\nBogoMIPS:            2800.00\nVirtualization:      VT-x\nFlags:               fpu vme de pse tsc msr pae mce cx8 apic sep mtrr pge mca cmov pat pse36 clflush dts acpi mmx fxsr sse sse2 ss ht tm pbe syscall nx pdpe1gb rdtscp lm pni pclmulqdq dtes64 monitor ds_cpl vmx smx est tm2 ssse3 sdbg fma cx16 xtpr pdcm pcid dca sse4_1 sse4_2 x2apic movbe popcnt tsc_deadline_timer aes xsave avx f16c rdrand lahf_lm abm 3dnowprefetch fsgsbase tsc_adjust bmi1 hle avx2 smep bmi2 erms invpcid rtm cqm rdt_a rdseed adx smap xsaveopt"
    }
},
{
    "pystart_ms": 1588924117048.3428,
    "pyend_ms": 1588924119584.4429,
    "pyduration_ms": 2536.10009765625,
    "func_data": {
        "initTime_ms": 1588924117791.4595,
        "endTime_ms": 1588924119417.87,
        "duration_ms": 1626.4104843139648,
        "executionID": "48xecmwysruw",
        "containerID": "499d5d1a-cd65-4c0b-a45b-c458fe9f1a7b",
        "uptime": "72.18",
        "meminfo": "MemTotal:        2097152 kB\nMemFree:         2050372 kB\nMemAvailable:    2050372 kB\nBuffers:               0 kB\nCached:            13840 kB\nSwapCache:             0 kB\nActive:            33392 kB\nInactive:           6920 kB\nActive(anon):      26472 kB\nInactive(anon):        0 kB\nActive(file):       6920 kB\nInactive(file):     6920 kB\nUnevictable:           0 kB\nMlocked:               0 kB\nSwapTotal:             0 kB\nSwapFree:              0 kB\nDirty:                 0 kB\nWriteback:             0 kB\nAnonPages:         26472 kB\nMapped:            13840 kB\nShmem:                 0 kB",
        "cpuinfo": "Architecture:        x86_64\nCPU op-mode(s):      32-bit, 64-bit\nByte Order:          Little Endian\nCPU(s):              2\nOn-line CPU(s) list: 0,1\nVendor ID:           GenuineIntel\nCPU family:          6\nModel:               79\nModel name:          unknown\nStepping:            unknown\nCPU MHz:             2750.628\nBogoMIPS:            2750.63\nVirtualization:      VT-x\nFlags:               fpu vme de pse tsc msr pae mce cx8 apic sep mtrr pge mca cmov pat pse36 clflush dts acpi mmx fxsr sse sse2 ss ht tm pbe syscall nx pdpe1gb rdtscp lm pni pclmulqdq dtes64 monitor ds_cpl vmx smx est tm2 ssse3 sdbg fma cx16 xtpr pdcm pcid dca sse4_1 sse4_2 x2apic movbe popcnt tsc_deadline_timer aes xsave avx f16c rdrand lahf_lm abm 3dnowprefetch fsgsbase tsc_adjust bmi1 hle avx2 smep bmi2 erms invpcid rtm cqm rdt_a rdseed adx smap xsaveopt"
    }
},
{
    "pystart_ms": 1588924117048.3428,
    "pyend_ms": 1588924119588.443,
    "pyduration_ms": 2540.100341796875,
    "func_data": {
        "initTime_ms": 1588924117793.7192,
        "endTime_ms": 1588924119427.6055,
        "duration_ms": 1633.8860988616943,
        "executionID": "9h4bjfrfkggq",
        "containerID": "d0b16d6d-1a8b-4ce3-b9bb-53382eccc248",
        "uptime": "73.48",
        "meminfo": "MemTotal:        2097152 kB\nMemFree:         2048536 kB\nMemAvailable:    2048536 kB\nBuffers:               0 kB\nCached:            13604 kB\nSwapCache:             0 kB\nActive:            35344 kB\nInactive:           6804 kB\nActive(anon):      28544 kB\nInactive(anon):        0 kB\nActive(file):       6800 kB\nInactive(file):     6804 kB\nUnevictable:           0 kB\nMlocked:               0 kB\nSwapTotal:             0 kB\nSwapFree:              0 kB\nDirty:                 0 kB\nWriteback:             0 kB\nAnonPages:         28544 kB\nMapped:            13604 kB\nShmem:                 0 kB",
        "cpuinfo": "Architecture:        x86_64\nCPU op-mode(s):      32-bit, 64-bit\nByte Order:          Little Endian\nCPU(s):              2\nOn-line CPU(s) list: 0,1\nVendor ID:           GenuineIntel\nCPU family:          6\nModel:               63\nModel name:          unknown\nStepping:            unknown\nCPU MHz:             2796.170\nBogoMIPS:            2796.17\nVirtualization:      VT-x\nFlags:               fpu vme de pse tsc msr pae mce cx8 apic sep mtrr pge mca cmov pat pse36 clflush dts acpi mmx fxsr sse sse2 ss ht tm pbe syscall nx pdpe1gb rdtscp lm pni pclmulqdq dtes64 monitor ds_cpl vmx smx est tm2 ssse3 sdbg fma cx16 xtpr pdcm pcid dca sse4_1 sse4_2 x2apic movbe popcnt tsc_deadline_timer aes xsave avx f16c rdrand lahf_lm abm fsgsbase tsc_adjust bmi1 avx2 smep bmi2 erms invpcid cqm xsaveopt"
    }
},
{
    "pystart_ms": 1588924117056.3438,
    "pyend_ms": 1588924119592.436,
    "pyduration_ms": 2536.09228515625,
    "func_data": {
        "initTime_ms": 1588924117808.28,
        "endTime_ms": 1588924119508.585,
        "duration_ms": 1700.3049850463867,
        "executionID": "2x5vp7r8f2yn",
        "containerID": "94844ab8-6da1-408e-82aa-2b43bf197059",
        "uptime": "71.70",
        "meminfo": "MemTotal:        2097152 kB\nMemFree:         2048836 kB\nMemAvailable:    2048836 kB\nBuffers:               0 kB\nCached:            13740 kB\nSwapCache:             0 kB\nActive:            34976 kB\nInactive:           6872 kB\nActive(anon):      28108 kB\nInactive(anon):        0 kB\nActive(file):       6868 kB\nInactive(file):     6872 kB\nUnevictable:           0 kB\nMlocked:               0 kB\nSwapTotal:             0 kB\nSwapFree:              0 kB\nDirty:                 0 kB\nWriteback:             0 kB\nAnonPages:         28108 kB\nMapped:            13740 kB\nShmem:                 0 kB",
        "cpuinfo": "Architecture:        x86_64\nCPU op-mode(s):      32-bit, 64-bit\nByte Order:          Little Endian\nCPU(s):              2\nOn-line CPU(s) list: 0,1\nVendor ID:           GenuineIntel\nCPU family:          6\nModel:               79\nModel name:          unknown\nStepping:            unknown\nCPU MHz:             2762.540\nBogoMIPS:            2762.54\nVirtualization:      VT-x\nFlags:               fpu vme de pse tsc msr pae mce cx8 apic sep mtrr pge mca cmov pat pse36 clflush dts acpi mmx fxsr sse sse2 ss ht tm pbe syscall nx pdpe1gb rdtscp lm pni pclmulqdq dtes64 monitor ds_cpl vmx smx est tm2 ssse3 sdbg fma cx16 xtpr pdcm pcid dca sse4_1 sse4_2 x2apic movbe popcnt tsc_deadline_timer aes xsave avx f16c rdrand lahf_lm abm 3dnowprefetch fsgsbase tsc_adjust bmi1 hle avx2 smep bmi2 erms invpcid rtm cqm rdt_a rdseed adx smap xsaveopt"
    }
},
{
    "pystart_ms": 1588924117030.344,
    "pyend_ms": 1588924119595.4365,
    "pyduration_ms": 2565.092529296875,
    "func_data": {
        "initTime_ms": 1588924117666.959,
        "endTime_ms": 1588924119421.2627,
        "duration_ms": 1754.3036937713623,
        "executionID": "705uhbv82zed",
        "containerID": "963f717f-b7fe-4128-8fa0-342eab455390",
        "uptime": "72.77",
        "meminfo": "MemTotal:        2097152 kB\nMemFree:         2049460 kB\nMemAvailable:    2049460 kB\nBuffers:               0 kB\nCached:            13740 kB\nSwapCache:             0 kB\nActive:            34352 kB\nInactive:           6872 kB\nActive(anon):      27484 kB\nInactive(anon):        0 kB\nActive(file):       6868 kB\nInactive(file):     6872 kB\nUnevictable:           0 kB\nMlocked:               0 kB\nSwapTotal:             0 kB\nSwapFree:              0 kB\nDirty:                 0 kB\nWriteback:             0 kB\nAnonPages:         27484 kB\nMapped:            13740 kB\nShmem:                 0 kB",
        "cpuinfo": "Architecture:        x86_64\nCPU op-mode(s):      32-bit, 64-bit\nByte Order:          Little Endian\nCPU(s):              2\nOn-line CPU(s) list: 0,1\nVendor ID:           GenuineIntel\nCPU family:          6\nModel:               85\nModel name:          unknown\nStepping:            unknown\nCPU MHz:             2700.264\nBogoMIPS:            2700.26\nVirtualization:      VT-x\nFlags:               fpu vme de pse tsc msr pae mce cx8 apic sep mtrr pge mca cmov pat pse36 clflush dts acpi mmx fxsr sse sse2 ss ht tm pbe syscall nx pdpe1gb rdtscp lm pni pclmulqdq dtes64 monitor ds_cpl vmx smx est tm2 ssse3 sdbg fma cx16 xtpr pdcm pcid dca sse4_1 sse4_2 x2apic movbe popcnt tsc_deadline_timer aes xsave avx f16c rdrand lahf_lm abm 3dnowprefetch fsgsbase tsc_adjust bmi1 hle avx2 smep bmi2 erms invpcid rtm cqm mpx rdt_a avx512f avx512dq rdseed adx smap clwb avx512cd avx512bw avx512vl xsaveopt xsavec xgetbv1 xsaves pku"
    }
},
{
    "pystart_ms": 1588924117049.3433,
    "pyend_ms": 1588924119597.433,
    "pyduration_ms": 2548.08984375,
    "func_data": {
        "initTime_ms": 1588924117817.1973,
        "endTime_ms": 1588924119440.3975,
        "duration_ms": 1623.2001781463623,
        "executionID": "q09bk2h5ax90",
        "containerID": "8b9b22ec-073f-431e-b3fa-d7ef4f6336d5",
        "uptime": "73.60",
        "meminfo": "MemTotal:        2097152 kB\nMemFree:         2046696 kB\nMemAvailable:    2046696 kB\nBuffers:               0 kB\nCached:            13604 kB\nSwapCache:             0 kB\nActive:            37184 kB\nInactive:           6804 kB\nActive(anon):      30384 kB\nInactive(anon):        0 kB\nActive(file):       6800 kB\nInactive(file):     6804 kB\nUnevictable:           0 kB\nMlocked:               0 kB\nSwapTotal:             0 kB\nSwapFree:              0 kB\nDirty:                 0 kB\nWriteback:             0 kB\nAnonPages:         30384 kB\nMapped:            13604 kB\nShmem:                 0 kB",
        "cpuinfo": "Architecture:        x86_64\nCPU op-mode(s):      32-bit, 64-bit\nByte Order:          Little Endian\nCPU(s):              2\nOn-line CPU(s) list: 0,1\nVendor ID:           GenuineIntel\nCPU family:          6\nModel:               45\nModel name:          unknown\nStepping:            unknown\nCPU MHz:             3299.999\nBogoMIPS:            3300.00\nVirtualization:      VT-x\nFlags:               fpu vme de pse tsc msr pae mce cx8 apic sep mtrr pge mca cmov pat pse36 clflush dts acpi mmx fxsr sse sse2 ss ht tm pbe syscall nx pdpe1gb rdtscp lm pni pclmulqdq dtes64 monitor ds_cpl vmx smx est tm2 ssse3 cx16 xtpr pdcm pcid dca sse4_1 sse4_2 x2apic popcnt tsc_deadline_timer aes xsave avx lahf_lm xsaveopt"
    }
},
{
    "pystart_ms": 1588924117022.3435,
    "pyend_ms": 1588924119608.8447,
    "pyduration_ms": 2586.501220703125,
    "func_data": {
        "initTime_ms": 1588924117667.0933,
        "endTime_ms": 1588924119524.8416,
        "duration_ms": 1857.74827003479,
        "executionID": "oz5guwuj64i8",
        "containerID": "f0dcff4a-bb77-4dbd-b6ef-5ad8491d2d6b",
        "uptime": "72.42",
        "meminfo": "MemTotal:        2097152 kB\nMemFree:         2047856 kB\nMemAvailable:    2047856 kB\nBuffers:               0 kB\nCached:            13740 kB\nSwapCache:             0 kB\nActive:            35956 kB\nInactive:           6872 kB\nActive(anon):      29088 kB\nInactive(anon):        0 kB\nActive(file):       6868 kB\nInactive(file):     6872 kB\nUnevictable:           0 kB\nMlocked:               0 kB\nSwapTotal:             0 kB\nSwapFree:              0 kB\nDirty:                 0 kB\nWriteback:             0 kB\nAnonPages:         29088 kB\nMapped:            13740 kB\nShmem:                 0 kB",
        "cpuinfo": "Architecture:        x86_64\nCPU op-mode(s):      32-bit, 64-bit\nByte Order:          Little Endian\nCPU(s):              2\nOn-line CPU(s) list: 0,1\nVendor ID:           GenuineIntel\nCPU family:          6\nModel:               85\nModel name:          unknown\nStepping:            unknown\nCPU MHz:             2676.705\nBogoMIPS:            2676.70\nVirtualization:      VT-x\nFlags:               fpu vme de pse tsc msr pae mce cx8 apic sep mtrr pge mca cmov pat pse36 clflush dts acpi mmx fxsr sse sse2 ss ht tm pbe syscall nx pdpe1gb rdtscp lm pni pclmulqdq dtes64 monitor ds_cpl vmx smx est tm2 ssse3 sdbg fma cx16 xtpr pdcm pcid dca sse4_1 sse4_2 x2apic movbe popcnt tsc_deadline_timer aes xsave avx f16c rdrand lahf_lm abm 3dnowprefetch fsgsbase tsc_adjust bmi1 hle avx2 smep bmi2 erms invpcid rtm cqm mpx rdt_a avx512f avx512dq rdseed adx smap clwb avx512cd avx512bw avx512vl xsaveopt xsavec xgetbv1 xsaves pku"
    }
},
{
    "pystart_ms": 1588924117008.3562,
    "pyend_ms": 1588924119611.8806,
    "pyduration_ms": 2603.5244140625,
    "func_data": {
        "initTime_ms": 1588924117646.4614,
        "endTime_ms": 1588924119443.64,
        "duration_ms": 1797.1785068511963,
        "executionID": "kotri8b96h7h",
        "containerID": "7fda228f-c8f5-4716-8e19-3bdfe1eb792c",
        "uptime": "72.48",
        "meminfo": "MemTotal:        2097152 kB\nMemFree:         2048764 kB\nMemAvailable:    2048764 kB\nBuffers:               0 kB\nCached:            13604 kB\nSwapCache:             0 kB\nActive:            35116 kB\nInactive:           6804 kB\nActive(anon):      28316 kB\nInactive(anon):        0 kB\nActive(file):       6800 kB\nInactive(file):     6804 kB\nUnevictable:           0 kB\nMlocked:               0 kB\nSwapTotal:             0 kB\nSwapFree:              0 kB\nDirty:                 0 kB\nWriteback:             0 kB\nAnonPages:         28316 kB\nMapped:            13604 kB\nShmem:                 0 kB",
        "cpuinfo": "Architecture:        x86_64\nCPU op-mode(s):      32-bit, 64-bit\nByte Order:          Little Endian\nCPU(s):              2\nOn-line CPU(s) list: 0,1\nVendor ID:           GenuineIntel\nCPU family:          6\nModel:               85\nModel name:          unknown\nStepping:            unknown\nCPU MHz:             2666.014\nBogoMIPS:            2666.01\nVirtualization:      VT-x\nFlags:               fpu vme de pse tsc msr pae mce cx8 apic sep mtrr pge mca cmov pat pse36 clflush dts acpi mmx fxsr sse sse2 ss ht tm pbe syscall nx pdpe1gb rdtscp lm pni pclmulqdq dtes64 monitor ds_cpl vmx smx est tm2 ssse3 sdbg fma cx16 xtpr pdcm pcid dca sse4_1 sse4_2 x2apic movbe popcnt tsc_deadline_timer aes xsave avx f16c rdrand lahf_lm abm 3dnowprefetch fsgsbase tsc_adjust bmi1 hle avx2 smep bmi2 erms invpcid rtm cqm mpx rdt_a avx512f avx512dq rdseed adx smap clwb avx512cd avx512bw avx512vl xsaveopt xsavec xgetbv1 xsaves pku"
    }
},
{
    "pystart_ms": 1588924117011.3447,
    "pyend_ms": 1588924119617.8467,
    "pyduration_ms": 2606.501953125,
    "func_data": {
        "initTime_ms": 1588924117738.6833,
        "endTime_ms": 1588924119464.7068,
        "duration_ms": 1726.0234355926514,
        "executionID": "2t7hdyif0x0y",
        "containerID": "921653d7-95f7-4cf4-b574-95acada3f494",
        "uptime": "73.38",
        "meminfo": "MemTotal:        2097152 kB\nMemFree:         2049332 kB\nMemAvailable:    2049332 kB\nBuffers:               0 kB\nCached:            13604 kB\nSwapCache:             0 kB\nActive:            34548 kB\nInactive:           6804 kB\nActive(anon):      27748 kB\nInactive(anon):        0 kB\nActive(file):       6800 kB\nInactive(file):     6804 kB\nUnevictable:           0 kB\nMlocked:               0 kB\nSwapTotal:             0 kB\nSwapFree:              0 kB\nDirty:                 0 kB\nWriteback:             0 kB\nAnonPages:         27748 kB\nMapped:            13604 kB\nShmem:                 0 kB",
        "cpuinfo": "Architecture:        x86_64\nCPU op-mode(s):      32-bit, 64-bit\nByte Order:          Little Endian\nCPU(s):              2\nOn-line CPU(s) list: 0,1\nVendor ID:           GenuineIntel\nCPU family:          6\nModel:               85\nModel name:          unknown\nStepping:            unknown\nCPU MHz:             2700.254\nBogoMIPS:            2700.25\nVirtualization:      VT-x\nFlags:               fpu vme de pse tsc msr pae mce cx8 apic sep mtrr pge mca cmov pat pse36 clflush dts acpi mmx fxsr sse sse2 ss ht tm pbe syscall nx pdpe1gb rdtscp lm pni pclmulqdq dtes64 monitor ds_cpl vmx smx est tm2 ssse3 sdbg fma cx16 xtpr pdcm pcid dca sse4_1 sse4_2 x2apic movbe popcnt tsc_deadline_timer aes xsave avx f16c rdrand lahf_lm abm 3dnowprefetch fsgsbase tsc_adjust bmi1 hle avx2 smep bmi2 erms invpcid rtm cqm mpx rdt_a avx512f avx512dq rdseed adx smap clwb avx512cd avx512bw avx512vl xsaveopt xsavec xgetbv1 xsaves pku"
    }
},
{
    "pystart_ms": 1588924117045.3433,
    "pyend_ms": 1588924119618.8435,
    "pyduration_ms": 2573.500244140625,
    "func_data": {
        "initTime_ms": 1588924117769.2705,
        "endTime_ms": 1588924119498.9102,
        "duration_ms": 1729.6397686004639,
        "executionID": "js75laijs38u",
        "containerID": "f5d22abd-1e8e-413c-ae7e-fb1ce9a5b62a",
        "uptime": "72.70",
        "meminfo": "MemTotal:        2097152 kB\nMemFree:         2049612 kB\nMemAvailable:    2049612 kB\nBuffers:               0 kB\nCached:            13688 kB\nSwapCache:             0 kB\nActive:            34228 kB\nInactive:           6844 kB\nActive(anon):      27384 kB\nInactive(anon):        0 kB\nActive(file):       6844 kB\nInactive(file):     6844 kB\nUnevictable:           0 kB\nMlocked:               0 kB\nSwapTotal:             0 kB\nSwapFree:              0 kB\nDirty:                 0 kB\nWriteback:             0 kB\nAnonPages:         27384 kB\nMapped:            13688 kB\nShmem:                 0 kB",
        "cpuinfo": "Architecture:        x86_64\nCPU op-mode(s):      32-bit, 64-bit\nByte Order:          Little Endian\nCPU(s):              2\nOn-line CPU(s) list: 0,1\nVendor ID:           GenuineIntel\nCPU family:          6\nModel:               79\nModel name:          unknown\nStepping:            unknown\nCPU MHz:             2764.748\nBogoMIPS:            2764.75\nVirtualization:      VT-x\nFlags:               fpu vme de pse tsc msr pae mce cx8 apic sep mtrr pge mca cmov pat pse36 clflush dts acpi mmx fxsr sse sse2 ss ht tm pbe syscall nx pdpe1gb rdtscp lm pni pclmulqdq dtes64 monitor ds_cpl vmx smx est tm2 ssse3 sdbg fma cx16 xtpr pdcm pcid dca sse4_1 sse4_2 x2apic movbe popcnt tsc_deadline_timer aes xsave avx f16c rdrand lahf_lm abm 3dnowprefetch fsgsbase tsc_adjust bmi1 hle avx2 smep bmi2 erms invpcid rtm cqm rdt_a rdseed adx smap xsaveopt"
    }
},
{
    "pystart_ms": 1588924117046.3435,
    "pyend_ms": 1588924119626.672,
    "pyduration_ms": 2580.32861328125,
    "func_data": {
        "initTime_ms": 1588924117781.9187,
        "endTime_ms": 1588924119548.8416,
        "duration_ms": 1766.9227123260498,
        "executionID": "xumgmtv7rs2b",
        "containerID": "d6e74fc7-3a40-456c-9e63-37984b8ab627",
        "uptime": "104.13",
        "meminfo": "MemTotal:        2097152 kB\nMemFree:         2049784 kB\nMemAvailable:    2049784 kB\nBuffers:               0 kB\nCached:            13604 kB\nSwapCache:             0 kB\nActive:            34096 kB\nInactive:           6804 kB\nActive(anon):      27296 kB\nInactive(anon):        0 kB\nActive(file):       6800 kB\nInactive(file):     6804 kB\nUnevictable:           0 kB\nMlocked:               0 kB\nSwapTotal:             0 kB\nSwapFree:              0 kB\nDirty:                 0 kB\nWriteback:             0 kB\nAnonPages:         27296 kB\nMapped:            13604 kB\nShmem:                 0 kB",
        "cpuinfo": "Architecture:        x86_64\nCPU op-mode(s):      32-bit, 64-bit\nByte Order:          Little Endian\nCPU(s):              2\nOn-line CPU(s) list: 0,1\nVendor ID:           GenuineIntel\nCPU family:          6\nModel:               85\nModel name:          unknown\nStepping:            unknown\nCPU MHz:             2685.463\nBogoMIPS:            2685.46\nVirtualization:      VT-x\nFlags:               fpu vme de pse tsc msr pae mce cx8 apic sep mtrr pge mca cmov pat pse36 clflush dts acpi mmx fxsr sse sse2 ss ht tm pbe syscall nx pdpe1gb rdtscp lm pni pclmulqdq dtes64 monitor ds_cpl vmx smx est tm2 ssse3 sdbg fma cx16 xtpr pdcm pcid dca sse4_1 sse4_2 x2apic movbe popcnt tsc_deadline_timer aes xsave avx f16c rdrand lahf_lm abm 3dnowprefetch fsgsbase tsc_adjust bmi1 hle avx2 smep bmi2 erms invpcid rtm cqm mpx rdt_a avx512f avx512dq rdseed adx smap clwb avx512cd avx512bw avx512vl xsaveopt xsavec xgetbv1 xsaves pku"
    }
},
{
    "pystart_ms": 1588924117053.3452,
    "pyend_ms": 1588924119627.683,
    "pyduration_ms": 2574.337890625,
    "func_data": {
        "initTime_ms": 1588924117845.0981,
        "endTime_ms": 1588924119537.205,
        "duration_ms": 1692.1067237854004,
        "executionID": "js08q65bil6d",
        "containerID": "b26d3564-63fa-4aa0-b933-0e717e8b4109",
        "uptime": "73.20",
        "meminfo": "MemTotal:        2097152 kB\nMemFree:         2049700 kB\nMemAvailable:    2049700 kB\nBuffers:               0 kB\nCached:            13740 kB\nSwapCache:             0 kB\nActive:            34112 kB\nInactive:           6872 kB\nActive(anon):      27244 kB\nInactive(anon):        0 kB\nActive(file):       6868 kB\nInactive(file):     6872 kB\nUnevictable:           0 kB\nMlocked:               0 kB\nSwapTotal:             0 kB\nSwapFree:              0 kB\nDirty:                 0 kB\nWriteback:             0 kB\nAnonPages:         27244 kB\nMapped:            13740 kB\nShmem:                 0 kB",
        "cpuinfo": "Architecture:        x86_64\nCPU op-mode(s):      32-bit, 64-bit\nByte Order:          Little Endian\nCPU(s):              2\nOn-line CPU(s) list: 0,1\nVendor ID:           GenuineIntel\nCPU family:          6\nModel:               85\nModel name:          unknown\nStepping:            unknown\nCPU MHz:             2601.492\nBogoMIPS:            2601.49\nVirtualization:      VT-x\nFlags:               fpu vme de pse tsc msr pae mce cx8 apic sep mtrr pge mca cmov pat pse36 clflush dts acpi mmx fxsr sse sse2 ss ht tm pbe syscall nx pdpe1gb rdtscp lm pni pclmulqdq dtes64 monitor ds_cpl vmx smx est tm2 ssse3 sdbg fma cx16 xtpr pdcm pcid dca sse4_1 sse4_2 x2apic movbe popcnt tsc_deadline_timer aes xsave avx f16c rdrand lahf_lm abm 3dnowprefetch fsgsbase tsc_adjust bmi1 hle avx2 smep bmi2 erms invpcid rtm cqm mpx rdt_a avx512f avx512dq rdseed adx smap clwb avx512cd avx512bw avx512vl xsaveopt xsavec xgetbv1 xsaves pku"
    }
},
{
    "pystart_ms": 1588924117040.3433,
    "pyend_ms": 1588924119629.6807,
    "pyduration_ms": 2589.33740234375,
    "func_data": {
        "initTime_ms": 1588924117702.4355,
        "endTime_ms": 1588924119508.9043,
        "duration_ms": 1806.4687252044678,
        "executionID": "tgrhjex7i8zh",
        "containerID": "710ae281-0968-4394-989f-ff735a6876d3",
        "uptime": "72.70",
        "meminfo": "MemTotal:        2097152 kB\nMemFree:         2050444 kB\nMemAvailable:    2050444 kB\nBuffers:               0 kB\nCached:            13740 kB\nSwapCache:             0 kB\nActive:            33368 kB\nInactive:           6872 kB\nActive(anon):      26500 kB\nInactive(anon):        0 kB\nActive(file):       6868 kB\nInactive(file):     6872 kB\nUnevictable:           0 kB\nMlocked:               0 kB\nSwapTotal:             0 kB\nSwapFree:              0 kB\nDirty:                 0 kB\nWriteback:             0 kB\nAnonPages:         26500 kB\nMapped:            13740 kB\nShmem:                 0 kB",
        "cpuinfo": "Architecture:        x86_64\nCPU op-mode(s):      32-bit, 64-bit\nByte Order:          Little Endian\nCPU(s):              2\nOn-line CPU(s) list: 0,1\nVendor ID:           GenuineIntel\nCPU family:          6\nModel:               79\nModel name:          unknown\nStepping:            unknown\nCPU MHz:             2755.888\nBogoMIPS:            2755.89\nVirtualization:      VT-x\nFlags:               fpu vme de pse tsc msr pae mce cx8 apic sep mtrr pge mca cmov pat pse36 clflush dts acpi mmx fxsr sse sse2 ss ht tm pbe syscall nx pdpe1gb rdtscp lm pni pclmulqdq dtes64 monitor ds_cpl vmx smx est tm2 ssse3 sdbg fma cx16 xtpr pdcm pcid dca sse4_1 sse4_2 x2apic movbe popcnt tsc_deadline_timer aes xsave avx f16c rdrand lahf_lm abm 3dnowprefetch fsgsbase tsc_adjust bmi1 hle avx2 smep bmi2 erms invpcid rtm cqm rdt_a rdseed adx smap xsaveopt"
    }
},
{
    "pystart_ms": 1588924117014.3435,
    "pyend_ms": 1588924119634.7197,
    "pyduration_ms": 2620.376220703125,
    "func_data": {
        "initTime_ms": 1588924117652.9553,
        "endTime_ms": 1588924119543.5383,
        "duration_ms": 1890.5830383300781,
        "executionID": "zpwiv0o6ozgt",
        "containerID": "ff60c3be-a411-4630-8c42-6fb6d2419aa3",
        "uptime": "72.47",
        "meminfo": "MemTotal:        2097152 kB\nMemFree:         2049964 kB\nMemAvailable:    2049964 kB\nBuffers:               0 kB\nCached:            13264 kB\nSwapCache:             0 kB\nActive:            34088 kB\nInactive:           6632 kB\nActive(anon):      27456 kB\nInactive(anon):        0 kB\nActive(file):       6632 kB\nInactive(file):     6632 kB\nUnevictable:           0 kB\nMlocked:               0 kB\nSwapTotal:             0 kB\nSwapFree:              0 kB\nDirty:                 0 kB\nWriteback:             0 kB\nAnonPages:         27456 kB\nMapped:            13264 kB\nShmem:                 0 kB",
        "cpuinfo": "Architecture:        x86_64\nCPU op-mode(s):      32-bit, 64-bit\nByte Order:          Little Endian\nCPU(s):              2\nOn-line CPU(s) list: 0,1\nVendor ID:           GenuineIntel\nCPU family:          6\nModel:               85\nModel name:          unknown\nStepping:            unknown\nCPU MHz:             2674.712\nBogoMIPS:            2674.71\nVirtualization:      VT-x\nFlags:               fpu vme de pse tsc msr pae mce cx8 apic sep mtrr pge mca cmov pat pse36 clflush dts acpi mmx fxsr sse sse2 ss ht tm pbe syscall nx pdpe1gb rdtscp lm pni pclmulqdq dtes64 monitor ds_cpl vmx smx est tm2 ssse3 sdbg fma cx16 xtpr pdcm pcid dca sse4_1 sse4_2 x2apic movbe popcnt tsc_deadline_timer aes xsave avx f16c rdrand lahf_lm abm 3dnowprefetch fsgsbase tsc_adjust bmi1 hle avx2 smep bmi2 erms invpcid rtm cqm mpx rdt_a avx512f avx512dq rdseed adx smap clwb avx512cd avx512bw avx512vl xsaveopt xsavec xgetbv1 xsaves pku"
    }
},
{
    "pystart_ms": 1588924117054.344,
    "pyend_ms": 1588924119635.6826,
    "pyduration_ms": 2581.338623046875,
    "func_data": {
        "initTime_ms": 1588924117796.6404,
        "endTime_ms": 1588924119556.8528,
        "duration_ms": 1760.2124214172363,
        "executionID": "iefyv7q0dj55",
        "containerID": "e95b4cd1-ee33-4d92-9f3b-1b7f61328373",
        "uptime": "72.60",
        "meminfo": "MemTotal:        2097152 kB\nMemFree:         2047432 kB\nMemAvailable:    2047432 kB\nBuffers:               0 kB\nCached:            13676 kB\nSwapCache:             0 kB\nActive:            36412 kB\nInactive:           6840 kB\nActive(anon):      29576 kB\nInactive(anon):        0 kB\nActive(file):       6836 kB\nInactive(file):     6840 kB\nUnevictable:           0 kB\nMlocked:               0 kB\nSwapTotal:             0 kB\nSwapFree:              0 kB\nDirty:                 0 kB\nWriteback:             0 kB\nAnonPages:         29576 kB\nMapped:            13676 kB\nShmem:                 0 kB",
        "cpuinfo": "Architecture:        x86_64\nCPU op-mode(s):      32-bit, 64-bit\nByte Order:          Little Endian\nCPU(s):              2\nOn-line CPU(s) list: 0,1\nVendor ID:           GenuineIntel\nCPU family:          6\nModel:               79\nModel name:          unknown\nStepping:            unknown\nCPU MHz:             2799.998\nBogoMIPS:            2800.00\nVirtualization:      VT-x\nFlags:               fpu vme de pse tsc msr pae mce cx8 apic sep mtrr pge mca cmov pat pse36 clflush dts acpi mmx fxsr sse sse2 ss ht tm pbe syscall nx pdpe1gb rdtscp lm pni pclmulqdq dtes64 monitor ds_cpl vmx smx est tm2 ssse3 sdbg fma cx16 xtpr pdcm pcid dca sse4_1 sse4_2 x2apic movbe popcnt tsc_deadline_timer aes xsave avx f16c rdrand lahf_lm abm 3dnowprefetch fsgsbase tsc_adjust bmi1 hle avx2 smep bmi2 erms invpcid rtm cqm rdt_a rdseed adx smap xsaveopt"
    }
},
{
    "pystart_ms": 1588924117039.3433,
    "pyend_ms": 1588924119636.7205,
    "pyduration_ms": 2597.377197265625,
    "func_data": {
        "initTime_ms": 1588924117768.455,
        "endTime_ms": 1588924119556.832,
        "duration_ms": 1788.377046585083,
        "executionID": "func3hjobdrd",
        "containerID": "ecf8e8bc-e9be-484a-81df-c4b5e399f1a9",
        "uptime": "73.38",
        "meminfo": "MemTotal:        2097152 kB\nMemFree:         2048808 kB\nMemAvailable:    2048808 kB\nBuffers:               0 kB\nCached:            13740 kB\nSwapCache:             0 kB\nActive:            35004 kB\nInactive:           6872 kB\nActive(anon):      28136 kB\nInactive(anon):        0 kB\nActive(file):       6868 kB\nInactive(file):     6872 kB\nUnevictable:           0 kB\nMlocked:               0 kB\nSwapTotal:             0 kB\nSwapFree:              0 kB\nDirty:                 0 kB\nWriteback:             0 kB\nAnonPages:         28136 kB\nMapped:            13740 kB\nShmem:                 0 kB",
        "cpuinfo": "Architecture:        x86_64\nCPU op-mode(s):      32-bit, 64-bit\nByte Order:          Little Endian\nCPU(s):              2\nOn-line CPU(s) list: 0,1\nVendor ID:           GenuineIntel\nCPU family:          6\nModel:               85\nModel name:          unknown\nStepping:            unknown\nCPU MHz:             2697.856\nBogoMIPS:            2697.86\nVirtualization:      VT-x\nFlags:               fpu vme de pse tsc msr pae mce cx8 apic sep mtrr pge mca cmov pat pse36 clflush dts acpi mmx fxsr sse sse2 ss ht tm pbe syscall nx pdpe1gb rdtscp lm pni pclmulqdq dtes64 monitor ds_cpl vmx smx est tm2 ssse3 sdbg fma cx16 xtpr pdcm pcid dca sse4_1 sse4_2 x2apic movbe popcnt tsc_deadline_timer aes xsave avx f16c rdrand lahf_lm abm 3dnowprefetch fsgsbase tsc_adjust bmi1 hle avx2 smep bmi2 erms invpcid rtm cqm mpx rdt_a avx512f avx512dq rdseed adx smap clwb avx512cd avx512bw avx512vl xsaveopt xsavec xgetbv1 xsaves pku"
    }
},
{
    "pystart_ms": 1588924117042.3435,
    "pyend_ms": 1588924119638.7205,
    "pyduration_ms": 2596.376953125,
    "func_data": {
        "initTime_ms": 1588924117774.1777,
        "endTime_ms": 1588924119477.0725,
        "duration_ms": 1702.894687652588,
        "executionID": "rcl84izapl3y",
        "containerID": "92c13834-a0ce-448f-9694-9ec518c81851",
        "uptime": "71.30",
        "meminfo": "MemTotal:        2097152 kB\nMemFree:         2048732 kB\nMemAvailable:    2048732 kB\nBuffers:               0 kB\nCached:            13604 kB\nSwapCache:             0 kB\nActive:            35148 kB\nInactive:           6804 kB\nActive(anon):      28348 kB\nInactive(anon):        0 kB\nActive(file):       6800 kB\nInactive(file):     6804 kB\nUnevictable:           0 kB\nMlocked:               0 kB\nSwapTotal:             0 kB\nSwapFree:              0 kB\nDirty:                 0 kB\nWriteback:             0 kB\nAnonPages:         28348 kB\nMapped:            13604 kB\nShmem:                 0 kB",
        "cpuinfo": "Architecture:        x86_64\nCPU op-mode(s):      32-bit, 64-bit\nByte Order:          Little Endian\nCPU(s):              2\nOn-line CPU(s) list: 0,1\nVendor ID:           GenuineIntel\nCPU family:          6\nModel:               79\nModel name:          unknown\nStepping:            unknown\nCPU MHz:             2799.998\nBogoMIPS:            2800.00\nVirtualization:      VT-x\nFlags:               fpu vme de pse tsc msr pae mce cx8 apic sep mtrr pge mca cmov pat pse36 clflush dts acpi mmx fxsr sse sse2 ss ht tm pbe syscall nx pdpe1gb rdtscp lm pni pclmulqdq dtes64 monitor ds_cpl vmx smx est tm2 ssse3 sdbg fma cx16 xtpr pdcm pcid dca sse4_1 sse4_2 x2apic movbe popcnt tsc_deadline_timer aes xsave avx f16c rdrand lahf_lm abm 3dnowprefetch fsgsbase tsc_adjust bmi1 hle avx2 smep bmi2 erms invpcid rtm cqm rdt_a rdseed adx smap xsaveopt"
    }
},
{
    "pystart_ms": 1588924117063.3435,
    "pyend_ms": 1588924119644.7188,
    "pyduration_ms": 2581.375244140625,
    "func_data": {
        "initTime_ms": 1588924117811.5754,
        "endTime_ms": 1588924119563.192,
        "duration_ms": 1751.6164779663086,
        "executionID": "xcllzci53k5u",
        "containerID": "5e5dfeee-1bd0-48e0-b84b-03df2c0c1ada",
        "uptime": "147.71",
        "meminfo": "MemTotal:        2097152 kB\nMemFree:         2050148 kB\nMemAvailable:    2050148 kB\nBuffers:               0 kB\nCached:            13748 kB\nSwapCache:             0 kB\nActive:            33660 kB\nInactive:           6876 kB\nActive(anon):      26788 kB\nInactive(anon):        0 kB\nActive(file):       6872 kB\nInactive(file):     6876 kB\nUnevictable:           0 kB\nMlocked:               0 kB\nSwapTotal:             0 kB\nSwapFree:              0 kB\nDirty:                 0 kB\nWriteback:             0 kB\nAnonPages:         26788 kB\nMapped:            13748 kB\nShmem:                 0 kB",
        "cpuinfo": "Architecture:        x86_64\nCPU op-mode(s):      32-bit, 64-bit\nByte Order:          Little Endian\nCPU(s):              2\nOn-line CPU(s) list: 0,1\nVendor ID:           GenuineIntel\nCPU family:          6\nModel:               79\nModel name:          unknown\nStepping:            unknown\nCPU MHz:             2799.998\nBogoMIPS:            2800.00\nVirtualization:      VT-x\nFlags:               fpu vme de pse tsc msr pae mce cx8 apic sep mtrr pge mca cmov pat pse36 clflush dts acpi mmx fxsr sse sse2 ss ht tm pbe syscall nx pdpe1gb rdtscp lm pni pclmulqdq dtes64 monitor ds_cpl vmx smx est tm2 ssse3 sdbg fma cx16 xtpr pdcm pcid dca sse4_1 sse4_2 x2apic movbe popcnt tsc_deadline_timer aes xsave avx f16c rdrand lahf_lm abm 3dnowprefetch fsgsbase tsc_adjust bmi1 hle avx2 smep bmi2 erms invpcid rtm cqm rdt_a rdseed adx smap xsaveopt"
    }
},
{
    "pystart_ms": 1588924117018.3435,
    "pyend_ms": 1588924119660.1572,
    "pyduration_ms": 2641.813720703125,
    "func_data": {
        "initTime_ms": 1588924117695.684,
        "endTime_ms": 1588924119493.8787,
        "duration_ms": 1798.194408416748,
        "executionID": "w2e4rvf2jp2o",
        "containerID": "6c4aaac1-2fa2-4211-b5e6-e99444b037f3",
        "uptime": "72.85",
        "meminfo": "MemTotal:        2097152 kB\nMemFree:         2047464 kB\nMemAvailable:    2047464 kB\nBuffers:               0 kB\nCached:            13588 kB\nSwapCache:             0 kB\nActive:            36424 kB\nInactive:           6796 kB\nActive(anon):      29632 kB\nInactive(anon):        0 kB\nActive(file):       6792 kB\nInactive(file):     6796 kB\nUnevictable:           0 kB\nMlocked:               0 kB\nSwapTotal:             0 kB\nSwapFree:              0 kB\nDirty:                 0 kB\nWriteback:             0 kB\nAnonPages:         29632 kB\nMapped:            13588 kB\nShmem:                 0 kB",
        "cpuinfo": "Architecture:        x86_64\nCPU op-mode(s):      32-bit, 64-bit\nByte Order:          Little Endian\nCPU(s):              2\nOn-line CPU(s) list: 0,1\nVendor ID:           GenuineIntel\nCPU family:          6\nModel:               85\nModel name:          unknown\nStepping:            unknown\nCPU MHz:             2329.492\nBogoMIPS:            2329.49\nVirtualization:      VT-x\nFlags:               fpu vme de pse tsc msr pae mce cx8 apic sep mtrr pge mca cmov pat pse36 clflush dts acpi mmx fxsr sse sse2 ss ht tm pbe syscall nx pdpe1gb rdtscp lm pni pclmulqdq dtes64 monitor ds_cpl vmx smx est tm2 ssse3 sdbg fma cx16 xtpr pdcm pcid dca sse4_1 sse4_2 x2apic movbe popcnt tsc_deadline_timer aes xsave avx f16c rdrand lahf_lm abm 3dnowprefetch fsgsbase tsc_adjust bmi1 hle avx2 smep bmi2 erms invpcid rtm cqm mpx rdt_a avx512f avx512dq rdseed adx smap clwb avx512cd avx512bw avx512vl xsaveopt xsavec xgetbv1 xsaves pku"
    }
},
{
    "pystart_ms": 1588924117034.3435,
    "pyend_ms": 1588924119667.1987,
    "pyduration_ms": 2632.855224609375,
    "func_data": {
        "initTime_ms": 1588924117703.6135,
        "endTime_ms": 1588924119514.996,
        "duration_ms": 1811.382532119751,
        "executionID": "oxpp5bru7y77",
        "containerID": "9aae2c1e-2fd1-4ed1-bb0b-27057716e10d",
        "uptime": "72.00",
        "meminfo": "MemTotal:        2097152 kB\nMemFree:         2049524 kB\nMemAvailable:    2049524 kB\nBuffers:               0 kB\nCached:            13740 kB\nSwapCache:             0 kB\nActive:            34288 kB\nInactive:           6872 kB\nActive(anon):      27420 kB\nInactive(anon):        0 kB\nActive(file):       6868 kB\nInactive(file):     6872 kB\nUnevictable:           0 kB\nMlocked:               0 kB\nSwapTotal:             0 kB\nSwapFree:              0 kB\nDirty:                 0 kB\nWriteback:             0 kB\nAnonPages:         27420 kB\nMapped:            13740 kB\nShmem:                 0 kB",
        "cpuinfo": "Architecture:        x86_64\nCPU op-mode(s):      32-bit, 64-bit\nByte Order:          Little Endian\nCPU(s):              2\nOn-line CPU(s) list: 0,1\nVendor ID:           GenuineIntel\nCPU family:          6\nModel:               79\nModel name:          unknown\nStepping:            unknown\nCPU MHz:             2736.072\nBogoMIPS:            2736.07\nVirtualization:      VT-x\nFlags:               fpu vme de pse tsc msr pae mce cx8 apic sep mtrr pge mca cmov pat pse36 clflush dts acpi mmx fxsr sse sse2 ss ht tm pbe syscall nx pdpe1gb rdtscp lm pni pclmulqdq dtes64 monitor ds_cpl vmx smx est tm2 ssse3 sdbg fma cx16 xtpr pdcm pcid dca sse4_1 sse4_2 x2apic movbe popcnt tsc_deadline_timer aes xsave avx f16c rdrand lahf_lm abm 3dnowprefetch fsgsbase tsc_adjust bmi1 hle avx2 smep bmi2 erms invpcid rtm cqm rdt_a rdseed adx smap xsaveopt"
    }
},
{
    "pystart_ms": 1588924117036.3438,
    "pyend_ms": 1588924119670.1567,
    "pyduration_ms": 2633.81298828125,
    "func_data": {
        "initTime_ms": 1588924117670.5652,
        "endTime_ms": 1588924119504.468,
        "duration_ms": 1833.9028358459473,
        "executionID": "aezkqzx8ipkr",
        "containerID": "b5b1b27e-b5b2-4e8e-abfc-09df955c21d0",
        "uptime": "73.51",
        "meminfo": "MemTotal:        2097152 kB\nMemFree:         2046936 kB\nMemAvailable:    2046936 kB\nBuffers:               0 kB\nCached:            13740 kB\nSwapCache:             0 kB\nActive:            36876 kB\nInactive:           6872 kB\nActive(anon):      30008 kB\nInactive(anon):        0 kB\nActive(file):       6868 kB\nInactive(file):     6872 kB\nUnevictable:           0 kB\nMlocked:               0 kB\nSwapTotal:             0 kB\nSwapFree:              0 kB\nDirty:                 0 kB\nWriteback:             0 kB\nAnonPages:         30008 kB\nMapped:            13740 kB\nShmem:                 0 kB",
        "cpuinfo": "Architecture:        x86_64\nCPU op-mode(s):      32-bit, 64-bit\nByte Order:          Little Endian\nCPU(s):              2\nOn-line CPU(s) list: 0,1\nVendor ID:           GenuineIntel\nCPU family:          6\nModel:               79\nModel name:          unknown\nStepping:            unknown\nCPU MHz:             2619.716\nBogoMIPS:            2619.72\nVirtualization:      VT-x\nFlags:               fpu vme de pse tsc msr pae mce cx8 apic sep mtrr pge mca cmov pat pse36 clflush dts acpi mmx fxsr sse sse2 ss ht tm pbe syscall nx pdpe1gb rdtscp lm pni pclmulqdq dtes64 monitor ds_cpl vmx smx est tm2 ssse3 sdbg fma cx16 xtpr pdcm pcid dca sse4_1 sse4_2 x2apic movbe popcnt tsc_deadline_timer aes xsave avx f16c rdrand lahf_lm abm 3dnowprefetch fsgsbase tsc_adjust bmi1 hle avx2 smep bmi2 erms invpcid rtm cqm rdt_a rdseed adx smap xsaveopt"
    }
},
{
    "pystart_ms": 1588924117037.3433,
    "pyend_ms": 1588924119684.0454,
    "pyduration_ms": 2646.7021484375,
    "func_data": {
        "initTime_ms": 1588924117713.1436,
        "endTime_ms": 1588924119519.393,
        "duration_ms": 1806.2493801116943,
        "executionID": "sjdp0vr4lbp5",
        "containerID": "585fcb4f-fcce-4bb6-86bb-3bfb77070d1a",
        "uptime": "177.96",
        "meminfo": "MemTotal:        2097152 kB\nMemFree:         2046336 kB\nMemAvailable:    2046336 kB\nBuffers:               0 kB\nCached:            13740 kB\nSwapCache:             0 kB\nActive:            37476 kB\nInactive:           6872 kB\nActive(anon):      30608 kB\nInactive(anon):        0 kB\nActive(file):       6868 kB\nInactive(file):     6872 kB\nUnevictable:           0 kB\nMlocked:               0 kB\nSwapTotal:             0 kB\nSwapFree:              0 kB\nDirty:                 0 kB\nWriteback:             0 kB\nAnonPages:         30608 kB\nMapped:            13740 kB\nShmem:                 0 kB",
        "cpuinfo": "Architecture:        x86_64\nCPU op-mode(s):      32-bit, 64-bit\nByte Order:          Little Endian\nCPU(s):              2\nOn-line CPU(s) list: 0,1\nVendor ID:           GenuineIntel\nCPU family:          6\nModel:               79\nModel name:          unknown\nStepping:            unknown\nCPU MHz:             2799.998\nBogoMIPS:            2800.00\nVirtualization:      VT-x\nFlags:               fpu vme de pse tsc msr pae mce cx8 apic sep mtrr pge mca cmov pat pse36 clflush dts acpi mmx fxsr sse sse2 ss ht tm pbe syscall nx pdpe1gb rdtscp lm pni pclmulqdq dtes64 monitor ds_cpl vmx smx est tm2 ssse3 sdbg fma cx16 xtpr pdcm pcid dca sse4_1 sse4_2 x2apic movbe popcnt tsc_deadline_timer aes xsave avx f16c rdrand lahf_lm abm 3dnowprefetch fsgsbase tsc_adjust bmi1 hle avx2 smep bmi2 erms invpcid rtm cqm rdt_a rdseed adx smap xsaveopt"
    }
},
{
    "pystart_ms": 1588924117017.343,
    "pyend_ms": 1588924119690.0444,
    "pyduration_ms": 2672.701416015625,
    "func_data": {
        "initTime_ms": 1588924117662.9622,
        "endTime_ms": 1588924119542.6528,
        "duration_ms": 1879.6906471252441,
        "executionID": "13e17mu7s24a",
        "containerID": "0dd79c02-855b-4221-856b-3bc39526c83f",
        "uptime": "229.29",
        "meminfo": "MemTotal:        2097152 kB\nMemFree:         2048088 kB\nMemAvailable:    2048088 kB\nBuffers:               0 kB\nCached:            13740 kB\nSwapCache:             0 kB\nActive:            35724 kB\nInactive:           6872 kB\nActive(anon):      28856 kB\nInactive(anon):        0 kB\nActive(file):       6868 kB\nInactive(file):     6872 kB\nUnevictable:           0 kB\nMlocked:               0 kB\nSwapTotal:             0 kB\nSwapFree:              0 kB\nDirty:                 0 kB\nWriteback:             0 kB\nAnonPages:         28856 kB\nMapped:            13740 kB\nShmem:                 0 kB",
        "cpuinfo": "Architecture:        x86_64\nCPU op-mode(s):      32-bit, 64-bit\nByte Order:          Little Endian\nCPU(s):              2\nOn-line CPU(s) list: 0,1\nVendor ID:           GenuineIntel\nCPU family:          6\nModel:               85\nModel name:          unknown\nStepping:            unknown\nCPU MHz:             2694.845\nBogoMIPS:            2694.84\nVirtualization:      VT-x\nFlags:               fpu vme de pse tsc msr pae mce cx8 apic sep mtrr pge mca cmov pat pse36 clflush dts acpi mmx fxsr sse sse2 ss ht tm pbe syscall nx pdpe1gb rdtscp lm pni pclmulqdq dtes64 monitor ds_cpl vmx smx est tm2 ssse3 sdbg fma cx16 xtpr pdcm pcid dca sse4_1 sse4_2 x2apic movbe popcnt tsc_deadline_timer aes xsave avx f16c rdrand lahf_lm abm 3dnowprefetch fsgsbase tsc_adjust bmi1 hle avx2 smep bmi2 erms invpcid rtm cqm mpx rdt_a avx512f avx512dq rdseed adx smap clwb avx512cd avx512bw avx512vl xsaveopt xsavec xgetbv1 xsaves pku"
    }
},
{
    "pystart_ms": 1588924117018.3435,
    "pyend_ms": 1588924119704.371,
    "pyduration_ms": 2686.027587890625,
    "func_data": {
        "initTime_ms": 1588924117740.5183,
        "endTime_ms": 1588924119552.9812,
        "duration_ms": 1812.4628067016602,
        "executionID": "b84brkdjxsl2",
        "containerID": "cb882f66-bc8d-42b9-a0ea-dca1f7278bea",
        "uptime": "147.35",
        "meminfo": "MemTotal:        2097152 kB\nMemFree:         2047764 kB\nMemAvailable:    2047764 kB\nBuffers:               0 kB\nCached:            13740 kB\nSwapCache:             0 kB\nActive:            36048 kB\nInactive:           6872 kB\nActive(anon):      29180 kB\nInactive(anon):        0 kB\nActive(file):       6868 kB\nInactive(file):     6872 kB\nUnevictable:           0 kB\nMlocked:               0 kB\nSwapTotal:             0 kB\nSwapFree:              0 kB\nDirty:                 0 kB\nWriteback:             0 kB\nAnonPages:         29180 kB\nMapped:            13740 kB\nShmem:                 0 kB",
        "cpuinfo": "Architecture:        x86_64\nCPU op-mode(s):      32-bit, 64-bit\nByte Order:          Little Endian\nCPU(s):              2\nOn-line CPU(s) list: 0,1\nVendor ID:           GenuineIntel\nCPU family:          6\nModel:               85\nModel name:          unknown\nStepping:            unknown\nCPU MHz:             2700.268\nBogoMIPS:            2700.27\nVirtualization:      VT-x\nFlags:               fpu vme de pse tsc msr pae mce cx8 apic sep mtrr pge mca cmov pat pse36 clflush dts acpi mmx fxsr sse sse2 ss ht tm pbe syscall nx pdpe1gb rdtscp lm pni pclmulqdq dtes64 monitor ds_cpl vmx smx est tm2 ssse3 sdbg fma cx16 xtpr pdcm pcid dca sse4_1 sse4_2 x2apic movbe popcnt tsc_deadline_timer aes xsave avx f16c rdrand lahf_lm abm 3dnowprefetch fsgsbase tsc_adjust bmi1 hle avx2 smep bmi2 erms invpcid rtm cqm mpx rdt_a avx512f avx512dq rdseed adx smap clwb avx512cd avx512bw avx512vl xsaveopt xsavec xgetbv1 xsaves pku"
    }
},
{
    "pystart_ms": 1588924117024.358,
    "pyend_ms": 1588924119715.3198,
    "pyduration_ms": 2690.9619140625,
    "func_data": {
        "initTime_ms": 1588924117675.4136,
        "endTime_ms": 1588924119548.369,
        "duration_ms": 1872.955322265625,
        "executionID": "bfrc2u5cr6jb",
        "containerID": "850358f4-a56f-425a-9f17-61dd1a6e01ed",
        "uptime": "148.30",
        "meminfo": "MemTotal:        2097152 kB\nMemFree:         2047832 kB\nMemAvailable:    2047832 kB\nBuffers:               0 kB\nCached:            13604 kB\nSwapCache:             0 kB\nActive:            36048 kB\nInactive:           6804 kB\nActive(anon):      29248 kB\nInactive(anon):        0 kB\nActive(file):       6800 kB\nInactive(file):     6804 kB\nUnevictable:           0 kB\nMlocked:               0 kB\nSwapTotal:             0 kB\nSwapFree:              0 kB\nDirty:                 0 kB\nWriteback:             0 kB\nAnonPages:         29248 kB\nMapped:            13604 kB\nShmem:                 0 kB",
        "cpuinfo": "Architecture:        x86_64\nCPU op-mode(s):      32-bit, 64-bit\nByte Order:          Little Endian\nCPU(s):              2\nOn-line CPU(s) list: 0,1\nVendor ID:           GenuineIntel\nCPU family:          6\nModel:               85\nModel name:          unknown\nStepping:            unknown\nCPU MHz:             2700.247\nBogoMIPS:            2700.25\nVirtualization:      VT-x\nFlags:               fpu vme de pse tsc msr pae mce cx8 apic sep mtrr pge mca cmov pat pse36 clflush dts acpi mmx fxsr sse sse2 ss ht tm pbe syscall nx pdpe1gb rdtscp lm pni pclmulqdq dtes64 monitor ds_cpl vmx smx est tm2 ssse3 sdbg fma cx16 xtpr pdcm pcid dca sse4_1 sse4_2 x2apic movbe popcnt tsc_deadline_timer aes xsave avx f16c rdrand lahf_lm abm 3dnowprefetch fsgsbase tsc_adjust bmi1 hle avx2 smep bmi2 erms invpcid rtm cqm mpx rdt_a avx512f avx512dq rdseed adx smap clwb avx512cd avx512bw avx512vl xsaveopt xsavec xgetbv1 xsaves pku"
    }
},
{
    "pystart_ms": 1588924117101.3435,
    "pyend_ms": 1588924119734.4817,
    "pyduration_ms": 2633.13818359375,
    "func_data": {
        "initTime_ms": 1588924118061.1978,
        "endTime_ms": 1588924119601.0713,
        "duration_ms": 1539.8736000061035,
        "executionID": "68cnjhfa92ew",
        "containerID": "14769f1d-6118-4391-8a92-d1c054e513ac",
        "uptime": "73.31",
        "meminfo": "MemTotal:        2097152 kB\nMemFree:         2049504 kB\nMemAvailable:    2049504 kB\nBuffers:               0 kB\nCached:            13628 kB\nSwapCache:             0 kB\nActive:            34364 kB\nInactive:           6816 kB\nActive(anon):      27552 kB\nInactive(anon):        0 kB\nActive(file):       6812 kB\nInactive(file):     6816 kB\nUnevictable:           0 kB\nMlocked:               0 kB\nSwapTotal:             0 kB\nSwapFree:              0 kB\nDirty:                 0 kB\nWriteback:             0 kB\nAnonPages:         27552 kB\nMapped:            13628 kB\nShmem:                 0 kB",
        "cpuinfo": "Architecture:        x86_64\nCPU op-mode(s):      32-bit, 64-bit\nByte Order:          Little Endian\nCPU(s):              2\nOn-line CPU(s) list: 0,1\nVendor ID:           GenuineIntel\nCPU family:          6\nModel:               85\nModel name:          unknown\nStepping:            unknown\nCPU MHz:             2691.460\nBogoMIPS:            2691.46\nVirtualization:      VT-x\nFlags:               fpu vme de pse tsc msr pae mce cx8 apic sep mtrr pge mca cmov pat pse36 clflush dts acpi mmx fxsr sse sse2 ss ht tm pbe syscall nx pdpe1gb rdtscp lm pni pclmulqdq dtes64 monitor ds_cpl vmx smx est tm2 ssse3 sdbg fma cx16 xtpr pdcm pcid dca sse4_1 sse4_2 x2apic movbe popcnt tsc_deadline_timer aes xsave avx f16c rdrand lahf_lm abm 3dnowprefetch fsgsbase tsc_adjust bmi1 hle avx2 smep bmi2 erms invpcid rtm cqm mpx rdt_a avx512f avx512dq rdseed adx smap clwb avx512cd avx512bw avx512vl xsaveopt xsavec xgetbv1 xsaves pku"
    }
},
{
    "pystart_ms": 1588924117066.3584,
    "pyend_ms": 1588924119747.452,
    "pyduration_ms": 2681.093505859375,
    "func_data": {
        "initTime_ms": 1588924117808.2458,
        "endTime_ms": 1588924119666.9998,
        "duration_ms": 1858.7539196014404,
        "executionID": "gyd1td7dkboo",
        "containerID": "99e1601e-03b5-4d3a-92b6-b91708093c0f",
        "uptime": "72.30",
        "meminfo": "MemTotal:        2097152 kB\nMemFree:         2049512 kB\nMemAvailable:    2049512 kB\nBuffers:               0 kB\nCached:            13240 kB\nSwapCache:             0 kB\nActive:            34552 kB\nInactive:           6620 kB\nActive(anon):      27932 kB\nInactive(anon):        0 kB\nActive(file):       6620 kB\nInactive(file):     6620 kB\nUnevictable:           0 kB\nMlocked:               0 kB\nSwapTotal:             0 kB\nSwapFree:              0 kB\nDirty:                 0 kB\nWriteback:             0 kB\nAnonPages:         27932 kB\nMapped:            13240 kB\nShmem:                 0 kB",
        "cpuinfo": "Architecture:        x86_64\nCPU op-mode(s):      32-bit, 64-bit\nByte Order:          Little Endian\nCPU(s):              2\nOn-line CPU(s) list: 0,1\nVendor ID:           GenuineIntel\nCPU family:          6\nModel:               85\nModel name:          unknown\nStepping:            unknown\nCPU MHz:             2700.252\nBogoMIPS:            2700.25\nVirtualization:      VT-x\nFlags:               fpu vme de pse tsc msr pae mce cx8 apic sep mtrr pge mca cmov pat pse36 clflush dts acpi mmx fxsr sse sse2 ss ht tm pbe syscall nx pdpe1gb rdtscp lm pni pclmulqdq dtes64 monitor ds_cpl vmx smx est tm2 ssse3 sdbg fma cx16 xtpr pdcm pcid dca sse4_1 sse4_2 x2apic movbe popcnt tsc_deadline_timer aes xsave avx f16c rdrand lahf_lm abm 3dnowprefetch fsgsbase tsc_adjust bmi1 hle avx2 smep bmi2 erms invpcid rtm cqm mpx rdt_a avx512f avx512dq rdseed adx smap clwb avx512cd avx512bw avx512vl xsaveopt xsavec xgetbv1 xsaves pku"
    }
},
{
    "pystart_ms": 1588924117020.345,
    "pyend_ms": 1588924119770.337,
    "pyduration_ms": 2749.991943359375,
    "func_data": {
        "initTime_ms": 1588924117698.5361,
        "endTime_ms": 1588924119595.2864,
        "duration_ms": 1896.7502117156982,
        "executionID": "w5masaelru6v",
        "containerID": "949957a3-7da6-406f-bd04-4a3e163325a7",
        "uptime": "73.40",
        "meminfo": "MemTotal:        2097152 kB\nMemFree:         2048720 kB\nMemAvailable:    2048720 kB\nBuffers:               0 kB\nCached:            13740 kB\nSwapCache:             0 kB\nActive:            35092 kB\nInactive:           6872 kB\nActive(anon):      28224 kB\nInactive(anon):        0 kB\nActive(file):       6868 kB\nInactive(file):     6872 kB\nUnevictable:           0 kB\nMlocked:               0 kB\nSwapTotal:             0 kB\nSwapFree:              0 kB\nDirty:                 0 kB\nWriteback:             0 kB\nAnonPages:         28224 kB\nMapped:            13740 kB\nShmem:                 0 kB",
        "cpuinfo": "Architecture:        x86_64\nCPU op-mode(s):      32-bit, 64-bit\nByte Order:          Little Endian\nCPU(s):              2\nOn-line CPU(s) list: 0,1\nVendor ID:           GenuineIntel\nCPU family:          6\nModel:               79\nModel name:          unknown\nStepping:            unknown\nCPU MHz:             2790.939\nBogoMIPS:            2790.94\nVirtualization:      VT-x\nFlags:               fpu vme de pse tsc msr pae mce cx8 apic sep mtrr pge mca cmov pat pse36 clflush dts acpi mmx fxsr sse sse2 ss ht tm pbe syscall nx pdpe1gb rdtscp lm pni pclmulqdq dtes64 monitor ds_cpl vmx smx est tm2 ssse3 sdbg fma cx16 xtpr pdcm pcid dca sse4_1 sse4_2 x2apic movbe popcnt tsc_deadline_timer aes xsave avx f16c rdrand lahf_lm abm 3dnowprefetch fsgsbase tsc_adjust bmi1 hle avx2 smep bmi2 erms invpcid rtm cqm rdt_a rdseed adx smap xsaveopt"
    }
},
{
    "pystart_ms": 1588924117096.3445,
    "pyend_ms": 1588924119780.3342,
    "pyduration_ms": 2683.98974609375,
    "func_data": {
        "initTime_ms": 1588924118003.3809,
        "endTime_ms": 1588924119695.4707,
        "duration_ms": 1692.0900344848633,
        "executionID": "3yj5sajm66x3",
        "containerID": "2afdcfa0-05df-49e3-8d28-24f12203208b",
        "uptime": "177.67",
        "meminfo": "MemTotal:        2097152 kB\nMemFree:         2051036 kB\nMemAvailable:    2051036 kB\nBuffers:               0 kB\nCached:            13612 kB\nSwapCache:             0 kB\nActive:            32840 kB\nInactive:           6808 kB\nActive(anon):      26036 kB\nInactive(anon):        0 kB\nActive(file):       6804 kB\nInactive(file):     6808 kB\nUnevictable:           0 kB\nMlocked:               0 kB\nSwapTotal:             0 kB\nSwapFree:              0 kB\nDirty:                 0 kB\nWriteback:             0 kB\nAnonPages:         26036 kB\nMapped:            13612 kB\nShmem:                 0 kB",
        "cpuinfo": "Architecture:        x86_64\nCPU op-mode(s):      32-bit, 64-bit\nByte Order:          Little Endian\nCPU(s):              2\nOn-line CPU(s) list: 0,1\nVendor ID:           GenuineIntel\nCPU family:          6\nModel:               79\nModel name:          unknown\nStepping:            unknown\nCPU MHz:             2799.996\nBogoMIPS:            2800.00\nVirtualization:      VT-x\nFlags:               fpu vme de pse tsc msr pae mce cx8 apic sep mtrr pge mca cmov pat pse36 clflush dts acpi mmx fxsr sse sse2 ss ht tm pbe syscall nx pdpe1gb rdtscp lm pni pclmulqdq dtes64 monitor ds_cpl vmx smx est tm2 ssse3 sdbg fma cx16 xtpr pdcm pcid dca sse4_1 sse4_2 x2apic movbe popcnt tsc_deadline_timer aes xsave avx f16c rdrand lahf_lm abm 3dnowprefetch fsgsbase tsc_adjust bmi1 hle avx2 smep bmi2 erms invpcid rtm cqm rdt_a rdseed adx smap xsaveopt"
    }
},
{
    "pystart_ms": 1588924117021.3457,
    "pyend_ms": 1588924119785.368,
    "pyduration_ms": 2764.022216796875,
    "func_data": {
        "initTime_ms": 1588924117713.7412,
        "endTime_ms": 1588924119612.5984,
        "duration_ms": 1898.8571166992188,
        "executionID": "cdzqkjfu9xen",
        "containerID": "ebe0ab41-4d83-4e2c-ba1d-8ec0c599f65a",
        "uptime": "177.67",
        "meminfo": "MemTotal:        2097152 kB\nMemFree:         2048496 kB\nMemAvailable:    2048496 kB\nBuffers:               0 kB\nCached:            13840 kB\nSwapCache:             0 kB\nActive:            35268 kB\nInactive:           6920 kB\nActive(anon):      28348 kB\nInactive(anon):        0 kB\nActive(file):       6920 kB\nInactive(file):     6920 kB\nUnevictable:           0 kB\nMlocked:               0 kB\nSwapTotal:             0 kB\nSwapFree:              0 kB\nDirty:                 0 kB\nWriteback:             0 kB\nAnonPages:         28348 kB\nMapped:            13840 kB\nShmem:                 0 kB",
        "cpuinfo": "Architecture:        x86_64\nCPU op-mode(s):      32-bit, 64-bit\nByte Order:          Little Endian\nCPU(s):              2\nOn-line CPU(s) list: 0,1\nVendor ID:           GenuineIntel\nCPU family:          6\nModel:               79\nModel name:          unknown\nStepping:            unknown\nCPU MHz:             2800.000\nBogoMIPS:            2800.00\nVirtualization:      VT-x\nFlags:               fpu vme de pse tsc msr pae mce cx8 apic sep mtrr pge mca cmov pat pse36 clflush dts acpi mmx fxsr sse sse2 ss ht tm pbe syscall nx pdpe1gb rdtscp lm pni pclmulqdq dtes64 monitor ds_cpl vmx smx est tm2 ssse3 sdbg fma cx16 xtpr pdcm pcid dca sse4_1 sse4_2 x2apic movbe popcnt tsc_deadline_timer aes xsave avx f16c rdrand lahf_lm abm 3dnowprefetch fsgsbase tsc_adjust bmi1 hle avx2 smep bmi2 erms invpcid rtm cqm rdt_a rdseed adx smap xsaveopt"
    }
},
{
    "pystart_ms": 1588924117034.3435,
    "pyend_ms": 1588924119789.3674,
    "pyduration_ms": 2755.02392578125,
    "func_data": {
        "initTime_ms": 1588924117677.6863,
        "endTime_ms": 1588924119621.1064,
        "duration_ms": 1943.420171737671,
        "executionID": "8r1gg75uo48i",
        "containerID": "20dc4200-eb94-4afc-a44c-a726b510fcea",
        "uptime": "72.46",
        "meminfo": "MemTotal:        2097152 kB\nMemFree:         2048096 kB\nMemAvailable:    2048096 kB\nBuffers:               0 kB\nCached:            13740 kB\nSwapCache:             0 kB\nActive:            35716 kB\nInactive:           6872 kB\nActive(anon):      28848 kB\nInactive(anon):        0 kB\nActive(file):       6868 kB\nInactive(file):     6872 kB\nUnevictable:           0 kB\nMlocked:               0 kB\nSwapTotal:             0 kB\nSwapFree:              0 kB\nDirty:                 0 kB\nWriteback:             0 kB\nAnonPages:         28848 kB\nMapped:            13740 kB\nShmem:                 0 kB",
        "cpuinfo": "Architecture:        x86_64\nCPU op-mode(s):      32-bit, 64-bit\nByte Order:          Little Endian\nCPU(s):              2\nOn-line CPU(s) list: 0,1\nVendor ID:           GenuineIntel\nCPU family:          6\nModel:               85\nModel name:          unknown\nStepping:            unknown\nCPU MHz:             2663.796\nBogoMIPS:            2663.80\nVirtualization:      VT-x\nFlags:               fpu vme de pse tsc msr pae mce cx8 apic sep mtrr pge mca cmov pat pse36 clflush dts acpi mmx fxsr sse sse2 ss ht tm pbe syscall nx pdpe1gb rdtscp lm pni pclmulqdq dtes64 monitor ds_cpl vmx smx est tm2 ssse3 sdbg fma cx16 xtpr pdcm pcid dca sse4_1 sse4_2 x2apic movbe popcnt tsc_deadline_timer aes xsave avx f16c rdrand lahf_lm abm 3dnowprefetch fsgsbase tsc_adjust bmi1 hle avx2 smep bmi2 erms invpcid rtm cqm mpx rdt_a avx512f avx512dq rdseed adx smap clwb avx512cd avx512bw avx512vl xsaveopt xsavec xgetbv1 xsaves pku"
    }
},
{
    "pystart_ms": 1588924117041.3433,
    "pyend_ms": 1588924119802.5337,
    "pyduration_ms": 2761.1904296875,
    "func_data": {
        "initTime_ms": 1588924117819.432,
        "endTime_ms": 1588924119709.0693,
        "duration_ms": 1889.6374702453613,
        "executionID": "qcu9jnxe7jbh",
        "containerID": "9a3e468c-5671-4a39-b8ec-4b8cbff7bbe6",
        "uptime": "103.89",
        "meminfo": "MemTotal:        2097152 kB\nMemFree:         2047212 kB\nMemAvailable:    2047212 kB\nBuffers:               0 kB\nCached:            13740 kB\nSwapCache:             0 kB\nActive:            36600 kB\nInactive:           6872 kB\nActive(anon):      29732 kB\nInactive(anon):        0 kB\nActive(file):       6868 kB\nInactive(file):     6872 kB\nUnevictable:           0 kB\nMlocked:               0 kB\nSwapTotal:             0 kB\nSwapFree:              0 kB\nDirty:                 0 kB\nWriteback:             0 kB\nAnonPages:         29732 kB\nMapped:            13740 kB\nShmem:                 0 kB",
        "cpuinfo": "Architecture:        x86_64\nCPU op-mode(s):      32-bit, 64-bit\nByte Order:          Little Endian\nCPU(s):              2\nOn-line CPU(s) list: 0,1\nVendor ID:           GenuineIntel\nCPU family:          6\nModel:               85\nModel name:          unknown\nStepping:            unknown\nCPU MHz:             2663.466\nBogoMIPS:            2663.47\nVirtualization:      VT-x\nFlags:               fpu vme de pse tsc msr pae mce cx8 apic sep mtrr pge mca cmov pat pse36 clflush dts acpi mmx fxsr sse sse2 ss ht tm pbe syscall nx pdpe1gb rdtscp lm pni pclmulqdq dtes64 monitor ds_cpl vmx smx est tm2 ssse3 sdbg fma cx16 xtpr pdcm pcid dca sse4_1 sse4_2 x2apic movbe popcnt tsc_deadline_timer aes xsave avx f16c rdrand lahf_lm abm 3dnowprefetch fsgsbase tsc_adjust bmi1 hle avx2 smep bmi2 erms invpcid rtm cqm mpx rdt_a avx512f avx512dq rdseed adx smap clwb avx512cd avx512bw avx512vl xsaveopt xsavec xgetbv1 xsaves pku"
    }
},
{
    "pystart_ms": 1588924117033.3435,
    "pyend_ms": 1588924119806.5298,
    "pyduration_ms": 2773.186279296875,
    "func_data": {
        "initTime_ms": 1588924117721.4456,
        "endTime_ms": 1588924119628.0093,
        "duration_ms": 1906.5637588500977,
        "executionID": "9clcb1o7du52",
        "containerID": "67561eaf-176b-4ecf-bad5-b1cfdd784dd7",
        "uptime": "72.76",
        "meminfo": "MemTotal:        2097152 kB\nMemFree:         2046700 kB\nMemAvailable:    2046700 kB\nBuffers:               0 kB\nCached:            13740 kB\nSwapCache:             0 kB\nActive:            37112 kB\nInactive:           6872 kB\nActive(anon):      30244 kB\nInactive(anon):        0 kB\nActive(file):       6868 kB\nInactive(file):     6872 kB\nUnevictable:           0 kB\nMlocked:               0 kB\nSwapTotal:             0 kB\nSwapFree:              0 kB\nDirty:                 0 kB\nWriteback:             0 kB\nAnonPages:         30244 kB\nMapped:            13740 kB\nShmem:                 0 kB",
        "cpuinfo": "Architecture:        x86_64\nCPU op-mode(s):      32-bit, 64-bit\nByte Order:          Little Endian\nCPU(s):              2\nOn-line CPU(s) list: 0,1\nVendor ID:           GenuineIntel\nCPU family:          6\nModel:               85\nModel name:          unknown\nStepping:            unknown\nCPU MHz:             2578.164\nBogoMIPS:            2578.16\nVirtualization:      VT-x\nFlags:               fpu vme de pse tsc msr pae mce cx8 apic sep mtrr pge mca cmov pat pse36 clflush dts acpi mmx fxsr sse sse2 ss ht tm pbe syscall nx pdpe1gb rdtscp lm pni pclmulqdq dtes64 monitor ds_cpl vmx smx est tm2 ssse3 sdbg fma cx16 xtpr pdcm pcid dca sse4_1 sse4_2 x2apic movbe popcnt tsc_deadline_timer aes xsave avx f16c rdrand lahf_lm abm 3dnowprefetch fsgsbase tsc_adjust bmi1 hle avx2 smep bmi2 erms invpcid rtm cqm mpx rdt_a avx512f avx512dq rdseed adx smap clwb avx512cd avx512bw avx512vl xsaveopt xsavec xgetbv1 xsaves pku"
    }
},
{
    "pystart_ms": 1588924117053.3452,
    "pyend_ms": 1588924119809.5703,
    "pyduration_ms": 2756.22509765625,
    "func_data": {
        "initTime_ms": 1588924117839.8782,
        "endTime_ms": 1588924119632.0718,
        "duration_ms": 1792.1936511993408,
        "executionID": "e4wdoc1g2gar",
        "containerID": "9517c1c3-312f-4e0d-860b-3e642e874ea6",
        "uptime": "72.59",
        "meminfo": "MemTotal:        2097152 kB\nMemFree:         2048304 kB\nMemAvailable:    2048304 kB\nBuffers:               0 kB\nCached:            13744 kB\nSwapCache:             0 kB\nActive:            35508 kB\nInactive:           6872 kB\nActive(anon):      28636 kB\nInactive(anon):        0 kB\nActive(file):       6872 kB\nInactive(file):     6872 kB\nUnevictable:           0 kB\nMlocked:               0 kB\nSwapTotal:             0 kB\nSwapFree:              0 kB\nDirty:                 0 kB\nWriteback:             0 kB\nAnonPages:         28636 kB\nMapped:            13744 kB\nShmem:                 0 kB",
        "cpuinfo": "Architecture:        x86_64\nCPU op-mode(s):      32-bit, 64-bit\nByte Order:          Little Endian\nCPU(s):              2\nOn-line CPU(s) list: 0,1\nVendor ID:           GenuineIntel\nCPU family:          6\nModel:               85\nModel name:          unknown\nStepping:            unknown\nCPU MHz:             2681.485\nBogoMIPS:            2681.49\nVirtualization:      VT-x\nFlags:               fpu vme de pse tsc msr pae mce cx8 apic sep mtrr pge mca cmov pat pse36 clflush dts acpi mmx fxsr sse sse2 ss ht tm pbe syscall nx pdpe1gb rdtscp lm pni pclmulqdq dtes64 monitor ds_cpl vmx smx est tm2 ssse3 sdbg fma cx16 xtpr pdcm pcid dca sse4_1 sse4_2 x2apic movbe popcnt tsc_deadline_timer aes xsave avx f16c rdrand lahf_lm abm 3dnowprefetch fsgsbase tsc_adjust bmi1 hle avx2 smep bmi2 erms invpcid rtm cqm mpx rdt_a avx512f avx512dq rdseed adx smap clwb avx512cd avx512bw avx512vl xsaveopt xsavec xgetbv1 xsaves pku"
    }
},
{
    "pystart_ms": 1588924117050.3435,
    "pyend_ms": 1588924119814.2915,
    "pyduration_ms": 2763.947998046875,
    "func_data": {
        "initTime_ms": 1588924117861.5225,
        "endTime_ms": 1588924119656.0815,
        "duration_ms": 1794.5590019226074,
        "executionID": "u362wg10y6nl",
        "containerID": "2dcd66a0-4e2b-4c16-a6a3-8a36b254e854",
        "uptime": "103.65",
        "meminfo": "MemTotal:        2097152 kB\nMemFree:         2049352 kB\nMemAvailable:    2049352 kB\nBuffers:               0 kB\nCached:            13684 kB\nSwapCache:             0 kB\nActive:            34488 kB\nInactive:           6844 kB\nActive(anon):      27648 kB\nInactive(anon):        0 kB\nActive(file):       6840 kB\nInactive(file):     6844 kB\nUnevictable:           0 kB\nMlocked:               0 kB\nSwapTotal:             0 kB\nSwapFree:              0 kB\nDirty:                 0 kB\nWriteback:             0 kB\nAnonPages:         27648 kB\nMapped:            13684 kB\nShmem:                 0 kB",
        "cpuinfo": "Architecture:        x86_64\nCPU op-mode(s):      32-bit, 64-bit\nByte Order:          Little Endian\nCPU(s):              2\nOn-line CPU(s) list: 0,1\nVendor ID:           GenuineIntel\nCPU family:          6\nModel:               85\nModel name:          unknown\nStepping:            unknown\nCPU MHz:             2653.399\nBogoMIPS:            2653.40\nVirtualization:      VT-x\nFlags:               fpu vme de pse tsc msr pae mce cx8 apic sep mtrr pge mca cmov pat pse36 clflush dts acpi mmx fxsr sse sse2 ss ht tm pbe syscall nx pdpe1gb rdtscp lm pni pclmulqdq dtes64 monitor ds_cpl vmx smx est tm2 ssse3 sdbg fma cx16 xtpr pdcm pcid dca sse4_1 sse4_2 x2apic movbe popcnt tsc_deadline_timer aes xsave avx f16c rdrand lahf_lm abm 3dnowprefetch fsgsbase tsc_adjust bmi1 hle avx2 smep bmi2 erms invpcid rtm cqm mpx rdt_a avx512f avx512dq rdseed adx smap clwb avx512cd avx512bw avx512vl xsaveopt xsavec xgetbv1 xsaves pku"
    }
},
{
    "pystart_ms": 1588924117076.3452,
    "pyend_ms": 1588924119816.2908,
    "pyduration_ms": 2739.945556640625,
    "func_data": {
        "initTime_ms": 1588924117959.5586,
        "endTime_ms": 1588924119669.8179,
        "duration_ms": 1710.2594375610352,
        "executionID": "5q68t82yeig7",
        "containerID": "e2861508-5338-444c-a793-964c1e84e5ee",
        "uptime": "73.98",
        "meminfo": "MemTotal:        2097152 kB\nMemFree:         2048172 kB\nMemAvailable:    2048172 kB\nBuffers:               0 kB\nCached:            13680 kB\nSwapCache:             0 kB\nActive:            35672 kB\nInactive:           6840 kB\nActive(anon):      28832 kB\nInactive(anon):        0 kB\nActive(file):       6840 kB\nInactive(file):     6840 kB\nUnevictable:           0 kB\nMlocked:               0 kB\nSwapTotal:             0 kB\nSwapFree:              0 kB\nDirty:                 0 kB\nWriteback:             0 kB\nAnonPages:         28832 kB\nMapped:            13680 kB\nShmem:                 0 kB",
        "cpuinfo": "Architecture:        x86_64\nCPU op-mode(s):      32-bit, 64-bit\nByte Order:          Little Endian\nCPU(s):              2\nOn-line CPU(s) list: 0,1\nVendor ID:           GenuineIntel\nCPU family:          6\nModel:               85\nModel name:          unknown\nStepping:            unknown\nCPU MHz:             2700.136\nBogoMIPS:            2700.14\nVirtualization:      VT-x\nFlags:               fpu vme de pse tsc msr pae mce cx8 apic sep mtrr pge mca cmov pat pse36 clflush dts acpi mmx fxsr sse sse2 ss ht tm pbe syscall nx pdpe1gb rdtscp lm pni pclmulqdq dtes64 monitor ds_cpl vmx smx est tm2 ssse3 sdbg fma cx16 xtpr pdcm pcid dca sse4_1 sse4_2 x2apic movbe popcnt tsc_deadline_timer aes xsave avx f16c rdrand lahf_lm abm 3dnowprefetch fsgsbase tsc_adjust bmi1 hle avx2 smep bmi2 erms invpcid rtm cqm mpx rdt_a avx512f avx512dq rdseed adx smap clwb avx512cd avx512bw avx512vl xsaveopt xsavec xgetbv1 xsaves pku"
    }
},
{
    "pystart_ms": 1588924117044.3445,
    "pyend_ms": 1588924119838.5193,
    "pyduration_ms": 2794.1748046875,
    "func_data": {
        "initTime_ms": 1588924117855.7393,
        "endTime_ms": 1588924119670.5303,
        "duration_ms": 1814.790964126587,
        "executionID": "ongtd1972oug",
        "containerID": "4018bb5f-0b86-4ab6-9ccd-741bf5969abf",
        "uptime": "72.89",
        "meminfo": "MemTotal:        2097152 kB\nMemFree:         2051332 kB\nMemAvailable:    2051332 kB\nBuffers:               0 kB\nCached:            12908 kB\nSwapCache:             0 kB\nActive:            32896 kB\nInactive:           6456 kB\nActive(anon):      26444 kB\nInactive(anon):        0 kB\nActive(file):       6452 kB\nInactive(file):     6456 kB\nUnevictable:           0 kB\nMlocked:               0 kB\nSwapTotal:             0 kB\nSwapFree:              0 kB\nDirty:                 0 kB\nWriteback:             0 kB\nAnonPages:         26444 kB\nMapped:            12908 kB\nShmem:                 0 kB",
        "cpuinfo": "Architecture:        x86_64\nCPU op-mode(s):      32-bit, 64-bit\nByte Order:          Little Endian\nCPU(s):              2\nOn-line CPU(s) list: 0,1\nVendor ID:           GenuineIntel\nCPU family:          6\nModel:               85\nModel name:          unknown\nStepping:            unknown\nCPU MHz:             2674.712\nBogoMIPS:            2674.71\nVirtualization:      VT-x\nFlags:               fpu vme de pse tsc msr pae mce cx8 apic sep mtrr pge mca cmov pat pse36 clflush dts acpi mmx fxsr sse sse2 ss ht tm pbe syscall nx pdpe1gb rdtscp lm pni pclmulqdq dtes64 monitor ds_cpl vmx smx est tm2 ssse3 sdbg fma cx16 xtpr pdcm pcid dca sse4_1 sse4_2 x2apic movbe popcnt tsc_deadline_timer aes xsave avx f16c rdrand lahf_lm abm 3dnowprefetch fsgsbase tsc_adjust bmi1 hle avx2 smep bmi2 erms invpcid rtm cqm mpx rdt_a avx512f avx512dq rdseed adx smap clwb avx512cd avx512bw avx512vl xsaveopt xsavec xgetbv1 xsaves pku"
    }
},
{
    "pystart_ms": 1588924117105.345,
    "pyend_ms": 1588924119843.5193,
    "pyduration_ms": 2738.17431640625,
    "func_data": {
        "initTime_ms": 1588924118077.0469,
        "endTime_ms": 1588924119678.382,
        "duration_ms": 1601.3352870941162,
        "executionID": "fr9ngm158cg9",
        "containerID": "63a7b798-1757-4da3-9511-1befc3f012bf",
        "uptime": "72.99",
        "meminfo": "MemTotal:        2097152 kB\nMemFree:         2051044 kB\nMemAvailable:    2051044 kB\nBuffers:               0 kB\nCached:            13468 kB\nSwapCache:             0 kB\nActive:            32904 kB\nInactive:           6736 kB\nActive(anon):      26172 kB\nInactive(anon):        0 kB\nActive(file):       6732 kB\nInactive(file):     6736 kB\nUnevictable:           0 kB\nMlocked:               0 kB\nSwapTotal:             0 kB\nSwapFree:              0 kB\nDirty:                 0 kB\nWriteback:             0 kB\nAnonPages:         26172 kB\nMapped:            13468 kB\nShmem:                 0 kB",
        "cpuinfo": "Architecture:        x86_64\nCPU op-mode(s):      32-bit, 64-bit\nByte Order:          Little Endian\nCPU(s):              2\nOn-line CPU(s) list: 0,1\nVendor ID:           GenuineIntel\nCPU family:          6\nModel:               79\nModel name:          unknown\nStepping:            unknown\nCPU MHz:             2757.042\nBogoMIPS:            2757.04\nVirtualization:      VT-x\nFlags:               fpu vme de pse tsc msr pae mce cx8 apic sep mtrr pge mca cmov pat pse36 clflush dts acpi mmx fxsr sse sse2 ss ht tm pbe syscall nx pdpe1gb rdtscp lm pni pclmulqdq dtes64 monitor ds_cpl vmx smx est tm2 ssse3 sdbg fma cx16 xtpr pdcm pcid dca sse4_1 sse4_2 x2apic movbe popcnt tsc_deadline_timer aes xsave avx f16c rdrand lahf_lm abm 3dnowprefetch fsgsbase tsc_adjust bmi1 hle avx2 smep bmi2 erms invpcid rtm cqm rdt_a rdseed adx smap xsaveopt"
    }
},
{
    "pystart_ms": 1588924117028.3442,
    "pyend_ms": 1588924119859.0708,
    "pyduration_ms": 2830.7265625,
    "func_data": {
        "initTime_ms": 1588924117685.1357,
        "endTime_ms": 1588924119784.3242,
        "duration_ms": 2099.1883277893066,
        "executionID": "4p34z8gtzt3k",
        "containerID": "4fae40d8-a0a0-447c-978e-c9acfb4c1c78",
        "uptime": "72.55",
        "meminfo": "MemTotal:        2097152 kB\nMemFree:         2048392 kB\nMemAvailable:    2048392 kB\nBuffers:               0 kB\nCached:            13740 kB\nSwapCache:             0 kB\nActive:            35420 kB\nInactive:           6872 kB\nActive(anon):      28552 kB\nInactive(anon):        0 kB\nActive(file):       6868 kB\nInactive(file):     6872 kB\nUnevictable:           0 kB\nMlocked:               0 kB\nSwapTotal:             0 kB\nSwapFree:              0 kB\nDirty:                 0 kB\nWriteback:             0 kB\nAnonPages:         28552 kB\nMapped:            13740 kB\nShmem:                 0 kB",
        "cpuinfo": "Architecture:        x86_64\nCPU op-mode(s):      32-bit, 64-bit\nByte Order:          Little Endian\nCPU(s):              2\nOn-line CPU(s) list: 0,1\nVendor ID:           GenuineIntel\nCPU family:          6\nModel:               85\nModel name:          unknown\nStepping:            unknown\nCPU MHz:             2700.234\nBogoMIPS:            2700.23\nVirtualization:      VT-x\nFlags:               fpu vme de pse tsc msr pae mce cx8 apic sep mtrr pge mca cmov pat pse36 clflush dts acpi mmx fxsr sse sse2 ss ht tm pbe syscall nx pdpe1gb rdtscp lm pni pclmulqdq dtes64 monitor ds_cpl vmx smx est tm2 ssse3 sdbg fma cx16 xtpr pdcm pcid dca sse4_1 sse4_2 x2apic movbe popcnt tsc_deadline_timer aes xsave avx f16c rdrand lahf_lm abm 3dnowprefetch fsgsbase tsc_adjust bmi1 hle avx2 smep bmi2 erms invpcid rtm cqm mpx rdt_a avx512f avx512dq rdseed adx smap clwb avx512cd avx512bw avx512vl xsaveopt xsavec xgetbv1 xsaves pku"
    }
},
{
    "pystart_ms": 1588924117059.3445,
    "pyend_ms": 1588924119875.6147,
    "pyduration_ms": 2816.270263671875,
    "func_data": {
        "initTime_ms": 1588924117818.1436,
        "endTime_ms": 1588924119774.2795,
        "duration_ms": 1956.1359882354736,
        "executionID": "ygxc38qyyq0j",
        "containerID": "f6c4a4f4-eb3d-4231-bbc5-1a151a6c7afc",
        "uptime": "148.08",
        "meminfo": "MemTotal:        2097152 kB\nMemFree:         2048768 kB\nMemAvailable:    2048768 kB\nBuffers:               0 kB\nCached:            13748 kB\nSwapCache:             0 kB\nActive:            35040 kB\nInactive:           6876 kB\nActive(anon):      28168 kB\nInactive(anon):        0 kB\nActive(file):       6872 kB\nInactive(file):     6876 kB\nUnevictable:           0 kB\nMlocked:               0 kB\nSwapTotal:             0 kB\nSwapFree:              0 kB\nDirty:                 0 kB\nWriteback:             0 kB\nAnonPages:         28168 kB\nMapped:            13748 kB\nShmem:                 0 kB",
