
{
    "pystart_ms": 1588924161445.7559,
    "pyend_ms": 1588924164763.795,
    "pyduration_ms": 3318.0390625,
    "func_data": {
        "initTime_ms": 1588924162532.0217,
        "endTime_ms": 1588924164257.107,
        "duration_ms": 1725.0852584838867,
        "executionID": "t4qa1u0thsdy",
        "containerID": "b5a5f47b-6919-4910-a822-f5f65db102ee",
        "uptime": "118.10",
        "meminfo": "MemTotal:        2097152 kB\nMemFree:         2050188 kB\nMemAvailable:    2050188 kB\nBuffers:               0 kB\nCached:            13604 kB\nSwapCache:             0 kB\nActive:            33692 kB\nInactive:           6804 kB\nActive(anon):      26892 kB\nInactive(anon):        0 kB\nActive(file):       6800 kB\nInactive(file):     6804 kB\nUnevictable:           0 kB\nMlocked:               0 kB\nSwapTotal:             0 kB\nSwapFree:              0 kB\nDirty:                 0 kB\nWriteback:             0 kB\nAnonPages:         26892 kB\nMapped:            13604 kB\nShmem:                 0 kB",
        "cpuinfo": "Architecture:        x86_64\nCPU op-mode(s):      32-bit, 64-bit\nByte Order:          Little Endian\nCPU(s):              2\nOn-line CPU(s) list: 0,1\nVendor ID:           GenuineIntel\nCPU family:          6\nModel:               85\nModel name:          unknown\nStepping:            unknown\nCPU MHz:             2631.042\nBogoMIPS:            2631.04\nVirtualization:      VT-x\nFlags:               fpu vme de pse tsc msr pae mce cx8 apic sep mtrr pge mca cmov pat pse36 clflush dts acpi mmx fxsr sse sse2 ss ht tm pbe syscall nx pdpe1gb rdtscp lm pni pclmulqdq dtes64 monitor ds_cpl vmx smx est tm2 ssse3 sdbg fma cx16 xtpr pdcm pcid dca sse4_1 sse4_2 x2apic movbe popcnt tsc_deadline_timer aes xsave avx f16c rdrand lahf_lm abm 3dnowprefetch fsgsbase tsc_adjust bmi1 hle avx2 smep bmi2 erms invpcid rtm cqm mpx rdt_a avx512f avx512dq rdseed adx smap clwb avx512cd avx512bw avx512vl xsaveopt xsavec xgetbv1 xsaves pku"
    }
},
{
    "pystart_ms": 1588924161473.782,
    "pyend_ms": 1588924164766.7566,
    "pyduration_ms": 3292.974609375,
    "func_data": {
        "initTime_ms": 1588924162653.4475,
        "endTime_ms": 1588924164257.3164,
        "duration_ms": 1603.8687229156494,
        "executionID": "8kuqdqfhjmve",
        "containerID": "6fd30ab0-6dc0-4a06-a56c-386a01df3667",
        "uptime": "43.76",
        "meminfo": "MemTotal:        2097152 kB\nMemFree:         2049372 kB\nMemAvailable:    2049372 kB\nBuffers:               0 kB\nCached:            13240 kB\nSwapCache:             0 kB\nActive:            34692 kB\nInactive:           6620 kB\nActive(anon):      28072 kB\nInactive(anon):        0 kB\nActive(file):       6620 kB\nInactive(file):     6620 kB\nUnevictable:           0 kB\nMlocked:               0 kB\nSwapTotal:             0 kB\nSwapFree:              0 kB\nDirty:                 0 kB\nWriteback:             0 kB\nAnonPages:         28072 kB\nMapped:            13240 kB\nShmem:                 0 kB",
        "cpuinfo": "Architecture:        x86_64\nCPU op-mode(s):      32-bit, 64-bit\nByte Order:          Little Endian\nCPU(s):              2\nOn-line CPU(s) list: 0,1\nVendor ID:           GenuineIntel\nCPU family:          6\nModel:               85\nModel name:          unknown\nStepping:            unknown\nCPU MHz:             2692.571\nBogoMIPS:            2692.57\nVirtualization:      VT-x\nFlags:               fpu vme de pse tsc msr pae mce cx8 apic sep mtrr pge mca cmov pat pse36 clflush dts acpi mmx fxsr sse sse2 ss ht tm pbe syscall nx pdpe1gb rdtscp lm pni pclmulqdq dtes64 monitor ds_cpl vmx smx est tm2 ssse3 sdbg fma cx16 xtpr pdcm pcid dca sse4_1 sse4_2 x2apic movbe popcnt tsc_deadline_timer aes xsave avx f16c rdrand lahf_lm abm 3dnowprefetch fsgsbase tsc_adjust bmi1 hle avx2 smep bmi2 erms invpcid rtm cqm mpx rdt_a avx512f avx512dq rdseed adx smap clwb avx512cd avx512bw avx512vl xsaveopt xsavec xgetbv1 xsaves pku"
    }
},
{
    "pystart_ms": 1588924161440.7947,
    "pyend_ms": 1588924164767.7556,
    "pyduration_ms": 3326.9609375,
    "func_data": {
        "initTime_ms": 1588924162553.3306,
        "endTime_ms": 1588924164154.1829,
        "duration_ms": 1600.8522510528564,
        "executionID": "kp8osvdawkwn",
        "containerID": "4e394667-cc2b-49de-97ca-baed2dcd9900",
        "uptime": "42.92",
        "meminfo": "MemTotal:        2097152 kB\nMemFree:         2049900 kB\nMemAvailable:    2049900 kB\nBuffers:               0 kB\nCached:            13604 kB\nSwapCache:             0 kB\nActive:            33980 kB\nInactive:           6804 kB\nActive(anon):      27180 kB\nInactive(anon):        0 kB\nActive(file):       6800 kB\nInactive(file):     6804 kB\nUnevictable:           0 kB\nMlocked:               0 kB\nSwapTotal:             0 kB\nSwapFree:              0 kB\nDirty:                 0 kB\nWriteback:             0 kB\nAnonPages:         27180 kB\nMapped:            13604 kB\nShmem:                 0 kB",
        "cpuinfo": "Architecture:        x86_64\nCPU op-mode(s):      32-bit, 64-bit\nByte Order:          Little Endian\nCPU(s):              2\nOn-line CPU(s) list: 0,1\nVendor ID:           GenuineIntel\nCPU family:          6\nModel:               85\nModel name:          unknown\nStepping:            unknown\nCPU MHz:             2583.752\nBogoMIPS:            2583.75\nVirtualization:      VT-x\nFlags:               fpu vme de pse tsc msr pae mce cx8 apic sep mtrr pge mca cmov pat pse36 clflush dts acpi mmx fxsr sse sse2 ss ht tm pbe syscall nx pdpe1gb rdtscp lm pni pclmulqdq dtes64 monitor ds_cpl vmx smx est tm2 ssse3 sdbg fma cx16 xtpr pdcm pcid dca sse4_1 sse4_2 x2apic movbe popcnt tsc_deadline_timer aes xsave avx f16c rdrand lahf_lm abm 3dnowprefetch fsgsbase tsc_adjust bmi1 hle avx2 smep bmi2 erms invpcid rtm cqm mpx rdt_a avx512f avx512dq rdseed adx smap clwb avx512cd avx512bw avx512vl xsaveopt xsavec xgetbv1 xsaves pku"
    }
},
{
    "pystart_ms": 1588924161486.7566,
    "pyend_ms": 1588924164769.7966,
    "pyduration_ms": 3283.0400390625,
    "func_data": {
        "initTime_ms": 1588924162710.8467,
        "endTime_ms": 1588924164283.8171,
        "duration_ms": 1572.9703903198242,
        "executionID": "nck2uqhluese",
        "containerID": "5789adbe-7dea-478d-85f1-c0b4a0c2bae7",
        "uptime": "43.62",
        "meminfo": "MemTotal:        2097152 kB\nMemFree:         2050700 kB\nMemAvailable:    2050700 kB\nBuffers:               0 kB\nCached:            13604 kB\nSwapCache:             0 kB\nActive:            33180 kB\nInactive:           6804 kB\nActive(anon):      26380 kB\nInactive(anon):        0 kB\nActive(file):       6800 kB\nInactive(file):     6804 kB\nUnevictable:           0 kB\nMlocked:               0 kB\nSwapTotal:             0 kB\nSwapFree:              0 kB\nDirty:                 0 kB\nWriteback:             0 kB\nAnonPages:         26380 kB\nMapped:            13604 kB\nShmem:                 0 kB",
        "cpuinfo": "Architecture:        x86_64\nCPU op-mode(s):      32-bit, 64-bit\nByte Order:          Little Endian\nCPU(s):              2\nOn-line CPU(s) list: 0,1\nVendor ID:           GenuineIntel\nCPU family:          6\nModel:               85\nModel name:          unknown\nStepping:            unknown\nCPU MHz:             2700.227\nBogoMIPS:            2700.23\nVirtualization:      VT-x\nFlags:               fpu vme de pse tsc msr pae mce cx8 apic sep mtrr pge mca cmov pat pse36 clflush dts acpi mmx fxsr sse sse2 ss ht tm pbe syscall nx pdpe1gb rdtscp lm pni pclmulqdq dtes64 monitor ds_cpl vmx smx est tm2 ssse3 sdbg fma cx16 xtpr pdcm pcid dca sse4_1 sse4_2 x2apic movbe popcnt tsc_deadline_timer aes xsave avx f16c rdrand lahf_lm abm 3dnowprefetch fsgsbase tsc_adjust bmi1 hle avx2 smep bmi2 erms invpcid rtm cqm mpx rdt_a avx512f avx512dq rdseed adx smap clwb avx512cd avx512bw avx512vl xsaveopt xsavec xgetbv1 xsaves pku"
    }
},
{
    "pystart_ms": 1588924161463.7705,
    "pyend_ms": 1588924164771.7954,
    "pyduration_ms": 3308.02490234375,
    "func_data": {
        "initTime_ms": 1588924162690.7358,
        "endTime_ms": 1588924164394.582,
        "duration_ms": 1703.8462162017822,
        "executionID": "43be28g7k1vs",
        "containerID": "ecdfd01d-7be8-4076-8363-2d6abebf2786",
        "uptime": "43.57",
        "meminfo": "MemTotal:        2097152 kB\nMemFree:         2048808 kB\nMemAvailable:    2048808 kB\nBuffers:               0 kB\nCached:            13264 kB\nSwapCache:             0 kB\nActive:            35244 kB\nInactive:           6632 kB\nActive(anon):      28612 kB\nInactive(anon):        0 kB\nActive(file):       6632 kB\nInactive(file):     6632 kB\nUnevictable:           0 kB\nMlocked:               0 kB\nSwapTotal:             0 kB\nSwapFree:              0 kB\nDirty:                 0 kB\nWriteback:             0 kB\nAnonPages:         28612 kB\nMapped:            13264 kB\nShmem:                 0 kB",
        "cpuinfo": "Architecture:        x86_64\nCPU op-mode(s):      32-bit, 64-bit\nByte Order:          Little Endian\nCPU(s):              2\nOn-line CPU(s) list: 0,1\nVendor ID:           GenuineIntel\nCPU family:          6\nModel:               79\nModel name:          unknown\nStepping:            unknown\nCPU MHz:             2799.998\nBogoMIPS:            2800.00\nVirtualization:      VT-x\nFlags:               fpu vme de pse tsc msr pae mce cx8 apic sep mtrr pge mca cmov pat pse36 clflush dts acpi mmx fxsr sse sse2 ss ht tm pbe syscall nx pdpe1gb rdtscp lm pni pclmulqdq dtes64 monitor ds_cpl vmx smx est tm2 ssse3 sdbg fma cx16 xtpr pdcm pcid dca sse4_1 sse4_2 x2apic movbe popcnt tsc_deadline_timer aes xsave avx f16c rdrand lahf_lm abm 3dnowprefetch fsgsbase tsc_adjust bmi1 hle avx2 smep bmi2 erms invpcid rtm cqm rdt_a rdseed adx smap xsaveopt"
    }
},
{
    "pystart_ms": 1588924161467.7825,
    "pyend_ms": 1588924164772.7947,
    "pyduration_ms": 3305.01220703125,
    "func_data": {
        "initTime_ms": 1588924162700.069,
        "endTime_ms": 1588924164331.7546,
        "duration_ms": 1631.685495376587,
        "executionID": "kd78j9f578q9",
        "containerID": "1809bcfd-8a2a-41c6-a371-0e4e6dbd15a7",
        "uptime": "44.69",
        "meminfo": "MemTotal:        2097152 kB\nMemFree:         2050656 kB\nMemAvailable:    2050656 kB\nBuffers:               0 kB\nCached:            13604 kB\nSwapCache:             0 kB\nActive:            33224 kB\nInactive:           6804 kB\nActive(anon):      26424 kB\nInactive(anon):        0 kB\nActive(file):       6800 kB\nInactive(file):     6804 kB\nUnevictable:           0 kB\nMlocked:               0 kB\nSwapTotal:             0 kB\nSwapFree:              0 kB\nDirty:                 0 kB\nWriteback:             0 kB\nAnonPages:         26424 kB\nMapped:            13604 kB\nShmem:                 0 kB",
        "cpuinfo": "Architecture:        x86_64\nCPU op-mode(s):      32-bit, 64-bit\nByte Order:          Little Endian\nCPU(s):              2\nOn-line CPU(s) list: 0,1\nVendor ID:           GenuineIntel\nCPU family:          6\nModel:               85\nModel name:          unknown\nStepping:            unknown\nCPU MHz:             2313.422\nBogoMIPS:            2313.42\nVirtualization:      VT-x\nFlags:               fpu vme de pse tsc msr pae mce cx8 apic sep mtrr pge mca cmov pat pse36 clflush dts acpi mmx fxsr sse sse2 ss ht tm pbe syscall nx pdpe1gb rdtscp lm pni pclmulqdq dtes64 monitor ds_cpl vmx smx est tm2 ssse3 sdbg fma cx16 xtpr pdcm pcid dca sse4_1 sse4_2 x2apic movbe popcnt tsc_deadline_timer aes xsave avx f16c rdrand lahf_lm abm 3dnowprefetch fsgsbase tsc_adjust bmi1 hle avx2 smep bmi2 erms invpcid rtm cqm mpx rdt_a avx512f avx512dq rdseed adx smap clwb avx512cd avx512bw avx512vl xsaveopt xsavec xgetbv1 xsaves pku"
    }
},
{
    "pystart_ms": 1588924161453.781,
    "pyend_ms": 1588924164773.767,
    "pyduration_ms": 3319.986083984375,
    "func_data": {
        "initTime_ms": 1588924162627.4202,
        "endTime_ms": 1588924164325.703,
        "duration_ms": 1698.2827186584473,
        "executionID": "46il7iea2yh0",
        "containerID": "922fe72c-3846-4002-b4bf-bafe57950dc2",
        "uptime": "43.18",
        "meminfo": "MemTotal:        2097152 kB\nMemFree:         2048480 kB\nMemAvailable:    2048480 kB\nBuffers:               0 kB\nCached:            13240 kB\nSwapCache:             0 kB\nActive:            35584 kB\nInactive:           6620 kB\nActive(anon):      28964 kB\nInactive(anon):        0 kB\nActive(file):       6620 kB\nInactive(file):     6620 kB\nUnevictable:           0 kB\nMlocked:               0 kB\nSwapTotal:             0 kB\nSwapFree:              0 kB\nDirty:                 0 kB\nWriteback:             0 kB\nAnonPages:         28964 kB\nMapped:            13240 kB\nShmem:                 0 kB",
        "cpuinfo": "Architecture:        x86_64\nCPU op-mode(s):      32-bit, 64-bit\nByte Order:          Little Endian\nCPU(s):              2\nOn-line CPU(s) list: 0,1\nVendor ID:           GenuineIntel\nCPU family:          6\nModel:               85\nModel name:          unknown\nStepping:            unknown\nCPU MHz:             2690.269\nBogoMIPS:            2690.27\nVirtualization:      VT-x\nFlags:               fpu vme de pse tsc msr pae mce cx8 apic sep mtrr pge mca cmov pat pse36 clflush dts acpi mmx fxsr sse sse2 ss ht tm pbe syscall nx pdpe1gb rdtscp lm pni pclmulqdq dtes64 monitor ds_cpl vmx smx est tm2 ssse3 sdbg fma cx16 xtpr pdcm pcid dca sse4_1 sse4_2 x2apic movbe popcnt tsc_deadline_timer aes xsave avx f16c rdrand lahf_lm abm 3dnowprefetch fsgsbase tsc_adjust bmi1 hle avx2 smep bmi2 erms invpcid rtm cqm mpx rdt_a avx512f avx512dq rdseed adx smap clwb avx512cd avx512bw avx512vl xsaveopt xsavec xgetbv1 xsaves pku"
    }
},
{
    "pystart_ms": 1588924161444.758,
    "pyend_ms": 1588924164774.7578,
    "pyduration_ms": 3329.999755859375,
    "func_data": {
        "initTime_ms": 1588924162553.6785,
        "endTime_ms": 1588924164343.4985,
        "duration_ms": 1789.8199558258057,
        "executionID": "yk94zmapagce",
        "containerID": "fb11895d-9e6f-4e9d-bb2d-509ba4bf7144",
        "uptime": "43.04",
        "meminfo": "MemTotal:        2097152 kB\nMemFree:         2050876 kB\nMemAvailable:    2050876 kB\nBuffers:               0 kB\nCached:            13688 kB\nSwapCache:             0 kB\nActive:            32964 kB\nInactive:           6844 kB\nActive(anon):      26120 kB\nInactive(anon):        0 kB\nActive(file):       6844 kB\nInactive(file):     6844 kB\nUnevictable:           0 kB\nMlocked:               0 kB\nSwapTotal:             0 kB\nSwapFree:              0 kB\nDirty:                 0 kB\nWriteback:             0 kB\nAnonPages:         26120 kB\nMapped:            13688 kB\nShmem:                 0 kB",
        "cpuinfo": "Architecture:        x86_64\nCPU op-mode(s):      32-bit, 64-bit\nByte Order:          Little Endian\nCPU(s):              2\nOn-line CPU(s) list: 0,1\nVendor ID:           GenuineIntel\nCPU family:          6\nModel:               85\nModel name:          unknown\nStepping:            unknown\nCPU MHz:             2700.127\nBogoMIPS:            2700.13\nVirtualization:      VT-x\nFlags:               fpu vme de pse tsc msr pae mce cx8 apic sep mtrr pge mca cmov pat pse36 clflush dts acpi mmx fxsr sse sse2 ss ht tm pbe syscall nx pdpe1gb rdtscp lm pni pclmulqdq dtes64 monitor ds_cpl vmx smx est tm2 ssse3 sdbg fma cx16 xtpr pdcm pcid dca sse4_1 sse4_2 x2apic movbe popcnt tsc_deadline_timer aes xsave avx f16c rdrand lahf_lm abm 3dnowprefetch fsgsbase tsc_adjust bmi1 hle avx2 smep bmi2 erms invpcid rtm cqm mpx rdt_a avx512f avx512dq rdseed adx smap clwb avx512cd avx512bw avx512vl xsaveopt xsavec xgetbv1 xsaves pku"
    }
},
{
    "pystart_ms": 1588924161474.7812,
    "pyend_ms": 1588924164784.832,
    "pyduration_ms": 3310.05078125,
    "func_data": {
        "initTime_ms": 1588924162572.8826,
        "endTime_ms": 1588924164270.4666,
        "duration_ms": 1697.5839138031006,
        "executionID": "cnzq0oq7kghc",
        "containerID": "46e8d8a9-82c9-4d96-866f-798e10263256",
        "uptime": "42.95",
        "meminfo": "MemTotal:        2097152 kB\nMemFree:         2048308 kB\nMemAvailable:    2048308 kB\nBuffers:               0 kB\nCached:            13272 kB\nSwapCache:             0 kB\nActive:            35740 kB\nInactive:           6636 kB\nActive(anon):      29104 kB\nInactive(anon):        0 kB\nActive(file):       6636 kB\nInactive(file):     6636 kB\nUnevictable:           0 kB\nMlocked:               0 kB\nSwapTotal:             0 kB\nSwapFree:              0 kB\nDirty:                 0 kB\nWriteback:             0 kB\nAnonPages:         29104 kB\nMapped:            13272 kB\nShmem:                 0 kB",
        "cpuinfo": "Architecture:        x86_64\nCPU op-mode(s):      32-bit, 64-bit\nByte Order:          Little Endian\nCPU(s):              2\nOn-line CPU(s) list: 0,1\nVendor ID:           GenuineIntel\nCPU family:          6\nModel:               79\nModel name:          unknown\nStepping:            unknown\nCPU MHz:             2794.065\nBogoMIPS:            2794.07\nVirtualization:      VT-x\nFlags:               fpu vme de pse tsc msr pae mce cx8 apic sep mtrr pge mca cmov pat pse36 clflush dts acpi mmx fxsr sse sse2 ss ht tm pbe syscall nx pdpe1gb rdtscp lm pni pclmulqdq dtes64 monitor ds_cpl vmx smx est tm2 ssse3 sdbg fma cx16 xtpr pdcm pcid dca sse4_1 sse4_2 x2apic movbe popcnt tsc_deadline_timer aes xsave avx f16c rdrand lahf_lm abm 3dnowprefetch fsgsbase tsc_adjust bmi1 hle avx2 smep bmi2 erms invpcid rtm cqm rdt_a rdseed adx smap xsaveopt"
    }
},
{
    "pystart_ms": 1588924161476.7812,
    "pyend_ms": 1588924164786.788,
    "pyduration_ms": 3310.0068359375,
    "func_data": {
        "initTime_ms": 1588924162610.9304,
        "endTime_ms": 1588924164500.4055,
        "duration_ms": 1889.4751071929932,
        "executionID": "6mtnpw6rlyxm",
        "containerID": "37b1cd8d-7759-4c4e-aada-dec114f770b2",
        "uptime": "43.48",
        "meminfo": "MemTotal:        2097152 kB\nMemFree:         2050460 kB\nMemAvailable:    2050460 kB\nBuffers:               0 kB\nCached:            13020 kB\nSwapCache:             0 kB\nActive:            33712 kB\nInactive:           6512 kB\nActive(anon):      27204 kB\nInactive(anon):        0 kB\nActive(file):       6508 kB\nInactive(file):     6512 kB\nUnevictable:           0 kB\nMlocked:               0 kB\nSwapTotal:             0 kB\nSwapFree:              0 kB\nDirty:                 0 kB\nWriteback:             0 kB\nAnonPages:         27204 kB\nMapped:            13020 kB\nShmem:                 0 kB",
        "cpuinfo": "Architecture:        x86_64\nCPU op-mode(s):      32-bit, 64-bit\nByte Order:          Little Endian\nCPU(s):              2\nOn-line CPU(s) list: 0,1\nVendor ID:           GenuineIntel\nCPU family:          6\nModel:               79\nModel name:          unknown\nStepping:            unknown\nCPU MHz:             2664.344\nBogoMIPS:            2664.34\nVirtualization:      VT-x\nFlags:               fpu vme de pse tsc msr pae mce cx8 apic sep mtrr pge mca cmov pat pse36 clflush dts acpi mmx fxsr sse sse2 ss ht tm pbe syscall nx pdpe1gb rdtscp lm pni pclmulqdq dtes64 monitor ds_cpl vmx smx est tm2 ssse3 sdbg fma cx16 xtpr pdcm pcid dca sse4_1 sse4_2 x2apic movbe popcnt tsc_deadline_timer aes xsave avx f16c rdrand lahf_lm abm 3dnowprefetch fsgsbase tsc_adjust bmi1 hle avx2 smep bmi2 erms invpcid rtm cqm rdt_a rdseed adx smap xsaveopt"
    }
},
{
    "pystart_ms": 1588924161466.7964,
    "pyend_ms": 1588924164787.755,
    "pyduration_ms": 3320.95849609375,
    "func_data": {
        "initTime_ms": 1588924162709.0261,
        "endTime_ms": 1588924164410.9507,
        "duration_ms": 1701.9245624542236,
        "executionID": "1q9mxe6spuk9",
        "containerID": "e5f0e070-dce1-4c53-8324-80110c2e7c68",
        "uptime": "43.50",
        "meminfo": "MemTotal:        2097152 kB\nMemFree:         2048496 kB\nMemAvailable:    2048496 kB\nBuffers:               0 kB\nCached:            13604 kB\nSwapCache:             0 kB\nActive:            35384 kB\nInactive:           6804 kB\nActive(anon):      28584 kB\nInactive(anon):        0 kB\nActive(file):       6800 kB\nInactive(file):     6804 kB\nUnevictable:           0 kB\nMlocked:               0 kB\nSwapTotal:             0 kB\nSwapFree:              0 kB\nDirty:                 0 kB\nWriteback:             0 kB\nAnonPages:         28584 kB\nMapped:            13604 kB\nShmem:                 0 kB",
        "cpuinfo": "Architecture:        x86_64\nCPU op-mode(s):      32-bit, 64-bit\nByte Order:          Little Endian\nCPU(s):              2\nOn-line CPU(s) list: 0,1\nVendor ID:           GenuineIntel\nCPU family:          6\nModel:               63\nModel name:          unknown\nStepping:            unknown\nCPU MHz:             2799.625\nBogoMIPS:            2799.62\nVirtualization:      VT-x\nFlags:               fpu vme de pse tsc msr pae mce cx8 apic sep mtrr pge mca cmov pat pse36 clflush dts acpi mmx fxsr sse sse2 ss ht tm pbe syscall nx pdpe1gb rdtscp lm pni pclmulqdq dtes64 monitor ds_cpl vmx smx est tm2 ssse3 sdbg fma cx16 xtpr pdcm pcid dca sse4_1 sse4_2 x2apic movbe popcnt tsc_deadline_timer aes xsave avx f16c rdrand lahf_lm abm fsgsbase tsc_adjust bmi1 avx2 smep bmi2 erms invpcid cqm xsaveopt"
    }
},
{
    "pystart_ms": 1588924161460.7825,
    "pyend_ms": 1588924164788.7673,
    "pyduration_ms": 3327.98486328125,
    "func_data": {
        "initTime_ms": 1588924162539.2788,
        "endTime_ms": 1588924164503.0786,
        "duration_ms": 1963.7999534606934,
        "executionID": "ik5pd2jyl294",
        "containerID": "7293220f-8da2-4c58-806b-cae137912d95",
        "uptime": "44.09",
        "meminfo": "MemTotal:        2097152 kB\nMemFree:         2048072 kB\nMemAvailable:    2048072 kB\nBuffers:               0 kB\nCached:            13644 kB\nSwapCache:             0 kB\nActive:            35788 kB\nInactive:           6824 kB\nActive(anon):      28968 kB\nInactive(anon):        0 kB\nActive(file):       6820 kB\nInactive(file):     6824 kB\nUnevictable:           0 kB\nMlocked:               0 kB\nSwapTotal:             0 kB\nSwapFree:              0 kB\nDirty:                 0 kB\nWriteback:             0 kB\nAnonPages:         28968 kB\nMapped:            13644 kB\nShmem:                 0 kB",
        "cpuinfo": "Architecture:        x86_64\nCPU op-mode(s):      32-bit, 64-bit\nByte Order:          Little Endian\nCPU(s):              2\nOn-line CPU(s) list: 0,1\nVendor ID:           GenuineIntel\nCPU family:          6\nModel:               63\nModel name:          unknown\nStepping:            unknown\nCPU MHz:             2800.007\nBogoMIPS:            2800.01\nVirtualization:      VT-x\nFlags:               fpu vme de pse tsc msr pae mce cx8 apic sep mtrr pge mca cmov pat pse36 clflush dts acpi mmx fxsr sse sse2 ss ht tm pbe syscall nx pdpe1gb rdtscp lm pni pclmulqdq dtes64 monitor ds_cpl vmx smx est tm2 ssse3 sdbg fma cx16 xtpr pdcm pcid dca sse4_1 sse4_2 x2apic movbe popcnt tsc_deadline_timer aes xsave avx f16c rdrand lahf_lm abm fsgsbase tsc_adjust bmi1 avx2 smep bmi2 erms invpcid cqm xsaveopt"
    }
},
{
    "pystart_ms": 1588924161470.7822,
    "pyend_ms": 1588924164789.8,
    "pyduration_ms": 3319.017822265625,
    "func_data": {
        "initTime_ms": 1588924162626.1987,
        "endTime_ms": 1588924164435.5396,
        "duration_ms": 1809.3407154083252,
        "executionID": "uhocz6jd9jxr",
        "containerID": "8b7acd5b-2cd9-496b-b6a3-ef90baa80a8f",
        "uptime": "44.47",
        "meminfo": "MemTotal:        2097152 kB\nMemFree:         2048716 kB\nMemAvailable:    2048716 kB\nBuffers:               0 kB\nCached:            13688 kB\nSwapCache:             0 kB\nActive:            35124 kB\nInactive:           6844 kB\nActive(anon):      28280 kB\nInactive(anon):        0 kB\nActive(file):       6844 kB\nInactive(file):     6844 kB\nUnevictable:           0 kB\nMlocked:               0 kB\nSwapTotal:             0 kB\nSwapFree:              0 kB\nDirty:                 0 kB\nWriteback:             0 kB\nAnonPages:         28280 kB\nMapped:            13688 kB\nShmem:                 0 kB",
        "cpuinfo": "Architecture:        x86_64\nCPU op-mode(s):      32-bit, 64-bit\nByte Order:          Little Endian\nCPU(s):              2\nOn-line CPU(s) list: 0,1\nVendor ID:           GenuineIntel\nCPU family:          6\nModel:               85\nModel name:          unknown\nStepping:            unknown\nCPU MHz:             2700.266\nBogoMIPS:            2700.27\nVirtualization:      VT-x\nFlags:               fpu vme de pse tsc msr pae mce cx8 apic sep mtrr pge mca cmov pat pse36 clflush dts acpi mmx fxsr sse sse2 ss ht tm pbe syscall nx pdpe1gb rdtscp lm pni pclmulqdq dtes64 monitor ds_cpl vmx smx est tm2 ssse3 sdbg fma cx16 xtpr pdcm pcid dca sse4_1 sse4_2 x2apic movbe popcnt tsc_deadline_timer aes xsave avx f16c rdrand lahf_lm abm 3dnowprefetch fsgsbase tsc_adjust bmi1 hle avx2 smep bmi2 erms invpcid rtm cqm mpx rdt_a avx512f avx512dq rdseed adx smap clwb avx512cd avx512bw avx512vl xsaveopt xsavec xgetbv1 xsaves pku"
    }
},
{
    "pystart_ms": 1588924161456.7578,
    "pyend_ms": 1588924164791.7576,
    "pyduration_ms": 3334.999755859375,
    "func_data": {
        "initTime_ms": 1588924162545.977,
        "endTime_ms": 1588924164447.438,
        "duration_ms": 1901.460886001587,
        "executionID": "l4dbixtwttn6",
        "containerID": "c766cf89-48b9-4342-94fd-7b4db785bbb8",
        "uptime": "44.42",
        "meminfo": "MemTotal:        2097152 kB\nMemFree:         2048500 kB\nMemAvailable:    2048500 kB\nBuffers:               0 kB\nCached:            13636 kB\nSwapCache:             0 kB\nActive:            35364 kB\nInactive:           6820 kB\nActive(anon):      28548 kB\nInactive(anon):        0 kB\nActive(file):       6816 kB\nInactive(file):     6820 kB\nUnevictable:           0 kB\nMlocked:               0 kB\nSwapTotal:             0 kB\nSwapFree:              0 kB\nDirty:                 0 kB\nWriteback:             0 kB\nAnonPages:         28548 kB\nMapped:            13636 kB\nShmem:                 0 kB",
        "cpuinfo": "Architecture:        x86_64\nCPU op-mode(s):      32-bit, 64-bit\nByte Order:          Little Endian\nCPU(s):              2\nOn-line CPU(s) list: 0,1\nVendor ID:           GenuineIntel\nCPU family:          6\nModel:               85\nModel name:          unknown\nStepping:            unknown\nCPU MHz:             2634.977\nBogoMIPS:            2634.98\nVirtualization:      VT-x\nFlags:               fpu vme de pse tsc msr pae mce cx8 apic sep mtrr pge mca cmov pat pse36 clflush dts acpi mmx fxsr sse sse2 ss ht tm pbe syscall nx pdpe1gb rdtscp lm pni pclmulqdq dtes64 monitor ds_cpl vmx smx est tm2 ssse3 sdbg fma cx16 xtpr pdcm pcid dca sse4_1 sse4_2 x2apic movbe popcnt tsc_deadline_timer aes xsave avx f16c rdrand lahf_lm abm 3dnowprefetch fsgsbase tsc_adjust bmi1 hle avx2 smep bmi2 erms invpcid rtm cqm mpx rdt_a avx512f avx512dq rdseed adx smap clwb avx512cd avx512bw avx512vl xsaveopt xsavec xgetbv1 xsaves pku"
    }
},
{
    "pystart_ms": 1588924161450.7954,
    "pyend_ms": 1588924164792.7966,
    "pyduration_ms": 3342.001220703125,
    "func_data": {
        "initTime_ms": 1588924162740.6135,
        "endTime_ms": 1588924164434.2346,
        "duration_ms": 1693.6211585998535,
        "executionID": "b777o0dhuyei",
        "containerID": "76c7e44d-c42f-48a2-b378-9a6508a43e32",
        "uptime": "42.47",
        "meminfo": "MemTotal:        2097152 kB\nMemFree:         2049168 kB\nMemAvailable:    2049168 kB\nBuffers:               0 kB\nCached:            13240 kB\nSwapCache:             0 kB\nActive:            34896 kB\nInactive:           6620 kB\nActive(anon):      28276 kB\nInactive(anon):        0 kB\nActive(file):       6620 kB\nInactive(file):     6620 kB\nUnevictable:           0 kB\nMlocked:               0 kB\nSwapTotal:             0 kB\nSwapFree:              0 kB\nDirty:                 0 kB\nWriteback:             0 kB\nAnonPages:         28276 kB\nMapped:            13240 kB\nShmem:                 0 kB",
        "cpuinfo": "Architecture:        x86_64\nCPU op-mode(s):      32-bit, 64-bit\nByte Order:          Little Endian\nCPU(s):              2\nOn-line CPU(s) list: 0,1\nVendor ID:           GenuineIntel\nCPU family:          6\nModel:               85\nModel name:          unknown\nStepping:            unknown\nCPU MHz:             2690.459\nBogoMIPS:            2690.46\nVirtualization:      VT-x\nFlags:               fpu vme de pse tsc msr pae mce cx8 apic sep mtrr pge mca cmov pat pse36 clflush dts acpi mmx fxsr sse sse2 ss ht tm pbe syscall nx pdpe1gb rdtscp lm pni pclmulqdq dtes64 monitor ds_cpl vmx smx est tm2 ssse3 sdbg fma cx16 xtpr pdcm pcid dca sse4_1 sse4_2 x2apic movbe popcnt tsc_deadline_timer aes xsave avx f16c rdrand lahf_lm abm 3dnowprefetch fsgsbase tsc_adjust bmi1 hle avx2 smep bmi2 erms invpcid rtm cqm mpx rdt_a avx512f avx512dq rdseed adx smap clwb avx512cd avx512bw avx512vl xsaveopt xsavec xgetbv1 xsaves pku"
    }
},
{
    "pystart_ms": 1588924161488.756,
    "pyend_ms": 1588924164794.7961,
    "pyduration_ms": 3306.0400390625,
    "func_data": {
        "initTime_ms": 1588924162701.961,
        "endTime_ms": 1588924164443.1,
        "duration_ms": 1741.1391735076904,
        "executionID": "2ixdbibajwtu",
        "containerID": "97f604ba-3c3a-46c8-ba3d-26dbc9a9f730",
        "uptime": "41.50",
        "meminfo": "MemTotal:        2097152 kB\nMemFree:         2051720 kB\nMemAvailable:    2051720 kB\nBuffers:               0 kB\nCached:            13240 kB\nSwapCache:             0 kB\nActive:            32344 kB\nInactive:           6620 kB\nActive(anon):      25724 kB\nInactive(anon):        0 kB\nActive(file):       6620 kB\nInactive(file):     6620 kB\nUnevictable:           0 kB\nMlocked:               0 kB\nSwapTotal:             0 kB\nSwapFree:              0 kB\nDirty:                 0 kB\nWriteback:             0 kB\nAnonPages:         25724 kB\nMapped:            13240 kB\nShmem:                 0 kB",
        "cpuinfo": "Architecture:        x86_64\nCPU op-mode(s):      32-bit, 64-bit\nByte Order:          Little Endian\nCPU(s):              2\nOn-line CPU(s) list: 0,1\nVendor ID:           GenuineIntel\nCPU family:          6\nModel:               85\nModel name:          unknown\nStepping:            unknown\nCPU MHz:             2644.743\nBogoMIPS:            2644.74\nVirtualization:      VT-x\nFlags:               fpu vme de pse tsc msr pae mce cx8 apic sep mtrr pge mca cmov pat pse36 clflush dts acpi mmx fxsr sse sse2 ss ht tm pbe syscall nx pdpe1gb rdtscp lm pni pclmulqdq dtes64 monitor ds_cpl vmx smx est tm2 ssse3 sdbg fma cx16 xtpr pdcm pcid dca sse4_1 sse4_2 x2apic movbe popcnt tsc_deadline_timer aes xsave avx f16c rdrand lahf_lm abm 3dnowprefetch fsgsbase tsc_adjust bmi1 hle avx2 smep bmi2 erms invpcid rtm cqm mpx rdt_a avx512f avx512dq rdseed adx smap clwb avx512cd avx512bw avx512vl xsaveopt xsavec xgetbv1 xsaves pku"
    }
},
{
    "pystart_ms": 1588924161486.7566,
    "pyend_ms": 1588924164795.795,
    "pyduration_ms": 3309.038330078125,
    "func_data": {
        "initTime_ms": 1588924162757.9722,
        "endTime_ms": 1588924164561.104,
        "duration_ms": 1803.1318187713623,
        "executionID": "iz160cbgkavb",
        "containerID": "df6f3818-11f7-4c41-a109-bb8366d3f5c4",
        "uptime": "118.28",
        "meminfo": "MemTotal:        2097152 kB\nMemFree:         2047588 kB\nMemAvailable:    2047588 kB\nBuffers:               0 kB\nCached:            13740 kB\nSwapCache:             0 kB\nActive:            36224 kB\nInactive:           6872 kB\nActive(anon):      29356 kB\nInactive(anon):        0 kB\nActive(file):       6868 kB\nInactive(file):     6872 kB\nUnevictable:           0 kB\nMlocked:               0 kB\nSwapTotal:             0 kB\nSwapFree:              0 kB\nDirty:                 0 kB\nWriteback:             0 kB\nAnonPages:         29356 kB\nMapped:            13740 kB\nShmem:                 0 kB",
        "cpuinfo": "Architecture:        x86_64\nCPU op-mode(s):      32-bit, 64-bit\nByte Order:          Little Endian\nCPU(s):              2\nOn-line CPU(s) list: 0,1\nVendor ID:           GenuineIntel\nCPU family:          6\nModel:               85\nModel name:          unknown\nStepping:            unknown\nCPU MHz:             2687.458\nBogoMIPS:            2687.46\nVirtualization:      VT-x\nFlags:               fpu vme de pse tsc msr pae mce cx8 apic sep mtrr pge mca cmov pat pse36 clflush dts acpi mmx fxsr sse sse2 ss ht tm pbe syscall nx pdpe1gb rdtscp lm pni pclmulqdq dtes64 monitor ds_cpl vmx smx est tm2 ssse3 sdbg fma cx16 xtpr pdcm pcid dca sse4_1 sse4_2 x2apic movbe popcnt tsc_deadline_timer aes xsave avx f16c rdrand lahf_lm abm 3dnowprefetch fsgsbase tsc_adjust bmi1 hle avx2 smep bmi2 erms invpcid rtm cqm mpx rdt_a avx512f avx512dq rdseed adx smap clwb avx512cd avx512bw avx512vl xsaveopt xsavec xgetbv1 xsaves pku"
    }
},
{
    "pystart_ms": 1588924161477.781,
    "pyend_ms": 1588924164796.7947,
    "pyduration_ms": 3319.013671875,
    "func_data": {
        "initTime_ms": 1588924162771.6318,
        "endTime_ms": 1588924164584.3223,
        "duration_ms": 1812.690258026123,
        "executionID": "st2s04pagnvm",
        "containerID": "c126cb38-8013-40f0-bf0d-c08f528822c1",
        "uptime": "42.86",
        "meminfo": "MemTotal:        2097152 kB\nMemFree:         2051536 kB\nMemAvailable:    2051536 kB\nBuffers:               0 kB\nCached:            13432 kB\nSwapCache:             0 kB\nActive:            32432 kB\nInactive:           6716 kB\nActive(anon):      25716 kB\nInactive(anon):        0 kB\nActive(file):       6716 kB\nInactive(file):     6716 kB\nUnevictable:           0 kB\nMlocked:               0 kB\nSwapTotal:             0 kB\nSwapFree:              0 kB\nDirty:                 0 kB\nWriteback:             0 kB\nAnonPages:         25716 kB\nMapped:            13432 kB\nShmem:                 0 kB",
        "cpuinfo": "Architecture:        x86_64\nCPU op-mode(s):      32-bit, 64-bit\nByte Order:          Little Endian\nCPU(s):              2\nOn-line CPU(s) list: 0,1\nVendor ID:           GenuineIntel\nCPU family:          6\nModel:               85\nModel name:          unknown\nStepping:            unknown\nCPU MHz:             2600.050\nBogoMIPS:            2600.05\nVirtualization:      VT-x\nFlags:               fpu vme de pse tsc msr pae mce cx8 apic sep mtrr pge mca cmov pat pse36 clflush dts acpi mmx fxsr sse sse2 ss ht tm pbe syscall nx pdpe1gb rdtscp lm pni pclmulqdq dtes64 monitor ds_cpl vmx smx est tm2 ssse3 sdbg fma cx16 xtpr pdcm pcid dca sse4_1 sse4_2 x2apic movbe popcnt tsc_deadline_timer aes xsave avx f16c rdrand lahf_lm abm 3dnowprefetch fsgsbase tsc_adjust bmi1 hle avx2 smep bmi2 erms invpcid rtm cqm mpx rdt_a avx512f avx512dq rdseed adx smap clwb avx512cd avx512bw avx512vl xsaveopt xsavec xgetbv1 xsaves pku"
    }
},
{
    "pystart_ms": 1588924161484.7812,
    "pyend_ms": 1588924164797.7908,
    "pyduration_ms": 3313.009521484375,
    "func_data": {
        "initTime_ms": 1588924162965.789,
        "endTime_ms": 1588924164508.6848,
        "duration_ms": 1542.895793914795,
        "executionID": "py223a46p2zz",
        "containerID": "7b763762-46fd-4789-b463-dfb1a0604a2b",
        "uptime": "44.45",
        "meminfo": "MemTotal:        2097152 kB\nMemFree:         2050340 kB\nMemAvailable:    2050340 kB\nBuffers:               0 kB\nCached:            13604 kB\nSwapCache:             0 kB\nActive:            33540 kB\nInactive:           6804 kB\nActive(anon):      26740 kB\nInactive(anon):        0 kB\nActive(file):       6800 kB\nInactive(file):     6804 kB\nUnevictable:           0 kB\nMlocked:               0 kB\nSwapTotal:             0 kB\nSwapFree:              0 kB\nDirty:                 0 kB\nWriteback:             0 kB\nAnonPages:         26740 kB\nMapped:            13604 kB\nShmem:                 0 kB",
        "cpuinfo": "Architecture:        x86_64\nCPU op-mode(s):      32-bit, 64-bit\nByte Order:          Little Endian\nCPU(s):              2\nOn-line CPU(s) list: 0,1\nVendor ID:           GenuineIntel\nCPU family:          6\nModel:               79\nModel name:          unknown\nStepping:            unknown\nCPU MHz:             2748.131\nBogoMIPS:            2748.13\nVirtualization:      VT-x\nFlags:               fpu vme de pse tsc msr pae mce cx8 apic sep mtrr pge mca cmov pat pse36 clflush dts acpi mmx fxsr sse sse2 ss ht tm pbe syscall nx pdpe1gb rdtscp lm pni pclmulqdq dtes64 monitor ds_cpl vmx smx est tm2 ssse3 sdbg fma cx16 xtpr pdcm pcid dca sse4_1 sse4_2 x2apic movbe popcnt tsc_deadline_timer aes xsave avx f16c rdrand lahf_lm abm 3dnowprefetch fsgsbase tsc_adjust bmi1 hle avx2 smep bmi2 erms invpcid rtm cqm rdt_a rdseed adx smap xsaveopt"
    }
},
{
    "pystart_ms": 1588924161468.7815,
    "pyend_ms": 1588924164799.7932,
    "pyduration_ms": 3331.01171875,
    "func_data": {
        "initTime_ms": 1588924162708.8513,
        "endTime_ms": 1588924164595.2822,
        "duration_ms": 1886.4309787750244,
        "executionID": "811e8bgnrtq5",
        "containerID": "f31fd8c9-bc2e-4627-87ff-20d3eae3c3ac",
        "uptime": "43.38",
        "meminfo": "MemTotal:        2097152 kB\nMemFree:         2050460 kB\nMemAvailable:    2050460 kB\nBuffers:               0 kB\nCached:            13332 kB\nSwapCache:             0 kB\nActive:            33556 kB\nInactive:           6668 kB\nActive(anon):      26892 kB\nInactive(anon):        0 kB\nActive(file):       6664 kB\nInactive(file):     6668 kB\nUnevictable:           0 kB\nMlocked:               0 kB\nSwapTotal:             0 kB\nSwapFree:              0 kB\nDirty:                 0 kB\nWriteback:             0 kB\nAnonPages:         26892 kB\nMapped:            13332 kB\nShmem:                 0 kB",
        "cpuinfo": "Architecture:        x86_64\nCPU op-mode(s):      32-bit, 64-bit\nByte Order:          Little Endian\nCPU(s):              2\nOn-line CPU(s) list: 0,1\nVendor ID:           GenuineIntel\nCPU family:          6\nModel:               79\nModel name:          unknown\nStepping:            unknown\nCPU MHz:             2799.998\nBogoMIPS:            2800.00\nVirtualization:      VT-x\nFlags:               fpu vme de pse tsc msr pae mce cx8 apic sep mtrr pge mca cmov pat pse36 clflush dts acpi mmx fxsr sse sse2 ss ht tm pbe syscall nx pdpe1gb rdtscp lm pni pclmulqdq dtes64 monitor ds_cpl vmx smx est tm2 ssse3 sdbg fma cx16 xtpr pdcm pcid dca sse4_1 sse4_2 x2apic movbe popcnt tsc_deadline_timer aes xsave avx f16c rdrand lahf_lm abm 3dnowprefetch fsgsbase tsc_adjust bmi1 hle avx2 smep bmi2 erms invpcid rtm cqm rdt_a rdseed adx smap xsaveopt"
    }
},
{
    "pystart_ms": 1588924161471.7815,
    "pyend_ms": 1588924164800.755,
    "pyduration_ms": 3328.973388671875,
    "func_data": {
        "initTime_ms": 1588924162568.4653,
        "endTime_ms": 1588924164547.0967,
        "duration_ms": 1978.6314964294434,
        "executionID": "oqucu3t3e5dw",
        "containerID": "b5d6cc6a-17dd-4148-a8cd-67f1993799e8",
        "uptime": "43.99",
        "meminfo": "MemTotal:        2097152 kB\nMemFree:         2048220 kB\nMemAvailable:    2048220 kB\nBuffers:               0 kB\nCached:            13816 kB\nSwapCache:             0 kB\nActive:            35556 kB\nInactive:           6908 kB\nActive(anon):      28648 kB\nInactive(anon):        0 kB\nActive(file):       6908 kB\nInactive(file):     6908 kB\nUnevictable:           0 kB\nMlocked:               0 kB\nSwapTotal:             0 kB\nSwapFree:              0 kB\nDirty:                 0 kB\nWriteback:             0 kB\nAnonPages:         28648 kB\nMapped:            13816 kB\nShmem:                 0 kB",
        "cpuinfo": "Architecture:        x86_64\nCPU op-mode(s):      32-bit, 64-bit\nByte Order:          Little Endian\nCPU(s):              2\nOn-line CPU(s) list: 0,1\nVendor ID:           GenuineIntel\nCPU family:          6\nModel:               85\nModel name:          unknown\nStepping:            unknown\nCPU MHz:             2551.592\nBogoMIPS:            2551.59\nVirtualization:      VT-x\nFlags:               fpu vme de pse tsc msr pae mce cx8 apic sep mtrr pge mca cmov pat pse36 clflush dts acpi mmx fxsr sse sse2 ss ht tm pbe syscall nx pdpe1gb rdtscp lm pni pclmulqdq dtes64 monitor ds_cpl vmx smx est tm2 ssse3 sdbg fma cx16 xtpr pdcm pcid dca sse4_1 sse4_2 x2apic movbe popcnt tsc_deadline_timer aes xsave avx f16c rdrand lahf_lm abm 3dnowprefetch fsgsbase tsc_adjust bmi1 hle avx2 smep bmi2 erms invpcid rtm cqm mpx rdt_a avx512f avx512dq rdseed adx smap clwb avx512cd avx512bw avx512vl xsaveopt xsavec xgetbv1 xsaves pku"
    }
},
{
    "pystart_ms": 1588924161470.7822,
    "pyend_ms": 1588924164801.8,
    "pyduration_ms": 3331.017822265625,
    "func_data": {
        "initTime_ms": 1588924162558.2437,
        "endTime_ms": 1588924164545.8772,
        "duration_ms": 1987.633466720581,
        "executionID": "2vjnkyu36asd",
        "containerID": "eb0a7a6b-06cd-4320-92d8-f78aa4b3c52d",
        "uptime": "44.38",
        "meminfo": "MemTotal:        2097152 kB\nMemFree:         2046948 kB\nMemAvailable:    2046948 kB\nBuffers:               0 kB\nCached:            13740 kB\nSwapCache:             0 kB\nActive:            34760 kB\nInactive:           6872 kB\nActive(anon):      27892 kB\nInactive(anon):        0 kB\nActive(file):       6868 kB\nInactive(file):     6872 kB\nUnevictable:           0 kB\nMlocked:               0 kB\nSwapTotal:             0 kB\nSwapFree:              0 kB\nDirty:                 0 kB\nWriteback:             0 kB\nAnonPages:         27892 kB\nMapped:            13740 kB\nShmem:                 0 kB",
        "cpuinfo": "Architecture:        x86_64\nCPU op-mode(s):      32-bit, 64-bit\nByte Order:          Little Endian\nCPU(s):              2\nOn-line CPU(s) list: 0,1\nVendor ID:           GenuineIntel\nCPU family:          6\nModel:               85\nModel name:          unknown\nStepping:            unknown\nCPU MHz:             2189.899\nBogoMIPS:            2189.90\nVirtualization:      VT-x\nFlags:               fpu vme de pse tsc msr pae mce cx8 apic sep mtrr pge mca cmov pat pse36 clflush dts acpi mmx fxsr sse sse2 ss ht tm pbe syscall nx pdpe1gb rdtscp lm pni pclmulqdq dtes64 monitor ds_cpl vmx smx est tm2 ssse3 sdbg fma cx16 xtpr pdcm pcid dca sse4_1 sse4_2 x2apic movbe popcnt tsc_deadline_timer aes xsave avx f16c rdrand lahf_lm abm 3dnowprefetch fsgsbase tsc_adjust bmi1 hle avx2 smep bmi2 erms invpcid rtm cqm mpx rdt_a avx512f avx512dq rdseed adx smap clwb avx512cd avx512bw avx512vl xsaveopt xsavec xgetbv1 xsaves pku"
    }
},
{
    "pystart_ms": 1588924161537.814,
    "pyend_ms": 1588924164805.7935,
    "pyduration_ms": 3267.9794921875,
    "func_data": {
        "initTime_ms": 1588924162987.4841,
        "endTime_ms": 1588924164619.6296,
        "duration_ms": 1632.1454048156738,
        "executionID": "z3uh08z9bglc",
        "containerID": "080a2657-72d8-45a4-8f10-afd8e6e8ae4a",
        "uptime": "43.75",
        "meminfo": "MemTotal:        2097152 kB\nMemFree:         2049596 kB\nMemAvailable:    2049596 kB\nBuffers:               0 kB\nCached:            13240 kB\nSwapCache:             0 kB\nActive:            34468 kB\nInactive:           6620 kB\nActive(anon):      27848 kB\nInactive(anon):        0 kB\nActive(file):       6620 kB\nInactive(file):     6620 kB\nUnevictable:           0 kB\nMlocked:               0 kB\nSwapTotal:             0 kB\nSwapFree:              0 kB\nDirty:                 0 kB\nWriteback:             0 kB\nAnonPages:         27848 kB\nMapped:            13240 kB\nShmem:                 0 kB",
        "cpuinfo": "Architecture:        x86_64\nCPU op-mode(s):      32-bit, 64-bit\nByte Order:          Little Endian\nCPU(s):              2\nOn-line CPU(s) list: 0,1\nVendor ID:           GenuineIntel\nCPU family:          6\nModel:               85\nModel name:          unknown\nStepping:            unknown\nCPU MHz:             2554.533\nBogoMIPS:            2554.53\nVirtualization:      VT-x\nFlags:               fpu vme de pse tsc msr pae mce cx8 apic sep mtrr pge mca cmov pat pse36 clflush dts acpi mmx fxsr sse sse2 ss ht tm pbe syscall nx pdpe1gb rdtscp lm pni pclmulqdq dtes64 monitor ds_cpl vmx smx est tm2 ssse3 sdbg fma cx16 xtpr pdcm pcid dca sse4_1 sse4_2 x2apic movbe popcnt tsc_deadline_timer aes xsave avx f16c rdrand lahf_lm abm 3dnowprefetch fsgsbase tsc_adjust bmi1 hle avx2 smep bmi2 erms invpcid rtm cqm mpx rdt_a avx512f avx512dq rdseed adx smap clwb avx512cd avx512bw avx512vl xsaveopt xsavec xgetbv1 xsaves pku"
    }
},
{
    "pystart_ms": 1588924161539.8027,
    "pyend_ms": 1588924164806.7554,
    "pyduration_ms": 3266.95263671875,
    "func_data": {
        "initTime_ms": 1588924162999.3777,
        "endTime_ms": 1588924164536.245,
        "duration_ms": 1536.867380142212,
        "executionID": "8solcjbr1ttq",
        "containerID": "f089659b-83e2-4b44-a250-218dcfcd65ba",
        "uptime": "42.86",
        "meminfo": "MemTotal:        2097152 kB\nMemFree:         2049140 kB\nMemAvailable:    2049140 kB\nBuffers:               0 kB\nCached:            13252 kB\nSwapCache:             0 kB\nActive:            34916 kB\nInactive:           6628 kB\nActive(anon):      28292 kB\nInactive(anon):        0 kB\nActive(file):       6624 kB\nInactive(file):     6628 kB\nUnevictable:           0 kB\nMlocked:               0 kB\nSwapTotal:             0 kB\nSwapFree:              0 kB\nDirty:                 0 kB\nWriteback:             0 kB\nAnonPages:         28292 kB\nMapped:            13252 kB\nShmem:                 0 kB",
        "cpuinfo": "Architecture:        x86_64\nCPU op-mode(s):      32-bit, 64-bit\nByte Order:          Little Endian\nCPU(s):              2\nOn-line CPU(s) list: 0,1\nVendor ID:           GenuineIntel\nCPU family:          6\nModel:               85\nModel name:          unknown\nStepping:            unknown\nCPU MHz:             2507.645\nBogoMIPS:            2507.64\nVirtualization:      VT-x\nFlags:               fpu vme de pse tsc msr pae mce cx8 apic sep mtrr pge mca cmov pat pse36 clflush dts acpi mmx fxsr sse sse2 ss ht tm pbe syscall nx pdpe1gb rdtscp lm pni pclmulqdq dtes64 monitor ds_cpl vmx smx est tm2 ssse3 sdbg fma cx16 xtpr pdcm pcid dca sse4_1 sse4_2 x2apic movbe popcnt tsc_deadline_timer aes xsave avx f16c rdrand lahf_lm abm 3dnowprefetch fsgsbase tsc_adjust bmi1 hle avx2 smep bmi2 erms invpcid rtm cqm mpx rdt_a avx512f avx512dq rdseed adx smap clwb avx512cd avx512bw avx512vl xsaveopt xsavec xgetbv1 xsaves pku"
    }
},
{
    "pystart_ms": 1588924161477.781,
    "pyend_ms": 1588924164807.7524,
    "pyduration_ms": 3329.971435546875,
    "func_data": {
        "initTime_ms": 1588924162571.4854,
        "endTime_ms": 1588924164597.5042,
        "duration_ms": 2026.0188579559326,
        "executionID": "myc23nreeosv",
        "containerID": "1eaac754-75cb-4c9b-a4e5-b41dc5b1c1d7",
        "uptime": "43.25",
        "meminfo": "MemTotal:        2097152 kB\nMemFree:         2050840 kB\nMemAvailable:    2050840 kB\nBuffers:               0 kB\nCached:            13604 kB\nSwapCache:             0 kB\nActive:            33040 kB\nInactive:           6804 kB\nActive(anon):      26240 kB\nInactive(anon):        0 kB\nActive(file):       6800 kB\nInactive(file):     6804 kB\nUnevictable:           0 kB\nMlocked:               0 kB\nSwapTotal:             0 kB\nSwapFree:              0 kB\nDirty:                 0 kB\nWriteback:             0 kB\nAnonPages:         26240 kB\nMapped:            13604 kB\nShmem:                 0 kB",
        "cpuinfo": "Architecture:        x86_64\nCPU op-mode(s):      32-bit, 64-bit\nByte Order:          Little Endian\nCPU(s):              2\nOn-line CPU(s) list: 0,1\nVendor ID:           GenuineIntel\nCPU family:          6\nModel:               79\nModel name:          unknown\nStepping:            unknown\nCPU MHz:             2775.257\nBogoMIPS:            2775.26\nVirtualization:      VT-x\nFlags:               fpu vme de pse tsc msr pae mce cx8 apic sep mtrr pge mca cmov pat pse36 clflush dts acpi mmx fxsr sse sse2 ss ht tm pbe syscall nx pdpe1gb rdtscp lm pni pclmulqdq dtes64 monitor ds_cpl vmx smx est tm2 ssse3 sdbg fma cx16 xtpr pdcm pcid dca sse4_1 sse4_2 x2apic movbe popcnt tsc_deadline_timer aes xsave avx f16c rdrand lahf_lm abm 3dnowprefetch fsgsbase tsc_adjust bmi1 hle avx2 smep bmi2 erms invpcid rtm cqm rdt_a rdseed adx smap xsaveopt"
    }
},
{
    "pystart_ms": 1588924161461.7559,
    "pyend_ms": 1588924164819.8027,
    "pyduration_ms": 3358.046875,
    "func_data": {
        "initTime_ms": 1588924162749.8462,
        "endTime_ms": 1588924164651.2747,
        "duration_ms": 1901.428461074829,
        "executionID": "lnxb3yvsnv07",
        "containerID": "ea9cb11e-584f-4a74-a314-3759c05ee800",
        "uptime": "44.08",
        "meminfo": "MemTotal:        2097152 kB\nMemFree:         2048784 kB\nMemAvailable:    2048784 kB\nBuffers:               0 kB\nCached:            13756 kB\nSwapCache:             0 kB\nActive:            35020 kB\nInactive:           6880 kB\nActive(anon):      28144 kB\nInactive(anon):        0 kB\nActive(file):       6876 kB\nInactive(file):     6880 kB\nUnevictable:           0 kB\nMlocked:               0 kB\nSwapTotal:             0 kB\nSwapFree:              0 kB\nDirty:                 0 kB\nWriteback:             0 kB\nAnonPages:         28144 kB\nMapped:            13756 kB\nShmem:                 0 kB",
        "cpuinfo": "Architecture:        x86_64\nCPU op-mode(s):      32-bit, 64-bit\nByte Order:          Little Endian\nCPU(s):              2\nOn-line CPU(s) list: 0,1\nVendor ID:           GenuineIntel\nCPU family:          6\nModel:               85\nModel name:          unknown\nStepping:            unknown\nCPU MHz:             2697.695\nBogoMIPS:            2697.70\nVirtualization:      VT-x\nFlags:               fpu vme de pse tsc msr pae mce cx8 apic sep mtrr pge mca cmov pat pse36 clflush dts acpi mmx fxsr sse sse2 ss ht tm pbe syscall nx pdpe1gb rdtscp lm pni pclmulqdq dtes64 monitor ds_cpl vmx smx est tm2 ssse3 sdbg fma cx16 xtpr pdcm pcid dca sse4_1 sse4_2 x2apic movbe popcnt tsc_deadline_timer aes xsave avx f16c rdrand lahf_lm abm 3dnowprefetch fsgsbase tsc_adjust bmi1 hle avx2 smep bmi2 erms invpcid rtm cqm mpx rdt_a avx512f avx512dq rdseed adx smap clwb avx512cd avx512bw avx512vl xsaveopt xsavec xgetbv1 xsaves pku"
    }
},
{
    "pystart_ms": 1588924161510.7812,
    "pyend_ms": 1588924164821.798,
    "pyduration_ms": 3311.016845703125,
    "func_data": {
        "initTime_ms": 1588924163016.4333,
        "endTime_ms": 1588924164734.9185,
        "duration_ms": 1718.4851169586182,
        "executionID": "pujvlgzrjdm4",
        "containerID": "6cbfc64f-e0ee-4b88-aad0-4e050ea5136a",
        "uptime": "43.68",
        "meminfo": "MemTotal:        2097152 kB\nMemFree:         2051736 kB\nMemAvailable:    2051736 kB\nBuffers:               0 kB\nCached:            13240 kB\nSwapCache:             0 kB\nActive:            32328 kB\nInactive:           6620 kB\nActive(anon):      25708 kB\nInactive(anon):        0 kB\nActive(file):       6620 kB\nInactive(file):     6620 kB\nUnevictable:           0 kB\nMlocked:               0 kB\nSwapTotal:             0 kB\nSwapFree:              0 kB\nDirty:                 0 kB\nWriteback:             0 kB\nAnonPages:         25708 kB\nMapped:            13240 kB\nShmem:                 0 kB",
        "cpuinfo": "Architecture:        x86_64\nCPU op-mode(s):      32-bit, 64-bit\nByte Order:          Little Endian\nCPU(s):              2\nOn-line CPU(s) list: 0,1\nVendor ID:           GenuineIntel\nCPU family:          6\nModel:               79\nModel name:          unknown\nStepping:            unknown\nCPU MHz:             2797.182\nBogoMIPS:            2797.18\nVirtualization:      VT-x\nFlags:               fpu vme de pse tsc msr pae mce cx8 apic sep mtrr pge mca cmov pat pse36 clflush dts acpi mmx fxsr sse sse2 ss ht tm pbe syscall nx pdpe1gb rdtscp lm pni pclmulqdq dtes64 monitor ds_cpl vmx smx est tm2 ssse3 sdbg fma cx16 xtpr pdcm pcid dca sse4_1 sse4_2 x2apic movbe popcnt tsc_deadline_timer aes xsave avx f16c rdrand lahf_lm abm 3dnowprefetch fsgsbase tsc_adjust bmi1 hle avx2 smep bmi2 erms invpcid rtm cqm rdt_a rdseed adx smap xsaveopt"
    }
},
{
    "pystart_ms": 1588924161504.798,
    "pyend_ms": 1588924164823.7617,
    "pyduration_ms": 3318.963623046875,
    "func_data": {
        "initTime_ms": 1588924163055.664,
        "endTime_ms": 1588924164744.732,
        "duration_ms": 1689.0678405761719,
        "executionID": "07x4xfahct80",
        "containerID": "f78bca67-ff70-42f2-ad36-d94a99d4a8e2",
        "uptime": "42.76",
        "meminfo": "MemTotal:        2097152 kB\nMemFree:         2051376 kB\nMemAvailable:    2051376 kB\nBuffers:               0 kB\nCached:            13240 kB\nSwapCache:             0 kB\nActive:            32688 kB\nInactive:           6620 kB\nActive(anon):      26068 kB\nInactive(anon):        0 kB\nActive(file):       6620 kB\nInactive(file):     6620 kB\nUnevictable:           0 kB\nMlocked:               0 kB\nSwapTotal:             0 kB\nSwapFree:              0 kB\nDirty:                 0 kB\nWriteback:             0 kB\nAnonPages:         26068 kB\nMapped:            13240 kB\nShmem:                 0 kB",
        "cpuinfo": "Architecture:        x86_64\nCPU op-mode(s):      32-bit, 64-bit\nByte Order:          Little Endian\nCPU(s):              2\nOn-line CPU(s) list: 0,1\nVendor ID:           GenuineIntel\nCPU family:          6\nModel:               85\nModel name:          unknown\nStepping:            unknown\nCPU MHz:             2700.259\nBogoMIPS:            2700.26\nVirtualization:      VT-x\nFlags:               fpu vme de pse tsc msr pae mce cx8 apic sep mtrr pge mca cmov pat pse36 clflush dts acpi mmx fxsr sse sse2 ss ht tm pbe syscall nx pdpe1gb rdtscp lm pni pclmulqdq dtes64 monitor ds_cpl vmx smx est tm2 ssse3 sdbg fma cx16 xtpr pdcm pcid dca sse4_1 sse4_2 x2apic movbe popcnt tsc_deadline_timer aes xsave avx f16c rdrand lahf_lm abm 3dnowprefetch fsgsbase tsc_adjust bmi1 hle avx2 smep bmi2 erms invpcid rtm cqm mpx rdt_a avx512f avx512dq rdseed adx smap clwb avx512cd avx512bw avx512vl xsaveopt xsavec xgetbv1 xsaves pku"
    }
},
{
    "pystart_ms": 1588924161528.806,
    "pyend_ms": 1588924164836.7988,
    "pyduration_ms": 3307.992919921875,
    "func_data": {
        "initTime_ms": 1588924163050.8276,
        "endTime_ms": 1588924164759.4277,
        "duration_ms": 1708.6000442504883,
        "executionID": "u3m17p8d3rsa",
        "containerID": "aed9508f-4341-41a7-8743-6c4769bc6298",
        "uptime": "43.58",
        "meminfo": "MemTotal:        2097152 kB\nMemFree:         2049956 kB\nMemAvailable:    2049956 kB\nBuffers:               0 kB\nCached:            13240 kB\nSwapCache:             0 kB\nActive:            34108 kB\nInactive:           6620 kB\nActive(anon):      27488 kB\nInactive(anon):        0 kB\nActive(file):       6620 kB\nInactive(file):     6620 kB\nUnevictable:           0 kB\nMlocked:               0 kB\nSwapTotal:             0 kB\nSwapFree:              0 kB\nDirty:                 0 kB\nWriteback:             0 kB\nAnonPages:         27488 kB\nMapped:            13240 kB\nShmem:                 0 kB",
        "cpuinfo": "Architecture:        x86_64\nCPU op-mode(s):      32-bit, 64-bit\nByte Order:          Little Endian\nCPU(s):              2\nOn-line CPU(s) list: 0,1\nVendor ID:           GenuineIntel\nCPU family:          6\nModel:               85\nModel name:          unknown\nStepping:            unknown\nCPU MHz:             2662.528\nBogoMIPS:            2662.53\nVirtualization:      VT-x\nFlags:               fpu vme de pse tsc msr pae mce cx8 apic sep mtrr pge mca cmov pat pse36 clflush dts acpi mmx fxsr sse sse2 ss ht tm pbe syscall nx pdpe1gb rdtscp lm pni pclmulqdq dtes64 monitor ds_cpl vmx smx est tm2 ssse3 sdbg fma cx16 xtpr pdcm pcid dca sse4_1 sse4_2 x2apic movbe popcnt tsc_deadline_timer aes xsave avx f16c rdrand lahf_lm abm 3dnowprefetch fsgsbase tsc_adjust bmi1 hle avx2 smep bmi2 erms invpcid rtm cqm mpx rdt_a avx512f avx512dq rdseed adx smap clwb avx512cd avx512bw avx512vl xsaveopt xsavec xgetbv1 xsaves pku"
    }
},
{
    "pystart_ms": 1588924161526.807,
    "pyend_ms": 1588924164878.8035,
    "pyduration_ms": 3351.99658203125,
    "func_data": {
        "initTime_ms": 1588924163010.8918,
        "endTime_ms": 1588924164791.6157,
        "duration_ms": 1780.7238101959229,
        "executionID": "57mgprjvgaj1",
        "containerID": "dcbfd60e-e8ce-477b-b50d-94ce05f6df5b",
        "uptime": "44.38",
        "meminfo": "MemTotal:        2097152 kB\nMemFree:         2050432 kB\nMemAvailable:    2050432 kB\nBuffers:               0 kB\nCached:            13320 kB\nSwapCache:             0 kB\nActive:            33592 kB\nInactive:           6660 kB\nActive(anon):      26932 kB\nInactive(anon):        0 kB\nActive(file):       6660 kB\nInactive(file):     6660 kB\nUnevictable:           0 kB\nMlocked:               0 kB\nSwapTotal:             0 kB\nSwapFree:              0 kB\nDirty:                 0 kB\nWriteback:             0 kB\nAnonPages:         26932 kB\nMapped:            13320 kB\nShmem:                 0 kB",
        "cpuinfo": "Architecture:        x86_64\nCPU op-mode(s):      32-bit, 64-bit\nByte Order:          Little Endian\nCPU(s):              2\nOn-line CPU(s) list: 0,1\nVendor ID:           GenuineIntel\nCPU family:          6\nModel:               79\nModel name:          unknown\nStepping:            unknown\nCPU MHz:             2520.376\nBogoMIPS:            2520.38\nVirtualization:      VT-x\nFlags:               fpu vme de pse tsc msr pae mce cx8 apic sep mtrr pge mca cmov pat pse36 clflush dts acpi mmx fxsr sse sse2 ss ht tm pbe syscall nx pdpe1gb rdtscp lm pni pclmulqdq dtes64 monitor ds_cpl vmx smx est tm2 ssse3 sdbg fma cx16 xtpr pdcm pcid dca sse4_1 sse4_2 x2apic movbe popcnt tsc_deadline_timer aes xsave avx f16c rdrand lahf_lm abm 3dnowprefetch fsgsbase tsc_adjust bmi1 hle avx2 smep bmi2 erms invpcid rtm cqm rdt_a rdseed adx smap xsaveopt"
    }
},
{
    "pystart_ms": 1588924161480.7808,
    "pyend_ms": 1588924164892.8037,
    "pyduration_ms": 3412.02294921875,
    "func_data": {
        "initTime_ms": 1588924163026.8794,
        "endTime_ms": 1588924164735.6377,
        "duration_ms": 1708.7583541870117,
        "executionID": "hvj90vt1gls9",
        "containerID": "88ea9ffb-212f-432d-8c8d-0cead91474a1",
        "uptime": "118.80",
        "meminfo": "MemTotal:        2097152 kB\nMemFree:         2047504 kB\nMemAvailable:    2047504 kB\nBuffers:               0 kB\nCached:            13740 kB\nSwapCache:             0 kB\nActive:            36308 kB\nInactive:           6872 kB\nActive(anon):      29440 kB\nInactive(anon):        0 kB\nActive(file):       6868 kB\nInactive(file):     6872 kB\nUnevictable:           0 kB\nMlocked:               0 kB\nSwapTotal:             0 kB\nSwapFree:              0 kB\nDirty:                 0 kB\nWriteback:             0 kB\nAnonPages:         29440 kB\nMapped:            13740 kB\nShmem:                 0 kB",
        "cpuinfo": "Architecture:        x86_64\nCPU op-mode(s):      32-bit, 64-bit\nByte Order:          Little Endian\nCPU(s):              2\nOn-line CPU(s) list: 0,1\nVendor ID:           GenuineIntel\nCPU family:          6\nModel:               45\nModel name:          unknown\nStepping:            unknown\nCPU MHz:             3299.985\nBogoMIPS:            3299.99\nVirtualization:      VT-x\nFlags:               fpu vme de pse tsc msr pae mce cx8 apic sep mtrr pge mca cmov pat pse36 clflush dts acpi mmx fxsr sse sse2 ss ht tm pbe syscall nx pdpe1gb rdtscp lm pni pclmulqdq dtes64 monitor ds_cpl vmx smx est tm2 ssse3 cx16 xtpr pdcm pcid dca sse4_1 sse4_2 x2apic popcnt tsc_deadline_timer aes xsave avx lahf_lm xsaveopt"
    }
},
{
    "pystart_ms": 1588924161488.756,
    "pyend_ms": 1588924164897.8164,
    "pyduration_ms": 3409.060302734375,
    "func_data": {
        "initTime_ms": 1588924162731.2927,
        "endTime_ms": 1588924164718.6675,
        "duration_ms": 1987.3747825622559,
        "executionID": "m30xtk17995o",
        "containerID": "78b0fba0-2353-4f7e-b560-c3928024775d",
        "uptime": "149.49",
        "meminfo": "MemTotal:        2097152 kB\nMemFree:         2049500 kB\nMemAvailable:    2049500 kB\nBuffers:               0 kB\nCached:            13744 kB\nSwapCache:             0 kB\nActive:            34312 kB\nInactive:           6872 kB\nActive(anon):      27440 kB\nInactive(anon):        0 kB\nActive(file):       6872 kB\nInactive(file):     6872 kB\nUnevictable:           0 kB\nMlocked:               0 kB\nSwapTotal:             0 kB\nSwapFree:              0 kB\nDirty:                 0 kB\nWriteback:             0 kB\nAnonPages:         27440 kB\nMapped:            13744 kB\nShmem:                 0 kB",
        "cpuinfo": "Architecture:        x86_64\nCPU op-mode(s):      32-bit, 64-bit\nByte Order:          Little Endian\nCPU(s):              2\nOn-line CPU(s) list: 0,1\nVendor ID:           GenuineIntel\nCPU family:          6\nModel:               85\nModel name:          unknown\nStepping:            unknown\nCPU MHz:             2491.546\nBogoMIPS:            2491.55\nVirtualization:      VT-x\nFlags:               fpu vme de pse tsc msr pae mce cx8 apic sep mtrr pge mca cmov pat pse36 clflush dts acpi mmx fxsr sse sse2 ss ht tm pbe syscall nx pdpe1gb rdtscp lm pni pclmulqdq dtes64 monitor ds_cpl vmx smx est tm2 ssse3 sdbg fma cx16 xtpr pdcm pcid dca sse4_1 sse4_2 x2apic movbe popcnt tsc_deadline_timer aes xsave avx f16c rdrand lahf_lm abm 3dnowprefetch fsgsbase tsc_adjust bmi1 hle avx2 smep bmi2 erms invpcid rtm cqm mpx rdt_a avx512f avx512dq rdseed adx smap clwb avx512cd avx512bw avx512vl xsaveopt xsavec xgetbv1 xsaves pku"
    }
},
{
    "pystart_ms": 1588924161506.7988,
    "pyend_ms": 1588924164912.7976,
    "pyduration_ms": 3405.998779296875,
    "func_data": {
        "initTime_ms": 1588924163047.0535,
        "endTime_ms": 1588924164734.318,
        "duration_ms": 1687.2644424438477,
        "executionID": "gpl7jt02atru",
        "containerID": "2c2a1982-704d-4b8c-922c-2e3c8f1825f1",
        "uptime": "42.20",
        "meminfo": "MemTotal:        2097152 kB\nMemFree:         2050612 kB\nMemAvailable:    2050612 kB\nBuffers:               0 kB\nCached:            13436 kB\nSwapCache:             0 kB\nActive:            33352 kB\nInactive:           6720 kB\nActive(anon):      26636 kB\nInactive(anon):        0 kB\nActive(file):       6716 kB\nInactive(file):     6720 kB\nUnevictable:           0 kB\nMlocked:               0 kB\nSwapTotal:             0 kB\nSwapFree:              0 kB\nDirty:                 0 kB\nWriteback:             0 kB\nAnonPages:         26636 kB\nMapped:            13436 kB\nShmem:                 0 kB",
        "cpuinfo": "Architecture:        x86_64\nCPU op-mode(s):      32-bit, 64-bit\nByte Order:          Little Endian\nCPU(s):              2\nOn-line CPU(s) list: 0,1\nVendor ID:           GenuineIntel\nCPU family:          6\nModel:               85\nModel name:          unknown\nStepping:            unknown\nCPU MHz:             2700.215\nBogoMIPS:            2700.22\nVirtualization:      VT-x\nFlags:               fpu vme de pse tsc msr pae mce cx8 apic sep mtrr pge mca cmov pat pse36 clflush dts acpi mmx fxsr sse sse2 ss ht tm pbe syscall nx pdpe1gb rdtscp lm pni pclmulqdq dtes64 monitor ds_cpl vmx smx est tm2 ssse3 sdbg fma cx16 xtpr pdcm pcid dca sse4_1 sse4_2 x2apic movbe popcnt tsc_deadline_timer aes xsave avx f16c rdrand lahf_lm abm 3dnowprefetch fsgsbase tsc_adjust bmi1 hle avx2 smep bmi2 erms invpcid rtm cqm mpx rdt_a avx512f avx512dq rdseed adx smap clwb avx512cd avx512bw avx512vl xsaveopt xsavec xgetbv1 xsaves pku"
    }
},
{
    "pystart_ms": 1588924161566.806,
    "pyend_ms": 1588924164914.797,
    "pyduration_ms": 3347.9912109375,
    "func_data": {
        "initTime_ms": 1588924163129.0698,
        "endTime_ms": 1588924164728.1626,
        "duration_ms": 1599.092721939087,
        "executionID": "76yfcy59qvbb",
        "containerID": "4bcd73cd-ce60-4259-9202-8fb84c61c7e9",
        "uptime": "44.15",
        "meminfo": "MemTotal:        2097152 kB\nMemFree:         2049536 kB\nMemAvailable:    2049536 kB\nBuffers:               0 kB\nCached:            13240 kB\nSwapCache:             0 kB\nActive:            34528 kB\nInactive:           6620 kB\nActive(anon):      27908 kB\nInactive(anon):        0 kB\nActive(file):       6620 kB\nInactive(file):     6620 kB\nUnevictable:           0 kB\nMlocked:               0 kB\nSwapTotal:             0 kB\nSwapFree:              0 kB\nDirty:                 0 kB\nWriteback:             0 kB\nAnonPages:         27908 kB\nMapped:            13240 kB\nShmem:                 0 kB",
        "cpuinfo": "Architecture:        x86_64\nCPU op-mode(s):      32-bit, 64-bit\nByte Order:          Little Endian\nCPU(s):              2\nOn-line CPU(s) list: 0,1\nVendor ID:           GenuineIntel\nCPU family:          6\nModel:               45\nModel name:          unknown\nStepping:            unknown\nCPU MHz:             3299.997\nBogoMIPS:            3300.00\nVirtualization:      VT-x\nFlags:               fpu vme de pse tsc msr pae mce cx8 apic sep mtrr pge mca cmov pat pse36 clflush dts acpi mmx fxsr sse sse2 ss ht tm pbe syscall nx pdpe1gb rdtscp lm pni pclmulqdq dtes64 monitor ds_cpl vmx smx est tm2 ssse3 cx16 xtpr pdcm pcid dca sse4_1 sse4_2 x2apic popcnt tsc_deadline_timer aes xsave avx lahf_lm xsaveopt"
    }
},
{
    "pystart_ms": 1588924161499.797,
    "pyend_ms": 1588924164917.7974,
    "pyduration_ms": 3418.000244140625,
    "func_data": {
        "initTime_ms": 1588924162973.526,
        "endTime_ms": 1588924164749.024,
        "duration_ms": 1775.4981517791748,
        "executionID": "rchsklrhoj1b",
        "containerID": "82438b5a-11e7-41f1-a45e-173cc36c351d",
        "uptime": "44.32",
        "meminfo": "MemTotal:        2097152 kB\nMemFree:         2049240 kB\nMemAvailable:    2049240 kB\nBuffers:               0 kB\nCached:            13696 kB\nSwapCache:             0 kB\nActive:            34596 kB\nInactive:           6848 kB\nActive(anon):      27748 kB\nInactive(anon):        0 kB\nActive(file):       6848 kB\nInactive(file):     6848 kB\nUnevictable:           0 kB\nMlocked:               0 kB\nSwapTotal:             0 kB\nSwapFree:              0 kB\nDirty:                 0 kB\nWriteback:             0 kB\nAnonPages:         27748 kB\nMapped:            13696 kB\nShmem:                 0 kB",
        "cpuinfo": "Architecture:        x86_64\nCPU op-mode(s):      32-bit, 64-bit\nByte Order:          Little Endian\nCPU(s):              2\nOn-line CPU(s) list: 0,1\nVendor ID:           GenuineIntel\nCPU family:          6\nModel:               63\nModel name:          unknown\nStepping:            unknown\nCPU MHz:             2700.183\nBogoMIPS:            2700.18\nVirtualization:      VT-x\nFlags:               fpu vme de pse tsc msr pae mce cx8 apic sep mtrr pge mca cmov pat pse36 clflush dts acpi mmx fxsr sse sse2 ss ht tm pbe syscall nx pdpe1gb rdtscp lm pni pclmulqdq dtes64 monitor ds_cpl vmx smx est tm2 ssse3 sdbg fma cx16 xtpr pdcm pcid dca sse4_1 sse4_2 x2apic movbe popcnt tsc_deadline_timer aes xsave avx f16c rdrand lahf_lm abm fsgsbase tsc_adjust bmi1 avx2 smep bmi2 erms invpcid cqm xsaveopt"
    }
},
{
    "pystart_ms": 1588924161481.7815,
    "pyend_ms": 1588924164919.7607,
    "pyduration_ms": 3437.979248046875,
    "func_data": {
        "initTime_ms": 1588924162969.9958,
        "endTime_ms": 1588924164737.604,
        "duration_ms": 1767.6081657409668,
        "executionID": "o76855ubkstl",
        "containerID": "39793573-78f6-49f8-8754-feb7a0f4eadf",
        "uptime": "43.93",
        "meminfo": "MemTotal:        2097152 kB\nMemFree:         2048512 kB\nMemAvailable:    2048512 kB\nBuffers:               0 kB\nCached:            13240 kB\nSwapCache:             0 kB\nActive:            35552 kB\nInactive:           6620 kB\nActive(anon):      28932 kB\nInactive(anon):        0 kB\nActive(file):       6620 kB\nInactive(file):     6620 kB\nUnevictable:           0 kB\nMlocked:               0 kB\nSwapTotal:             0 kB\nSwapFree:              0 kB\nDirty:                 0 kB\nWriteback:             0 kB\nAnonPages:         28932 kB\nMapped:            13240 kB\nShmem:                 0 kB",
        "cpuinfo": "Architecture:        x86_64\nCPU op-mode(s):      32-bit, 64-bit\nByte Order:          Little Endian\nCPU(s):              2\nOn-line CPU(s) list: 0,1\nVendor ID:           GenuineIntel\nCPU family:          6\nModel:               85\nModel name:          unknown\nStepping:            unknown\nCPU MHz:             2700.226\nBogoMIPS:            2700.23\nVirtualization:      VT-x\nFlags:               fpu vme de pse tsc msr pae mce cx8 apic sep mtrr pge mca cmov pat pse36 clflush dts acpi mmx fxsr sse sse2 ss ht tm pbe syscall nx pdpe1gb rdtscp lm pni pclmulqdq dtes64 monitor ds_cpl vmx smx est tm2 ssse3 sdbg fma cx16 xtpr pdcm pcid dca sse4_1 sse4_2 x2apic movbe popcnt tsc_deadline_timer aes xsave avx f16c rdrand lahf_lm abm 3dnowprefetch fsgsbase tsc_adjust bmi1 hle avx2 smep bmi2 erms invpcid rtm cqm mpx rdt_a avx512f avx512dq rdseed adx smap clwb avx512cd avx512bw avx512vl xsaveopt xsavec xgetbv1 xsaves pku"
    }
},
{
    "pystart_ms": 1588924161524.809,
    "pyend_ms": 1588924164921.7932,
    "pyduration_ms": 3396.984130859375,
    "func_data": {
        "initTime_ms": 1588924163043.2637,
        "endTime_ms": 1588924164837.1963,
        "duration_ms": 1793.9326763153076,
        "executionID": "9xkodr9h446o",
        "containerID": "4454ab58-2c9b-4161-81d8-5f44255de0ba",
        "uptime": "44.82",
        "meminfo": "MemTotal:        2097152 kB\nMemFree:         2051548 kB\nMemAvailable:    2051548 kB\nBuffers:               0 kB\nCached:            13852 kB\nSwapCache:             0 kB\nActive:            32208 kB\nInactive:           6928 kB\nActive(anon):      25284 kB\nInactive(anon):        0 kB\nActive(file):       6924 kB\nInactive(file):     6928 kB\nUnevictable:           0 kB\nMlocked:               0 kB\nSwapTotal:             0 kB\nSwapFree:              0 kB\nDirty:                 0 kB\nWriteback:             0 kB\nAnonPages:         25284 kB\nMapped:            13852 kB\nShmem:                 0 kB",
        "cpuinfo": "Architecture:        x86_64\nCPU op-mode(s):      32-bit, 64-bit\nByte Order:          Little Endian\nCPU(s):              2\nOn-line CPU(s) list: 0,1\nVendor ID:           GenuineIntel\nCPU family:          6\nModel:               85\nModel name:          unknown\nStepping:            unknown\nCPU MHz:             2700.224\nBogoMIPS:            2700.22\nVirtualization:      VT-x\nFlags:               fpu vme de pse tsc msr pae mce cx8 apic sep mtrr pge mca cmov pat pse36 clflush dts acpi mmx fxsr sse sse2 ss ht tm pbe syscall nx pdpe1gb rdtscp lm pni pclmulqdq dtes64 monitor ds_cpl vmx smx est tm2 ssse3 sdbg fma cx16 xtpr pdcm pcid dca sse4_1 sse4_2 x2apic movbe popcnt tsc_deadline_timer aes xsave avx f16c rdrand lahf_lm abm 3dnowprefetch fsgsbase tsc_adjust bmi1 hle avx2 smep bmi2 erms invpcid rtm cqm mpx rdt_a avx512f avx512dq rdseed adx smap clwb avx512cd avx512bw avx512vl xsaveopt xsavec xgetbv1 xsaves pku"
    }
},
{
    "pystart_ms": 1588924161481.7815,
    "pyend_ms": 1588924164945.7847,
    "pyduration_ms": 3464.003173828125,
    "func_data": {
        "initTime_ms": 1588924162970.859,
        "endTime_ms": 1588924164776.9392,
        "duration_ms": 1806.0803413391113,
        "executionID": "rexn54sv49nj",
        "containerID": "4f4aa521-d77c-4764-b52c-37da3ad72373",
        "uptime": "118.40",
        "meminfo": "MemTotal:        2097152 kB\nMemFree:         2048796 kB\nMemAvailable:    2048796 kB\nBuffers:               0 kB\nCached:            13284 kB\nSwapCache:             0 kB\nActive:            35244 kB\nInactive:           6644 kB\nActive(anon):      28604 kB\nInactive(anon):        0 kB\nActive(file):       6640 kB\nInactive(file):     6644 kB\nUnevictable:           0 kB\nMlocked:               0 kB\nSwapTotal:             0 kB\nSwapFree:              0 kB\nDirty:                 0 kB\nWriteback:             0 kB\nAnonPages:         28604 kB\nMapped:            13284 kB\nShmem:                 0 kB",
        "cpuinfo": "Architecture:        x86_64\nCPU op-mode(s):      32-bit, 64-bit\nByte Order:          Little Endian\nCPU(s):              2\nOn-line CPU(s) list: 0,1\nVendor ID:           GenuineIntel\nCPU family:          6\nModel:               79\nModel name:          unknown\nStepping:            unknown\nCPU MHz:             2715.553\nBogoMIPS:            2715.55\nVirtualization:      VT-x\nFlags:               fpu vme de pse tsc msr pae mce cx8 apic sep mtrr pge mca cmov pat pse36 clflush dts acpi mmx fxsr sse sse2 ss ht tm pbe syscall nx pdpe1gb rdtscp lm pni pclmulqdq dtes64 monitor ds_cpl vmx smx est tm2 ssse3 sdbg fma cx16 xtpr pdcm pcid dca sse4_1 sse4_2 x2apic movbe popcnt tsc_deadline_timer aes xsave avx f16c rdrand lahf_lm abm 3dnowprefetch fsgsbase tsc_adjust bmi1 hle avx2 smep bmi2 erms invpcid rtm cqm rdt_a rdseed adx smap xsaveopt"
    }
},
{
    "pystart_ms": 1588924161567.755,
    "pyend_ms": 1588924164966.2742,
    "pyduration_ms": 3398.519287109375,
    "func_data": {
        "initTime_ms": 1588924163027.2017,
        "endTime_ms": 1588924164790.0698,
        "duration_ms": 1762.8681659698486,
        "executionID": "o0sw08fk1bds",
        "containerID": "29127196-7524-401b-9a5d-32266d0439d1",
        "uptime": "42.98",
        "meminfo": "MemTotal:        2097152 kB\nMemFree:         2047564 kB\nMemAvailable:    2047564 kB\nBuffers:               0 kB\nCached:            13240 kB\nSwapCache:             0 kB\nActive:            36500 kB\nInactive:           6620 kB\nActive(anon):      29880 kB\nInactive(anon):        0 kB\nActive(file):       6620 kB\nInactive(file):     6620 kB\nUnevictable:           0 kB\nMlocked:               0 kB\nSwapTotal:             0 kB\nSwapFree:              0 kB\nDirty:                 0 kB\nWriteback:             0 kB\nAnonPages:         29880 kB\nMapped:            13240 kB\nShmem:                 0 kB",
        "cpuinfo": "Architecture:        x86_64\nCPU op-mode(s):      32-bit, 64-bit\nByte Order:          Little Endian\nCPU(s):              2\nOn-line CPU(s) list: 0,1\nVendor ID:           GenuineIntel\nCPU family:          6\nModel:               85\nModel name:          unknown\nStepping:            unknown\nCPU MHz:             2633.037\nBogoMIPS:            2633.04\nVirtualization:      VT-x\nFlags:               fpu vme de pse tsc msr pae mce cx8 apic sep mtrr pge mca cmov pat pse36 clflush dts acpi mmx fxsr sse sse2 ss ht tm pbe syscall nx pdpe1gb rdtscp lm pni pclmulqdq dtes64 monitor ds_cpl vmx smx est tm2 ssse3 sdbg fma cx16 xtpr pdcm pcid dca sse4_1 sse4_2 x2apic movbe popcnt tsc_deadline_timer aes xsave avx f16c rdrand lahf_lm abm 3dnowprefetch fsgsbase tsc_adjust bmi1 hle avx2 smep bmi2 erms invpcid rtm cqm mpx rdt_a avx512f avx512dq rdseed adx smap clwb avx512cd avx512bw avx512vl xsaveopt xsavec xgetbv1 xsaves pku"
    }
},
{
    "pystart_ms": 1588924161464.786,
    "pyend_ms": 1588924164972.279,
    "pyduration_ms": 3507.4931640625,
    "func_data": {
        "initTime_ms": 1588924162702.0535,
        "endTime_ms": 1588924164803.3628,
        "duration_ms": 2101.309299468994,
        "executionID": "50osw2fkpbgf",
        "containerID": "ef565228-0f8b-462c-b486-f738aa31d444",
        "uptime": "42.69",
        "meminfo": "MemTotal:        2097152 kB\nMemFree:         2048804 kB\nMemAvailable:    2048804 kB\nBuffers:               0 kB\nCached:            13604 kB\nSwapCache:             0 kB\nActive:            35076 kB\nInactive:           6804 kB\nActive(anon):      28276 kB\nInactive(anon):        0 kB\nActive(file):       6800 kB\nInactive(file):     6804 kB\nUnevictable:           0 kB\nMlocked:               0 kB\nSwapTotal:             0 kB\nSwapFree:              0 kB\nDirty:                 0 kB\nWriteback:             0 kB\nAnonPages:         28276 kB\nMapped:            13604 kB\nShmem:                 0 kB",
        "cpuinfo": "Architecture:        x86_64\nCPU op-mode(s):      32-bit, 64-bit\nByte Order:          Little Endian\nCPU(s):              2\nOn-line CPU(s) list: 0,1\nVendor ID:           GenuineIntel\nCPU family:          6\nModel:               79\nModel name:          unknown\nStepping:            unknown\nCPU MHz:             2725.099\nBogoMIPS:            2725.10\nVirtualization:      VT-x\nFlags:               fpu vme de pse tsc msr pae mce cx8 apic sep mtrr pge mca cmov pat pse36 clflush dts acpi mmx fxsr sse sse2 ss ht tm pbe syscall nx pdpe1gb rdtscp lm pni pclmulqdq dtes64 monitor ds_cpl vmx smx est tm2 ssse3 sdbg fma cx16 xtpr pdcm pcid dca sse4_1 sse4_2 x2apic movbe popcnt tsc_deadline_timer aes xsave avx f16c rdrand lahf_lm abm 3dnowprefetch fsgsbase tsc_adjust bmi1 hle avx2 smep bmi2 erms invpcid rtm cqm rdt_a rdseed adx smap xsaveopt"
    }
},
{
    "pystart_ms": 1588924161538.8096,
    "pyend_ms": 1588924164985.221,
    "pyduration_ms": 3446.411376953125,
    "func_data": {
        "initTime_ms": 1588924162998.209,
        "endTime_ms": 1588924164813.1172,
        "duration_ms": 1814.9082660675049,
        "executionID": "koufix3r24le",
        "containerID": "d03ebfb6-4206-4e38-8a0d-7654ff355866",
        "uptime": "42.11",
        "meminfo": "MemTotal:        2097152 kB\nMemFree:         2048596 kB\nMemAvailable:    2048596 kB\nBuffers:               0 kB\nCached:            13244 kB\nSwapCache:             0 kB\nActive:            35464 kB\nInactive:           6624 kB\nActive(anon):      28844 kB\nInactive(anon):        0 kB\nActive(file):       6620 kB\nInactive(file):     6624 kB\nUnevictable:           0 kB\nMlocked:               0 kB\nSwapTotal:             0 kB\nSwapFree:              0 kB\nDirty:                 0 kB\nWriteback:             0 kB\nAnonPages:         28844 kB\nMapped:            13244 kB\nShmem:                 0 kB",
        "cpuinfo": "Architecture:        x86_64\nCPU op-mode(s):      32-bit, 64-bit\nByte Order:          Little Endian\nCPU(s):              2\nOn-line CPU(s) list: 0,1\nVendor ID:           GenuineIntel\nCPU family:          6\nModel:               79\nModel name:          unknown\nStepping:            unknown\nCPU MHz:             2780.158\nBogoMIPS:            2780.16\nVirtualization:      VT-x\nFlags:               fpu vme de pse tsc msr pae mce cx8 apic sep mtrr pge mca cmov pat pse36 clflush dts acpi mmx fxsr sse sse2 ss ht tm pbe syscall nx pdpe1gb rdtscp lm pni pclmulqdq dtes64 monitor ds_cpl vmx smx est tm2 ssse3 sdbg fma cx16 xtpr pdcm pcid dca sse4_1 sse4_2 x2apic movbe popcnt tsc_deadline_timer aes xsave avx f16c rdrand lahf_lm abm 3dnowprefetch fsgsbase tsc_adjust bmi1 hle avx2 smep bmi2 erms invpcid rtm cqm rdt_a rdseed adx smap xsaveopt"
    }
},
{
    "pystart_ms": 1588924161511.7805,
    "pyend_ms": 1588924164991.2197,
    "pyduration_ms": 3479.439208984375,
    "func_data": {
        "initTime_ms": 1588924163023.4602,
        "endTime_ms": 1588924164914.8975,
        "duration_ms": 1891.437292098999,
        "executionID": "sq32xzjwa9b2",
        "containerID": "98fef339-0767-400a-9db3-4c89152bcd59",
        "uptime": "44.69",
        "meminfo": "MemTotal:        2097152 kB\nMemFree:         2050512 kB\nMemAvailable:    2050512 kB\nBuffers:               0 kB\nCached:            13320 kB\nSwapCache:             0 kB\nActive:            33512 kB\nInactive:           6660 kB\nActive(anon):      26852 kB\nInactive(anon):        0 kB\nActive(file):       6660 kB\nInactive(file):     6660 kB\nUnevictable:           0 kB\nMlocked:               0 kB\nSwapTotal:             0 kB\nSwapFree:              0 kB\nDirty:                 0 kB\nWriteback:             0 kB\nAnonPages:         26852 kB\nMapped:            13320 kB\nShmem:                 0 kB",
        "cpuinfo": "Architecture:        x86_64\nCPU op-mode(s):      32-bit, 64-bit\nByte Order:          Little Endian\nCPU(s):              2\nOn-line CPU(s) list: 0,1\nVendor ID:           GenuineIntel\nCPU family:          6\nModel:               85\nModel name:          unknown\nStepping:            unknown\nCPU MHz:             2310.855\nBogoMIPS:            2310.86\nVirtualization:      VT-x\nFlags:               fpu vme de pse tsc msr pae mce cx8 apic sep mtrr pge mca cmov pat pse36 clflush dts acpi mmx fxsr sse sse2 ss ht tm pbe syscall nx pdpe1gb rdtscp lm pni pclmulqdq dtes64 monitor ds_cpl vmx smx est tm2 ssse3 sdbg fma cx16 xtpr pdcm pcid dca sse4_1 sse4_2 x2apic movbe popcnt tsc_deadline_timer aes xsave avx f16c rdrand lahf_lm abm 3dnowprefetch fsgsbase tsc_adjust bmi1 hle avx2 smep bmi2 erms invpcid rtm cqm mpx rdt_a avx512f avx512dq rdseed adx smap clwb avx512cd avx512bw avx512vl xsaveopt xsavec xgetbv1 xsaves pku"
    }
},
{
    "pystart_ms": 1588924161467.7825,
    "pyend_ms": 1588924165009.209,
    "pyduration_ms": 3541.426513671875,
    "func_data": {
        "initTime_ms": 1588924162699.648,
        "endTime_ms": 1588924164833.5732,
        "duration_ms": 2133.925437927246,
        "executionID": "u4bw0cn3vlnv",
        "containerID": "e4e2bb0e-b00d-460b-9a77-2c41136d6b4e",
        "uptime": "44.42",
        "meminfo": "MemTotal:        2097152 kB\nMemFree:         2051520 kB\nMemAvailable:    2051520 kB\nBuffers:               0 kB\nCached:            13612 kB\nSwapCache:             0 kB\nActive:            32356 kB\nInactive:           6808 kB\nActive(anon):      25552 kB\nInactive(anon):        0 kB\nActive(file):       6804 kB\nInactive(file):     6808 kB\nUnevictable:           0 kB\nMlocked:               0 kB\nSwapTotal:             0 kB\nSwapFree:              0 kB\nDirty:                 0 kB\nWriteback:             0 kB\nAnonPages:         25552 kB\nMapped:            13612 kB\nShmem:                 0 kB",
        "cpuinfo": "Architecture:        x86_64\nCPU op-mode(s):      32-bit, 64-bit\nByte Order:          Little Endian\nCPU(s):              2\nOn-line CPU(s) list: 0,1\nVendor ID:           GenuineIntel\nCPU family:          6\nModel:               85\nModel name:          unknown\nStepping:            unknown\nCPU MHz:             2700.233\nBogoMIPS:            2700.23\nVirtualization:      VT-x\nFlags:               fpu vme de pse tsc msr pae mce cx8 apic sep mtrr pge mca cmov pat pse36 clflush dts acpi mmx fxsr sse sse2 ss ht tm pbe syscall nx pdpe1gb rdtscp lm pni pclmulqdq dtes64 monitor ds_cpl vmx smx est tm2 ssse3 sdbg fma cx16 xtpr pdcm pcid dca sse4_1 sse4_2 x2apic movbe popcnt tsc_deadline_timer aes xsave avx f16c rdrand lahf_lm abm 3dnowprefetch fsgsbase tsc_adjust bmi1 hle avx2 smep bmi2 erms invpcid rtm cqm mpx rdt_a avx512f avx512dq rdseed adx smap clwb avx512cd avx512bw avx512vl xsaveopt xsavec xgetbv1 xsaves pku"
    }
},
{
    "pystart_ms": 1588924161620.757,
    "pyend_ms": 1588924165010.188,
    "pyduration_ms": 3389.430908203125,
    "func_data": {
        "initTime_ms": 1588924163356.5227,
        "endTime_ms": 1588924164921.2097,
        "duration_ms": 1564.6870136260986,
        "executionID": "zl6ikjjp4wo9",
        "containerID": "dd31c3e1-b37d-4788-976a-f91589ca0b6f",
        "uptime": "44.62",
        "meminfo": "MemTotal:        2097152 kB\nMemFree:         2048740 kB\nMemAvailable:    2048740 kB\nBuffers:               0 kB\nCached:            13604 kB\nSwapCache:             0 kB\nActive:            35140 kB\nInactive:           6804 kB\nActive(anon):      28340 kB\nInactive(anon):        0 kB\nActive(file):       6800 kB\nInactive(file):     6804 kB\nUnevictable:           0 kB\nMlocked:               0 kB\nSwapTotal:             0 kB\nSwapFree:              0 kB\nDirty:                 0 kB\nWriteback:             0 kB\nAnonPages:         28340 kB\nMapped:            13604 kB\nShmem:                 0 kB",
        "cpuinfo": "Architecture:        x86_64\nCPU op-mode(s):      32-bit, 64-bit\nByte Order:          Little Endian\nCPU(s):              2\nOn-line CPU(s) list: 0,1\nVendor ID:           GenuineIntel\nCPU family:          6\nModel:               85\nModel name:          unknown\nStepping:            unknown\nCPU MHz:             2700.232\nBogoMIPS:            2700.23\nVirtualization:      VT-x\nFlags:               fpu vme de pse tsc msr pae mce cx8 apic sep mtrr pge mca cmov pat pse36 clflush dts acpi mmx fxsr sse sse2 ss ht tm pbe syscall nx pdpe1gb rdtscp lm pni pclmulqdq dtes64 monitor ds_cpl vmx smx est tm2 ssse3 sdbg fma cx16 xtpr pdcm pcid dca sse4_1 sse4_2 x2apic movbe popcnt tsc_deadline_timer aes xsave avx f16c rdrand lahf_lm abm 3dnowprefetch fsgsbase tsc_adjust bmi1 hle avx2 smep bmi2 erms invpcid rtm cqm mpx rdt_a avx512f avx512dq rdseed adx smap clwb avx512cd avx512bw avx512vl xsaveopt xsavec xgetbv1 xsaves pku"
    }
},
{
    "pystart_ms": 1588924161540.8018,
    "pyend_ms": 1588924165018.209,
    "pyduration_ms": 3477.4072265625,
    "func_data": {
        "initTime_ms": 1588924163001.327,
        "endTime_ms": 1588924164844.752,
        "duration_ms": 1843.4250354766846,
        "executionID": "li6xpeavzc4z",
        "containerID": "32d97e49-821e-4de6-8024-7d795e5d6ab8",
        "uptime": "44.03",
        "meminfo": "MemTotal:        2097152 kB\nMemFree:         2047088 kB\nMemAvailable:    2047088 kB\nBuffers:               0 kB\nCached:            13740 kB\nSwapCache:             0 kB\nActive:            36724 kB\nInactive:           6872 kB\nActive(anon):      29856 kB\nInactive(anon):        0 kB\nActive(file):       6868 kB\nInactive(file):     6872 kB\nUnevictable:           0 kB\nMlocked:               0 kB\nSwapTotal:             0 kB\nSwapFree:              0 kB\nDirty:                 0 kB\nWriteback:             0 kB\nAnonPages:         29856 kB\nMapped:            13740 kB\nShmem:                 0 kB",
        "cpuinfo": "Architecture:        x86_64\nCPU op-mode(s):      32-bit, 64-bit\nByte Order:          Little Endian\nCPU(s):              2\nOn-line CPU(s) list: 0,1\nVendor ID:           GenuineIntel\nCPU family:          6\nModel:               85\nModel name:          unknown\nStepping:            unknown\nCPU MHz:             2669.340\nBogoMIPS:            2669.34\nVirtualization:      VT-x\nFlags:               fpu vme de pse tsc msr pae mce cx8 apic sep mtrr pge mca cmov pat pse36 clflush dts acpi mmx fxsr sse sse2 ss ht tm pbe syscall nx pdpe1gb rdtscp lm pni pclmulqdq dtes64 monitor ds_cpl vmx smx est tm2 ssse3 sdbg fma cx16 xtpr pdcm pcid dca sse4_1 sse4_2 x2apic movbe popcnt tsc_deadline_timer aes xsave avx f16c rdrand lahf_lm abm 3dnowprefetch fsgsbase tsc_adjust bmi1 hle avx2 smep bmi2 erms invpcid rtm cqm mpx rdt_a avx512f avx512dq rdseed adx smap clwb avx512cd avx512bw avx512vl xsaveopt xsavec xgetbv1 xsaves pku"
    }
},
{
    "pystart_ms": 1588924161500.797,
    "pyend_ms": 1588924165030.209,
    "pyduration_ms": 3529.411865234375,
    "func_data": {
        "initTime_ms": 1588924163045.3965,
        "endTime_ms": 1588924164942.227,
        "duration_ms": 1896.8305587768555,
        "executionID": "b84b1hwxadsq",
        "containerID": "cb882f66-bc8d-42b9-a0ea-dca1f7278bea",
        "uptime": "192.66",
        "meminfo": "MemTotal:        2097152 kB\nMemFree:         2047480 kB\nMemAvailable:    2047480 kB\nBuffers:               0 kB\nCached:            13740 kB\nSwapCache:             0 kB\nActive:            36332 kB\nInactive:           6872 kB\nActive(anon):      29464 kB\nInactive(anon):        0 kB\nActive(file):       6868 kB\nInactive(file):     6872 kB\nUnevictable:           0 kB\nMlocked:               0 kB\nSwapTotal:             0 kB\nSwapFree:              0 kB\nDirty:                 0 kB\nWriteback:             0 kB\nAnonPages:         29464 kB\nMapped:            13740 kB\nShmem:                 0 kB",
        "cpuinfo": "Architecture:        x86_64\nCPU op-mode(s):      32-bit, 64-bit\nByte Order:          Little Endian\nCPU(s):              2\nOn-line CPU(s) list: 0,1\nVendor ID:           GenuineIntel\nCPU family:          6\nModel:               85\nModel name:          unknown\nStepping:            unknown\nCPU MHz:             2700.268\nBogoMIPS:            2700.27\nVirtualization:      VT-x\nFlags:               fpu vme de pse tsc msr pae mce cx8 apic sep mtrr pge mca cmov pat pse36 clflush dts acpi mmx fxsr sse sse2 ss ht tm pbe syscall nx pdpe1gb rdtscp lm pni pclmulqdq dtes64 monitor ds_cpl vmx smx est tm2 ssse3 sdbg fma cx16 xtpr pdcm pcid dca sse4_1 sse4_2 x2apic movbe popcnt tsc_deadline_timer aes xsave avx f16c rdrand lahf_lm abm 3dnowprefetch fsgsbase tsc_adjust bmi1 hle avx2 smep bmi2 erms invpcid rtm cqm mpx rdt_a avx512f avx512dq rdseed adx smap clwb avx512cd avx512bw avx512vl xsaveopt xsavec xgetbv1 xsaves pku"
    }
},
{
    "pystart_ms": 1588924161660.8064,
    "pyend_ms": 1588924165063.213,
    "pyduration_ms": 3402.406494140625,
    "func_data": {
        "initTime_ms": 1588924163371.292,
        "endTime_ms": 1588924164969.448,
        "duration_ms": 1598.156213760376,
        "executionID": "wrnx4bp7xp3y",
        "containerID": "a13383e4-087e-480a-bcaa-b50dd5c75f70",
        "uptime": "42.82",
        "meminfo": "MemTotal:        2097152 kB\nMemFree:         2048676 kB\nMemAvailable:    2048676 kB\nBuffers:               0 kB\nCached:            13240 kB\nSwapCache:             0 kB\nActive:            35388 kB\nInactive:           6620 kB\nActive(anon):      28768 kB\nInactive(anon):        0 kB\nActive(file):       6620 kB\nInactive(file):     6620 kB\nUnevictable:           0 kB\nMlocked:               0 kB\nSwapTotal:             0 kB\nSwapFree:              0 kB\nDirty:                 0 kB\nWriteback:             0 kB\nAnonPages:         28768 kB\nMapped:            13240 kB\nShmem:                 0 kB",
        "cpuinfo": "Architecture:        x86_64\nCPU op-mode(s):      32-bit, 64-bit\nByte Order:          Little Endian\nCPU(s):              2\nOn-line CPU(s) list: 0,1\nVendor ID:           GenuineIntel\nCPU family:          6\nModel:               85\nModel name:          unknown\nStepping:            unknown\nCPU MHz:             2563.271\nBogoMIPS:            2563.27\nVirtualization:      VT-x\nFlags:               fpu vme de pse tsc msr pae mce cx8 apic sep mtrr pge mca cmov pat pse36 clflush dts acpi mmx fxsr sse sse2 ss ht tm pbe syscall nx pdpe1gb rdtscp lm pni pclmulqdq dtes64 monitor ds_cpl vmx smx est tm2 ssse3 sdbg fma cx16 xtpr pdcm pcid dca sse4_1 sse4_2 x2apic movbe popcnt tsc_deadline_timer aes xsave avx f16c rdrand lahf_lm abm 3dnowprefetch fsgsbase tsc_adjust bmi1 hle avx2 smep bmi2 erms invpcid rtm cqm mpx rdt_a avx512f avx512dq rdseed adx smap clwb avx512cd avx512bw avx512vl xsaveopt xsavec xgetbv1 xsaves pku"
    }
},
{
    "pystart_ms": 1588924161506.7988,
    "pyend_ms": 1588924165066.2214,
    "pyduration_ms": 3559.422607421875,
    "func_data": {
        "initTime_ms": 1588924162980.2827,
        "endTime_ms": 1588924164897.5273,
        "duration_ms": 1917.2446727752686,
        "executionID": "7rnrdwdyx6mp",
        "containerID": "35577ec4-5284-4c02-b11f-5c81646b3164",
        "uptime": "42.75",
        "meminfo": "MemTotal:        2097152 kB\nMemFree:         2048456 kB\nMemAvailable:    2048456 kB\nBuffers:               0 kB\nCached:            13604 kB\nSwapCache:             0 kB\nActive:            35424 kB\nInactive:           6804 kB\nActive(anon):      28624 kB\nInactive(anon):        0 kB\nActive(file):       6800 kB\nInactive(file):     6804 kB\nUnevictable:           0 kB\nMlocked:               0 kB\nSwapTotal:             0 kB\nSwapFree:              0 kB\nDirty:                 0 kB\nWriteback:             0 kB\nAnonPages:         28624 kB\nMapped:            13604 kB\nShmem:                 0 kB",
        "cpuinfo": "Architecture:        x86_64\nCPU op-mode(s):      32-bit, 64-bit\nByte Order:          Little Endian\nCPU(s):              2\nOn-line CPU(s) list: 0,1\nVendor ID:           GenuineIntel\nCPU family:          6\nModel:               85\nModel name:          unknown\nStepping:            unknown\nCPU MHz:             2678.294\nBogoMIPS:            2678.29\nVirtualization:      VT-x\nFlags:               fpu vme de pse tsc msr pae mce cx8 apic sep mtrr pge mca cmov pat pse36 clflush dts acpi mmx fxsr sse sse2 ss ht tm pbe syscall nx pdpe1gb rdtscp lm pni pclmulqdq dtes64 monitor ds_cpl vmx smx est tm2 ssse3 sdbg fma cx16 xtpr pdcm pcid dca sse4_1 sse4_2 x2apic movbe popcnt tsc_deadline_timer aes xsave avx f16c rdrand lahf_lm abm 3dnowprefetch fsgsbase tsc_adjust bmi1 hle avx2 smep bmi2 erms invpcid rtm cqm mpx rdt_a avx512f avx512dq rdseed adx smap clwb avx512cd avx512bw avx512vl xsaveopt xsavec xgetbv1 xsaves pku"
    }
},
{
    "pystart_ms": 1588924161498.781,
    "pyend_ms": 1588924165095.2192,
    "pyduration_ms": 3596.438232421875,
    "func_data": {
        "initTime_ms": 1588924162973.659,
        "endTime_ms": 1588924164942.6748,
        "duration_ms": 1969.0158367156982,
        "executionID": "14727vhmfycz",
        "containerID": "52e463e4-70ec-476e-86a0-8ef27569beff",
        "uptime": "43.97",
        "meminfo": "MemTotal:        2097152 kB\nMemFree:         2048048 kB\nMemAvailable:    2048048 kB\nBuffers:               0 kB\nCached:            13696 kB\nSwapCache:             0 kB\nActive:            35788 kB\nInactive:           6848 kB\nActive(anon):      28940 kB\nInactive(anon):        0 kB\nActive(file):       6848 kB\nInactive(file):     6848 kB\nUnevictable:           0 kB\nMlocked:               0 kB\nSwapTotal:             0 kB\nSwapFree:              0 kB\nDirty:                 0 kB\nWriteback:             0 kB\nAnonPages:         28940 kB\nMapped:            13696 kB\nShmem:                 0 kB",
        "cpuinfo": "Architecture:        x86_64\nCPU op-mode(s):      32-bit, 64-bit\nByte Order:          Little Endian\nCPU(s):              2\nOn-line CPU(s) list: 0,1\nVendor ID:           GenuineIntel\nCPU family:          6\nModel:               85\nModel name:          unknown\nStepping:            unknown\nCPU MHz:             2508.876\nBogoMIPS:            2508.88\nVirtualization:      VT-x\nFlags:               fpu vme de pse tsc msr pae mce cx8 apic sep mtrr pge mca cmov pat pse36 clflush dts acpi mmx fxsr sse sse2 ss ht tm pbe syscall nx pdpe1gb rdtscp lm pni pclmulqdq dtes64 monitor ds_cpl vmx smx est tm2 ssse3 sdbg fma cx16 xtpr pdcm pcid dca sse4_1 sse4_2 x2apic movbe popcnt tsc_deadline_timer aes xsave avx f16c rdrand lahf_lm abm 3dnowprefetch fsgsbase tsc_adjust bmi1 hle avx2 smep bmi2 erms invpcid rtm cqm mpx rdt_a avx512f avx512dq rdseed adx smap clwb avx512cd avx512bw avx512vl xsaveopt xsavec xgetbv1 xsaves pku"
    }
},
{
    "pystart_ms": 1588924161582.7803,
    "pyend_ms": 1588924165113.184,
    "pyduration_ms": 3530.40380859375,
    "func_data": {
        "initTime_ms": 1588924163344.0486,
        "endTime_ms": 1588924165035.456,
        "duration_ms": 1691.4074420928955,
        "executionID": "bm87an7otqhi",
        "containerID": "9d3d2561-9466-4ad2-a884-493eb84b3e40",
        "uptime": "42.39",
        "meminfo": "MemTotal:        2097152 kB\nMemFree:         2049772 kB\nMemAvailable:    2049772 kB\nBuffers:               0 kB\nCached:            13276 kB\nSwapCache:             0 kB\nActive:            34272 kB\nInactive:           6640 kB\nActive(anon):      27636 kB\nInactive(anon):        0 kB\nActive(file):       6636 kB\nInactive(file):     6640 kB\nUnevictable:           0 kB\nMlocked:               0 kB\nSwapTotal:             0 kB\nSwapFree:              0 kB\nDirty:                 0 kB\nWriteback:             0 kB\nAnonPages:         27636 kB\nMapped:            13276 kB\nShmem:                 0 kB",
        "cpuinfo": "Architecture:        x86_64\nCPU op-mode(s):      32-bit, 64-bit\nByte Order:          Little Endian\nCPU(s):              2\nOn-line CPU(s) list: 0,1\nVendor ID:           GenuineIntel\nCPU family:          6\nModel:               85\nModel name:          unknown\nStepping:            unknown\nCPU MHz:             2539.918\nBogoMIPS:            2539.92\nVirtualization:      VT-x\nFlags:               fpu vme de pse tsc msr pae mce cx8 apic sep mtrr pge mca cmov pat pse36 clflush dts acpi mmx fxsr sse sse2 ss ht tm pbe syscall nx pdpe1gb rdtscp lm pni pclmulqdq dtes64 monitor ds_cpl vmx smx est tm2 ssse3 sdbg fma cx16 xtpr pdcm pcid dca sse4_1 sse4_2 x2apic movbe popcnt tsc_deadline_timer aes xsave avx f16c rdrand lahf_lm abm 3dnowprefetch fsgsbase tsc_adjust bmi1 hle avx2 smep bmi2 erms invpcid rtm cqm mpx rdt_a avx512f avx512dq rdseed adx smap clwb avx512cd avx512bw avx512vl xsaveopt xsavec xgetbv1 xsaves pku"
    }
},
{
    "pystart_ms": 1588924161687.7778,
    "pyend_ms": 1588924165116.2122,
    "pyduration_ms": 3428.434326171875,
    "func_data": {
        "initTime_ms": 1588924163427.542,
        "endTime_ms": 1588924164972.4453,
        "duration_ms": 1544.90327835083,
        "executionID": "xav19r5klh10",
        "containerID": "7477ff38-6822-4ff5-bb52-f6ce145f5de4",
        "uptime": "43.36",
        "meminfo": "MemTotal:        2097152 kB\nMemFree:         2047832 kB\nMemAvailable:    2047832 kB\nBuffers:               0 kB\nCached:            13756 kB\nSwapCache:             0 kB\nActive:            35972 kB\nInactive:           6880 kB\nActive(anon):      29096 kB\nInactive(anon):        0 kB\nActive(file):       6876 kB\nInactive(file):     6880 kB\nUnevictable:           0 kB\nMlocked:               0 kB\nSwapTotal:             0 kB\nSwapFree:              0 kB\nDirty:                 0 kB\nWriteback:             0 kB\nAnonPages:         29096 kB\nMapped:            13756 kB\nShmem:                 0 kB",
        "cpuinfo": "Architecture:        x86_64\nCPU op-mode(s):      32-bit, 64-bit\nByte Order:          Little Endian\nCPU(s):              2\nOn-line CPU(s) list: 0,1\nVendor ID:           GenuineIntel\nCPU family:          6\nModel:               85\nModel name:          unknown\nStepping:            unknown\nCPU MHz:             2687.232\nBogoMIPS:            2687.23\nVirtualization:      VT-x\nFlags:               fpu vme de pse tsc msr pae mce cx8 apic sep mtrr pge mca cmov pat pse36 clflush dts acpi mmx fxsr sse sse2 ss ht tm pbe syscall nx pdpe1gb rdtscp lm pni pclmulqdq dtes64 monitor ds_cpl vmx smx est tm2 ssse3 sdbg fma cx16 xtpr pdcm pcid dca sse4_1 sse4_2 x2apic movbe popcnt tsc_deadline_timer aes xsave avx f16c rdrand lahf_lm abm 3dnowprefetch fsgsbase tsc_adjust bmi1 hle avx2 smep bmi2 erms invpcid rtm cqm mpx rdt_a avx512f avx512dq rdseed adx smap clwb avx512cd avx512bw avx512vl xsaveopt xsavec xgetbv1 xsaves pku"
    }
},
{
    "pystart_ms": 1588924161669.7988,
    "pyend_ms": 1588924165120.2131,
    "pyduration_ms": 3450.414306640625,
    "func_data": {
        "initTime_ms": 1588924163424.7341,
        "endTime_ms": 1588924164945.2124,
        "duration_ms": 1520.4782485961914,
        "executionID": "fspnh7dpimdd",
        "containerID": "935279c5-abc3-4b89-a36b-67440f86d8da",
        "uptime": "44.59",
