
{
    "pystart_ms": 1588923887129.5464,
    "pyend_ms": 1588923889581.8003,
    "pyduration_ms": 2452.25390625,
    "func_data": {
        "initTime_ms": 1588923887421.3245,
        "endTime_ms": 1588923889417.99,
        "duration_ms": 1996.6654777526855,
        "executionID": "62c20ucnvaws",
        "containerID": "b82f4254-99c8-49ce-b1d5-82b1c803a69b",
        "uptime": "430.68",
        "meminfo": "MemTotal:        2097152 kB\nMemFree:         2050828 kB\nMemAvailable:    2050828 kB\nBuffers:               0 kB\nCached:            18552 kB\nSwapCache:             0 kB\nActive:            37036 kB\nInactive:           9276 kB\nActive(anon):      27760 kB\nInactive(anon):        0 kB\nActive(file):       9276 kB\nInactive(file):     9276 kB\nUnevictable:           0 kB\nMlocked:               0 kB\nSwapTotal:             0 kB\nSwapFree:              0 kB\nDirty:                 0 kB\nWriteback:             0 kB\nAnonPages:         27760 kB\nMapped:            18552 kB\nShmem:                 0 kB",
        "cpuinfo": "Architecture:        x86_64\nCPU op-mode(s):      32-bit, 64-bit\nByte Order:          Little Endian\nCPU(s):              2\nOn-line CPU(s) list: 0,1\nVendor ID:           GenuineIntel\nCPU family:          6\nModel:               79\nModel name:          unknown\nStepping:            unknown\nCPU MHz:             2799.999\nBogoMIPS:            2800.00\nVirtualization:      VT-x\nFlags:               fpu vme de pse tsc msr pae mce cx8 apic sep mtrr pge mca cmov pat pse36 clflush dts acpi mmx fxsr sse sse2 ss ht tm pbe syscall nx pdpe1gb rdtscp lm pni pclmulqdq dtes64 monitor ds_cpl vmx smx est tm2 ssse3 sdbg fma cx16 xtpr pdcm pcid dca sse4_1 sse4_2 x2apic movbe popcnt tsc_deadline_timer aes xsave avx f16c rdrand lahf_lm abm 3dnowprefetch fsgsbase tsc_adjust bmi1 hle avx2 smep bmi2 erms invpcid rtm cqm rdt_a rdseed adx smap xsaveopt"
    }
},
{
    "pystart_ms": 1588923887121.529,
    "pyend_ms": 1588923893206.298,
    "pyduration_ms": 6084.76904296875,
    "func_data": {
        "initTime_ms": 1588923891853.9128,
        "endTime_ms": 1588923893119.478,
        "duration_ms": 1265.5651569366455,
        "executionID": "13e1qc4wzv0r",
        "containerID": "0dd79c02-855b-4221-856b-3bc39526c83f",
        "uptime": "3.19",
        "meminfo": "MemTotal:        2097152 kB\nMemFree:         2051724 kB\nMemAvailable:    2051724 kB\nBuffers:               0 kB\nCached:            13364 kB\nSwapCache:             0 kB\nActive:            32276 kB\nInactive:           6684 kB\nActive(anon):      25596 kB\nInactive(anon):        0 kB\nActive(file):       6680 kB\nInactive(file):     6684 kB\nUnevictable:           0 kB\nMlocked:               0 kB\nSwapTotal:             0 kB\nSwapFree:              0 kB\nDirty:                 0 kB\nWriteback:             0 kB\nAnonPages:         25596 kB\nMapped:            13364 kB\nShmem:                 0 kB",
        "cpuinfo": "Architecture:        x86_64\nCPU op-mode(s):      32-bit, 64-bit\nByte Order:          Little Endian\nCPU(s):              2\nOn-line CPU(s) list: 0,1\nVendor ID:           GenuineIntel\nCPU family:          6\nModel:               85\nModel name:          unknown\nStepping:            unknown\nCPU MHz:             2694.845\nBogoMIPS:            2694.84\nVirtualization:      VT-x\nFlags:               fpu vme de pse tsc msr pae mce cx8 apic sep mtrr pge mca cmov pat pse36 clflush dts acpi mmx fxsr sse sse2 ss ht tm pbe syscall nx pdpe1gb rdtscp lm pni pclmulqdq dtes64 monitor ds_cpl vmx smx est tm2 ssse3 sdbg fma cx16 xtpr pdcm pcid dca sse4_1 sse4_2 x2apic movbe popcnt tsc_deadline_timer aes xsave avx f16c rdrand lahf_lm abm 3dnowprefetch fsgsbase tsc_adjust bmi1 hle avx2 smep bmi2 erms invpcid rtm cqm mpx rdt_a avx512f avx512dq rdseed adx smap clwb avx512cd avx512bw avx512vl xsaveopt xsavec xgetbv1 xsaves pku"
    }
},
{
    "pystart_ms": 1588923887130.5283,
    "pyend_ms": 1588923893638.1816,
    "pyduration_ms": 6507.6533203125,
    "func_data": {
        "initTime_ms": 1588923892291.199,
        "endTime_ms": 1588923893545.471,
        "duration_ms": 1254.2719841003418,
        "executionID": "21n0mfvmdk8a",
        "containerID": "ce845def-4933-4fed-b133-a32faf5b92dc",
        "uptime": "3.22",
        "meminfo": "MemTotal:        2097152 kB\nMemFree:         2050168 kB\nMemAvailable:    2050168 kB\nBuffers:               0 kB\nCached:            13364 kB\nSwapCache:             0 kB\nActive:            33832 kB\nInactive:           6684 kB\nActive(anon):      27152 kB\nInactive(anon):        0 kB\nActive(file):       6680 kB\nInactive(file):     6684 kB\nUnevictable:           0 kB\nMlocked:               0 kB\nSwapTotal:             0 kB\nSwapFree:              0 kB\nDirty:                 0 kB\nWriteback:             0 kB\nAnonPages:         27152 kB\nMapped:            13364 kB\nShmem:                 0 kB",
        "cpuinfo": "Architecture:        x86_64\nCPU op-mode(s):      32-bit, 64-bit\nByte Order:          Little Endian\nCPU(s):              2\nOn-line CPU(s) list: 0,1\nVendor ID:           GenuineIntel\nCPU family:          6\nModel:               85\nModel name:          unknown\nStepping:            unknown\nCPU MHz:             2684.516\nBogoMIPS:            2684.52\nVirtualization:      VT-x\nFlags:               fpu vme de pse tsc msr pae mce cx8 apic sep mtrr pge mca cmov pat pse36 clflush dts acpi mmx fxsr sse sse2 ss ht tm pbe syscall nx pdpe1gb rdtscp lm pni pclmulqdq dtes64 monitor ds_cpl vmx smx est tm2 ssse3 sdbg fma cx16 xtpr pdcm pcid dca sse4_1 sse4_2 x2apic movbe popcnt tsc_deadline_timer aes xsave avx f16c rdrand lahf_lm abm 3dnowprefetch fsgsbase tsc_adjust bmi1 hle avx2 smep bmi2 erms invpcid rtm cqm mpx rdt_a avx512f avx512dq rdseed adx smap clwb avx512cd avx512bw avx512vl xsaveopt xsavec xgetbv1 xsaves pku"
    }
},
{
    "pystart_ms": 1588923887133.543,
    "pyend_ms": 1588923893653.181,
    "pyduration_ms": 6519.637939453125,
    "func_data": {
        "initTime_ms": 1588923892269.1414,
        "endTime_ms": 1588923893560.3926,
        "duration_ms": 1291.2511825561523,
        "executionID": "9blc0p4j9kqq",
        "containerID": "0b4e4643-2706-42ab-8ec0-0354b1ca1c33",
        "uptime": "3.36",
        "meminfo": "MemTotal:        2097152 kB\nMemFree:         2048780 kB\nMemAvailable:    2048780 kB\nBuffers:               0 kB\nCached:            13364 kB\nSwapCache:             0 kB\nActive:            35220 kB\nInactive:           6684 kB\nActive(anon):      28540 kB\nInactive(anon):        0 kB\nActive(file):       6680 kB\nInactive(file):     6684 kB\nUnevictable:           0 kB\nMlocked:               0 kB\nSwapTotal:             0 kB\nSwapFree:              0 kB\nDirty:                 0 kB\nWriteback:             0 kB\nAnonPages:         28540 kB\nMapped:            13364 kB\nShmem:                 0 kB",
        "cpuinfo": "Architecture:        x86_64\nCPU op-mode(s):      32-bit, 64-bit\nByte Order:          Little Endian\nCPU(s):              2\nOn-line CPU(s) list: 0,1\nVendor ID:           GenuineIntel\nCPU family:          6\nModel:               85\nModel name:          unknown\nStepping:            unknown\nCPU MHz:             2698.609\nBogoMIPS:            2698.61\nVirtualization:      VT-x\nFlags:               fpu vme de pse tsc msr pae mce cx8 apic sep mtrr pge mca cmov pat pse36 clflush dts acpi mmx fxsr sse sse2 ss ht tm pbe syscall nx pdpe1gb rdtscp lm pni pclmulqdq dtes64 monitor ds_cpl vmx smx est tm2 ssse3 sdbg fma cx16 xtpr pdcm pcid dca sse4_1 sse4_2 x2apic movbe popcnt tsc_deadline_timer aes xsave avx f16c rdrand lahf_lm abm 3dnowprefetch fsgsbase tsc_adjust bmi1 hle avx2 smep bmi2 erms invpcid rtm cqm mpx rdt_a avx512f avx512dq rdseed adx smap clwb avx512cd avx512bw avx512vl xsaveopt xsavec xgetbv1 xsaves pku"
    }
},
{
    "pystart_ms": 1588923887131.5417,
    "pyend_ms": 1588923893931.242,
    "pyduration_ms": 6799.7001953125,
    "func_data": {
        "initTime_ms": 1588923892558.4985,
        "endTime_ms": 1588923893838.895,
        "duration_ms": 1280.3964614868164,
        "executionID": "dg0si5j4uupa",
        "containerID": "410195ab-0aa5-4188-92e5-84a68de6412a",
        "uptime": "3.27",
        "meminfo": "MemTotal:        2097152 kB\nMemFree:         2050488 kB\nMemAvailable:    2050488 kB\nBuffers:               0 kB\nCached:            13228 kB\nSwapCache:             0 kB\nActive:            33580 kB\nInactive:           6616 kB\nActive(anon):      26968 kB\nInactive(anon):        0 kB\nActive(file):       6612 kB\nInactive(file):     6616 kB\nUnevictable:           0 kB\nMlocked:               0 kB\nSwapTotal:             0 kB\nSwapFree:              0 kB\nDirty:                 0 kB\nWriteback:             0 kB\nAnonPages:         26968 kB\nMapped:            13228 kB\nShmem:                 0 kB",
        "cpuinfo": "Architecture:        x86_64\nCPU op-mode(s):      32-bit, 64-bit\nByte Order:          Little Endian\nCPU(s):              2\nOn-line CPU(s) list: 0,1\nVendor ID:           GenuineIntel\nCPU family:          6\nModel:               85\nModel name:          unknown\nStepping:            unknown\nCPU MHz:             2499.241\nBogoMIPS:            2499.24\nVirtualization:      VT-x\nFlags:               fpu vme de pse tsc msr pae mce cx8 apic sep mtrr pge mca cmov pat pse36 clflush dts acpi mmx fxsr sse sse2 ss ht tm pbe syscall nx pdpe1gb rdtscp lm pni pclmulqdq dtes64 monitor ds_cpl vmx smx est tm2 ssse3 sdbg fma cx16 xtpr pdcm pcid dca sse4_1 sse4_2 x2apic movbe popcnt tsc_deadline_timer aes xsave avx f16c rdrand lahf_lm abm 3dnowprefetch fsgsbase tsc_adjust bmi1 hle avx2 smep bmi2 erms invpcid rtm cqm mpx rdt_a avx512f avx512dq rdseed adx smap clwb avx512cd avx512bw avx512vl xsaveopt xsavec xgetbv1 xsaves pku"
    }
},
{
    "pystart_ms": 1588923887127.5278,
    "pyend_ms": 1588923894361.304,
    "pyduration_ms": 7233.776123046875,
    "func_data": {
        "initTime_ms": 1588923892952.0256,
        "endTime_ms": 1588923894261.1282,
        "duration_ms": 1309.1025352478027,
        "executionID": "bu6i967u0o64",
        "containerID": "6c3adfef-22fe-4648-a339-8250eb421e38",
        "uptime": "3.47",
        "meminfo": "MemTotal:        2097152 kB\nMemFree:         2051828 kB\nMemAvailable:    2051828 kB\nBuffers:               0 kB\nCached:            13228 kB\nSwapCache:             0 kB\nActive:            32240 kB\nInactive:           6616 kB\nActive(anon):      25628 kB\nInactive(anon):        0 kB\nActive(file):       6612 kB\nInactive(file):     6616 kB\nUnevictable:           0 kB\nMlocked:               0 kB\nSwapTotal:             0 kB\nSwapFree:              0 kB\nDirty:                 0 kB\nWriteback:             0 kB\nAnonPages:         25628 kB\nMapped:            13228 kB\nShmem:                 0 kB",
        "cpuinfo": "Architecture:        x86_64\nCPU op-mode(s):      32-bit, 64-bit\nByte Order:          Little Endian\nCPU(s):              2\nOn-line CPU(s) list: 0,1\nVendor ID:           GenuineIntel\nCPU family:          6\nModel:               85\nModel name:          unknown\nStepping:            unknown\nCPU MHz:             2669.771\nBogoMIPS:            2669.77\nVirtualization:      VT-x\nFlags:               fpu vme de pse tsc msr pae mce cx8 apic sep mtrr pge mca cmov pat pse36 clflush dts acpi mmx fxsr sse sse2 ss ht tm pbe syscall nx pdpe1gb rdtscp lm pni pclmulqdq dtes64 monitor ds_cpl vmx smx est tm2 ssse3 sdbg fma cx16 xtpr pdcm pcid dca sse4_1 sse4_2 x2apic movbe popcnt tsc_deadline_timer aes xsave avx f16c rdrand lahf_lm abm 3dnowprefetch fsgsbase tsc_adjust bmi1 hle avx2 smep bmi2 erms invpcid rtm cqm mpx rdt_a avx512f avx512dq rdseed adx smap clwb avx512cd avx512bw avx512vl xsaveopt xsavec xgetbv1 xsaves pku"
    }
},
{
    "pystart_ms": 1588923887132.5283,
    "pyend_ms": 1588923894501.611,
    "pyduration_ms": 7369.082763671875,
    "func_data": {
        "initTime_ms": 1588923893052.1484,
        "endTime_ms": 1588923894412.145,
        "duration_ms": 1359.9967956542969,
        "executionID": "pzix6nakwb31",
        "containerID": "85d5a0ef-5aff-4b57-9c90-7880df869750",
        "uptime": "3.68",
        "meminfo": "MemTotal:        2097152 kB\nMemFree:         2049756 kB\nMemAvailable:    2049756 kB\nBuffers:               0 kB\nCached:            13436 kB\nSwapCache:             0 kB\nActive:            34208 kB\nInactive:           6720 kB\nActive(anon):      27492 kB\nInactive(anon):        0 kB\nActive(file):       6716 kB\nInactive(file):     6720 kB\nUnevictable:           0 kB\nMlocked:               0 kB\nSwapTotal:             0 kB\nSwapFree:              0 kB\nDirty:                 0 kB\nWriteback:             0 kB\nAnonPages:         27492 kB\nMapped:            13436 kB\nShmem:                 0 kB",
        "cpuinfo": "Architecture:        x86_64\nCPU op-mode(s):      32-bit, 64-bit\nByte Order:          Little Endian\nCPU(s):              2\nOn-line CPU(s) list: 0,1\nVendor ID:           GenuineIntel\nCPU family:          6\nModel:               79\nModel name:          unknown\nStepping:            unknown\nCPU MHz:             2737.291\nBogoMIPS:            2737.29\nVirtualization:      VT-x\nFlags:               fpu vme de pse tsc msr pae mce cx8 apic sep mtrr pge mca cmov pat pse36 clflush dts acpi mmx fxsr sse sse2 ss ht tm pbe syscall nx pdpe1gb rdtscp lm pni pclmulqdq dtes64 monitor ds_cpl vmx smx est tm2 ssse3 sdbg fma cx16 xtpr pdcm pcid dca sse4_1 sse4_2 x2apic movbe popcnt tsc_deadline_timer aes xsave avx f16c rdrand lahf_lm abm 3dnowprefetch fsgsbase tsc_adjust bmi1 hle avx2 smep bmi2 erms invpcid rtm cqm rdt_a rdseed adx smap xsaveopt"
    }
},
{
    "pystart_ms": 1588923887124.5286,
    "pyend_ms": 1588923894676.6565,
    "pyduration_ms": 7552.1279296875,
    "func_data": {
        "initTime_ms": 1588923893162.7812,
        "endTime_ms": 1588923894591.458,
        "duration_ms": 1428.6768436431885,
        "executionID": "oyuttfh0qly9",
        "containerID": "41b88c84-d23b-4c17-8f90-9f8078ad2183",
        "uptime": "4.01",
        "meminfo": "MemTotal:        2097152 kB\nMemFree:         2047856 kB\nMemAvailable:    2047856 kB\nBuffers:               0 kB\nCached:            13364 kB\nSwapCache:             0 kB\nActive:            36144 kB\nInactive:           6684 kB\nActive(anon):      29464 kB\nInactive(anon):        0 kB\nActive(file):       6680 kB\nInactive(file):     6684 kB\nUnevictable:           0 kB\nMlocked:               0 kB\nSwapTotal:             0 kB\nSwapFree:              0 kB\nDirty:                 0 kB\nWriteback:             0 kB\nAnonPages:         29464 kB\nMapped:            13364 kB\nShmem:                 0 kB",
        "cpuinfo": "Architecture:        x86_64\nCPU op-mode(s):      32-bit, 64-bit\nByte Order:          Little Endian\nCPU(s):              2\nOn-line CPU(s) list: 0,1\nVendor ID:           GenuineIntel\nCPU family:          6\nModel:               79\nModel name:          unknown\nStepping:            unknown\nCPU MHz:             2766.643\nBogoMIPS:            2766.64\nVirtualization:      VT-x\nFlags:               fpu vme de pse tsc msr pae mce cx8 apic sep mtrr pge mca cmov pat pse36 clflush dts acpi mmx fxsr sse sse2 ss ht tm pbe syscall nx pdpe1gb rdtscp lm pni pclmulqdq dtes64 monitor ds_cpl vmx smx est tm2 ssse3 sdbg fma cx16 xtpr pdcm pcid dca sse4_1 sse4_2 x2apic movbe popcnt tsc_deadline_timer aes xsave avx f16c rdrand lahf_lm abm 3dnowprefetch fsgsbase tsc_adjust bmi1 hle avx2 smep bmi2 erms invpcid rtm cqm rdt_a rdseed adx smap xsaveopt"
    }
},
{
    "pystart_ms": 1588923887126.5442,
    "pyend_ms": 1588923894842.1003,
    "pyduration_ms": 7715.55615234375,
    "func_data": {
        "initTime_ms": 1588923893456.6553,
        "endTime_ms": 1588923894754.6235,
        "duration_ms": 1297.9681491851807,
        "executionID": "sf3ty3tb6m8x",
        "containerID": "bf64a9b2-92ff-4ed0-aa03-37a682066d82",
        "uptime": "4.50",
        "meminfo": "MemTotal:        2097152 kB\nMemFree:         2050244 kB\nMemAvailable:    2050244 kB\nBuffers:               0 kB\nCached:            13364 kB\nSwapCache:             0 kB\nActive:            33756 kB\nInactive:           6684 kB\nActive(anon):      27076 kB\nInactive(anon):        0 kB\nActive(file):       6680 kB\nInactive(file):     6684 kB\nUnevictable:           0 kB\nMlocked:               0 kB\nSwapTotal:             0 kB\nSwapFree:              0 kB\nDirty:                 0 kB\nWriteback:             0 kB\nAnonPages:         27076 kB\nMapped:            13364 kB\nShmem:                 0 kB",
        "cpuinfo": "Architecture:        x86_64\nCPU op-mode(s):      32-bit, 64-bit\nByte Order:          Little Endian\nCPU(s):              2\nOn-line CPU(s) list: 0,1\nVendor ID:           GenuineIntel\nCPU family:          6\nModel:               45\nModel name:          unknown\nStepping:            unknown\nCPU MHz:             3299.994\nBogoMIPS:            3299.99\nVirtualization:      VT-x\nFlags:               fpu vme de pse tsc msr pae mce cx8 apic sep mtrr pge mca cmov pat pse36 clflush dts acpi mmx fxsr sse sse2 ss ht tm pbe syscall nx pdpe1gb rdtscp lm pni pclmulqdq dtes64 monitor ds_cpl vmx smx est tm2 ssse3 cx16 xtpr pdcm pcid dca sse4_1 sse4_2 x2apic popcnt tsc_deadline_timer aes xsave avx lahf_lm xsaveopt"
    }
},
{
    "pystart_ms": 1588923887128.528,
    "pyend_ms": 1588923894945.9275,
    "pyduration_ms": 7817.3994140625,
    "func_data": {
        "initTime_ms": 1588923893553.7354,
        "endTime_ms": 1588923894861.968,
        "duration_ms": 1308.2327842712402,
        "executionID": "mtx62de59vns",
        "containerID": "c18cdb3a-7c0d-4941-94c5-edd792361023",
        "uptime": "4.41",
        "meminfo": "MemTotal:        2097152 kB\nMemFree:         2050980 kB\nMemAvailable:    2050980 kB\nBuffers:               0 kB\nCached:            13364 kB\nSwapCache:             0 kB\nActive:            33020 kB\nInactive:           6684 kB\nActive(anon):      26340 kB\nInactive(anon):        0 kB\nActive(file):       6680 kB\nInactive(file):     6684 kB\nUnevictable:           0 kB\nMlocked:               0 kB\nSwapTotal:             0 kB\nSwapFree:              0 kB\nDirty:                 0 kB\nWriteback:             0 kB\nAnonPages:         26340 kB\nMapped:            13364 kB\nShmem:                 0 kB",
        "cpuinfo": "Architecture:        x86_64\nCPU op-mode(s):      32-bit, 64-bit\nByte Order:          Little Endian\nCPU(s):              2\nOn-line CPU(s) list: 0,1\nVendor ID:           GenuineIntel\nCPU family:          6\nModel:               45\nModel name:          unknown\nStepping:            unknown\nCPU MHz:             3299.994\nBogoMIPS:            3299.99\nVirtualization:      VT-x\nFlags:               fpu vme de pse tsc msr pae mce cx8 apic sep mtrr pge mca cmov pat pse36 clflush dts acpi mmx fxsr sse sse2 ss ht tm pbe syscall nx pdpe1gb rdtscp lm pni pclmulqdq dtes64 monitor ds_cpl vmx smx est tm2 ssse3 cx16 xtpr pdcm pcid dca sse4_1 sse4_2 x2apic popcnt tsc_deadline_timer aes xsave avx lahf_lm xsaveopt"
    }
},