
{
    "pystart_ms": 1588923938825.0706,
    "pyend_ms": 1588923940886.38,
    "pyduration_ms": 2061.309326171875,
    "func_data": {
        "initTime_ms": 1588923939083.9363,
        "endTime_ms": 1588923940714.9202,
        "duration_ms": 1630.9840679168701,
        "executionID": "sf3thzyfc8up",
        "containerID": "bf64a9b2-92ff-4ed0-aa03-37a682066d82",
        "uptime": "50.18",
        "meminfo": "MemTotal:        2097152 kB\nMemFree:         2050904 kB\nMemAvailable:    2050904 kB\nBuffers:               0 kB\nCached:            13740 kB\nSwapCache:             0 kB\nActive:            32908 kB\nInactive:           6872 kB\nActive(anon):      26040 kB\nInactive(anon):        0 kB\nActive(file):       6868 kB\nInactive(file):     6872 kB\nUnevictable:           0 kB\nMlocked:               0 kB\nSwapTotal:             0 kB\nSwapFree:              0 kB\nDirty:                 0 kB\nWriteback:             0 kB\nAnonPages:         26040 kB\nMapped:            13740 kB\nShmem:                 0 kB",
        "cpuinfo": "Architecture:        x86_64\nCPU op-mode(s):      32-bit, 64-bit\nByte Order:          Little Endian\nCPU(s):              2\nOn-line CPU(s) list: 0,1\nVendor ID:           GenuineIntel\nCPU family:          6\nModel:               45\nModel name:          unknown\nStepping:            unknown\nCPU MHz:             3299.994\nBogoMIPS:            3299.99\nVirtualization:      VT-x\nFlags:               fpu vme de pse tsc msr pae mce cx8 apic sep mtrr pge mca cmov pat pse36 clflush dts acpi mmx fxsr sse sse2 ss ht tm pbe syscall nx pdpe1gb rdtscp lm pni pclmulqdq dtes64 monitor ds_cpl vmx smx est tm2 ssse3 cx16 xtpr pdcm pcid dca sse4_1 sse4_2 x2apic popcnt tsc_deadline_timer aes xsave avx lahf_lm xsaveopt"
    }
},
{
    "pystart_ms": 1588923938831.0698,
    "pyend_ms": 1588923940890.3308,
    "pyduration_ms": 2059.260986328125,
    "func_data": {
        "initTime_ms": 1588923939083.9438,
        "endTime_ms": 1588923940720.9626,
        "duration_ms": 1637.0189189910889,
        "executionID": "mtx6ipvhh1iq",
        "containerID": "c18cdb3a-7c0d-4941-94c5-edd792361023",
        "uptime": "49.97",
        "meminfo": "MemTotal:        2097152 kB\nMemFree:         2049484 kB\nMemAvailable:    2049484 kB\nBuffers:               0 kB\nCached:            13740 kB\nSwapCache:             0 kB\nActive:            34328 kB\nInactive:           6872 kB\nActive(anon):      27460 kB\nInactive(anon):        0 kB\nActive(file):       6868 kB\nInactive(file):     6872 kB\nUnevictable:           0 kB\nMlocked:               0 kB\nSwapTotal:             0 kB\nSwapFree:              0 kB\nDirty:                 0 kB\nWriteback:             0 kB\nAnonPages:         27460 kB\nMapped:            13740 kB\nShmem:                 0 kB",
        "cpuinfo": "Architecture:        x86_64\nCPU op-mode(s):      32-bit, 64-bit\nByte Order:          Little Endian\nCPU(s):              2\nOn-line CPU(s) list: 0,1\nVendor ID:           GenuineIntel\nCPU family:          6\nModel:               45\nModel name:          unknown\nStepping:            unknown\nCPU MHz:             3299.994\nBogoMIPS:            3299.99\nVirtualization:      VT-x\nFlags:               fpu vme de pse tsc msr pae mce cx8 apic sep mtrr pge mca cmov pat pse36 clflush dts acpi mmx fxsr sse sse2 ss ht tm pbe syscall nx pdpe1gb rdtscp lm pni pclmulqdq dtes64 monitor ds_cpl vmx smx est tm2 ssse3 cx16 xtpr pdcm pcid dca sse4_1 sse4_2 x2apic popcnt tsc_deadline_timer aes xsave avx lahf_lm xsaveopt"
    }
},
{
    "pystart_ms": 1588923938833.0698,
    "pyend_ms": 1588923941274.153,
    "pyduration_ms": 2441.083251953125,
    "func_data": {
        "initTime_ms": 1588923939090.6196,
        "endTime_ms": 1588923941113.8765,
        "duration_ms": 2023.256778717041,
        "executionID": "62c2jp5y5agr",
        "containerID": "b82f4254-99c8-49ce-b1d5-82b1c803a69b",
        "uptime": "482.40",
        "meminfo": "MemTotal:        2097152 kB\nMemFree:         2047968 kB\nMemAvailable:    2047968 kB\nBuffers:               0 kB\nCached:            18928 kB\nSwapCache:             0 kB\nActive:            39708 kB\nInactive:           9464 kB\nActive(anon):      30244 kB\nInactive(anon):        0 kB\nActive(file):       9464 kB\nInactive(file):     9464 kB\nUnevictable:           0 kB\nMlocked:               0 kB\nSwapTotal:             0 kB\nSwapFree:              0 kB\nDirty:                 0 kB\nWriteback:             0 kB\nAnonPages:         30244 kB\nMapped:            18928 kB\nShmem:                 0 kB",
        "cpuinfo": "Architecture:        x86_64\nCPU op-mode(s):      32-bit, 64-bit\nByte Order:          Little Endian\nCPU(s):              2\nOn-line CPU(s) list: 0,1\nVendor ID:           GenuineIntel\nCPU family:          6\nModel:               79\nModel name:          unknown\nStepping:            unknown\nCPU MHz:             2799.999\nBogoMIPS:            2800.00\nVirtualization:      VT-x\nFlags:               fpu vme de pse tsc msr pae mce cx8 apic sep mtrr pge mca cmov pat pse36 clflush dts acpi mmx fxsr sse sse2 ss ht tm pbe syscall nx pdpe1gb rdtscp lm pni pclmulqdq dtes64 monitor ds_cpl vmx smx est tm2 ssse3 sdbg fma cx16 xtpr pdcm pcid dca sse4_1 sse4_2 x2apic movbe popcnt tsc_deadline_timer aes xsave avx f16c rdrand lahf_lm abm 3dnowprefetch fsgsbase tsc_adjust bmi1 hle avx2 smep bmi2 erms invpcid rtm cqm rdt_a rdseed adx smap xsaveopt"
    }
},
{
    "pystart_ms": 1588923938828.0698,
    "pyend_ms": 1588923941696.5076,
    "pyduration_ms": 2868.437744140625,
    "func_data": {
        "initTime_ms": 1588923939088.1611,
        "endTime_ms": 1588923941612.7898,
        "duration_ms": 2524.6286392211914,
        "executionID": "13e1z82gofts",
        "containerID": "0dd79c02-855b-4221-856b-3bc39526c83f",
        "uptime": "50.89",
        "meminfo": "MemTotal:        2097152 kB\nMemFree:         2049996 kB\nMemAvailable:    2049996 kB\nBuffers:               0 kB\nCached:            13740 kB\nSwapCache:             0 kB\nActive:            33816 kB\nInactive:           6872 kB\nActive(anon):      26948 kB\nInactive(anon):        0 kB\nActive(file):       6868 kB\nInactive(file):     6872 kB\nUnevictable:           0 kB\nMlocked:               0 kB\nSwapTotal:             0 kB\nSwapFree:              0 kB\nDirty:                 0 kB\nWriteback:             0 kB\nAnonPages:         26948 kB\nMapped:            13740 kB\nShmem:                 0 kB",
        "cpuinfo": "Architecture:        x86_64\nCPU op-mode(s):      32-bit, 64-bit\nByte Order:          Little Endian\nCPU(s):              2\nOn-line CPU(s) list: 0,1\nVendor ID:           GenuineIntel\nCPU family:          6\nModel:               85\nModel name:          unknown\nStepping:            unknown\nCPU MHz:             2694.845\nBogoMIPS:            2694.84\nVirtualization:      VT-x\nFlags:               fpu vme de pse tsc msr pae mce cx8 apic sep mtrr pge mca cmov pat pse36 clflush dts acpi mmx fxsr sse sse2 ss ht tm pbe syscall nx pdpe1gb rdtscp lm pni pclmulqdq dtes64 monitor ds_cpl vmx smx est tm2 ssse3 sdbg fma cx16 xtpr pdcm pcid dca sse4_1 sse4_2 x2apic movbe popcnt tsc_deadline_timer aes xsave avx f16c rdrand lahf_lm abm 3dnowprefetch fsgsbase tsc_adjust bmi1 hle avx2 smep bmi2 erms invpcid rtm cqm mpx rdt_a avx512f avx512dq rdseed adx smap clwb avx512cd avx512bw avx512vl xsaveopt xsavec xgetbv1 xsaves pku"
    }
},
{
    "pystart_ms": 1588923938843.0703,
    "pyend_ms": 1588923943857.5337,
    "pyduration_ms": 5014.46337890625,
    "func_data": {
        "initTime_ms": 1588923942502.8115,
        "endTime_ms": 1588923943769.0522,
        "duration_ms": 1266.2408351898193,
        "executionID": "i7m1ynn995ko",
        "containerID": "245fdf4d-0a88-4669-8d01-1e40195f1f08",
        "uptime": "2.70",
        "meminfo": "MemTotal:        2097152 kB\nMemFree:         2051276 kB\nMemAvailable:    2051276 kB\nBuffers:               0 kB\nCached:            13240 kB\nSwapCache:             0 kB\nActive:            32788 kB\nInactive:           6620 kB\nActive(anon):      26168 kB\nInactive(anon):        0 kB\nActive(file):       6620 kB\nInactive(file):     6620 kB\nUnevictable:           0 kB\nMlocked:               0 kB\nSwapTotal:             0 kB\nSwapFree:              0 kB\nDirty:                 0 kB\nWriteback:             0 kB\nAnonPages:         26168 kB\nMapped:            13240 kB\nShmem:                 0 kB",
        "cpuinfo": "Architecture:        x86_64\nCPU op-mode(s):      32-bit, 64-bit\nByte Order:          Little Endian\nCPU(s):              2\nOn-line CPU(s) list: 0,1\nVendor ID:           GenuineIntel\nCPU family:          6\nModel:               85\nModel name:          unknown\nStepping:            unknown\nCPU MHz:             2700.266\nBogoMIPS:            2700.27\nVirtualization:      VT-x\nFlags:               fpu vme de pse tsc msr pae mce cx8 apic sep mtrr pge mca cmov pat pse36 clflush dts acpi mmx fxsr sse sse2 ss ht tm pbe syscall nx pdpe1gb rdtscp lm pni pclmulqdq dtes64 monitor ds_cpl vmx smx est tm2 ssse3 sdbg fma cx16 xtpr pdcm pcid dca sse4_1 sse4_2 x2apic movbe popcnt tsc_deadline_timer aes xsave avx f16c rdrand lahf_lm abm 3dnowprefetch fsgsbase tsc_adjust bmi1 hle avx2 smep bmi2 erms invpcid rtm cqm mpx rdt_a avx512f avx512dq rdseed adx smap clwb avx512cd avx512bw avx512vl xsaveopt xsavec xgetbv1 xsaves pku"
    }
},
{
    "pystart_ms": 1588923938872.0698,
    "pyend_ms": 1588923944128.368,
    "pyduration_ms": 5256.298095703125,
    "func_data": {
        "initTime_ms": 1588923942721.6672,
        "endTime_ms": 1588923944042.7214,
        "duration_ms": 1321.054220199585,
        "executionID": "e1ngimigty6k",
        "containerID": "ee6e61f7-8cb5-47c3-b6a2-ae0b06730010",
        "uptime": "2.96",
        "meminfo": "MemTotal:        2097152 kB\nMemFree:         2051484 kB\nMemAvailable:    2051484 kB\nBuffers:               0 kB\nCached:            13228 kB\nSwapCache:             0 kB\nActive:            32584 kB\nInactive:           6616 kB\nActive(anon):      25972 kB\nInactive(anon):        0 kB\nActive(file):       6612 kB\nInactive(file):     6616 kB\nUnevictable:           0 kB\nMlocked:               0 kB\nSwapTotal:             0 kB\nSwapFree:              0 kB\nDirty:                 0 kB\nWriteback:             0 kB\nAnonPages:         25972 kB\nMapped:            13228 kB\nShmem:                 0 kB",
        "cpuinfo": "Architecture:        x86_64\nCPU op-mode(s):      32-bit, 64-bit\nByte Order:          Little Endian\nCPU(s):              2\nOn-line CPU(s) list: 0,1\nVendor ID:           GenuineIntel\nCPU family:          6\nModel:               85\nModel name:          unknown\nStepping:            unknown\nCPU MHz:             2700.138\nBogoMIPS:            2700.14\nVirtualization:      VT-x\nFlags:               fpu vme de pse tsc msr pae mce cx8 apic sep mtrr pge mca cmov pat pse36 clflush dts acpi mmx fxsr sse sse2 ss ht tm pbe syscall nx pdpe1gb rdtscp lm pni pclmulqdq dtes64 monitor ds_cpl vmx smx est tm2 ssse3 sdbg fma cx16 xtpr pdcm pcid dca sse4_1 sse4_2 x2apic movbe popcnt tsc_deadline_timer aes xsave avx f16c rdrand lahf_lm abm 3dnowprefetch fsgsbase tsc_adjust bmi1 hle avx2 smep bmi2 erms invpcid rtm cqm mpx rdt_a avx512f avx512dq rdseed adx smap clwb avx512cd avx512bw avx512vl xsaveopt xsavec xgetbv1 xsaves pku"
    }
},
{
    "pystart_ms": 1588923938878.0698,
    "pyend_ms": 1588923944232.9878,
    "pyduration_ms": 5354.91796875,
    "func_data": {
        "initTime_ms": 1588923942925.577,
        "endTime_ms": 1588923944152.7068,
        "duration_ms": 1227.1299362182617,
        "executionID": "x0hxau4cjnv1",
        "containerID": "ce215947-7664-4814-abd4-34ee089a0a63",
        "uptime": "3.00",
        "meminfo": "MemTotal:        2097152 kB\nMemFree:         2049732 kB\nMemAvailable:    2049732 kB\nBuffers:               0 kB\nCached:            13228 kB\nSwapCache:             0 kB\nActive:            34336 kB\nInactive:           6616 kB\nActive(anon):      27724 kB\nInactive(anon):        0 kB\nActive(file):       6612 kB\nInactive(file):     6616 kB\nUnevictable:           0 kB\nMlocked:               0 kB\nSwapTotal:             0 kB\nSwapFree:              0 kB\nDirty:                 0 kB\nWriteback:             0 kB\nAnonPages:         27724 kB\nMapped:            13228 kB\nShmem:                 0 kB",
        "cpuinfo": "Architecture:        x86_64\nCPU op-mode(s):      32-bit, 64-bit\nByte Order:          Little Endian\nCPU(s):              2\nOn-line CPU(s) list: 0,1\nVendor ID:           GenuineIntel\nCPU family:          6\nModel:               85\nModel name:          unknown\nStepping:            unknown\nCPU MHz:             2487.836\nBogoMIPS:            2487.84\nVirtualization:      VT-x\nFlags:               fpu vme de pse tsc msr pae mce cx8 apic sep mtrr pge mca cmov pat pse36 clflush dts acpi mmx fxsr sse sse2 ss ht tm pbe syscall nx pdpe1gb rdtscp lm pni pclmulqdq dtes64 monitor ds_cpl vmx smx est tm2 ssse3 sdbg fma cx16 xtpr pdcm pcid dca sse4_1 sse4_2 x2apic movbe popcnt tsc_deadline_timer aes xsave avx f16c rdrand lahf_lm abm 3dnowprefetch fsgsbase tsc_adjust bmi1 hle avx2 smep bmi2 erms invpcid rtm cqm mpx rdt_a avx512f avx512dq rdseed adx smap clwb avx512cd avx512bw avx512vl xsaveopt xsavec xgetbv1 xsaves pku"
    }
},
{
    "pystart_ms": 1588923938866.0696,
    "pyend_ms": 1588923944272.642,
    "pyduration_ms": 5406.572509765625,
    "func_data": {
        "initTime_ms": 1588923942915.5996,
        "endTime_ms": 1588923944190.979,
        "duration_ms": 1275.3794193267822,
        "executionID": "7xcfj8n1slfk",
        "containerID": "35ef6c47-2e91-4230-b1d2-1345ad1f52b3",
        "uptime": "2.80",
        "meminfo": "MemTotal:        2097152 kB\nMemFree:         2050800 kB\nMemAvailable:    2050800 kB\nBuffers:               0 kB\nCached:            13364 kB\nSwapCache:             0 kB\nActive:            33200 kB\nInactive:           6684 kB\nActive(anon):      26520 kB\nInactive(anon):        0 kB\nActive(file):       6680 kB\nInactive(file):     6684 kB\nUnevictable:           0 kB\nMlocked:               0 kB\nSwapTotal:             0 kB\nSwapFree:              0 kB\nDirty:                 0 kB\nWriteback:             0 kB\nAnonPages:         26520 kB\nMapped:            13364 kB\nShmem:                 0 kB",
        "cpuinfo": "Architecture:        x86_64\nCPU op-mode(s):      32-bit, 64-bit\nByte Order:          Little Endian\nCPU(s):              2\nOn-line CPU(s) list: 0,1\nVendor ID:           GenuineIntel\nCPU family:          6\nModel:               85\nModel name:          unknown\nStepping:            unknown\nCPU MHz:             2653.945\nBogoMIPS:            2653.95\nVirtualization:      VT-x\nFlags:               fpu vme de pse tsc msr pae mce cx8 apic sep mtrr pge mca cmov pat pse36 clflush dts acpi mmx fxsr sse sse2 ss ht tm pbe syscall nx pdpe1gb rdtscp lm pni pclmulqdq dtes64 monitor ds_cpl vmx smx est tm2 ssse3 sdbg fma cx16 xtpr pdcm pcid dca sse4_1 sse4_2 x2apic movbe popcnt tsc_deadline_timer aes xsave avx f16c rdrand lahf_lm abm 3dnowprefetch fsgsbase tsc_adjust bmi1 hle avx2 smep bmi2 erms invpcid rtm cqm mpx rdt_a avx512f avx512dq rdseed adx smap clwb avx512cd avx512bw avx512vl xsaveopt xsavec xgetbv1 xsaves pku"
    }
},
{
    "pystart_ms": 1588923938863.0693,
    "pyend_ms": 1588923944462.0503,
    "pyduration_ms": 5598.98095703125,
    "func_data": {
        "initTime_ms": 1588923943130.4373,
        "endTime_ms": 1588923944381.0889,
        "duration_ms": 1250.6518363952637,
        "executionID": "g83w8l4y8k5w",
        "containerID": "1b0e855b-1ebd-482d-b7b5-dd7ca51f3717",
        "uptime": "2.95",
        "meminfo": "MemTotal:        2097152 kB\nMemFree:         2049296 kB\nMemAvailable:    2049296 kB\nBuffers:               0 kB\nCached:            13368 kB\nSwapCache:             0 kB\nActive:            34704 kB\nInactive:           6684 kB\nActive(anon):      28020 kB\nInactive(anon):        0 kB\nActive(file):       6684 kB\nInactive(file):     6684 kB\nUnevictable:           0 kB\nMlocked:               0 kB\nSwapTotal:             0 kB\nSwapFree:              0 kB\nDirty:                 0 kB\nWriteback:             0 kB\nAnonPages:         28020 kB\nMapped:            13368 kB\nShmem:                 0 kB",
        "cpuinfo": "Architecture:        x86_64\nCPU op-mode(s):      32-bit, 64-bit\nByte Order:          Little Endian\nCPU(s):              2\nOn-line CPU(s) list: 0,1\nVendor ID:           GenuineIntel\nCPU family:          6\nModel:               85\nModel name:          unknown\nStepping:            unknown\nCPU MHz:             2379.685\nBogoMIPS:            2379.68\nVirtualization:      VT-x\nFlags:               fpu vme de pse tsc msr pae mce cx8 apic sep mtrr pge mca cmov pat pse36 clflush dts acpi mmx fxsr sse sse2 ss ht tm pbe syscall nx pdpe1gb rdtscp lm pni pclmulqdq dtes64 monitor ds_cpl vmx smx est tm2 ssse3 sdbg fma cx16 xtpr pdcm pcid dca sse4_1 sse4_2 x2apic movbe popcnt tsc_deadline_timer aes xsave avx f16c rdrand lahf_lm abm 3dnowprefetch fsgsbase tsc_adjust bmi1 hle avx2 smep bmi2 erms invpcid rtm cqm mpx rdt_a avx512f avx512dq rdseed adx smap clwb avx512cd avx512bw avx512vl xsaveopt xsavec xgetbv1 xsaves pku"
    }
},
{
    "pystart_ms": 1588923938859.0696,
    "pyend_ms": 1588923944470.9285,
    "pyduration_ms": 5611.85888671875,
    "func_data": {
        "initTime_ms": 1588923943034.3386,
        "endTime_ms": 1588923944379.629,
        "duration_ms": 1345.290184020996,
        "executionID": "yja5ani4kafk",
        "containerID": "2d210135-ecde-46bd-8ac8-509f2fbe0a9c",
        "uptime": "2.89",
        "meminfo": "MemTotal:        2097152 kB\nMemFree:         2050156 kB\nMemAvailable:    2050156 kB\nBuffers:               0 kB\nCached:            13364 kB\nSwapCache:             0 kB\nActive:            33844 kB\nInactive:           6684 kB\nActive(anon):      27164 kB\nInactive(anon):        0 kB\nActive(file):       6680 kB\nInactive(file):     6684 kB\nUnevictable:           0 kB\nMlocked:               0 kB\nSwapTotal:             0 kB\nSwapFree:              0 kB\nDirty:                 0 kB\nWriteback:             0 kB\nAnonPages:         27164 kB\nMapped:            13364 kB\nShmem:                 0 kB",
        "cpuinfo": "Architecture:        x86_64\nCPU op-mode(s):      32-bit, 64-bit\nByte Order:          Little Endian\nCPU(s):              2\nOn-line CPU(s) list: 0,1\nVendor ID:           GenuineIntel\nCPU family:          6\nModel:               85\nModel name:          unknown\nStepping:            unknown\nCPU MHz:             2700.274\nBogoMIPS:            2700.27\nVirtualization:      VT-x\nFlags:               fpu vme de pse tsc msr pae mce cx8 apic sep mtrr pge mca cmov pat pse36 clflush dts acpi mmx fxsr sse sse2 ss ht tm pbe syscall nx pdpe1gb rdtscp lm pni pclmulqdq dtes64 monitor ds_cpl vmx smx est tm2 ssse3 sdbg fma cx16 xtpr pdcm pcid dca sse4_1 sse4_2 x2apic movbe popcnt tsc_deadline_timer aes xsave avx f16c rdrand lahf_lm abm 3dnowprefetch fsgsbase tsc_adjust bmi1 hle avx2 smep bmi2 erms invpcid rtm cqm mpx rdt_a avx512f avx512dq rdseed adx smap clwb avx512cd avx512bw avx512vl xsaveopt xsavec xgetbv1 xsaves pku"
    }
},
{
    "pystart_ms": 1588923938884.0732,
    "pyend_ms": 1588923944521.3813,
    "pyduration_ms": 5637.30810546875,
    "func_data": {
        "initTime_ms": 1588923943118.6416,
        "endTime_ms": 1588923944398.3481,
        "duration_ms": 1279.7064781188965,
        "executionID": "22alurk4net6",
        "containerID": "e6a52c1c-b3d2-4a9f-a594-1df51756b1d4",
        "uptime": "3.07",
        "meminfo": "MemTotal:        2097152 kB\nMemFree:         2050868 kB\nMemAvailable:    2050868 kB\nBuffers:               0 kB\nCached:            13364 kB\nSwapCache:             0 kB\nActive:            33132 kB\nInactive:           6684 kB\nActive(anon):      26452 kB\nInactive(anon):        0 kB\nActive(file):       6680 kB\nInactive(file):     6684 kB\nUnevictable:           0 kB\nMlocked:               0 kB\nSwapTotal:             0 kB\nSwapFree:              0 kB\nDirty:                 0 kB\nWriteback:             0 kB\nAnonPages:         26452 kB\nMapped:            13364 kB\nShmem:                 0 kB",
        "cpuinfo": "Architecture:        x86_64\nCPU op-mode(s):      32-bit, 64-bit\nByte Order:          Little Endian\nCPU(s):              2\nOn-line CPU(s) list: 0,1\nVendor ID:           GenuineIntel\nCPU family:          6\nModel:               85\nModel name:          unknown\nStepping:            unknown\nCPU MHz:             2611.515\nBogoMIPS:            2611.51\nVirtualization:      VT-x\nFlags:               fpu vme de pse tsc msr pae mce cx8 apic sep mtrr pge mca cmov pat pse36 clflush dts acpi mmx fxsr sse sse2 ss ht tm pbe syscall nx pdpe1gb rdtscp lm pni pclmulqdq dtes64 monitor ds_cpl vmx smx est tm2 ssse3 sdbg fma cx16 xtpr pdcm pcid dca sse4_1 sse4_2 x2apic movbe popcnt tsc_deadline_timer aes xsave avx f16c rdrand lahf_lm abm 3dnowprefetch fsgsbase tsc_adjust bmi1 hle avx2 smep bmi2 erms invpcid rtm cqm mpx rdt_a avx512f avx512dq rdseed adx smap clwb avx512cd avx512bw avx512vl xsaveopt xsavec xgetbv1 xsaves pku"
    }
},
{
    "pystart_ms": 1588923938852.07,
    "pyend_ms": 1588923944523.3518,
    "pyduration_ms": 5671.28173828125,
    "func_data": {
        "initTime_ms": 1588923943075.5842,
        "endTime_ms": 1588923944343.4224,
        "duration_ms": 1267.8382396697998,
        "executionID": "cewpux5thro0",
        "containerID": "d919edba-8fc8-4174-b455-092029ba311c",
        "uptime": "2.68",
        "meminfo": "MemTotal:        2097152 kB\nMemFree:         2049556 kB\nMemAvailable:    2049556 kB\nBuffers:               0 kB\nCached:            13364 kB\nSwapCache:             0 kB\nActive:            34444 kB\nInactive:           6684 kB\nActive(anon):      27764 kB\nInactive(anon):        0 kB\nActive(file):       6680 kB\nInactive(file):     6684 kB\nUnevictable:           0 kB\nMlocked:               0 kB\nSwapTotal:             0 kB\nSwapFree:              0 kB\nDirty:                 0 kB\nWriteback:             0 kB\nAnonPages:         27764 kB\nMapped:            13364 kB\nShmem:                 0 kB",
        "cpuinfo": "Architecture:        x86_64\nCPU op-mode(s):      32-bit, 64-bit\nByte Order:          Little Endian\nCPU(s):              2\nOn-line CPU(s) list: 0,1\nVendor ID:           GenuineIntel\nCPU family:          6\nModel:               85\nModel name:          unknown\nStepping:            unknown\nCPU MHz:             2700.251\nBogoMIPS:            2700.25\nVirtualization:      VT-x\nFlags:               fpu vme de pse tsc msr pae mce cx8 apic sep mtrr pge mca cmov pat pse36 clflush dts acpi mmx fxsr sse sse2 ss ht tm pbe syscall nx pdpe1gb rdtscp lm pni pclmulqdq dtes64 monitor ds_cpl vmx smx est tm2 ssse3 sdbg fma cx16 xtpr pdcm pcid dca sse4_1 sse4_2 x2apic movbe popcnt tsc_deadline_timer aes xsave avx f16c rdrand lahf_lm abm 3dnowprefetch fsgsbase tsc_adjust bmi1 hle avx2 smep bmi2 erms invpcid rtm cqm mpx rdt_a avx512f avx512dq rdseed adx smap clwb avx512cd avx512bw avx512vl xsaveopt xsavec xgetbv1 xsaves pku"
    }
},
{
    "pystart_ms": 1588923938850.0703,
    "pyend_ms": 1588923944524.3323,
    "pyduration_ms": 5674.261962890625,
    "func_data": {
        "initTime_ms": 1588923943116.9465,
        "endTime_ms": 1588923944353.8606,
        "duration_ms": 1236.9141578674316,
        "executionID": "clylk3gsol52",
        "containerID": "740448ba-116a-4dce-858d-41ea13469d3d",
        "uptime": "3.15",
        "meminfo": "MemTotal:        2097152 kB\nMemFree:         2052344 kB\nMemAvailable:    2052344 kB\nBuffers:               0 kB\nCached:            13400 kB\nSwapCache:             0 kB\nActive:            31640 kB\nInactive:           6700 kB\nActive(anon):      24940 kB\nInactive(anon):        0 kB\nActive(file):       6700 kB\nInactive(file):     6700 kB\nUnevictable:           0 kB\nMlocked:               0 kB\nSwapTotal:             0 kB\nSwapFree:              0 kB\nDirty:                 0 kB\nWriteback:             0 kB\nAnonPages:         24940 kB\nMapped:            13400 kB\nShmem:                 0 kB",
        "cpuinfo": "Architecture:        x86_64\nCPU op-mode(s):      32-bit, 64-bit\nByte Order:          Little Endian\nCPU(s):              2\nOn-line CPU(s) list: 0,1\nVendor ID:           GenuineIntel\nCPU family:          6\nModel:               85\nModel name:          unknown\nStepping:            unknown\nCPU MHz:             2700.251\nBogoMIPS:            2700.25\nVirtualization:      VT-x\nFlags:               fpu vme de pse tsc msr pae mce cx8 apic sep mtrr pge mca cmov pat pse36 clflush dts acpi mmx fxsr sse sse2 ss ht tm pbe syscall nx pdpe1gb rdtscp lm pni pclmulqdq dtes64 monitor ds_cpl vmx smx est tm2 ssse3 sdbg fma cx16 xtpr pdcm pcid dca sse4_1 sse4_2 x2apic movbe popcnt tsc_deadline_timer aes xsave avx f16c rdrand lahf_lm abm 3dnowprefetch fsgsbase tsc_adjust bmi1 hle avx2 smep bmi2 erms invpcid rtm cqm mpx rdt_a avx512f avx512dq rdseed adx smap clwb avx512cd avx512bw avx512vl xsaveopt xsavec xgetbv1 xsaves pku"
    }
},
{
    "pystart_ms": 1588923938849.0708,
    "pyend_ms": 1588923944526.3584,
    "pyduration_ms": 5677.28759765625,
    "func_data": {
        "initTime_ms": 1588923943076.689,
        "endTime_ms": 1588923944427.76,
        "duration_ms": 1351.0711193084717,
        "executionID": "yldp478475jb",
        "containerID": "1079d80b-1401-4095-8d84-6f9d4f06b84c",
        "uptime": "3.15",
        "meminfo": "MemTotal:        2097152 kB\nMemFree:         2047964 kB\nMemAvailable:    2047964 kB\nBuffers:               0 kB\nCached:            13376 kB\nSwapCache:             0 kB\nActive:            36032 kB\nInactive:           6688 kB\nActive(anon):      29344 kB\nInactive(anon):        0 kB\nActive(file):       6688 kB\nInactive(file):     6688 kB\nUnevictable:           0 kB\nMlocked:               0 kB\nSwapTotal:             0 kB\nSwapFree:              0 kB\nDirty:                 0 kB\nWriteback:             0 kB\nAnonPages:         29344 kB\nMapped:            13376 kB\nShmem:                 0 kB",
        "cpuinfo": "Architecture:        x86_64\nCPU op-mode(s):      32-bit, 64-bit\nByte Order:          Little Endian\nCPU(s):              2\nOn-line CPU(s) list: 0,1\nVendor ID:           GenuineIntel\nCPU family:          6\nModel:               85\nModel name:          unknown\nStepping:            unknown\nCPU MHz:             2700.259\nBogoMIPS:            2700.26\nVirtualization:      VT-x\nFlags:               fpu vme de pse tsc msr pae mce cx8 apic sep mtrr pge mca cmov pat pse36 clflush dts acpi mmx fxsr sse sse2 ss ht tm pbe syscall nx pdpe1gb rdtscp lm pni pclmulqdq dtes64 monitor ds_cpl vmx smx est tm2 ssse3 sdbg fma cx16 xtpr pdcm pcid dca sse4_1 sse4_2 x2apic movbe popcnt tsc_deadline_timer aes xsave avx f16c rdrand lahf_lm abm 3dnowprefetch fsgsbase tsc_adjust bmi1 hle avx2 smep bmi2 erms invpcid rtm cqm mpx rdt_a avx512f avx512dq rdseed adx smap clwb avx512cd avx512bw avx512vl xsaveopt xsavec xgetbv1 xsaves pku"
    }
},
{
    "pystart_ms": 1588923938844.0684,
    "pyend_ms": 1588923944527.3318,
    "pyduration_ms": 5683.263427734375,
    "func_data": {
        "initTime_ms": 1588923943113.5286,
        "endTime_ms": 1588923944424.9758,
        "duration_ms": 1311.4473819732666,
        "executionID": "1pkqttmp7n5v",
        "containerID": "08130443-306a-4946-ab3d-317f91b3c79c",
        "uptime": "2.98",
        "meminfo": "MemTotal:        2097152 kB\nMemFree:         2051368 kB\nMemAvailable:    2051368 kB\nBuffers:               0 kB\nCached:            13364 kB\nSwapCache:             0 kB\nActive:            32632 kB\nInactive:           6684 kB\nActive(anon):      25952 kB\nInactive(anon):        0 kB\nActive(file):       6680 kB\nInactive(file):     6684 kB\nUnevictable:           0 kB\nMlocked:               0 kB\nSwapTotal:             0 kB\nSwapFree:              0 kB\nDirty:                 0 kB\nWriteback:             0 kB\nAnonPages:         25952 kB\nMapped:            13364 kB\nShmem:                 0 kB",
        "cpuinfo": "Architecture:        x86_64\nCPU op-mode(s):      32-bit, 64-bit\nByte Order:          Little Endian\nCPU(s):              2\nOn-line CPU(s) list: 0,1\nVendor ID:           GenuineIntel\nCPU family:          6\nModel:               85\nModel name:          unknown\nStepping:            unknown\nCPU MHz:             2700.261\nBogoMIPS:            2700.26\nVirtualization:      VT-x\nFlags:               fpu vme de pse tsc msr pae mce cx8 apic sep mtrr pge mca cmov pat pse36 clflush dts acpi mmx fxsr sse sse2 ss ht tm pbe syscall nx pdpe1gb rdtscp lm pni pclmulqdq dtes64 monitor ds_cpl vmx smx est tm2 ssse3 sdbg fma cx16 xtpr pdcm pcid dca sse4_1 sse4_2 x2apic movbe popcnt tsc_deadline_timer aes xsave avx f16c rdrand lahf_lm abm 3dnowprefetch fsgsbase tsc_adjust bmi1 hle avx2 smep bmi2 erms invpcid rtm cqm mpx rdt_a avx512f avx512dq rdseed adx smap clwb avx512cd avx512bw avx512vl xsaveopt xsavec xgetbv1 xsaves pku"
    }
},
{
    "pystart_ms": 1588923938847.0693,
    "pyend_ms": 1588923944552.4233,
    "pyduration_ms": 5705.35400390625,
    "func_data": {
        "initTime_ms": 1588923943222.3806,
        "endTime_ms": 1588923944471.127,
        "duration_ms": 1248.746395111084,
        "executionID": "zaguebt28oeh",
        "containerID": "720852ac-3aac-4b9b-ae12-fef1e0f59f17",
        "uptime": "2.91",
        "meminfo": "MemTotal:        2097152 kB\nMemFree:         2049416 kB\nMemAvailable:    2049416 kB\nBuffers:               0 kB\nCached:            13364 kB\nSwapCache:             0 kB\nActive:            34584 kB\nInactive:           6684 kB\nActive(anon):      27904 kB\nInactive(anon):        0 kB\nActive(file):       6680 kB\nInactive(file):     6684 kB\nUnevictable:           0 kB\nMlocked:               0 kB\nSwapTotal:             0 kB\nSwapFree:              0 kB\nDirty:                 0 kB\nWriteback:             0 kB\nAnonPages:         27904 kB\nMapped:            13364 kB\nShmem:                 0 kB",
        "cpuinfo": "Architecture:        x86_64\nCPU op-mode(s):      32-bit, 64-bit\nByte Order:          Little Endian\nCPU(s):              2\nOn-line CPU(s) list: 0,1\nVendor ID:           GenuineIntel\nCPU family:          6\nModel:               85\nModel name:          unknown\nStepping:            unknown\nCPU MHz:             2700.116\nBogoMIPS:            2700.12\nVirtualization:      VT-x\nFlags:               fpu vme de pse tsc msr pae mce cx8 apic sep mtrr pge mca cmov pat pse36 clflush dts acpi mmx fxsr sse sse2 ss ht tm pbe syscall nx pdpe1gb rdtscp lm pni pclmulqdq dtes64 monitor ds_cpl vmx smx est tm2 ssse3 sdbg fma cx16 xtpr pdcm pcid dca sse4_1 sse4_2 x2apic movbe popcnt tsc_deadline_timer aes xsave avx f16c rdrand lahf_lm abm 3dnowprefetch fsgsbase tsc_adjust bmi1 hle avx2 smep bmi2 erms invpcid rtm cqm mpx rdt_a avx512f avx512dq rdseed adx smap clwb avx512cd avx512bw avx512vl xsaveopt xsavec xgetbv1 xsaves pku"
    }
},
{
    "pystart_ms": 1588923938870.0693,
    "pyend_ms": 1588923944570.7046,
    "pyduration_ms": 5700.63525390625,
    "func_data": {
        "initTime_ms": 1588923943188.0396,
        "endTime_ms": 1588923944474.1958,
        "duration_ms": 1286.156177520752,
        "executionID": "q9mbnvujns3y",
        "containerID": "aa6f3b4a-5886-42dc-8f17-7466565de3f7",
        "uptime": "2.89",
        "meminfo": "MemTotal:        2097152 kB\nMemFree:         2049084 kB\nMemAvailable:    2049084 kB\nBuffers:               0 kB\nCached:            13364 kB\nSwapCache:             0 kB\nActive:            34916 kB\nInactive:           6684 kB\nActive(anon):      28236 kB\nInactive(anon):        0 kB\nActive(file):       6680 kB\nInactive(file):     6684 kB\nUnevictable:           0 kB\nMlocked:               0 kB\nSwapTotal:             0 kB\nSwapFree:              0 kB\nDirty:                 0 kB\nWriteback:             0 kB\nAnonPages:         28236 kB\nMapped:            13364 kB\nShmem:                 0 kB",
        "cpuinfo": "Architecture:        x86_64\nCPU op-mode(s):      32-bit, 64-bit\nByte Order:          Little Endian\nCPU(s):              2\nOn-line CPU(s) list: 0,1\nVendor ID:           GenuineIntel\nCPU family:          6\nModel:               85\nModel name:          unknown\nStepping:            unknown\nCPU MHz:             2699.487\nBogoMIPS:            2699.49\nVirtualization:      VT-x\nFlags:               fpu vme de pse tsc msr pae mce cx8 apic sep mtrr pge mca cmov pat pse36 clflush dts acpi mmx fxsr sse sse2 ss ht tm pbe syscall nx pdpe1gb rdtscp lm pni pclmulqdq dtes64 monitor ds_cpl vmx smx est tm2 ssse3 sdbg fma cx16 xtpr pdcm pcid dca sse4_1 sse4_2 x2apic movbe popcnt tsc_deadline_timer aes xsave avx f16c rdrand lahf_lm abm 3dnowprefetch fsgsbase tsc_adjust bmi1 hle avx2 smep bmi2 erms invpcid rtm cqm mpx rdt_a avx512f avx512dq rdseed adx smap clwb avx512cd avx512bw avx512vl xsaveopt xsavec xgetbv1 xsaves pku"
    }
},
{
    "pystart_ms": 1588923938851.0737,
    "pyend_ms": 1588923944684.1006,
    "pyduration_ms": 5833.02685546875,
    "func_data": {
        "initTime_ms": 1588923943275.1292,
        "endTime_ms": 1588923944500.9824,
        "duration_ms": 1225.853443145752,
        "executionID": "mb37vva15tq8",
        "containerID": "a1de2979-5e63-462e-ac57-4e1468c6203f",
        "uptime": "2.97",
        "meminfo": "MemTotal:        2097152 kB\nMemFree:         2050848 kB\nMemAvailable:    2050848 kB\nBuffers:               0 kB\nCached:            13232 kB\nSwapCache:             0 kB\nActive:            33220 kB\nInactive:           6616 kB\nActive(anon):      26604 kB\nInactive(anon):        0 kB\nActive(file):       6616 kB\nInactive(file):     6616 kB\nUnevictable:           0 kB\nMlocked:               0 kB\nSwapTotal:             0 kB\nSwapFree:              0 kB\nDirty:                 0 kB\nWriteback:             0 kB\nAnonPages:         26604 kB\nMapped:            13232 kB\nShmem:                 0 kB",
        "cpuinfo": "Architecture:        x86_64\nCPU op-mode(s):      32-bit, 64-bit\nByte Order:          Little Endian\nCPU(s):              2\nOn-line CPU(s) list: 0,1\nVendor ID:           GenuineIntel\nCPU family:          6\nModel:               85\nModel name:          unknown\nStepping:            unknown\nCPU MHz:             2700.223\nBogoMIPS:            2700.22\nVirtualization:      VT-x\nFlags:               fpu vme de pse tsc msr pae mce cx8 apic sep mtrr pge mca cmov pat pse36 clflush dts acpi mmx fxsr sse sse2 ss ht tm pbe syscall nx pdpe1gb rdtscp lm pni pclmulqdq dtes64 monitor ds_cpl vmx smx est tm2 ssse3 sdbg fma cx16 xtpr pdcm pcid dca sse4_1 sse4_2 x2apic movbe popcnt tsc_deadline_timer aes xsave avx f16c rdrand lahf_lm abm 3dnowprefetch fsgsbase tsc_adjust bmi1 hle avx2 smep bmi2 erms invpcid rtm cqm mpx rdt_a avx512f avx512dq rdseed adx smap clwb avx512cd avx512bw avx512vl xsaveopt xsavec xgetbv1 xsaves pku"
    }
},
{
    "pystart_ms": 1588923938883.0703,
    "pyend_ms": 1588923944688.1006,
    "pyduration_ms": 5805.0302734375,
    "func_data": {
        "initTime_ms": 1588923943340.064,
        "endTime_ms": 1588923944573.8635,
        "duration_ms": 1233.7994575500488,
        "executionID": "35z361z85hjr",
        "containerID": "0f5c459b-cefd-4d4b-a148-5a2105c46d97",
        "uptime": "2.84",
        "meminfo": "MemTotal:        2097152 kB\nMemFree:         2050056 kB\nMemAvailable:    2050056 kB\nBuffers:               0 kB\nCached:            13440 kB\nSwapCache:             0 kB\nActive:            33908 kB\nInactive:           6720 kB\nActive(anon):      27188 kB\nInactive(anon):        0 kB\nActive(file):       6720 kB\nInactive(file):     6720 kB\nUnevictable:           0 kB\nMlocked:               0 kB\nSwapTotal:             0 kB\nSwapFree:              0 kB\nDirty:                 0 kB\nWriteback:             0 kB\nAnonPages:         27188 kB\nMapped:            13440 kB\nShmem:                 0 kB",
        "cpuinfo": "Architecture:        x86_64\nCPU op-mode(s):      32-bit, 64-bit\nByte Order:          Little Endian\nCPU(s):              2\nOn-line CPU(s) list: 0,1\nVendor ID:           GenuineIntel\nCPU family:          6\nModel:               85\nModel name:          unknown\nStepping:            unknown\nCPU MHz:             2700.250\nBogoMIPS:            2700.25\nVirtualization:      VT-x\nFlags:               fpu vme de pse tsc msr pae mce cx8 apic sep mtrr pge mca cmov pat pse36 clflush dts acpi mmx fxsr sse sse2 ss ht tm pbe syscall nx pdpe1gb rdtscp lm pni pclmulqdq dtes64 monitor ds_cpl vmx smx est tm2 ssse3 sdbg fma cx16 xtpr pdcm pcid dca sse4_1 sse4_2 x2apic movbe popcnt tsc_deadline_timer aes xsave avx f16c rdrand lahf_lm abm 3dnowprefetch fsgsbase tsc_adjust bmi1 hle avx2 smep bmi2 erms invpcid rtm cqm mpx rdt_a avx512f avx512dq rdseed adx smap clwb avx512cd avx512bw avx512vl xsaveopt xsavec xgetbv1 xsaves pku"
    }
},
{
    "pystart_ms": 1588923938853.0703,
    "pyend_ms": 1588923944691.0986,
    "pyduration_ms": 5838.0283203125,
    "func_data": {
        "initTime_ms": 1588923943334.7769,
        "endTime_ms": 1588923944600.6658,
        "duration_ms": 1265.8889293670654,
        "executionID": "pvwllyg6w2cx",
        "containerID": "a53def4a-e87b-4c27-a1fa-03d81a83e8cf",
        "uptime": "2.79",
        "meminfo": "MemTotal:        2097152 kB\nMemFree:         2049924 kB\nMemAvailable:    2049924 kB\nBuffers:               0 kB\nCached:            13364 kB\nSwapCache:             0 kB\nActive:            34076 kB\nInactive:           6684 kB\nActive(anon):      27396 kB\nInactive(anon):        0 kB\nActive(file):       6680 kB\nInactive(file):     6684 kB\nUnevictable:           0 kB\nMlocked:               0 kB\nSwapTotal:             0 kB\nSwapFree:              0 kB\nDirty:                 0 kB\nWriteback:             0 kB\nAnonPages:         27396 kB\nMapped:            13364 kB\nShmem:                 0 kB",
        "cpuinfo": "Architecture:        x86_64\nCPU op-mode(s):      32-bit, 64-bit\nByte Order:          Little Endian\nCPU(s):              2\nOn-line CPU(s) list: 0,1\nVendor ID:           GenuineIntel\nCPU family:          6\nModel:               85\nModel name:          unknown\nStepping:            unknown\nCPU MHz:             2700.092\nBogoMIPS:            2700.09\nVirtualization:      VT-x\nFlags:               fpu vme de pse tsc msr pae mce cx8 apic sep mtrr pge mca cmov pat pse36 clflush dts acpi mmx fxsr sse sse2 ss ht tm pbe syscall nx pdpe1gb rdtscp lm pni pclmulqdq dtes64 monitor ds_cpl vmx smx est tm2 ssse3 sdbg fma cx16 xtpr pdcm pcid dca sse4_1 sse4_2 x2apic movbe popcnt tsc_deadline_timer aes xsave avx f16c rdrand lahf_lm abm 3dnowprefetch fsgsbase tsc_adjust bmi1 hle avx2 smep bmi2 erms invpcid rtm cqm mpx rdt_a avx512f avx512dq rdseed adx smap clwb avx512cd avx512bw avx512vl xsaveopt xsavec xgetbv1 xsaves pku"
    }
},
{
    "pystart_ms": 1588923938858.0693,
    "pyend_ms": 1588923944720.3625,
    "pyduration_ms": 5862.293212890625,
    "func_data": {
        "initTime_ms": 1588923943190.9573,
        "endTime_ms": 1588923944554.6138,
        "duration_ms": 1363.6565208435059,
        "executionID": "z1b0mguhrq5k",
        "containerID": "0a369bf6-6642-49d7-9ecb-5fb52805cf1c",
        "uptime": "3.28",
        "meminfo": "MemTotal:        2097152 kB\nMemFree:         2048848 kB\nMemAvailable:    2048848 kB\nBuffers:               0 kB\nCached:            13412 kB\nSwapCache:             0 kB\nActive:            35128 kB\nInactive:           6708 kB\nActive(anon):      28424 kB\nInactive(anon):        0 kB\nActive(file):       6704 kB\nInactive(file):     6708 kB\nUnevictable:           0 kB\nMlocked:               0 kB\nSwapTotal:             0 kB\nSwapFree:              0 kB\nDirty:                 0 kB\nWriteback:             0 kB\nAnonPages:         28424 kB\nMapped:            13412 kB\nShmem:                 0 kB",
        "cpuinfo": "Architecture:        x86_64\nCPU op-mode(s):      32-bit, 64-bit\nByte Order:          Little Endian\nCPU(s):              2\nOn-line CPU(s) list: 0,1\nVendor ID:           GenuineIntel\nCPU family:          6\nModel:               85\nModel name:          unknown\nStepping:            unknown\nCPU MHz:             2653.945\nBogoMIPS:            2653.95\nVirtualization:      VT-x\nFlags:               fpu vme de pse tsc msr pae mce cx8 apic sep mtrr pge mca cmov pat pse36 clflush dts acpi mmx fxsr sse sse2 ss ht tm pbe syscall nx pdpe1gb rdtscp lm pni pclmulqdq dtes64 monitor ds_cpl vmx smx est tm2 ssse3 sdbg fma cx16 xtpr pdcm pcid dca sse4_1 sse4_2 x2apic movbe popcnt tsc_deadline_timer aes xsave avx f16c rdrand lahf_lm abm 3dnowprefetch fsgsbase tsc_adjust bmi1 hle avx2 smep bmi2 erms invpcid rtm cqm mpx rdt_a avx512f avx512dq rdseed adx smap clwb avx512cd avx512bw avx512vl xsaveopt xsavec xgetbv1 xsaves pku"
    }
},
{
    "pystart_ms": 1588923938845.0696,
    "pyend_ms": 1588923944723.4104,
    "pyduration_ms": 5878.3408203125,
    "func_data": {
        "initTime_ms": 1588923943381.0361,
        "endTime_ms": 1588923944635.9812,
        "duration_ms": 1254.9452781677246,
        "executionID": "gchna2n28hmw",
        "containerID": "2ca7fc20-0d7e-4243-b5b1-8747842a9094",
        "uptime": "3.16",
        "meminfo": "MemTotal:        2097152 kB\nMemFree:         2051852 kB\nMemAvailable:    2051852 kB\nBuffers:               0 kB\nCached:            13228 kB\nSwapCache:             0 kB\nActive:            32216 kB\nInactive:           6616 kB\nActive(anon):      25604 kB\nInactive(anon):        0 kB\nActive(file):       6612 kB\nInactive(file):     6616 kB\nUnevictable:           0 kB\nMlocked:               0 kB\nSwapTotal:             0 kB\nSwapFree:              0 kB\nDirty:                 0 kB\nWriteback:             0 kB\nAnonPages:         25604 kB\nMapped:            13228 kB\nShmem:                 0 kB",
        "cpuinfo": "Architecture:        x86_64\nCPU op-mode(s):      32-bit, 64-bit\nByte Order:          Little Endian\nCPU(s):              2\nOn-line CPU(s) list: 0,1\nVendor ID:           GenuineIntel\nCPU family:          6\nModel:               85\nModel name:          unknown\nStepping:            unknown\nCPU MHz:             2695.474\nBogoMIPS:            2695.47\nVirtualization:      VT-x\nFlags:               fpu vme de pse tsc msr pae mce cx8 apic sep mtrr pge mca cmov pat pse36 clflush dts acpi mmx fxsr sse sse2 ss ht tm pbe syscall nx pdpe1gb rdtscp lm pni pclmulqdq dtes64 monitor ds_cpl vmx smx est tm2 ssse3 sdbg fma cx16 xtpr pdcm pcid dca sse4_1 sse4_2 x2apic movbe popcnt tsc_deadline_timer aes xsave avx f16c rdrand lahf_lm abm 3dnowprefetch fsgsbase tsc_adjust bmi1 hle avx2 smep bmi2 erms invpcid rtm cqm mpx rdt_a avx512f avx512dq rdseed adx smap clwb avx512cd avx512bw avx512vl xsaveopt xsavec xgetbv1 xsaves pku"
    }
},
{
    "pystart_ms": 1588923938879.0693,
    "pyend_ms": 1588923944739.9333,
    "pyduration_ms": 5860.864013671875,
    "func_data": {
        "initTime_ms": 1588923943288.6448,
        "endTime_ms": 1588923944599.6526,
        "duration_ms": 1311.0077381134033,
        "executionID": "qwq45prds3bp",
        "containerID": "d480e9e4-a1a7-43e7-b6b9-5f041da01b0d",
        "uptime": "3.23",
        "meminfo": "MemTotal:        2097152 kB\nMemFree:         2050184 kB\nMemAvailable:    2050184 kB\nBuffers:               0 kB\nCached:            13228 kB\nSwapCache:             0 kB\nActive:            33884 kB\nInactive:           6616 kB\nActive(anon):      27272 kB\nInactive(anon):        0 kB\nActive(file):       6612 kB\nInactive(file):     6616 kB\nUnevictable:           0 kB\nMlocked:               0 kB\nSwapTotal:             0 kB\nSwapFree:              0 kB\nDirty:                 0 kB\nWriteback:             0 kB\nAnonPages:         27272 kB\nMapped:            13228 kB\nShmem:                 0 kB",
        "cpuinfo": "Architecture:        x86_64\nCPU op-mode(s):      32-bit, 64-bit\nByte Order:          Little Endian\nCPU(s):              2\nOn-line CPU(s) list: 0,1\nVendor ID:           GenuineIntel\nCPU family:          6\nModel:               85\nModel name:          unknown\nStepping:            unknown\nCPU MHz:             2700.234\nBogoMIPS:            2700.23\nVirtualization:      VT-x\nFlags:               fpu vme de pse tsc msr pae mce cx8 apic sep mtrr pge mca cmov pat pse36 clflush dts acpi mmx fxsr sse sse2 ss ht tm pbe syscall nx pdpe1gb rdtscp lm pni pclmulqdq dtes64 monitor ds_cpl vmx smx est tm2 ssse3 sdbg fma cx16 xtpr pdcm pcid dca sse4_1 sse4_2 x2apic movbe popcnt tsc_deadline_timer aes xsave avx f16c rdrand lahf_lm abm 3dnowprefetch fsgsbase tsc_adjust bmi1 hle avx2 smep bmi2 erms invpcid rtm cqm mpx rdt_a avx512f avx512dq rdseed adx smap clwb avx512cd avx512bw avx512vl xsaveopt xsavec xgetbv1 xsaves pku"
    }
},
{
    "pystart_ms": 1588923938865.0696,
    "pyend_ms": 1588923944801.0024,
    "pyduration_ms": 5935.932861328125,
    "func_data": {
        "initTime_ms": 1588923943382.6252,
        "endTime_ms": 1588923944689.236,
        "duration_ms": 1306.6108226776123,
        "executionID": "yfwpewpxhoxo",
        "containerID": "df609f1c-c1df-469a-806b-f6fe8e3f6836",
        "uptime": "3.11",
        "meminfo": "MemTotal:        2097152 kB\nMemFree:         2048876 kB\nMemAvailable:    2048876 kB\nBuffers:               0 kB\nCached:            13232 kB\nSwapCache:             0 kB\nActive:            35192 kB\nInactive:           6616 kB\nActive(anon):      28576 kB\nInactive(anon):        0 kB\nActive(file):       6616 kB\nInactive(file):     6616 kB\nUnevictable:           0 kB\nMlocked:               0 kB\nSwapTotal:             0 kB\nSwapFree:              0 kB\nDirty:                 0 kB\nWriteback:             0 kB\nAnonPages:         28576 kB\nMapped:            13232 kB\nShmem:                 0 kB",
        "cpuinfo": "Architecture:        x86_64\nCPU op-mode(s):      32-bit, 64-bit\nByte Order:          Little Endian\nCPU(s):              2\nOn-line CPU(s) list: 0,1\nVendor ID:           GenuineIntel\nCPU family:          6\nModel:               85\nModel name:          unknown\nStepping:            unknown\nCPU MHz:             2597.811\nBogoMIPS:            2597.81\nVirtualization:      VT-x\nFlags:               fpu vme de pse tsc msr pae mce cx8 apic sep mtrr pge mca cmov pat pse36 clflush dts acpi mmx fxsr sse sse2 ss ht tm pbe syscall nx pdpe1gb rdtscp lm pni pclmulqdq dtes64 monitor ds_cpl vmx smx est tm2 ssse3 sdbg fma cx16 xtpr pdcm pcid dca sse4_1 sse4_2 x2apic movbe popcnt tsc_deadline_timer aes xsave avx f16c rdrand lahf_lm abm 3dnowprefetch fsgsbase tsc_adjust bmi1 hle avx2 smep bmi2 erms invpcid rtm cqm mpx rdt_a avx512f avx512dq rdseed adx smap clwb avx512cd avx512bw avx512vl xsaveopt xsavec xgetbv1 xsaves pku"
    }
},
{
    "pystart_ms": 1588923938867.0698,
    "pyend_ms": 1588923944805.002,
    "pyduration_ms": 5937.93212890625,
    "func_data": {
        "initTime_ms": 1588923943479.7432,
        "endTime_ms": 1588923944727.6338,
        "duration_ms": 1247.8904724121094,
        "executionID": "76svph37v2h3",
        "containerID": "c5bada31-06f7-41ea-bb5a-2c7a5e388ef6",
        "uptime": "3.90",
        "meminfo": "MemTotal:        2097152 kB\nMemFree:         2052576 kB\nMemAvailable:    2052576 kB\nBuffers:               0 kB\nCached:            12652 kB\nSwapCache:             0 kB\nActive:            31780 kB\nInactive:           6328 kB\nActive(anon):      25456 kB\nInactive(anon):        0 kB\nActive(file):       6324 kB\nInactive(file):     6328 kB\nUnevictable:           0 kB\nMlocked:               0 kB\nSwapTotal:             0 kB\nSwapFree:              0 kB\nDirty:                 0 kB\nWriteback:             0 kB\nAnonPages:         25456 kB\nMapped:            12652 kB\nShmem:                 0 kB",
        "cpuinfo": "Architecture:        x86_64\nCPU op-mode(s):      32-bit, 64-bit\nByte Order:          Little Endian\nCPU(s):              2\nOn-line CPU(s) list: 0,1\nVendor ID:           GenuineIntel\nCPU family:          6\nModel:               45\nModel name:          unknown\nStepping:            unknown\nCPU MHz:             3299.993\nBogoMIPS:            3299.99\nVirtualization:      VT-x\nFlags:               fpu vme de pse tsc msr pae mce cx8 apic sep mtrr pge mca cmov pat pse36 clflush dts acpi mmx fxsr sse sse2 ss ht tm pbe syscall nx pdpe1gb rdtscp lm pni pclmulqdq dtes64 monitor ds_cpl vmx smx est tm2 ssse3 cx16 xtpr pdcm pcid dca sse4_1 sse4_2 x2apic popcnt tsc_deadline_timer aes xsave avx lahf_lm xsaveopt"
    }
},
{
    "pystart_ms": 1588923938868.0696,
    "pyend_ms": 1588923944810.0415,
    "pyduration_ms": 5941.971923828125,
    "func_data": {
        "initTime_ms": 1588923943372.509,
        "endTime_ms": 1588923944642.7542,
        "duration_ms": 1270.24507522583,
        "executionID": "u4dnudk3ui01",
        "containerID": "9b57c1ef-33ae-4a60-94b9-5adf6eecd19c",
        "uptime": "3.12",
        "meminfo": "MemTotal:        2097152 kB\nMemFree:         2048592 kB\nMemAvailable:    2048592 kB\nBuffers:               0 kB\nCached:            13400 kB\nSwapCache:             0 kB\nActive:            35392 kB\nInactive:           6700 kB\nActive(anon):      28692 kB\nInactive(anon):        0 kB\nActive(file):       6700 kB\nInactive(file):     6700 kB\nUnevictable:           0 kB\nMlocked:               0 kB\nSwapTotal:             0 kB\nSwapFree:              0 kB\nDirty:                 0 kB\nWriteback:             0 kB\nAnonPages:         28692 kB\nMapped:            13400 kB\nShmem:                 0 kB",
        "cpuinfo": "Architecture:        x86_64\nCPU op-mode(s):      32-bit, 64-bit\nByte Order:          Little Endian\nCPU(s):              2\nOn-line CPU(s) list: 0,1\nVendor ID:           GenuineIntel\nCPU family:          6\nModel:               85\nModel name:          unknown\nStepping:            unknown\nCPU MHz:             2661.106\nBogoMIPS:            2661.11\nVirtualization:      VT-x\nFlags:               fpu vme de pse tsc msr pae mce cx8 apic sep mtrr pge mca cmov pat pse36 clflush dts acpi mmx fxsr sse sse2 ss ht tm pbe syscall nx pdpe1gb rdtscp lm pni pclmulqdq dtes64 monitor ds_cpl vmx smx est tm2 ssse3 sdbg fma cx16 xtpr pdcm pcid dca sse4_1 sse4_2 x2apic movbe popcnt tsc_deadline_timer aes xsave avx f16c rdrand lahf_lm abm 3dnowprefetch fsgsbase tsc_adjust bmi1 hle avx2 smep bmi2 erms invpcid rtm cqm mpx rdt_a avx512f avx512dq rdseed adx smap clwb avx512cd avx512bw avx512vl xsaveopt xsavec xgetbv1 xsaves pku"
    }
},
{
    "pystart_ms": 1588923938869.07,
    "pyend_ms": 1588923944844.2512,
    "pyduration_ms": 5975.18115234375,
    "func_data": {
        "initTime_ms": 1588923943445.084,
        "endTime_ms": 1588923944763.578,
        "duration_ms": 1318.4938430786133,
        "executionID": "jt5u818tldps",
        "containerID": "aedbdb0f-190e-4a90-b80f-c97d0f9df374",
        "uptime": "3.12",
        "meminfo": "MemTotal:        2097152 kB\nMemFree:         2049448 kB\nMemAvailable:    2049448 kB\nBuffers:               0 kB\nCached:            13228 kB\nSwapCache:             0 kB\nActive:            34620 kB\nInactive:           6616 kB\nActive(anon):      28008 kB\nInactive(anon):        0 kB\nActive(file):       6612 kB\nInactive(file):     6616 kB\nUnevictable:           0 kB\nMlocked:               0 kB\nSwapTotal:             0 kB\nSwapFree:              0 kB\nDirty:                 0 kB\nWriteback:             0 kB\nAnonPages:         28008 kB\nMapped:            13228 kB\nShmem:                 0 kB",
        "cpuinfo": "Architecture:        x86_64\nCPU op-mode(s):      32-bit, 64-bit\nByte Order:          Little Endian\nCPU(s):              2\nOn-line CPU(s) list: 0,1\nVendor ID:           GenuineIntel\nCPU family:          6\nModel:               85\nModel name:          unknown\nStepping:            unknown\nCPU MHz:             2682.308\nBogoMIPS:            2682.31\nVirtualization:      VT-x\nFlags:               fpu vme de pse tsc msr pae mce cx8 apic sep mtrr pge mca cmov pat pse36 clflush dts acpi mmx fxsr sse sse2 ss ht tm pbe syscall nx pdpe1gb rdtscp lm pni pclmulqdq dtes64 monitor ds_cpl vmx smx est tm2 ssse3 sdbg fma cx16 xtpr pdcm pcid dca sse4_1 sse4_2 x2apic movbe popcnt tsc_deadline_timer aes xsave avx f16c rdrand lahf_lm abm 3dnowprefetch fsgsbase tsc_adjust bmi1 hle avx2 smep bmi2 erms invpcid rtm cqm mpx rdt_a avx512f avx512dq rdseed adx smap clwb avx512cd avx512bw avx512vl xsaveopt xsavec xgetbv1 xsaves pku"
    }
},
{
    "pystart_ms": 1588923938878.0698,
    "pyend_ms": 1588923944880.021,
    "pyduration_ms": 6001.951171875,
    "func_data": {
        "initTime_ms": 1588923943461.6772,
        "endTime_ms": 1588923944694.445,
        "duration_ms": 1232.7678203582764,
        "executionID": "xhi6radbns19",
        "containerID": "7a1f82cb-d943-4203-bed6-c481f82b6fe9",
        "uptime": "3.13",
        "meminfo": "MemTotal:        2097152 kB\nMemFree:         2052508 kB\nMemAvailable:    2052508 kB\nBuffers:               0 kB\nCached:            13228 kB\nSwapCache:             0 kB\nActive:            31560 kB\nInactive:           6616 kB\nActive(anon):      24948 kB\nInactive(anon):        0 kB\nActive(file):       6612 kB\nInactive(file):     6616 kB\nUnevictable:           0 kB\nMlocked:               0 kB\nSwapTotal:             0 kB\nSwapFree:              0 kB\nDirty:                 0 kB\nWriteback:             0 kB\nAnonPages:         24948 kB\nMapped:            13228 kB\nShmem:                 0 kB",
        "cpuinfo": "Architecture:        x86_64\nCPU op-mode(s):      32-bit, 64-bit\nByte Order:          Little Endian\nCPU(s):              2\nOn-line CPU(s) list: 0,1\nVendor ID:           GenuineIntel\nCPU family:          6\nModel:               85\nModel name:          unknown\nStepping:            unknown\nCPU MHz:             2695.192\nBogoMIPS:            2695.19\nVirtualization:      VT-x\nFlags:               fpu vme de pse tsc msr pae mce cx8 apic sep mtrr pge mca cmov pat pse36 clflush dts acpi mmx fxsr sse sse2 ss ht tm pbe syscall nx pdpe1gb rdtscp lm pni pclmulqdq dtes64 monitor ds_cpl vmx smx est tm2 ssse3 sdbg fma cx16 xtpr pdcm pcid dca sse4_1 sse4_2 x2apic movbe popcnt tsc_deadline_timer aes xsave avx f16c rdrand lahf_lm abm 3dnowprefetch fsgsbase tsc_adjust bmi1 hle avx2 smep bmi2 erms invpcid rtm cqm mpx rdt_a avx512f avx512dq rdseed adx smap clwb avx512cd avx512bw avx512vl xsaveopt xsavec xgetbv1 xsaves pku"
    }
},
{
    "pystart_ms": 1588923938838.0698,
    "pyend_ms": 1588923944880.9934,
    "pyduration_ms": 6042.923583984375,
    "func_data": {
        "initTime_ms": 1588923943448.952,
        "endTime_ms": 1588923944800.8755,
        "duration_ms": 1351.9234657287598,
        "executionID": "sjdpwpx9vjef",
        "containerID": "585fcb4f-fcce-4bb6-86bb-3bfb77070d1a",
        "uptime": "3.66",
        "meminfo": "MemTotal:        2097152 kB\nMemFree:         2047344 kB\nMemAvailable:    2047344 kB\nBuffers:               0 kB\nCached:            13364 kB\nSwapCache:             0 kB\nActive:            36656 kB\nInactive:           6684 kB\nActive(anon):      29976 kB\nInactive(anon):        0 kB\nActive(file):       6680 kB\nInactive(file):     6684 kB\nUnevictable:           0 kB\nMlocked:               0 kB\nSwapTotal:             0 kB\nSwapFree:              0 kB\nDirty:                 0 kB\nWriteback:             0 kB\nAnonPages:         29976 kB\nMapped:            13364 kB\nShmem:                 0 kB",
        "cpuinfo": "Architecture:        x86_64\nCPU op-mode(s):      32-bit, 64-bit\nByte Order:          Little Endian\nCPU(s):              2\nOn-line CPU(s) list: 0,1\nVendor ID:           GenuineIntel\nCPU family:          6\nModel:               79\nModel name:          unknown\nStepping:            unknown\nCPU MHz:             2799.998\nBogoMIPS:            2800.00\nVirtualization:      VT-x\nFlags:               fpu vme de pse tsc msr pae mce cx8 apic sep mtrr pge mca cmov pat pse36 clflush dts acpi mmx fxsr sse sse2 ss ht tm pbe syscall nx pdpe1gb rdtscp lm pni pclmulqdq dtes64 monitor ds_cpl vmx smx est tm2 ssse3 sdbg fma cx16 xtpr pdcm pcid dca sse4_1 sse4_2 x2apic movbe popcnt tsc_deadline_timer aes xsave avx f16c rdrand lahf_lm abm 3dnowprefetch fsgsbase tsc_adjust bmi1 hle avx2 smep bmi2 erms invpcid rtm cqm rdt_a rdseed adx smap xsaveopt"
    }
},
{
    "pystart_ms": 1588923938864.0696,
    "pyend_ms": 1588923944926.315,
    "pyduration_ms": 6062.245361328125,
    "func_data": {
        "initTime_ms": 1588923943518.3745,
        "endTime_ms": 1588923944796.714,
        "duration_ms": 1278.3396244049072,
        "executionID": "n1sin3w9udng",
        "containerID": "ba269975-0773-4ffd-8bfc-6c3c7085d5c0",
        "uptime": "3.05",
        "meminfo": "MemTotal:        2097152 kB\nMemFree:         2049688 kB\nMemAvailable:    2049688 kB\nBuffers:               0 kB\nCached:            13392 kB\nSwapCache:             0 kB\nActive:            34300 kB\nInactive:           6696 kB\nActive(anon):      27604 kB\nInactive(anon):        0 kB\nActive(file):       6696 kB\nInactive(file):     6696 kB\nUnevictable:           0 kB\nMlocked:               0 kB\nSwapTotal:             0 kB\nSwapFree:              0 kB\nDirty:                 0 kB\nWriteback:             0 kB\nAnonPages:         27604 kB\nMapped:            13392 kB\nShmem:                 0 kB",
        "cpuinfo": "Architecture:        x86_64\nCPU op-mode(s):      32-bit, 64-bit\nByte Order:          Little Endian\nCPU(s):              2\nOn-line CPU(s) list: 0,1\nVendor ID:           GenuineIntel\nCPU family:          6\nModel:               85\nModel name:          unknown\nStepping:            unknown\nCPU MHz:             2627.100\nBogoMIPS:            2627.10\nVirtualization:      VT-x\nFlags:               fpu vme de pse tsc msr pae mce cx8 apic sep mtrr pge mca cmov pat pse36 clflush dts acpi mmx fxsr sse sse2 ss ht tm pbe syscall nx pdpe1gb rdtscp lm pni pclmulqdq dtes64 monitor ds_cpl vmx smx est tm2 ssse3 sdbg fma cx16 xtpr pdcm pcid dca sse4_1 sse4_2 x2apic movbe popcnt tsc_deadline_timer aes xsave avx f16c rdrand lahf_lm abm 3dnowprefetch fsgsbase tsc_adjust bmi1 hle avx2 smep bmi2 erms invpcid rtm cqm mpx rdt_a avx512f avx512dq rdseed adx smap clwb avx512cd avx512bw avx512vl xsaveopt xsavec xgetbv1 xsaves pku"
    }
},
{
    "pystart_ms": 1588923938851.0737,
    "pyend_ms": 1588923944957.532,
    "pyduration_ms": 6106.458251953125,
    "func_data": {
        "initTime_ms": 1588923943652.461,
        "endTime_ms": 1588923944875.9702,
        "duration_ms": 1223.5090732574463,
        "executionID": "wpuunamfx8el",
        "containerID": "aab530ab-d4b5-490c-a18e-7032cf67c965",
        "uptime": "2.51",
        "meminfo": "MemTotal:        2097152 kB\nMemFree:         2051708 kB\nMemAvailable:    2051708 kB\nBuffers:               0 kB\nCached:            13244 kB\nSwapCache:             0 kB\nActive:            32352 kB\nInactive:           6624 kB\nActive(anon):      25732 kB\nInactive(anon):        0 kB\nActive(file):       6620 kB\nInactive(file):     6624 kB\nUnevictable:           0 kB\nMlocked:               0 kB\nSwapTotal:             0 kB\nSwapFree:              0 kB\nDirty:                 0 kB\nWriteback:             0 kB\nAnonPages:         25732 kB\nMapped:            13244 kB\nShmem:                 0 kB",
        "cpuinfo": "Architecture:        x86_64\nCPU op-mode(s):      32-bit, 64-bit\nByte Order:          Little Endian\nCPU(s):              2\nOn-line CPU(s) list: 0,1\nVendor ID:           GenuineIntel\nCPU family:          6\nModel:               85\nModel name:          unknown\nStepping:            unknown\nCPU MHz:             2697.058\nBogoMIPS:            2697.06\nVirtualization:      VT-x\nFlags:               fpu vme de pse tsc msr pae mce cx8 apic sep mtrr pge mca cmov pat pse36 clflush dts acpi mmx fxsr sse sse2 ss ht tm pbe syscall nx pdpe1gb rdtscp lm pni pclmulqdq dtes64 monitor ds_cpl vmx smx est tm2 ssse3 sdbg fma cx16 xtpr pdcm pcid dca sse4_1 sse4_2 x2apic movbe popcnt tsc_deadline_timer aes xsave avx f16c rdrand lahf_lm abm 3dnowprefetch fsgsbase tsc_adjust bmi1 hle avx2 smep bmi2 erms invpcid rtm cqm mpx rdt_a avx512f avx512dq rdseed adx smap clwb avx512cd avx512bw avx512vl xsaveopt xsavec xgetbv1 xsaves pku"
    }
},
{
    "pystart_ms": 1588923938861.0696,
    "pyend_ms": 1588923944965.4795,
    "pyduration_ms": 6104.409912109375,
    "func_data": {
        "initTime_ms": 1588923943535.9753,
        "endTime_ms": 1588923944790.988,
        "duration_ms": 1255.0125122070312,
        "executionID": "r60zw7qpefch",
        "containerID": "1386db12-5950-45e7-922b-026fad8ee9b4",
        "uptime": "3.05",
        "meminfo": "MemTotal:        2097152 kB\nMemFree:         2050096 kB\nMemAvailable:    2050096 kB\nBuffers:               0 kB\nCached:            13228 kB\nSwapCache:             0 kB\nActive:            33972 kB\nInactive:           6616 kB\nActive(anon):      27360 kB\nInactive(anon):        0 kB\nActive(file):       6612 kB\nInactive(file):     6616 kB\nUnevictable:           0 kB\nMlocked:               0 kB\nSwapTotal:             0 kB\nSwapFree:              0 kB\nDirty:                 0 kB\nWriteback:             0 kB\nAnonPages:         27360 kB\nMapped:            13228 kB\nShmem:                 0 kB",
        "cpuinfo": "Architecture:        x86_64\nCPU op-mode(s):      32-bit, 64-bit\nByte Order:          Little Endian\nCPU(s):              2\nOn-line CPU(s) list: 0,1\nVendor ID:           GenuineIntel\nCPU family:          6\nModel:               85\nModel name:          unknown\nStepping:            unknown\nCPU MHz:             2456.138\nBogoMIPS:            2456.14\nVirtualization:      VT-x\nFlags:               fpu vme de pse tsc msr pae mce cx8 apic sep mtrr pge mca cmov pat pse36 clflush dts acpi mmx fxsr sse sse2 ss ht tm pbe syscall nx pdpe1gb rdtscp lm pni pclmulqdq dtes64 monitor ds_cpl vmx smx est tm2 ssse3 sdbg fma cx16 xtpr pdcm pcid dca sse4_1 sse4_2 x2apic movbe popcnt tsc_deadline_timer aes xsave avx f16c rdrand lahf_lm abm 3dnowprefetch fsgsbase tsc_adjust bmi1 hle avx2 smep bmi2 erms invpcid rtm cqm mpx rdt_a avx512f avx512dq rdseed adx smap clwb avx512cd avx512bw avx512vl xsaveopt xsavec xgetbv1 xsaves pku"
    }
},
{
    "pystart_ms": 1588923938860.0696,
    "pyend_ms": 1588923944976.7356,
    "pyduration_ms": 6116.666015625,
    "func_data": {
        "initTime_ms": 1588923943558.527,
        "endTime_ms": 1588923944883.6113,
        "duration_ms": 1325.0844478607178,
        "executionID": "w9xumcbw2b0f",
        "containerID": "7a599915-6e73-427f-ab1f-59a6d4b66ad2",
        "uptime": "3.17",
        "meminfo": "MemTotal:        2097152 kB\nMemFree:         2050300 kB\nMemAvailable:    2050300 kB\nBuffers:               0 kB\nCached:            13416 kB\nSwapCache:             0 kB\nActive:            33676 kB\nInactive:           6708 kB\nActive(anon):      26968 kB\nInactive(anon):        0 kB\nActive(file):       6708 kB\nInactive(file):     6708 kB\nUnevictable:           0 kB\nMlocked:               0 kB\nSwapTotal:             0 kB\nSwapFree:              0 kB\nDirty:                 0 kB\nWriteback:             0 kB\nAnonPages:         26968 kB\nMapped:            13416 kB\nShmem:                 0 kB",
        "cpuinfo": "Architecture:        x86_64\nCPU op-mode(s):      32-bit, 64-bit\nByte Order:          Little Endian\nCPU(s):              2\nOn-line CPU(s) list: 0,1\nVendor ID:           GenuineIntel\nCPU family:          6\nModel:               85\nModel name:          unknown\nStepping:            unknown\nCPU MHz:             2627.100\nBogoMIPS:            2627.10\nVirtualization:      VT-x\nFlags:               fpu vme de pse tsc msr pae mce cx8 apic sep mtrr pge mca cmov pat pse36 clflush dts acpi mmx fxsr sse sse2 ss ht tm pbe syscall nx pdpe1gb rdtscp lm pni pclmulqdq dtes64 monitor ds_cpl vmx smx est tm2 ssse3 sdbg fma cx16 xtpr pdcm pcid dca sse4_1 sse4_2 x2apic movbe popcnt tsc_deadline_timer aes xsave avx f16c rdrand lahf_lm abm 3dnowprefetch fsgsbase tsc_adjust bmi1 hle avx2 smep bmi2 erms invpcid rtm cqm mpx rdt_a avx512f avx512dq rdseed adx smap clwb avx512cd avx512bw avx512vl xsaveopt xsavec xgetbv1 xsaves pku"
    }
},
{
    "pystart_ms": 1588923938856.0698,
    "pyend_ms": 1588923944995.9622,
    "pyduration_ms": 6139.892333984375,
    "func_data": {
        "initTime_ms": 1588923943663.4683,
        "endTime_ms": 1588923944917.6028,
        "duration_ms": 1254.1344165802002,
        "executionID": "jgvvyp5rc5pg",
        "containerID": "8a7418b1-8c13-43d3-9de5-01ea1eca7f08",
        "uptime": "3.78",
        "meminfo": "MemTotal:        2097152 kB\nMemFree:         2051340 kB\nMemAvailable:    2051340 kB\nBuffers:               0 kB\nCached:            13416 kB\nSwapCache:             0 kB\nActive:            32636 kB\nInactive:           6708 kB\nActive(anon):      25928 kB\nInactive(anon):        0 kB\nActive(file):       6708 kB\nInactive(file):     6708 kB\nUnevictable:           0 kB\nMlocked:               0 kB\nSwapTotal:             0 kB\nSwapFree:              0 kB\nDirty:                 0 kB\nWriteback:             0 kB\nAnonPages:         25928 kB\nMapped:            13416 kB\nShmem:                 0 kB",
        "cpuinfo": "Architecture:        x86_64\nCPU op-mode(s):      32-bit, 64-bit\nByte Order:          Little Endian\nCPU(s):              2\nOn-line CPU(s) list: 0,1\nVendor ID:           GenuineIntel\nCPU family:          6\nModel:               45\nModel name:          unknown\nStepping:            unknown\nCPU MHz:             3299.997\nBogoMIPS:            3300.00\nVirtualization:      VT-x\nFlags:               fpu vme de pse tsc msr pae mce cx8 apic sep mtrr pge mca cmov pat pse36 clflush dts acpi mmx fxsr sse sse2 ss ht tm pbe syscall nx pdpe1gb rdtscp lm pni pclmulqdq dtes64 monitor ds_cpl vmx smx est tm2 ssse3 cx16 xtpr pdcm pcid dca sse4_1 sse4_2 x2apic popcnt tsc_deadline_timer aes xsave avx lahf_lm xsaveopt"
    }
},
{
    "pystart_ms": 1588923938836.0696,
    "pyend_ms": 1588923945001.001,
    "pyduration_ms": 6164.931396484375,
    "func_data": {
        "initTime_ms": 1588923943608.1523,
        "endTime_ms": 1588923944824.0237,
        "duration_ms": 1215.8713340759277,
        "executionID": "456lta03bcaf",
        "containerID": "11de978b-e0d7-4630-bfec-e27cd6f82ce5",
        "uptime": "3.37",
        "meminfo": "MemTotal:        2097152 kB\nMemFree:         2051764 kB\nMemAvailable:    2051764 kB\nBuffers:               0 kB\nCached:            13252 kB\nSwapCache:             0 kB\nActive:            32292 kB\nInactive:           6628 kB\nActive(anon):      25668 kB\nInactive(anon):        0 kB\nActive(file):       6624 kB\nInactive(file):     6628 kB\nUnevictable:           0 kB\nMlocked:               0 kB\nSwapTotal:             0 kB\nSwapFree:              0 kB\nDirty:                 0 kB\nWriteback:             0 kB\nAnonPages:         25668 kB\nMapped:            13252 kB\nShmem:                 0 kB",
        "cpuinfo": "Architecture:        x86_64\nCPU op-mode(s):      32-bit, 64-bit\nByte Order:          Little Endian\nCPU(s):              2\nOn-line CPU(s) list: 0,1\nVendor ID:           GenuineIntel\nCPU family:          6\nModel:               85\nModel name:          unknown\nStepping:            unknown\nCPU MHz:             2695.474\nBogoMIPS:            2695.47\nVirtualization:      VT-x\nFlags:               fpu vme de pse tsc msr pae mce cx8 apic sep mtrr pge mca cmov pat pse36 clflush dts acpi mmx fxsr sse sse2 ss ht tm pbe syscall nx pdpe1gb rdtscp lm pni pclmulqdq dtes64 monitor ds_cpl vmx smx est tm2 ssse3 sdbg fma cx16 xtpr pdcm pcid dca sse4_1 sse4_2 x2apic movbe popcnt tsc_deadline_timer aes xsave avx f16c rdrand lahf_lm abm 3dnowprefetch fsgsbase tsc_adjust bmi1 hle avx2 smep bmi2 erms invpcid rtm cqm mpx rdt_a avx512f avx512dq rdseed adx smap clwb avx512cd avx512bw avx512vl xsaveopt xsavec xgetbv1 xsaves pku"
    }
},
{
    "pystart_ms": 1588923938857.0696,
    "pyend_ms": 1588923945011.006,
    "pyduration_ms": 6153.9365234375,
    "func_data": {
        "initTime_ms": 1588923943517.9546,
        "endTime_ms": 1588923944842.3076,
        "duration_ms": 1324.3529796600342,
        "executionID": "vtb1j18uldxd",
        "containerID": "5c55f48a-79ca-4285-b34c-45b0b924d50c",
        "uptime": "3.23",
        "meminfo": "MemTotal:        2097152 kB\nMemFree:         2050788 kB\nMemAvailable:    2050788 kB\nBuffers:               0 kB\nCached:            13228 kB\nSwapCache:             0 kB\nActive:            33280 kB\nInactive:           6616 kB\nActive(anon):      26668 kB\nInactive(anon):        0 kB\nActive(file):       6612 kB\nInactive(file):     6616 kB\nUnevictable:           0 kB\nMlocked:               0 kB\nSwapTotal:             0 kB\nSwapFree:              0 kB\nDirty:                 0 kB\nWriteback:             0 kB\nAnonPages:         26668 kB\nMapped:            13228 kB\nShmem:                 0 kB",
        "cpuinfo": "Architecture:        x86_64\nCPU op-mode(s):      32-bit, 64-bit\nByte Order:          Little Endian\nCPU(s):              2\nOn-line CPU(s) list: 0,1\nVendor ID:           GenuineIntel\nCPU family:          6\nModel:               85\nModel name:          unknown\nStepping:            unknown\nCPU MHz:             2674.009\nBogoMIPS:            2674.01\nVirtualization:      VT-x\nFlags:               fpu vme de pse tsc msr pae mce cx8 apic sep mtrr pge mca cmov pat pse36 clflush dts acpi mmx fxsr sse sse2 ss ht tm pbe syscall nx pdpe1gb rdtscp lm pni pclmulqdq dtes64 monitor ds_cpl vmx smx est tm2 ssse3 sdbg fma cx16 xtpr pdcm pcid dca sse4_1 sse4_2 x2apic movbe popcnt tsc_deadline_timer aes xsave avx f16c rdrand lahf_lm abm 3dnowprefetch fsgsbase tsc_adjust bmi1 hle avx2 smep bmi2 erms invpcid rtm cqm mpx rdt_a avx512f avx512dq rdseed adx smap clwb avx512cd avx512bw avx512vl xsaveopt xsavec xgetbv1 xsaves pku"
    }
},
{
    "pystart_ms": 1588923938855.07,
    "pyend_ms": 1588923945023.125,
    "pyduration_ms": 6168.054931640625,
    "func_data": {
        "initTime_ms": 1588923943614.78,
        "endTime_ms": 1588923944939.3623,
        "duration_ms": 1324.5823383331299,
        "executionID": "qldon59g5zyp",
        "containerID": "05f1668f-c929-4909-a286-2953f2a30d22",
        "uptime": "2.99",
        "meminfo": "MemTotal:        2097152 kB\nMemFree:         2050152 kB\nMemAvailable:    2050152 kB\nBuffers:               0 kB\nCached:            13364 kB\nSwapCache:             0 kB\nActive:            33848 kB\nInactive:           6684 kB\nActive(anon):      27168 kB\nInactive(anon):        0 kB\nActive(file):       6680 kB\nInactive(file):     6684 kB\nUnevictable:           0 kB\nMlocked:               0 kB\nSwapTotal:             0 kB\nSwapFree:              0 kB\nDirty:                 0 kB\nWriteback:             0 kB\nAnonPages:         27168 kB\nMapped:            13364 kB\nShmem:                 0 kB",
        "cpuinfo": "Architecture:        x86_64\nCPU op-mode(s):      32-bit, 64-bit\nByte Order:          Little Endian\nCPU(s):              2\nOn-line CPU(s) list: 0,1\nVendor ID:           GenuineIntel\nCPU family:          6\nModel:               85\nModel name:          unknown\nStepping:            unknown\nCPU MHz:             2700.248\nBogoMIPS:            2700.25\nVirtualization:      VT-x\nFlags:               fpu vme de pse tsc msr pae mce cx8 apic sep mtrr pge mca cmov pat pse36 clflush dts acpi mmx fxsr sse sse2 ss ht tm pbe syscall nx pdpe1gb rdtscp lm pni pclmulqdq dtes64 monitor ds_cpl vmx smx est tm2 ssse3 sdbg fma cx16 xtpr pdcm pcid dca sse4_1 sse4_2 x2apic movbe popcnt tsc_deadline_timer aes xsave avx f16c rdrand lahf_lm abm 3dnowprefetch fsgsbase tsc_adjust bmi1 hle avx2 smep bmi2 erms invpcid rtm cqm mpx rdt_a avx512f avx512dq rdseed adx smap clwb avx512cd avx512bw avx512vl xsaveopt xsavec xgetbv1 xsaves pku"
    }
},
{
    "pystart_ms": 1588923938865.0696,
    "pyend_ms": 1588923945159.0642,
    "pyduration_ms": 6293.99462890625,
    "func_data": {
        "initTime_ms": 1588923943618.6023,
        "endTime_ms": 1588923944998.1216,
        "duration_ms": 1379.5192241668701,
        "executionID": "as9k45clym1l",
        "containerID": "67955a4a-fbe6-4b62-b2b0-36d4bc70cfda",
        "uptime": "3.56",
        "meminfo": "MemTotal:        2097152 kB\nMemFree:         2049308 kB\nMemAvailable:    2049308 kB\nBuffers:               0 kB\nCached:            13228 kB\nSwapCache:             0 kB\nActive:            34760 kB\nInactive:           6616 kB\nActive(anon):      28148 kB\nInactive(anon):        0 kB\nActive(file):       6612 kB\nInactive(file):     6616 kB\nUnevictable:           0 kB\nMlocked:               0 kB\nSwapTotal:             0 kB\nSwapFree:              0 kB\nDirty:                 0 kB\nWriteback:             0 kB\nAnonPages:         28148 kB\nMapped:            13228 kB\nShmem:                 0 kB",
        "cpuinfo": "Architecture:        x86_64\nCPU op-mode(s):      32-bit, 64-bit\nByte Order:          Little Endian\nCPU(s):              2\nOn-line CPU(s) list: 0,1\nVendor ID:           GenuineIntel\nCPU family:          6\nModel:               85\nModel name:          unknown\nStepping:            unknown\nCPU MHz:             2578.973\nBogoMIPS:            2578.97\nVirtualization:      VT-x\nFlags:               fpu vme de pse tsc msr pae mce cx8 apic sep mtrr pge mca cmov pat pse36 clflush dts acpi mmx fxsr sse sse2 ss ht tm pbe syscall nx pdpe1gb rdtscp lm pni pclmulqdq dtes64 monitor ds_cpl vmx smx est tm2 ssse3 sdbg fma cx16 xtpr pdcm pcid dca sse4_1 sse4_2 x2apic movbe popcnt tsc_deadline_timer aes xsave avx f16c rdrand lahf_lm abm 3dnowprefetch fsgsbase tsc_adjust bmi1 hle avx2 smep bmi2 erms invpcid rtm cqm mpx rdt_a avx512f avx512dq rdseed adx smap clwb avx512cd avx512bw avx512vl xsaveopt xsavec xgetbv1 xsaves pku"
    }
},
{
    "pystart_ms": 1588923938855.07,
    "pyend_ms": 1588923945191.4724,
    "pyduration_ms": 6336.40234375,
    "func_data": {
        "initTime_ms": 1588923943726.324,
        "endTime_ms": 1588923945105.6082,
        "duration_ms": 1379.284143447876,
        "executionID": "z7nfqrk88hdk",
        "containerID": "a3d44c88-f548-4ee5-be01-6e4f5b6732b5",
        "uptime": "3.66",
        "meminfo": "MemTotal:        2097152 kB\nMemFree:         2051052 kB\nMemAvailable:    2051052 kB\nBuffers:               0 kB\nCached:            13432 kB\nSwapCache:             0 kB\nActive:            32916 kB\nInactive:           6716 kB\nActive(anon):      26200 kB\nInactive(anon):        0 kB\nActive(file):       6716 kB\nInactive(file):     6716 kB\nUnevictable:           0 kB\nMlocked:               0 kB\nSwapTotal:             0 kB\nSwapFree:              0 kB\nDirty:                 0 kB\nWriteback:             0 kB\nAnonPages:         26200 kB\nMapped:            13432 kB\nShmem:                 0 kB",
        "cpuinfo": "Architecture:        x86_64\nCPU op-mode(s):      32-bit, 64-bit\nByte Order:          Little Endian\nCPU(s):              2\nOn-line CPU(s) list: 0,1\nVendor ID:           GenuineIntel\nCPU family:          6\nModel:               85\nModel name:          unknown\nStepping:            unknown\nCPU MHz:             2578.973\nBogoMIPS:            2578.97\nVirtualization:      VT-x\nFlags:               fpu vme de pse tsc msr pae mce cx8 apic sep mtrr pge mca cmov pat pse36 clflush dts acpi mmx fxsr sse sse2 ss ht tm pbe syscall nx pdpe1gb rdtscp lm pni pclmulqdq dtes64 monitor ds_cpl vmx smx est tm2 ssse3 sdbg fma cx16 xtpr pdcm pcid dca sse4_1 sse4_2 x2apic movbe popcnt tsc_deadline_timer aes xsave avx f16c rdrand lahf_lm abm 3dnowprefetch fsgsbase tsc_adjust bmi1 hle avx2 smep bmi2 erms invpcid rtm cqm mpx rdt_a avx512f avx512dq rdseed adx smap clwb avx512cd avx512bw avx512vl xsaveopt xsavec xgetbv1 xsaves pku"
    }
},
{
    "pystart_ms": 1588923938871.0696,
    "pyend_ms": 1588923945215.3254,
    "pyduration_ms": 6344.255859375,
    "func_data": {
        "initTime_ms": 1588923943847.8943,
        "endTime_ms": 1588923945125.5215,
        "duration_ms": 1277.6272296905518,
        "executionID": "59fbb4himmo9",
        "containerID": "c7bf2b68-b981-401a-af8a-fe5405ea4279",
        "uptime": "2.68",
        "meminfo": "MemTotal:        2097152 kB\nMemFree:         2048332 kB\nMemAvailable:    2048332 kB\nBuffers:               0 kB\nCached:            13264 kB\nSwapCache:             0 kB\nActive:            35720 kB\nInactive:           6632 kB\nActive(anon):      29088 kB\nInactive(anon):        0 kB\nActive(file):       6632 kB\nInactive(file):     6632 kB\nUnevictable:           0 kB\nMlocked:               0 kB\nSwapTotal:             0 kB\nSwapFree:              0 kB\nDirty:                 0 kB\nWriteback:             0 kB\nAnonPages:         29088 kB\nMapped:            13264 kB\nShmem:                 0 kB",
        "cpuinfo": "Architecture:        x86_64\nCPU op-mode(s):      32-bit, 64-bit\nByte Order:          Little Endian\nCPU(s):              2\nOn-line CPU(s) list: 0,1\nVendor ID:           GenuineIntel\nCPU family:          6\nModel:               85\nModel name:          unknown\nStepping:            unknown\nCPU MHz:             2486.696\nBogoMIPS:            2486.70\nVirtualization:      VT-x\nFlags:               fpu vme de pse tsc msr pae mce cx8 apic sep mtrr pge mca cmov pat pse36 clflush dts acpi mmx fxsr sse sse2 ss ht tm pbe syscall nx pdpe1gb rdtscp lm pni pclmulqdq dtes64 monitor ds_cpl vmx smx est tm2 ssse3 sdbg fma cx16 xtpr pdcm pcid dca sse4_1 sse4_2 x2apic movbe popcnt tsc_deadline_timer aes xsave avx f16c rdrand lahf_lm abm 3dnowprefetch fsgsbase tsc_adjust bmi1 hle avx2 smep bmi2 erms invpcid rtm cqm mpx rdt_a avx512f avx512dq rdseed adx smap clwb avx512cd avx512bw avx512vl xsaveopt xsavec xgetbv1 xsaves pku"
    }
},
{
    "pystart_ms": 1588923938867.0698,
    "pyend_ms": 1588923945223.324,
    "pyduration_ms": 6356.254150390625,
    "func_data": {
        "initTime_ms": 1588923943883.7412,
        "endTime_ms": 1588923945137.998,
        "duration_ms": 1254.2569637298584,
        "executionID": "pzi8ssah1cip",
        "containerID": "a12b98ed-2b24-4d85-aea9-03b5b288343b",
        "uptime": "3.61",
        "meminfo": "MemTotal:        2097152 kB\nMemFree:         2050528 kB\nMemAvailable:    2050528 kB\nBuffers:               0 kB\nCached:            13228 kB\nSwapCache:             0 kB\nActive:            33540 kB\nInactive:           6616 kB\nActive(anon):      26928 kB\nInactive(anon):        0 kB\nActive(file):       6612 kB\nInactive(file):     6616 kB\nUnevictable:           0 kB\nMlocked:               0 kB\nSwapTotal:             0 kB\nSwapFree:              0 kB\nDirty:                 0 kB\nWriteback:             0 kB\nAnonPages:         26928 kB\nMapped:            13228 kB\nShmem:                 0 kB",
        "cpuinfo": "Architecture:        x86_64\nCPU op-mode(s):      32-bit, 64-bit\nByte Order:          Little Endian\nCPU(s):              2\nOn-line CPU(s) list: 0,1\nVendor ID:           GenuineIntel\nCPU family:          6\nModel:               85\nModel name:          unknown\nStepping:            unknown\nCPU MHz:             2700.254\nBogoMIPS:            2700.25\nVirtualization:      VT-x\nFlags:               fpu vme de pse tsc msr pae mce cx8 apic sep mtrr pge mca cmov pat pse36 clflush dts acpi mmx fxsr sse sse2 ss ht tm pbe syscall nx pdpe1gb rdtscp lm pni pclmulqdq dtes64 monitor ds_cpl vmx smx est tm2 ssse3 sdbg fma cx16 xtpr pdcm pcid dca sse4_1 sse4_2 x2apic movbe popcnt tsc_deadline_timer aes xsave avx f16c rdrand lahf_lm abm 3dnowprefetch fsgsbase tsc_adjust bmi1 hle avx2 smep bmi2 erms invpcid rtm cqm mpx rdt_a avx512f avx512dq rdseed adx smap clwb avx512cd avx512bw avx512vl xsaveopt xsavec xgetbv1 xsaves pku"
    }
},
{
    "pystart_ms": 1588923938872.0698,
    "pyend_ms": 1588923945243.3193,
    "pyduration_ms": 6371.24951171875,
    "func_data": {
        "initTime_ms": 1588923943895.6746,
        "endTime_ms": 1588923945158.796,
        "duration_ms": 1263.1213665008545,
        "executionID": "r3lf7vbax34a",
        "containerID": "43552255-4412-4cb4-8a20-bd22e5e2307d",
        "uptime": "3.29",
        "meminfo": "MemTotal:        2097152 kB\nMemFree:         2049864 kB\nMemAvailable:    2049864 kB\nBuffers:               0 kB\nCached:            13388 kB\nSwapCache:             0 kB\nActive:            34124 kB\nInactive:           6696 kB\nActive(anon):      27432 kB\nInactive(anon):        0 kB\nActive(file):       6692 kB\nInactive(file):     6696 kB\nUnevictable:           0 kB\nMlocked:               0 kB\nSwapTotal:             0 kB\nSwapFree:              0 kB\nDirty:                 0 kB\nWriteback:             0 kB\nAnonPages:         27432 kB\nMapped:            13388 kB\nShmem:                 0 kB",
        "cpuinfo": "Architecture:        x86_64\nCPU op-mode(s):      32-bit, 64-bit\nByte Order:          Little Endian\nCPU(s):              2\nOn-line CPU(s) list: 0,1\nVendor ID:           GenuineIntel\nCPU family:          6\nModel:               85\nModel name:          unknown\nStepping:            unknown\nCPU MHz:             2616.031\nBogoMIPS:            2616.03\nVirtualization:      VT-x\nFlags:               fpu vme de pse tsc msr pae mce cx8 apic sep mtrr pge mca cmov pat pse36 clflush dts acpi mmx fxsr sse sse2 ss ht tm pbe syscall nx pdpe1gb rdtscp lm pni pclmulqdq dtes64 monitor ds_cpl vmx smx est tm2 ssse3 sdbg fma cx16 xtpr pdcm pcid dca sse4_1 sse4_2 x2apic movbe popcnt tsc_deadline_timer aes xsave avx f16c rdrand lahf_lm abm 3dnowprefetch fsgsbase tsc_adjust bmi1 hle avx2 smep bmi2 erms invpcid rtm cqm mpx rdt_a avx512f avx512dq rdseed adx smap clwb avx512cd avx512bw avx512vl xsaveopt xsavec xgetbv1 xsaves pku"
    }
},
{
    "pystart_ms": 1588923938870.0693,
    "pyend_ms": 1588923945277.1042,
    "pyduration_ms": 6407.034912109375,
    "func_data": {
        "initTime_ms": 1588923943899.3962,
        "endTime_ms": 1588923945170.0222,
        "duration_ms": 1270.6260681152344,
        "executionID": "o7i7jjvg6aw0",
        "containerID": "da9bc82d-f4ac-456c-b4f8-9b549486e1c9",
        "uptime": "2.66",
        "meminfo": "MemTotal:        2097152 kB\nMemFree:         2049020 kB\nMemAvailable:    2049020 kB\nBuffers:               0 kB\nCached:            13364 kB\nSwapCache:             0 kB\nActive:            34980 kB\nInactive:           6684 kB\nActive(anon):      28300 kB\nInactive(anon):        0 kB\nActive(file):       6680 kB\nInactive(file):     6684 kB\nUnevictable:           0 kB\nMlocked:               0 kB\nSwapTotal:             0 kB\nSwapFree:              0 kB\nDirty:                 0 kB\nWriteback:             0 kB\nAnonPages:         28300 kB\nMapped:            13364 kB\nShmem:                 0 kB",
        "cpuinfo": "Architecture:        x86_64\nCPU op-mode(s):      32-bit, 64-bit\nByte Order:          Little Endian\nCPU(s):              2\nOn-line CPU(s) list: 0,1\nVendor ID:           GenuineIntel\nCPU family:          6\nModel:               85\nModel name:          unknown\nStepping:            unknown\nCPU MHz:             2699.778\nBogoMIPS:            2699.78\nVirtualization:      VT-x\nFlags:               fpu vme de pse tsc msr pae mce cx8 apic sep mtrr pge mca cmov pat pse36 clflush dts acpi mmx fxsr sse sse2 ss ht tm pbe syscall nx pdpe1gb rdtscp lm pni pclmulqdq dtes64 monitor ds_cpl vmx smx est tm2 ssse3 sdbg fma cx16 xtpr pdcm pcid dca sse4_1 sse4_2 x2apic movbe popcnt tsc_deadline_timer aes xsave avx f16c rdrand lahf_lm abm 3dnowprefetch fsgsbase tsc_adjust bmi1 hle avx2 smep bmi2 erms invpcid rtm cqm mpx rdt_a avx512f avx512dq rdseed adx smap clwb avx512cd avx512bw avx512vl xsaveopt xsavec xgetbv1 xsaves pku"
    }
},
{
    "pystart_ms": 1588923938857.0696,
    "pyend_ms": 1588923945279.1038,
    "pyduration_ms": 6422.0341796875,
    "func_data": {
        "initTime_ms": 1588923943907.711,
        "endTime_ms": 1588923945178.9417,
        "duration_ms": 1271.230697631836,
        "executionID": "x7k8e7tidbyv",
        "containerID": "d8a1578f-9079-464c-8c45-23d552d46bad",
        "uptime": "3.11",
        "meminfo": "MemTotal:        2097152 kB\nMemFree:         2049292 kB\nMemAvailable:    2049292 kB\nBuffers:               0 kB\nCached:            13228 kB\nSwapCache:             0 kB\nActive:            34776 kB\nInactive:           6616 kB\nActive(anon):      28164 kB\nInactive(anon):        0 kB\nActive(file):       6612 kB\nInactive(file):     6616 kB\nUnevictable:           0 kB\nMlocked:               0 kB\nSwapTotal:             0 kB\nSwapFree:              0 kB\nDirty:                 0 kB\nWriteback:             0 kB\nAnonPages:         28164 kB\nMapped:            13228 kB\nShmem:                 0 kB",
        "cpuinfo": "Architecture:        x86_64\nCPU op-mode(s):      32-bit, 64-bit\nByte Order:          Little Endian\nCPU(s):              2\nOn-line CPU(s) list: 0,1\nVendor ID:           GenuineIntel\nCPU family:          6\nModel:               85\nModel name:          unknown\nStepping:            unknown\nCPU MHz:             2687.325\nBogoMIPS:            2687.32\nVirtualization:      VT-x\nFlags:               fpu vme de pse tsc msr pae mce cx8 apic sep mtrr pge mca cmov pat pse36 clflush dts acpi mmx fxsr sse sse2 ss ht tm pbe syscall nx pdpe1gb rdtscp lm pni pclmulqdq dtes64 monitor ds_cpl vmx smx est tm2 ssse3 sdbg fma cx16 xtpr pdcm pcid dca sse4_1 sse4_2 x2apic movbe popcnt tsc_deadline_timer aes xsave avx f16c rdrand lahf_lm abm 3dnowprefetch fsgsbase tsc_adjust bmi1 hle avx2 smep bmi2 erms invpcid rtm cqm mpx rdt_a avx512f avx512dq rdseed adx smap clwb avx512cd avx512bw avx512vl xsaveopt xsavec xgetbv1 xsaves pku"
    }
},
{
    "pystart_ms": 1588923938840.0884,
    "pyend_ms": 1588923945309.1042,
    "pyduration_ms": 6469.015869140625,
    "func_data": {
        "initTime_ms": 1588923943870.7722,
        "endTime_ms": 1588923945139.5264,
        "duration_ms": 1268.754243850708,
        "executionID": "f7fdul1d00ut",
        "containerID": "25feeb09-73c3-4ee8-ae78-394245eae9cb",
        "uptime": "3.20",
        "meminfo": "MemTotal:        2097152 kB\nMemFree:         2047952 kB\nMemAvailable:    2047952 kB\nBuffers:               0 kB\nCached:            13364 kB\nSwapCache:             0 kB\nActive:            35424 kB\nInactive:           6684 kB\nActive(anon):      28744 kB\nInactive(anon):        0 kB\nActive(file):       6680 kB\nInactive(file):     6684 kB\nUnevictable:           0 kB\nMlocked:               0 kB\nSwapTotal:             0 kB\nSwapFree:              0 kB\nDirty:                 0 kB\nWriteback:             0 kB\nAnonPages:         28744 kB\nMapped:            13364 kB\nShmem:                 0 kB",
        "cpuinfo": "Architecture:        x86_64\nCPU op-mode(s):      32-bit, 64-bit\nByte Order:          Little Endian\nCPU(s):              2\nOn-line CPU(s) list: 0,1\nVendor ID:           GenuineIntel\nCPU family:          6\nModel:               85\nModel name:          unknown\nStepping:            unknown\nCPU MHz:             2697.341\nBogoMIPS:            2697.34\nVirtualization:      VT-x\nFlags:               fpu vme de pse tsc msr pae mce cx8 apic sep mtrr pge mca cmov pat pse36 clflush dts acpi mmx fxsr sse sse2 ss ht tm pbe syscall nx pdpe1gb rdtscp lm pni pclmulqdq dtes64 monitor ds_cpl vmx smx est tm2 ssse3 sdbg fma cx16 xtpr pdcm pcid dca sse4_1 sse4_2 x2apic movbe popcnt tsc_deadline_timer aes xsave avx f16c rdrand lahf_lm abm 3dnowprefetch fsgsbase tsc_adjust bmi1 hle avx2 smep bmi2 erms invpcid rtm cqm mpx rdt_a avx512f avx512dq rdseed adx smap clwb avx512cd avx512bw avx512vl xsaveopt xsavec xgetbv1 xsaves pku"
    }
},
{
    "pystart_ms": 1588923938874.0693,
    "pyend_ms": 1588923945312.1116,
    "pyduration_ms": 6438.042236328125,
    "func_data": {
        "initTime_ms": 1588923943919.6152,
        "endTime_ms": 1588923945186.586,
        "duration_ms": 1266.9706344604492,
        "executionID": "pm3r7bw7wet2",
        "containerID": "b25d845c-4eeb-4435-bd47-059e27f46d23",
        "uptime": "3.04",
        "meminfo": "MemTotal:        2097152 kB\nMemFree:         2050056 kB\nMemAvailable:    2050056 kB\nBuffers:               0 kB\nCached:            13268 kB\nSwapCache:             0 kB\nActive:            33992 kB\nInactive:           6636 kB\nActive(anon):      27360 kB\nInactive(anon):        0 kB\nActive(file):       6632 kB\nInactive(file):     6636 kB\nUnevictable:           0 kB\nMlocked:               0 kB\nSwapTotal:             0 kB\nSwapFree:              0 kB\nDirty:                 0 kB\nWriteback:             0 kB\nAnonPages:         27360 kB\nMapped:            13268 kB\nShmem:                 0 kB",
        "cpuinfo": "Architecture:        x86_64\nCPU op-mode(s):      32-bit, 64-bit\nByte Order:          Little Endian\nCPU(s):              2\nOn-line CPU(s) list: 0,1\nVendor ID:           GenuineIntel\nCPU family:          6\nModel:               85\nModel name:          unknown\nStepping:            unknown\nCPU MHz:             2684.860\nBogoMIPS:            2684.86\nVirtualization:      VT-x\nFlags:               fpu vme de pse tsc msr pae mce cx8 apic sep mtrr pge mca cmov pat pse36 clflush dts acpi mmx fxsr sse sse2 ss ht tm pbe syscall nx pdpe1gb rdtscp lm pni pclmulqdq dtes64 monitor ds_cpl vmx smx est tm2 ssse3 sdbg fma cx16 xtpr pdcm pcid dca sse4_1 sse4_2 x2apic movbe popcnt tsc_deadline_timer aes xsave avx f16c rdrand lahf_lm abm 3dnowprefetch fsgsbase tsc_adjust bmi1 hle avx2 smep bmi2 erms invpcid rtm cqm mpx rdt_a avx512f avx512dq rdseed adx smap clwb avx512cd avx512bw avx512vl xsaveopt xsavec xgetbv1 xsaves pku"
    }
},
{
    "pystart_ms": 1588923938879.0693,
    "pyend_ms": 1588923945314.1404,
    "pyduration_ms": 6435.071044921875,
    "func_data": {
        "initTime_ms": 1588923943869.6897,
        "endTime_ms": 1588923945166.2236,
        "duration_ms": 1296.5338230133057,
        "executionID": "y0lqpv6ttpvy",
        "containerID": "e527b71e-5a69-4aea-96f1-533ef8da2f04",
        "uptime": "3.56",
        "meminfo": "MemTotal:        2097152 kB\nMemFree:         2048748 kB\nMemAvailable:    2048748 kB\nBuffers:               0 kB\nCached:            13368 kB\nSwapCache:             0 kB\nActive:            35252 kB\nInactive:           6684 kB\nActive(anon):      28568 kB\nInactive(anon):        0 kB\nActive(file):       6684 kB\nInactive(file):     6684 kB\nUnevictable:           0 kB\nMlocked:               0 kB\nSwapTotal:             0 kB\nSwapFree:              0 kB\nDirty:                 0 kB\nWriteback:             0 kB\nAnonPages:         28568 kB\nMapped:            13368 kB\nShmem:                 0 kB",
        "cpuinfo": "Architecture:        x86_64\nCPU op-mode(s):      32-bit, 64-bit\nByte Order:          Little Endian\nCPU(s):              2\nOn-line CPU(s) list: 0,1\nVendor ID:           GenuineIntel\nCPU family:          6\nModel:               85\nModel name:          unknown\nStepping:            unknown\nCPU MHz:             2616.031\nBogoMIPS:            2616.03\nVirtualization:      VT-x\nFlags:               fpu vme de pse tsc msr pae mce cx8 apic sep mtrr pge mca cmov pat pse36 clflush dts acpi mmx fxsr sse sse2 ss ht tm pbe syscall nx pdpe1gb rdtscp lm pni pclmulqdq dtes64 monitor ds_cpl vmx smx est tm2 ssse3 sdbg fma cx16 xtpr pdcm pcid dca sse4_1 sse4_2 x2apic movbe popcnt tsc_deadline_timer aes xsave avx f16c rdrand lahf_lm abm 3dnowprefetch fsgsbase tsc_adjust bmi1 hle avx2 smep bmi2 erms invpcid rtm cqm mpx rdt_a avx512f avx512dq rdseed adx smap clwb avx512cd avx512bw avx512vl xsaveopt xsavec xgetbv1 xsaves pku"
    }
},
{
    "pystart_ms": 1588923938829.0703,
    "pyend_ms": 1588923945335.1367,
    "pyduration_ms": 6506.06640625,
    "func_data": {
        "initTime_ms": 1588923943963.9211,
        "endTime_ms": 1588923945255.038,
        "duration_ms": 1291.1169528961182,
        "executionID": "wb77wafswhxj",
        "containerID": "0569e5ec-7ecb-499b-84ef-9a863fd813e3",
        "uptime": "3.93",
        "meminfo": "MemTotal:        2097152 kB\nMemFree:         2049928 kB\nMemAvailable:    2049928 kB\nBuffers:               0 kB\nCached:            13368 kB\nSwapCache:             0 kB\nActive:            34072 kB\nInactive:           6684 kB\nActive(anon):      27388 kB\nInactive(anon):        0 kB\nActive(file):       6684 kB\nInactive(file):     6684 kB\nUnevictable:           0 kB\nMlocked:               0 kB\nSwapTotal:             0 kB\nSwapFree:              0 kB\nDirty:                 0 kB\nWriteback:             0 kB\nAnonPages:         27388 kB\nMapped:            13368 kB\nShmem:                 0 kB",
        "cpuinfo": "Architecture:        x86_64\nCPU op-mode(s):      32-bit, 64-bit\nByte Order:          Little Endian\nCPU(s):              2\nOn-line CPU(s) list: 0,1\nVendor ID:           GenuineIntel\nCPU family:          6\nModel:               45\nModel name:          unknown\nStepping:            unknown\nCPU MHz:             3299.998\nBogoMIPS:            3300.00\nVirtualization:      VT-x\nFlags:               fpu vme de pse tsc msr pae mce cx8 apic sep mtrr pge mca cmov pat pse36 clflush dts acpi mmx fxsr sse sse2 ss ht tm pbe syscall nx pdpe1gb rdtscp lm pni pclmulqdq dtes64 monitor ds_cpl vmx smx est tm2 ssse3 cx16 xtpr pdcm pcid dca sse4_1 sse4_2 x2apic popcnt tsc_deadline_timer aes xsave avx lahf_lm xsaveopt"
    }
},
{
    "pystart_ms": 1588923938837.0715,
    "pyend_ms": 1588923945380.4263,
    "pyduration_ms": 6543.354736328125,
    "func_data": {
        "initTime_ms": 1588923943911.1726,
        "endTime_ms": 1588923945211.158,
        "duration_ms": 1299.985408782959,
        "executionID": "cdzqhgeyzv86",
        "containerID": "ebe0ab41-4d83-4e2c-ba1d-8ec0c599f65a",
        "uptime": "3.56",
        "meminfo": "MemTotal:        2097152 kB\nMemFree:         2050492 kB\nMemAvailable:    2050492 kB\nBuffers:               0 kB\nCached:            13464 kB\nSwapCache:             0 kB\nActive:            33460 kB\nInactive:           6732 kB\nActive(anon):      26728 kB\nInactive(anon):        0 kB\nActive(file):       6732 kB\nInactive(file):     6732 kB\nUnevictable:           0 kB\nMlocked:               0 kB\nSwapTotal:             0 kB\nSwapFree:              0 kB\nDirty:                 0 kB\nWriteback:             0 kB\nAnonPages:         26728 kB\nMapped:            13464 kB\nShmem:                 0 kB",
        "cpuinfo": "Architecture:        x86_64\nCPU op-mode(s):      32-bit, 64-bit\nByte Order:          Little Endian\nCPU(s):              2\nOn-line CPU(s) list: 0,1\nVendor ID:           GenuineIntel\nCPU family:          6\nModel:               79\nModel name:          unknown\nStepping:            unknown\nCPU MHz:             2800.000\nBogoMIPS:            2800.00\nVirtualization:      VT-x\nFlags:               fpu vme de pse tsc msr pae mce cx8 apic sep mtrr pge mca cmov pat pse36 clflush dts acpi mmx fxsr sse sse2 ss ht tm pbe syscall nx pdpe1gb rdtscp lm pni pclmulqdq dtes64 monitor ds_cpl vmx smx est tm2 ssse3 sdbg fma cx16 xtpr pdcm pcid dca sse4_1 sse4_2 x2apic movbe popcnt tsc_deadline_timer aes xsave avx f16c rdrand lahf_lm abm 3dnowprefetch fsgsbase tsc_adjust bmi1 hle avx2 smep bmi2 erms invpcid rtm cqm rdt_a rdseed adx smap xsaveopt"
    }
},
{
    "pystart_ms": 1588923938879.0693,
    "pyend_ms": 1588923945387.4268,
    "pyduration_ms": 6508.357421875,
    "func_data": {
        "initTime_ms": 1588923943915.175,
        "endTime_ms": 1588923945302.6821,
        "duration_ms": 1387.5072002410889,
        "executionID": "nuvbrlfg2mci",
        "containerID": "8c076fd8-82c1-45ad-904d-0333c3f06420",
        "uptime": "4.22",
        "meminfo": "MemTotal:        2097152 kB\nMemFree:         2049148 kB\nMemAvailable:    2049148 kB\nBuffers:               0 kB\nCached:            13264 kB\nSwapCache:             0 kB\nActive:            34904 kB\nInactive:           6632 kB\nActive(anon):      28272 kB\nInactive(anon):        0 kB\nActive(file):       6632 kB\nInactive(file):     6632 kB\nUnevictable:           0 kB\nMlocked:               0 kB\nSwapTotal:             0 kB\nSwapFree:              0 kB\nDirty:                 0 kB\nWriteback:             0 kB\nAnonPages:         28272 kB\nMapped:            13264 kB\nShmem:                 0 kB",
        "cpuinfo": "Architecture:        x86_64\nCPU op-mode(s):      32-bit, 64-bit\nByte Order:          Little Endian\nCPU(s):              2\nOn-line CPU(s) list: 0,1\nVendor ID:           GenuineIntel\nCPU family:          6\nModel:               63\nModel name:          unknown\nStepping:            unknown\nCPU MHz:             2788.682\nBogoMIPS:            2788.68\nVirtualization:      VT-x\nFlags:               fpu vme de pse tsc msr pae mce cx8 apic sep mtrr pge mca cmov pat pse36 clflush dts acpi mmx fxsr sse sse2 ss ht tm pbe syscall nx pdpe1gb rdtscp lm pni pclmulqdq dtes64 monitor ds_cpl vmx smx est tm2 ssse3 sdbg fma cx16 xtpr pdcm pcid dca sse4_1 sse4_2 x2apic movbe popcnt tsc_deadline_timer aes xsave avx f16c rdrand lahf_lm abm fsgsbase tsc_adjust bmi1 avx2 smep bmi2 erms invpcid cqm xsaveopt"
    }
},
{
    "pystart_ms": 1588923938855.07,
    "pyend_ms": 1588923945392.456,
    "pyduration_ms": 6537.385986328125,
    "func_data": {
        "initTime_ms": 1588923943984.1848,
        "endTime_ms": 1588923945254.333,
        "duration_ms": 1270.1482772827148,
        "executionID": "ldaq3hpfx9w2",
        "containerID": "54685549-f676-456c-9ccb-348d69517670",
        "uptime": "4.12",
        "meminfo": "MemTotal:        2097152 kB\nMemFree:         2050272 kB\nMemAvailable:    2050272 kB\nBuffers:               0 kB\nCached:            13128 kB\nSwapCache:             0 kB\nActive:            33848 kB\nInactive:           6564 kB\nActive(anon):      27284 kB\nInactive(anon):        0 kB\nActive(file):       6564 kB\nInactive(file):     6564 kB\nUnevictable:           0 kB\nMlocked:               0 kB\nSwapTotal:             0 kB\nSwapFree:              0 kB\nDirty:                 0 kB\nWriteback:             0 kB\nAnonPages:         27284 kB\nMapped:            13128 kB\nShmem:                 0 kB",
        "cpuinfo": "Architecture:        x86_64\nCPU op-mode(s):      32-bit, 64-bit\nByte Order:          Little Endian\nCPU(s):              2\nOn-line CPU(s) list: 0,1\nVendor ID:           GenuineIntel\nCPU family:          6\nModel:               85\nModel name:          unknown\nStepping:            unknown\nCPU MHz:             2694.910\nBogoMIPS:            2694.91\nVirtualization:      VT-x\nFlags:               fpu vme de pse tsc msr pae mce cx8 apic sep mtrr pge mca cmov pat pse36 clflush dts acpi mmx fxsr sse sse2 ss ht tm pbe syscall nx pdpe1gb rdtscp lm pni pclmulqdq dtes64 monitor ds_cpl vmx smx est tm2 ssse3 sdbg fma cx16 xtpr pdcm pcid dca sse4_1 sse4_2 x2apic movbe popcnt tsc_deadline_timer aes xsave avx f16c rdrand lahf_lm abm 3dnowprefetch fsgsbase tsc_adjust bmi1 hle avx2 smep bmi2 erms invpcid rtm cqm mpx rdt_a avx512f avx512dq rdseed adx smap clwb avx512cd avx512bw avx512vl xsaveopt xsavec xgetbv1 xsaves pku"
    }
},
{
    "pystart_ms": 1588923938844.0684,
    "pyend_ms": 1588923945501.3096,
    "pyduration_ms": 6657.2412109375,
    "func_data": {
        "initTime_ms": 1588923944059.3862,
        "endTime_ms": 1588923945422.8643,
        "duration_ms": 1363.4779453277588,
        "executionID": "fqlct8ro7eot",
        "containerID": "fdf2b00c-a582-4319-90b0-06e0e41a1fc1",
        "uptime": "4.17",
