
{
    "pystart_ms": 1588923968740.5488,
    "pyend_ms": 1588923970795.0142,
    "pyduration_ms": 2054.46533203125,
    "func_data": {
        "initTime_ms": 1588923968993.775,
        "endTime_ms": 1588923970633.7883,
        "duration_ms": 1640.0134563446045,
        "executionID": "13e1nx8036xy",
        "containerID": "0dd79c02-855b-4221-856b-3bc39526c83f",
        "uptime": "80.40",
        "meminfo": "MemTotal:        2097152 kB\nMemFree:         2048928 kB\nMemAvailable:    2048928 kB\nBuffers:               0 kB\nCached:            13740 kB\nSwapCache:             0 kB\nActive:            34884 kB\nInactive:           6872 kB\nActive(anon):      28016 kB\nInactive(anon):        0 kB\nActive(file):       6868 kB\nInactive(file):     6872 kB\nUnevictable:           0 kB\nMlocked:               0 kB\nSwapTotal:             0 kB\nSwapFree:              0 kB\nDirty:                 0 kB\nWriteback:             0 kB\nAnonPages:         28016 kB\nMapped:            13740 kB\nShmem:                 0 kB",
        "cpuinfo": "Architecture:        x86_64\nCPU op-mode(s):      32-bit, 64-bit\nByte Order:          Little Endian\nCPU(s):              2\nOn-line CPU(s) list: 0,1\nVendor ID:           GenuineIntel\nCPU family:          6\nModel:               85\nModel name:          unknown\nStepping:            unknown\nCPU MHz:             2694.845\nBogoMIPS:            2694.84\nVirtualization:      VT-x\nFlags:               fpu vme de pse tsc msr pae mce cx8 apic sep mtrr pge mca cmov pat pse36 clflush dts acpi mmx fxsr sse sse2 ss ht tm pbe syscall nx pdpe1gb rdtscp lm pni pclmulqdq dtes64 monitor ds_cpl vmx smx est tm2 ssse3 sdbg fma cx16 xtpr pdcm pcid dca sse4_1 sse4_2 x2apic movbe popcnt tsc_deadline_timer aes xsave avx f16c rdrand lahf_lm abm 3dnowprefetch fsgsbase tsc_adjust bmi1 hle avx2 smep bmi2 erms invpcid rtm cqm mpx rdt_a avx512f avx512dq rdseed adx smap clwb avx512cd avx512bw avx512vl xsaveopt xsavec xgetbv1 xsaves pku"
    }
},
{
    "pystart_ms": 1588923968750.5508,
    "pyend_ms": 1588923970884.0063,
    "pyduration_ms": 2133.45556640625,
    "func_data": {
        "initTime_ms": 1588923969097.3137,
        "endTime_ms": 1588923970809.2659,
        "duration_ms": 1711.9522094726562,
        "executionID": "r60zvnvgembh",
        "containerID": "1386db12-5950-45e7-922b-026fad8ee9b4",
        "uptime": "28.84",
        "meminfo": "MemTotal:        2097152 kB\nMemFree:         2049012 kB\nMemAvailable:    2049012 kB\nBuffers:               0 kB\nCached:            13604 kB\nSwapCache:             0 kB\nActive:            34868 kB\nInactive:           6804 kB\nActive(anon):      28068 kB\nInactive(anon):        0 kB\nActive(file):       6800 kB\nInactive(file):     6804 kB\nUnevictable:           0 kB\nMlocked:               0 kB\nSwapTotal:             0 kB\nSwapFree:              0 kB\nDirty:                 0 kB\nWriteback:             0 kB\nAnonPages:         28068 kB\nMapped:            13604 kB\nShmem:                 0 kB",
        "cpuinfo": "Architecture:        x86_64\nCPU op-mode(s):      32-bit, 64-bit\nByte Order:          Little Endian\nCPU(s):              2\nOn-line CPU(s) list: 0,1\nVendor ID:           GenuineIntel\nCPU family:          6\nModel:               85\nModel name:          unknown\nStepping:            unknown\nCPU MHz:             2456.138\nBogoMIPS:            2456.14\nVirtualization:      VT-x\nFlags:               fpu vme de pse tsc msr pae mce cx8 apic sep mtrr pge mca cmov pat pse36 clflush dts acpi mmx fxsr sse sse2 ss ht tm pbe syscall nx pdpe1gb rdtscp lm pni pclmulqdq dtes64 monitor ds_cpl vmx smx est tm2 ssse3 sdbg fma cx16 xtpr pdcm pcid dca sse4_1 sse4_2 x2apic movbe popcnt tsc_deadline_timer aes xsave avx f16c rdrand lahf_lm abm 3dnowprefetch fsgsbase tsc_adjust bmi1 hle avx2 smep bmi2 erms invpcid rtm cqm mpx rdt_a avx512f avx512dq rdseed adx smap clwb avx512cd avx512bw avx512vl xsaveopt xsavec xgetbv1 xsaves pku"
    }
},
{
    "pystart_ms": 1588923968735.5498,
    "pyend_ms": 1588923970904.2578,
    "pyduration_ms": 2168.7080078125,
    "func_data": {
        "initTime_ms": 1588923969043.9558,
        "endTime_ms": 1588923970739.6206,
        "duration_ms": 1695.664882659912,
        "executionID": "i7m1b2wjz59v",
        "containerID": "245fdf4d-0a88-4669-8d01-1e40195f1f08",
        "uptime": "29.37",
        "meminfo": "MemTotal:        2097152 kB\nMemFree:         2050896 kB\nMemAvailable:    2050896 kB\nBuffers:               0 kB\nCached:            13616 kB\nSwapCache:             0 kB\nActive:            32980 kB\nInactive:           6808 kB\nActive(anon):      26172 kB\nInactive(anon):        0 kB\nActive(file):       6808 kB\nInactive(file):     6808 kB\nUnevictable:           0 kB\nMlocked:               0 kB\nSwapTotal:             0 kB\nSwapFree:              0 kB\nDirty:                 0 kB\nWriteback:             0 kB\nAnonPages:         26172 kB\nMapped:            13616 kB\nShmem:                 0 kB",
        "cpuinfo": "Architecture:        x86_64\nCPU op-mode(s):      32-bit, 64-bit\nByte Order:          Little Endian\nCPU(s):              2\nOn-line CPU(s) list: 0,1\nVendor ID:           GenuineIntel\nCPU family:          6\nModel:               85\nModel name:          unknown\nStepping:            unknown\nCPU MHz:             2700.266\nBogoMIPS:            2700.27\nVirtualization:      VT-x\nFlags:               fpu vme de pse tsc msr pae mce cx8 apic sep mtrr pge mca cmov pat pse36 clflush dts acpi mmx fxsr sse sse2 ss ht tm pbe syscall nx pdpe1gb rdtscp lm pni pclmulqdq dtes64 monitor ds_cpl vmx smx est tm2 ssse3 sdbg fma cx16 xtpr pdcm pcid dca sse4_1 sse4_2 x2apic movbe popcnt tsc_deadline_timer aes xsave avx f16c rdrand lahf_lm abm 3dnowprefetch fsgsbase tsc_adjust bmi1 hle avx2 smep bmi2 erms invpcid rtm cqm mpx rdt_a avx512f avx512dq rdseed adx smap clwb avx512cd avx512bw avx512vl xsaveopt xsavec xgetbv1 xsaves pku"
    }
},
{
    "pystart_ms": 1588923968779.549,
    "pyend_ms": 1588923970910.7603,
    "pyduration_ms": 2131.211181640625,
    "func_data": {
        "initTime_ms": 1588923969142.6746,
        "endTime_ms": 1588923970837.6992,
        "duration_ms": 1695.0247287750244,
        "executionID": "f7fdiixhni35",
        "containerID": "25feeb09-73c3-4ee8-ae78-394245eae9cb",
        "uptime": "28.59",
        "meminfo": "MemTotal:        2097152 kB\nMemFree:         2048536 kB\nMemAvailable:    2048536 kB\nBuffers:               0 kB\nCached:            13740 kB\nSwapCache:             0 kB\nActive:            35276 kB\nInactive:           6872 kB\nActive(anon):      28408 kB\nInactive(anon):        0 kB\nActive(file):       6868 kB\nInactive(file):     6872 kB\nUnevictable:           0 kB\nMlocked:               0 kB\nSwapTotal:             0 kB\nSwapFree:              0 kB\nDirty:                 0 kB\nWriteback:             0 kB\nAnonPages:         28408 kB\nMapped:            13740 kB\nShmem:                 0 kB",
        "cpuinfo": "Architecture:        x86_64\nCPU op-mode(s):      32-bit, 64-bit\nByte Order:          Little Endian\nCPU(s):              2\nOn-line CPU(s) list: 0,1\nVendor ID:           GenuineIntel\nCPU family:          6\nModel:               85\nModel name:          unknown\nStepping:            unknown\nCPU MHz:             2697.341\nBogoMIPS:            2697.34\nVirtualization:      VT-x\nFlags:               fpu vme de pse tsc msr pae mce cx8 apic sep mtrr pge mca cmov pat pse36 clflush dts acpi mmx fxsr sse sse2 ss ht tm pbe syscall nx pdpe1gb rdtscp lm pni pclmulqdq dtes64 monitor ds_cpl vmx smx est tm2 ssse3 sdbg fma cx16 xtpr pdcm pcid dca sse4_1 sse4_2 x2apic movbe popcnt tsc_deadline_timer aes xsave avx f16c rdrand lahf_lm abm 3dnowprefetch fsgsbase tsc_adjust bmi1 hle avx2 smep bmi2 erms invpcid rtm cqm mpx rdt_a avx512f avx512dq rdseed adx smap clwb avx512cd avx512bw avx512vl xsaveopt xsavec xgetbv1 xsaves pku"
    }
},
{
    "pystart_ms": 1588923968777.5493,
    "pyend_ms": 1588923970917.7563,
    "pyduration_ms": 2140.20703125,
    "func_data": {
        "initTime_ms": 1588923969128.299,
        "endTime_ms": 1588923970814.2742,
        "duration_ms": 1685.9750747680664,
        "executionID": "jgvvn13v04wb",
        "containerID": "8a7418b1-8c13-43d3-9de5-01ea1eca7f08",
        "uptime": "29.37",
        "meminfo": "MemTotal:        2097152 kB\nMemFree:         2050196 kB\nMemAvailable:    2050196 kB\nBuffers:               0 kB\nCached:            13792 kB\nSwapCache:             0 kB\nActive:            33592 kB\nInactive:           6896 kB\nActive(anon):      26696 kB\nInactive(anon):        0 kB\nActive(file):       6896 kB\nInactive(file):     6896 kB\nUnevictable:           0 kB\nMlocked:               0 kB\nSwapTotal:             0 kB\nSwapFree:              0 kB\nDirty:                 0 kB\nWriteback:             0 kB\nAnonPages:         26696 kB\nMapped:            13792 kB\nShmem:                 0 kB",
        "cpuinfo": "Architecture:        x86_64\nCPU op-mode(s):      32-bit, 64-bit\nByte Order:          Little Endian\nCPU(s):              2\nOn-line CPU(s) list: 0,1\nVendor ID:           GenuineIntel\nCPU family:          6\nModel:               45\nModel name:          unknown\nStepping:            unknown\nCPU MHz:             3299.997\nBogoMIPS:            3300.00\nVirtualization:      VT-x\nFlags:               fpu vme de pse tsc msr pae mce cx8 apic sep mtrr pge mca cmov pat pse36 clflush dts acpi mmx fxsr sse sse2 ss ht tm pbe syscall nx pdpe1gb rdtscp lm pni pclmulqdq dtes64 monitor ds_cpl vmx smx est tm2 ssse3 cx16 xtpr pdcm pcid dca sse4_1 sse4_2 x2apic popcnt tsc_deadline_timer aes xsave avx lahf_lm xsaveopt"
    }
},
{
    "pystart_ms": 1588923968754.549,
    "pyend_ms": 1588923970965.2402,
    "pyduration_ms": 2210.691162109375,
    "func_data": {
        "initTime_ms": 1588923969020.667,
        "endTime_ms": 1588923970798.0906,
        "duration_ms": 1777.423620223999,
        "executionID": "quzb18n5are2",
        "containerID": "bb584352-cfba-4d36-bade-0b7a48849017",
        "uptime": "27.74",
        "meminfo": "MemTotal:        2097152 kB\nMemFree:         2050812 kB\nMemAvailable:    2050812 kB\nBuffers:               0 kB\nCached:            13740 kB\nSwapCache:             0 kB\nActive:            33000 kB\nInactive:           6872 kB\nActive(anon):      26132 kB\nInactive(anon):        0 kB\nActive(file):       6868 kB\nInactive(file):     6872 kB\nUnevictable:           0 kB\nMlocked:               0 kB\nSwapTotal:             0 kB\nSwapFree:              0 kB\nDirty:                 0 kB\nWriteback:             0 kB\nAnonPages:         26132 kB\nMapped:            13740 kB\nShmem:                 0 kB",
        "cpuinfo": "Architecture:        x86_64\nCPU op-mode(s):      32-bit, 64-bit\nByte Order:          Little Endian\nCPU(s):              2\nOn-line CPU(s) list: 0,1\nVendor ID:           GenuineIntel\nCPU family:          6\nModel:               79\nModel name:          unknown\nStepping:            unknown\nCPU MHz:             2730.835\nBogoMIPS:            2730.84\nVirtualization:      VT-x\nFlags:               fpu vme de pse tsc msr pae mce cx8 apic sep mtrr pge mca cmov pat pse36 clflush dts acpi mmx fxsr sse sse2 ss ht tm pbe syscall nx pdpe1gb rdtscp lm pni pclmulqdq dtes64 monitor ds_cpl vmx smx est tm2 ssse3 sdbg fma cx16 xtpr pdcm pcid dca sse4_1 sse4_2 x2apic movbe popcnt tsc_deadline_timer aes xsave avx f16c rdrand lahf_lm abm 3dnowprefetch fsgsbase tsc_adjust bmi1 hle avx2 smep bmi2 erms invpcid rtm cqm rdt_a rdseed adx smap xsaveopt"
    }
},
{
    "pystart_ms": 1588923968759.5479,
    "pyend_ms": 1588923970973.2407,
    "pyduration_ms": 2213.69287109375,
    "func_data": {
        "initTime_ms": 1588923969114.8577,
        "endTime_ms": 1588923970820.539,
        "duration_ms": 1705.681324005127,
        "executionID": "20e398r7gaox",
        "containerID": "6cfd8bec-6b29-41a5-b09c-d49927add133",
        "uptime": "28.86",
        "meminfo": "MemTotal:        2097152 kB\nMemFree:         2048612 kB\nMemAvailable:    2048612 kB\nBuffers:               0 kB\nCached:            13608 kB\nSwapCache:             0 kB\nActive:            35268 kB\nInactive:           6804 kB\nActive(anon):      28464 kB\nInactive(anon):        0 kB\nActive(file):       6804 kB\nInactive(file):     6804 kB\nUnevictable:           0 kB\nMlocked:               0 kB\nSwapTotal:             0 kB\nSwapFree:              0 kB\nDirty:                 0 kB\nWriteback:             0 kB\nAnonPages:         28464 kB\nMapped:            13608 kB\nShmem:                 0 kB",
        "cpuinfo": "Architecture:        x86_64\nCPU op-mode(s):      32-bit, 64-bit\nByte Order:          Little Endian\nCPU(s):              2\nOn-line CPU(s) list: 0,1\nVendor ID:           GenuineIntel\nCPU family:          6\nModel:               79\nModel name:          unknown\nStepping:            unknown\nCPU MHz:             2800.000\nBogoMIPS:            2800.00\nVirtualization:      VT-x\nFlags:               fpu vme de pse tsc msr pae mce cx8 apic sep mtrr pge mca cmov pat pse36 clflush dts acpi mmx fxsr sse sse2 ss ht tm pbe syscall nx pdpe1gb rdtscp lm pni pclmulqdq dtes64 monitor ds_cpl vmx smx est tm2 ssse3 sdbg fma cx16 xtpr pdcm pcid dca sse4_1 sse4_2 x2apic movbe popcnt tsc_deadline_timer aes xsave avx f16c rdrand lahf_lm abm 3dnowprefetch fsgsbase tsc_adjust bmi1 hle avx2 smep bmi2 erms invpcid rtm cqm rdt_a rdseed adx smap xsaveopt"
    }
},
{
    "pystart_ms": 1588923968774.5493,
    "pyend_ms": 1588923970974.2407,
    "pyduration_ms": 2199.69140625,
    "func_data": {
        "initTime_ms": 1588923969123.2136,
        "endTime_ms": 1588923970900.7405,
        "duration_ms": 1777.52685546875,
        "executionID": "mfdqrcs4am48",
        "containerID": "e761ea88-15ed-40c7-84b4-bbf89ca9261a",
        "uptime": "28.99",
        "meminfo": "MemTotal:        2097152 kB\nMemFree:         2050956 kB\nMemAvailable:    2050956 kB\nBuffers:               0 kB\nCached:            13604 kB\nSwapCache:             0 kB\nActive:            32924 kB\nInactive:           6804 kB\nActive(anon):      26124 kB\nInactive(anon):        0 kB\nActive(file):       6800 kB\nInactive(file):     6804 kB\nUnevictable:           0 kB\nMlocked:               0 kB\nSwapTotal:             0 kB\nSwapFree:              0 kB\nDirty:                 0 kB\nWriteback:             0 kB\nAnonPages:         26124 kB\nMapped:            13604 kB\nShmem:                 0 kB",
        "cpuinfo": "Architecture:        x86_64\nCPU op-mode(s):      32-bit, 64-bit\nByte Order:          Little Endian\nCPU(s):              2\nOn-line CPU(s) list: 0,1\nVendor ID:           GenuineIntel\nCPU family:          6\nModel:               79\nModel name:          unknown\nStepping:            unknown\nCPU MHz:             2799.998\nBogoMIPS:            2800.00\nVirtualization:      VT-x\nFlags:               fpu vme de pse tsc msr pae mce cx8 apic sep mtrr pge mca cmov pat pse36 clflush dts acpi mmx fxsr sse sse2 ss ht tm pbe syscall nx pdpe1gb rdtscp lm pni pclmulqdq dtes64 monitor ds_cpl vmx smx est tm2 ssse3 sdbg fma cx16 xtpr pdcm pcid dca sse4_1 sse4_2 x2apic movbe popcnt tsc_deadline_timer aes xsave avx f16c rdrand lahf_lm abm 3dnowprefetch fsgsbase tsc_adjust bmi1 hle avx2 smep bmi2 erms invpcid rtm cqm rdt_a rdseed adx smap xsaveopt"
    }
},
{
    "pystart_ms": 1588923968744.5483,
    "pyend_ms": 1588923971001.5557,
    "pyduration_ms": 2257.00732421875,
    "func_data": {
        "initTime_ms": 1588923969012.6367,
        "endTime_ms": 1588923970927.2905,
        "duration_ms": 1914.6537780761719,
        "executionID": "h0a53cadq9b5",
        "containerID": "c87c9b4b-f62b-4425-bace-60ad6d6813db",
        "uptime": "28.35",
        "meminfo": "MemTotal:        2097152 kB\nMemFree:         2046432 kB\nMemAvailable:    2046432 kB\nBuffers:               0 kB\nCached:            13748 kB\nSwapCache:             0 kB\nActive:            37376 kB\nInactive:           6876 kB\nActive(anon):      30504 kB\nInactive(anon):        0 kB\nActive(file):       6872 kB\nInactive(file):     6876 kB\nUnevictable:           0 kB\nMlocked:               0 kB\nSwapTotal:             0 kB\nSwapFree:              0 kB\nDirty:                 0 kB\nWriteback:             0 kB\nAnonPages:         30504 kB\nMapped:            13748 kB\nShmem:                 0 kB",
        "cpuinfo": "Architecture:        x86_64\nCPU op-mode(s):      32-bit, 64-bit\nByte Order:          Little Endian\nCPU(s):              2\nOn-line CPU(s) list: 0,1\nVendor ID:           GenuineIntel\nCPU family:          6\nModel:               85\nModel name:          unknown\nStepping:            unknown\nCPU MHz:             2581.749\nBogoMIPS:            2581.75\nVirtualization:      VT-x\nFlags:               fpu vme de pse tsc msr pae mce cx8 apic sep mtrr pge mca cmov pat pse36 clflush dts acpi mmx fxsr sse sse2 ss ht tm pbe syscall nx pdpe1gb rdtscp lm pni pclmulqdq dtes64 monitor ds_cpl vmx smx est tm2 ssse3 sdbg fma cx16 xtpr pdcm pcid dca sse4_1 sse4_2 x2apic movbe popcnt tsc_deadline_timer aes xsave avx f16c rdrand lahf_lm abm 3dnowprefetch fsgsbase tsc_adjust bmi1 hle avx2 smep bmi2 erms invpcid rtm cqm mpx rdt_a avx512f avx512dq rdseed adx smap clwb avx512cd avx512bw avx512vl xsaveopt xsavec xgetbv1 xsaves pku"
    }
},
{
    "pystart_ms": 1588923968793.5493,
    "pyend_ms": 1588923971025.387,
    "pyduration_ms": 2231.837646484375,
    "func_data": {
        "initTime_ms": 1588923969131.4229,
        "endTime_ms": 1588923970943.931,
        "duration_ms": 1812.5081062316895,
        "executionID": "ldaqjq73ns7n",
        "containerID": "54685549-f676-456c-9ccb-348d69517670",
        "uptime": "29.35",
        "meminfo": "MemTotal:        2097152 kB\nMemFree:         2050572 kB\nMemAvailable:    2050572 kB\nBuffers:               0 kB\nCached:            13240 kB\nSwapCache:             0 kB\nActive:            33492 kB\nInactive:           6620 kB\nActive(anon):      26872 kB\nInactive(anon):        0 kB\nActive(file):       6620 kB\nInactive(file):     6620 kB\nUnevictable:           0 kB\nMlocked:               0 kB\nSwapTotal:             0 kB\nSwapFree:              0 kB\nDirty:                 0 kB\nWriteback:             0 kB\nAnonPages:         26872 kB\nMapped:            13240 kB\nShmem:                 0 kB",
        "cpuinfo": "Architecture:        x86_64\nCPU op-mode(s):      32-bit, 64-bit\nByte Order:          Little Endian\nCPU(s):              2\nOn-line CPU(s) list: 0,1\nVendor ID:           GenuineIntel\nCPU family:          6\nModel:               85\nModel name:          unknown\nStepping:            unknown\nCPU MHz:             2694.910\nBogoMIPS:            2694.91\nVirtualization:      VT-x\nFlags:               fpu vme de pse tsc msr pae mce cx8 apic sep mtrr pge mca cmov pat pse36 clflush dts acpi mmx fxsr sse sse2 ss ht tm pbe syscall nx pdpe1gb rdtscp lm pni pclmulqdq dtes64 monitor ds_cpl vmx smx est tm2 ssse3 sdbg fma cx16 xtpr pdcm pcid dca sse4_1 sse4_2 x2apic movbe popcnt tsc_deadline_timer aes xsave avx f16c rdrand lahf_lm abm 3dnowprefetch fsgsbase tsc_adjust bmi1 hle avx2 smep bmi2 erms invpcid rtm cqm mpx rdt_a avx512f avx512dq rdseed adx smap clwb avx512cd avx512bw avx512vl xsaveopt xsavec xgetbv1 xsaves pku"
    }
},
{
    "pystart_ms": 1588923968743.5488,
    "pyend_ms": 1588923971039.4001,
    "pyduration_ms": 2295.851318359375,
    "func_data": {
        "initTime_ms": 1588923969035.629,
        "endTime_ms": 1588923970965.7222,
        "duration_ms": 1930.0932884216309,
        "executionID": "n1g66ea3ucup",
        "containerID": "09a121da-d8ce-4b64-a0d0-d599f270bb0d",
        "uptime": "28.11",
        "meminfo": "MemTotal:        2097152 kB\nMemFree:         2046884 kB\nMemAvailable:    2046884 kB\nBuffers:               0 kB\nCached:            13604 kB\nSwapCache:             0 kB\nActive:            36996 kB\nInactive:           6804 kB\nActive(anon):      30196 kB\nInactive(anon):        0 kB\nActive(file):       6800 kB\nInactive(file):     6804 kB\nUnevictable:           0 kB\nMlocked:               0 kB\nSwapTotal:             0 kB\nSwapFree:              0 kB\nDirty:                 0 kB\nWriteback:             0 kB\nAnonPages:         30196 kB\nMapped:            13604 kB\nShmem:                 0 kB",
        "cpuinfo": "Architecture:        x86_64\nCPU op-mode(s):      32-bit, 64-bit\nByte Order:          Little Endian\nCPU(s):              2\nOn-line CPU(s) list: 0,1\nVendor ID:           GenuineIntel\nCPU family:          6\nModel:               79\nModel name:          unknown\nStepping:            unknown\nCPU MHz:             2764.795\nBogoMIPS:            2764.80\nVirtualization:      VT-x\nFlags:               fpu vme de pse tsc msr pae mce cx8 apic sep mtrr pge mca cmov pat pse36 clflush dts acpi mmx fxsr sse sse2 ss ht tm pbe syscall nx pdpe1gb rdtscp lm pni pclmulqdq dtes64 monitor ds_cpl vmx smx est tm2 ssse3 sdbg fma cx16 xtpr pdcm pcid dca sse4_1 sse4_2 x2apic movbe popcnt tsc_deadline_timer aes xsave avx f16c rdrand lahf_lm abm 3dnowprefetch fsgsbase tsc_adjust bmi1 hle avx2 smep bmi2 erms invpcid rtm cqm rdt_a rdseed adx smap xsaveopt"
    }
},
{
    "pystart_ms": 1588923968754.549,
    "pyend_ms": 1588923971051.534,
    "pyduration_ms": 2296.98486328125,
    "func_data": {
        "initTime_ms": 1588923969018.953,
        "endTime_ms": 1588923970877.089,
        "duration_ms": 1858.1361770629883,
        "executionID": "yja5wfhietv4",
        "containerID": "2d210135-ecde-46bd-8ac8-509f2fbe0a9c",
        "uptime": "28.89",
        "meminfo": "MemTotal:        2097152 kB\nMemFree:         2049304 kB\nMemAvailable:    2049304 kB\nBuffers:               0 kB\nCached:            13740 kB\nSwapCache:             0 kB\nActive:            34508 kB\nInactive:           6872 kB\nActive(anon):      27640 kB\nInactive(anon):        0 kB\nActive(file):       6868 kB\nInactive(file):     6872 kB\nUnevictable:           0 kB\nMlocked:               0 kB\nSwapTotal:             0 kB\nSwapFree:              0 kB\nDirty:                 0 kB\nWriteback:             0 kB\nAnonPages:         27640 kB\nMapped:            13740 kB\nShmem:                 0 kB",
        "cpuinfo": "Architecture:        x86_64\nCPU op-mode(s):      32-bit, 64-bit\nByte Order:          Little Endian\nCPU(s):              2\nOn-line CPU(s) list: 0,1\nVendor ID:           GenuineIntel\nCPU family:          6\nModel:               85\nModel name:          unknown\nStepping:            unknown\nCPU MHz:             2700.274\nBogoMIPS:            2700.27\nVirtualization:      VT-x\nFlags:               fpu vme de pse tsc msr pae mce cx8 apic sep mtrr pge mca cmov pat pse36 clflush dts acpi mmx fxsr sse sse2 ss ht tm pbe syscall nx pdpe1gb rdtscp lm pni pclmulqdq dtes64 monitor ds_cpl vmx smx est tm2 ssse3 sdbg fma cx16 xtpr pdcm pcid dca sse4_1 sse4_2 x2apic movbe popcnt tsc_deadline_timer aes xsave avx f16c rdrand lahf_lm abm 3dnowprefetch fsgsbase tsc_adjust bmi1 hle avx2 smep bmi2 erms invpcid rtm cqm mpx rdt_a avx512f avx512dq rdseed adx smap clwb avx512cd avx512bw avx512vl xsaveopt xsavec xgetbv1 xsaves pku"
    }
},
{
    "pystart_ms": 1588923968787.5474,
    "pyend_ms": 1588923971070.0457,
    "pyduration_ms": 2282.498291015625,
    "func_data": {
        "initTime_ms": 1588923969207.842,
        "endTime_ms": 1588923970913.6382,
        "duration_ms": 1705.7960033416748,
        "executionID": "6dgrw1lqadeg",
        "containerID": "00fef088-a702-4f4a-ab1c-e660ee52b3b7",
        "uptime": "28.49",
        "meminfo": "MemTotal:        2097152 kB\nMemFree:         2047972 kB\nMemAvailable:    2047972 kB\nBuffers:               0 kB\nCached:            13604 kB\nSwapCache:             0 kB\nActive:            35908 kB\nInactive:           6804 kB\nActive(anon):      29108 kB\nInactive(anon):        0 kB\nActive(file):       6800 kB\nInactive(file):     6804 kB\nUnevictable:           0 kB\nMlocked:               0 kB\nSwapTotal:             0 kB\nSwapFree:              0 kB\nDirty:                 0 kB\nWriteback:             0 kB\nAnonPages:         29108 kB\nMapped:            13604 kB\nShmem:                 0 kB",
        "cpuinfo": "Architecture:        x86_64\nCPU op-mode(s):      32-bit, 64-bit\nByte Order:          Little Endian\nCPU(s):              2\nOn-line CPU(s) list: 0,1\nVendor ID:           GenuineIntel\nCPU family:          6\nModel:               79\nModel name:          unknown\nStepping:            unknown\nCPU MHz:             2796.222\nBogoMIPS:            2796.22\nVirtualization:      VT-x\nFlags:               fpu vme de pse tsc msr pae mce cx8 apic sep mtrr pge mca cmov pat pse36 clflush dts acpi mmx fxsr sse sse2 ss ht tm pbe syscall nx pdpe1gb rdtscp lm pni pclmulqdq dtes64 monitor ds_cpl vmx smx est tm2 ssse3 sdbg fma cx16 xtpr pdcm pcid dca sse4_1 sse4_2 x2apic movbe popcnt tsc_deadline_timer aes xsave avx f16c rdrand lahf_lm abm 3dnowprefetch fsgsbase tsc_adjust bmi1 hle avx2 smep bmi2 erms invpcid rtm cqm rdt_a rdseed adx smap xsaveopt"
    }
},
{
    "pystart_ms": 1588923968777.5493,
    "pyend_ms": 1588923971073.9958,
    "pyduration_ms": 2296.446533203125,
    "func_data": {
        "initTime_ms": 1588923969125.6013,
        "endTime_ms": 1588923970896.0164,
        "duration_ms": 1770.4150676727295,
        "executionID": "x2seid2zgat9",
        "containerID": "ea52e9b9-760b-416a-88e3-523b56d5f74a",
        "uptime": "27.27",
        "meminfo": "MemTotal:        2097152 kB\nMemFree:         2048176 kB\nMemAvailable:    2048176 kB\nBuffers:               0 kB\nCached:            13752 kB\nSwapCache:             0 kB\nActive:            35632 kB\nInactive:           6876 kB\nActive(anon):      28756 kB\nInactive(anon):        0 kB\nActive(file):       6876 kB\nInactive(file):     6876 kB\nUnevictable:           0 kB\nMlocked:               0 kB\nSwapTotal:             0 kB\nSwapFree:              0 kB\nDirty:                 0 kB\nWriteback:             0 kB\nAnonPages:         28756 kB\nMapped:            13752 kB\nShmem:                 0 kB",
        "cpuinfo": "Architecture:        x86_64\nCPU op-mode(s):      32-bit, 64-bit\nByte Order:          Little Endian\nCPU(s):              2\nOn-line CPU(s) list: 0,1\nVendor ID:           GenuineIntel\nCPU family:          6\nModel:               79\nModel name:          unknown\nStepping:            unknown\nCPU MHz:             2722.468\nBogoMIPS:            2722.47\nVirtualization:      VT-x\nFlags:               fpu vme de pse tsc msr pae mce cx8 apic sep mtrr pge mca cmov pat pse36 clflush dts acpi mmx fxsr sse sse2 ss ht tm pbe syscall nx pdpe1gb rdtscp lm pni pclmulqdq dtes64 monitor ds_cpl vmx smx est tm2 ssse3 sdbg fma cx16 xtpr pdcm pcid dca sse4_1 sse4_2 x2apic movbe popcnt tsc_deadline_timer aes xsave avx f16c rdrand lahf_lm abm 3dnowprefetch fsgsbase tsc_adjust bmi1 hle avx2 smep bmi2 erms invpcid rtm cqm rdt_a rdseed adx smap xsaveopt"
    }
},
{
    "pystart_ms": 1588923968742.549,
    "pyend_ms": 1588923971105.1228,
    "pyduration_ms": 2362.57373046875,
    "func_data": {
        "initTime_ms": 1588923969039.0632,
        "endTime_ms": 1588923971028.9841,
        "duration_ms": 1989.9208545684814,
        "executionID": "jt5ua44jh1ni",
        "containerID": "aedbdb0f-190e-4a90-b80f-c97d0f9df374",
        "uptime": "29.01",
        "meminfo": "MemTotal:        2097152 kB\nMemFree:         2048964 kB\nMemAvailable:    2048964 kB\nBuffers:               0 kB\nCached:            13604 kB\nSwapCache:             0 kB\nActive:            34916 kB\nInactive:           6804 kB\nActive(anon):      28116 kB\nInactive(anon):        0 kB\nActive(file):       6800 kB\nInactive(file):     6804 kB\nUnevictable:           0 kB\nMlocked:               0 kB\nSwapTotal:             0 kB\nSwapFree:              0 kB\nDirty:                 0 kB\nWriteback:             0 kB\nAnonPages:         28116 kB\nMapped:            13604 kB\nShmem:                 0 kB",
        "cpuinfo": "Architecture:        x86_64\nCPU op-mode(s):      32-bit, 64-bit\nByte Order:          Little Endian\nCPU(s):              2\nOn-line CPU(s) list: 0,1\nVendor ID:           GenuineIntel\nCPU family:          6\nModel:               85\nModel name:          unknown\nStepping:            unknown\nCPU MHz:             2682.308\nBogoMIPS:            2682.31\nVirtualization:      VT-x\nFlags:               fpu vme de pse tsc msr pae mce cx8 apic sep mtrr pge mca cmov pat pse36 clflush dts acpi mmx fxsr sse sse2 ss ht tm pbe syscall nx pdpe1gb rdtscp lm pni pclmulqdq dtes64 monitor ds_cpl vmx smx est tm2 ssse3 sdbg fma cx16 xtpr pdcm pcid dca sse4_1 sse4_2 x2apic movbe popcnt tsc_deadline_timer aes xsave avx f16c rdrand lahf_lm abm 3dnowprefetch fsgsbase tsc_adjust bmi1 hle avx2 smep bmi2 erms invpcid rtm cqm mpx rdt_a avx512f avx512dq rdseed adx smap clwb avx512cd avx512bw avx512vl xsaveopt xsavec xgetbv1 xsaves pku"
    }
},
{
    "pystart_ms": 1588923968771.5493,
    "pyend_ms": 1588923971113.1235,
    "pyduration_ms": 2341.57421875,
    "func_data": {
        "initTime_ms": 1588923969120.0286,
        "endTime_ms": 1588923971016.321,
        "duration_ms": 1896.2924480438232,
        "executionID": "irvsiocv6lfp",
        "containerID": "3b0eb708-9685-4887-921f-59252e3a8680",
        "uptime": "28.14",
        "meminfo": "MemTotal:        2097152 kB\nMemFree:         2048636 kB\nMemAvailable:    2048636 kB\nBuffers:               0 kB\nCached:            13740 kB\nSwapCache:             0 kB\nActive:            35176 kB\nInactive:           6872 kB\nActive(anon):      28308 kB\nInactive(anon):        0 kB\nActive(file):       6868 kB\nInactive(file):     6872 kB\nUnevictable:           0 kB\nMlocked:               0 kB\nSwapTotal:             0 kB\nSwapFree:              0 kB\nDirty:                 0 kB\nWriteback:             0 kB\nAnonPages:         28308 kB\nMapped:            13740 kB\nShmem:                 0 kB",
        "cpuinfo": "Architecture:        x86_64\nCPU op-mode(s):      32-bit, 64-bit\nByte Order:          Little Endian\nCPU(s):              2\nOn-line CPU(s) list: 0,1\nVendor ID:           GenuineIntel\nCPU family:          6\nModel:               85\nModel name:          unknown\nStepping:            unknown\nCPU MHz:             2700.234\nBogoMIPS:            2700.23\nVirtualization:      VT-x\nFlags:               fpu vme de pse tsc msr pae mce cx8 apic sep mtrr pge mca cmov pat pse36 clflush dts acpi mmx fxsr sse sse2 ss ht tm pbe syscall nx pdpe1gb rdtscp lm pni pclmulqdq dtes64 monitor ds_cpl vmx smx est tm2 ssse3 sdbg fma cx16 xtpr pdcm pcid dca sse4_1 sse4_2 x2apic movbe popcnt tsc_deadline_timer aes xsave avx f16c rdrand lahf_lm abm 3dnowprefetch fsgsbase tsc_adjust bmi1 hle avx2 smep bmi2 erms invpcid rtm cqm mpx rdt_a avx512f avx512dq rdseed adx smap clwb avx512cd avx512bw avx512vl xsaveopt xsavec xgetbv1 xsaves pku"
    }
},
{
    "pystart_ms": 1588923968752.5486,
    "pyend_ms": 1588923971119.3315,
    "pyduration_ms": 2366.782958984375,
    "func_data": {
        "initTime_ms": 1588923969055.8467,
        "endTime_ms": 1588923970952.275,
        "duration_ms": 1896.428108215332,
        "executionID": "35z3zqieojbf",
        "containerID": "0f5c459b-cefd-4d4b-a148-5a2105c46d97",
        "uptime": "28.80",
        "meminfo": "MemTotal:        2097152 kB\nMemFree:         2047276 kB\nMemAvailable:    2047276 kB\nBuffers:               0 kB\nCached:            13816 kB\nSwapCache:             0 kB\nActive:            36500 kB\nInactive:           6908 kB\nActive(anon):      29592 kB\nInactive(anon):        0 kB\nActive(file):       6908 kB\nInactive(file):     6908 kB\nUnevictable:           0 kB\nMlocked:               0 kB\nSwapTotal:             0 kB\nSwapFree:              0 kB\nDirty:                 0 kB\nWriteback:             0 kB\nAnonPages:         29592 kB\nMapped:            13816 kB\nShmem:                 0 kB",
        "cpuinfo": "Architecture:        x86_64\nCPU op-mode(s):      32-bit, 64-bit\nByte Order:          Little Endian\nCPU(s):              2\nOn-line CPU(s) list: 0,1\nVendor ID:           GenuineIntel\nCPU family:          6\nModel:               85\nModel name:          unknown\nStepping:            unknown\nCPU MHz:             2700.250\nBogoMIPS:            2700.25\nVirtualization:      VT-x\nFlags:               fpu vme de pse tsc msr pae mce cx8 apic sep mtrr pge mca cmov pat pse36 clflush dts acpi mmx fxsr sse sse2 ss ht tm pbe syscall nx pdpe1gb rdtscp lm pni pclmulqdq dtes64 monitor ds_cpl vmx smx est tm2 ssse3 sdbg fma cx16 xtpr pdcm pcid dca sse4_1 sse4_2 x2apic movbe popcnt tsc_deadline_timer aes xsave avx f16c rdrand lahf_lm abm 3dnowprefetch fsgsbase tsc_adjust bmi1 hle avx2 smep bmi2 erms invpcid rtm cqm mpx rdt_a avx512f avx512dq rdseed adx smap clwb avx512cd avx512bw avx512vl xsaveopt xsavec xgetbv1 xsaves pku"
    }
},
{
    "pystart_ms": 1588923968753.553,
    "pyend_ms": 1588923971120.2915,
    "pyduration_ms": 2366.738525390625,
    "func_data": {
        "initTime_ms": 1588923969154.288,
        "endTime_ms": 1588923970943.5996,
        "duration_ms": 1789.3116474151611,
        "executionID": "zagu5pzyxfeq",
        "containerID": "720852ac-3aac-4b9b-ae12-fef1e0f59f17",
        "uptime": "29.08",
        "meminfo": "MemTotal:        2097152 kB\nMemFree:         2049660 kB\nMemAvailable:    2049660 kB\nBuffers:               0 kB\nCached:            13740 kB\nSwapCache:             0 kB\nActive:            34152 kB\nInactive:           6872 kB\nActive(anon):      27284 kB\nInactive(anon):        0 kB\nActive(file):       6868 kB\nInactive(file):     6872 kB\nUnevictable:           0 kB\nMlocked:               0 kB\nSwapTotal:             0 kB\nSwapFree:              0 kB\nDirty:                 0 kB\nWriteback:             0 kB\nAnonPages:         27284 kB\nMapped:            13740 kB\nShmem:                 0 kB",
        "cpuinfo": "Architecture:        x86_64\nCPU op-mode(s):      32-bit, 64-bit\nByte Order:          Little Endian\nCPU(s):              2\nOn-line CPU(s) list: 0,1\nVendor ID:           GenuineIntel\nCPU family:          6\nModel:               85\nModel name:          unknown\nStepping:            unknown\nCPU MHz:             2700.116\nBogoMIPS:            2700.12\nVirtualization:      VT-x\nFlags:               fpu vme de pse tsc msr pae mce cx8 apic sep mtrr pge mca cmov pat pse36 clflush dts acpi mmx fxsr sse sse2 ss ht tm pbe syscall nx pdpe1gb rdtscp lm pni pclmulqdq dtes64 monitor ds_cpl vmx smx est tm2 ssse3 sdbg fma cx16 xtpr pdcm pcid dca sse4_1 sse4_2 x2apic movbe popcnt tsc_deadline_timer aes xsave avx f16c rdrand lahf_lm abm 3dnowprefetch fsgsbase tsc_adjust bmi1 hle avx2 smep bmi2 erms invpcid rtm cqm mpx rdt_a avx512f avx512dq rdseed adx smap clwb avx512cd avx512bw avx512vl xsaveopt xsavec xgetbv1 xsaves pku"
    }
},
{
    "pystart_ms": 1588923968763.549,
    "pyend_ms": 1588923971172.1113,
    "pyduration_ms": 2408.562255859375,
    "func_data": {
        "initTime_ms": 1588923969209.0112,
        "endTime_ms": 1588923971009.9175,
        "duration_ms": 1800.9061813354492,
        "executionID": "cdzqvu5asu1r",
        "containerID": "ebe0ab41-4d83-4e2c-ba1d-8ec0c599f65a",
        "uptime": "29.07",
        "meminfo": "MemTotal:        2097152 kB\nMemFree:         2049756 kB\nMemAvailable:    2049756 kB\nBuffers:               0 kB\nCached:            13840 kB\nSwapCache:             0 kB\nActive:            34008 kB\nInactive:           6920 kB\nActive(anon):      27088 kB\nInactive(anon):        0 kB\nActive(file):       6920 kB\nInactive(file):     6920 kB\nUnevictable:           0 kB\nMlocked:               0 kB\nSwapTotal:             0 kB\nSwapFree:              0 kB\nDirty:                 0 kB\nWriteback:             0 kB\nAnonPages:         27088 kB\nMapped:            13840 kB\nShmem:                 0 kB",
        "cpuinfo": "Architecture:        x86_64\nCPU op-mode(s):      32-bit, 64-bit\nByte Order:          Little Endian\nCPU(s):              2\nOn-line CPU(s) list: 0,1\nVendor ID:           GenuineIntel\nCPU family:          6\nModel:               79\nModel name:          unknown\nStepping:            unknown\nCPU MHz:             2800.000\nBogoMIPS:            2800.00\nVirtualization:      VT-x\nFlags:               fpu vme de pse tsc msr pae mce cx8 apic sep mtrr pge mca cmov pat pse36 clflush dts acpi mmx fxsr sse sse2 ss ht tm pbe syscall nx pdpe1gb rdtscp lm pni pclmulqdq dtes64 monitor ds_cpl vmx smx est tm2 ssse3 sdbg fma cx16 xtpr pdcm pcid dca sse4_1 sse4_2 x2apic movbe popcnt tsc_deadline_timer aes xsave avx f16c rdrand lahf_lm abm 3dnowprefetch fsgsbase tsc_adjust bmi1 hle avx2 smep bmi2 erms invpcid rtm cqm rdt_a rdseed adx smap xsaveopt"
    }
},
{
    "pystart_ms": 1588923968788.5476,
    "pyend_ms": 1588923971176.1035,
    "pyduration_ms": 2387.555908203125,
    "func_data": {
        "initTime_ms": 1588923969201.6743,
        "endTime_ms": 1588923970989.106,
        "duration_ms": 1787.4317169189453,
        "executionID": "wnephciig96z",
        "containerID": "9e3cfb50-f9b4-412b-8bd0-8aaf9d6b9190",
        "uptime": "28.96",
        "meminfo": "MemTotal:        2097152 kB\nMemFree:         2048280 kB\nMemAvailable:    2048280 kB\nBuffers:               0 kB\nCached:            13608 kB\nSwapCache:             0 kB\nActive:            35600 kB\nInactive:           6804 kB\nActive(anon):      28796 kB\nInactive(anon):        0 kB\nActive(file):       6804 kB\nInactive(file):     6804 kB\nUnevictable:           0 kB\nMlocked:               0 kB\nSwapTotal:             0 kB\nSwapFree:              0 kB\nDirty:                 0 kB\nWriteback:             0 kB\nAnonPages:         28796 kB\nMapped:            13608 kB\nShmem:                 0 kB",
        "cpuinfo": "Architecture:        x86_64\nCPU op-mode(s):      32-bit, 64-bit\nByte Order:          Little Endian\nCPU(s):              2\nOn-line CPU(s) list: 0,1\nVendor ID:           GenuineIntel\nCPU family:          6\nModel:               79\nModel name:          unknown\nStepping:            unknown\nCPU MHz:             2799.998\nBogoMIPS:            2800.00\nVirtualization:      VT-x\nFlags:               fpu vme de pse tsc msr pae mce cx8 apic sep mtrr pge mca cmov pat pse36 clflush dts acpi mmx fxsr sse sse2 ss ht tm pbe syscall nx pdpe1gb rdtscp lm pni pclmulqdq dtes64 monitor ds_cpl vmx smx est tm2 ssse3 sdbg fma cx16 xtpr pdcm pcid dca sse4_1 sse4_2 x2apic movbe popcnt tsc_deadline_timer aes xsave avx f16c rdrand lahf_lm abm 3dnowprefetch fsgsbase tsc_adjust bmi1 hle avx2 smep bmi2 erms invpcid rtm cqm rdt_a rdseed adx smap xsaveopt"
    }
},
{
    "pystart_ms": 1588923968773.5493,
    "pyend_ms": 1588923971180.1482,
    "pyduration_ms": 2406.598876953125,
    "func_data": {
        "initTime_ms": 1588923969200.7795,
        "endTime_ms": 1588923971003.1448,
        "duration_ms": 1802.3653030395508,
        "executionID": "6gke4g1g9jg6",
        "containerID": "31ca95f4-492f-4abc-b70a-51f45ea1826b",
        "uptime": "28.20",
        "meminfo": "MemTotal:        2097152 kB\nMemFree:         2049444 kB\nMemAvailable:    2049444 kB\nBuffers:               0 kB\nCached:            13608 kB\nSwapCache:             0 kB\nActive:            34436 kB\nInactive:           6804 kB\nActive(anon):      27632 kB\nInactive(anon):        0 kB\nActive(file):       6804 kB\nInactive(file):     6804 kB\nUnevictable:           0 kB\nMlocked:               0 kB\nSwapTotal:             0 kB\nSwapFree:              0 kB\nDirty:                 0 kB\nWriteback:             0 kB\nAnonPages:         27632 kB\nMapped:            13608 kB\nShmem:                 0 kB",
        "cpuinfo": "Architecture:        x86_64\nCPU op-mode(s):      32-bit, 64-bit\nByte Order:          Little Endian\nCPU(s):              2\nOn-line CPU(s) list: 0,1\nVendor ID:           GenuineIntel\nCPU family:          6\nModel:               79\nModel name:          unknown\nStepping:            unknown\nCPU MHz:             2799.998\nBogoMIPS:            2800.00\nVirtualization:      VT-x\nFlags:               fpu vme de pse tsc msr pae mce cx8 apic sep mtrr pge mca cmov pat pse36 clflush dts acpi mmx fxsr sse sse2 ss ht tm pbe syscall nx pdpe1gb rdtscp lm pni pclmulqdq dtes64 monitor ds_cpl vmx smx est tm2 ssse3 sdbg fma cx16 xtpr pdcm pcid dca sse4_1 sse4_2 x2apic movbe popcnt tsc_deadline_timer aes xsave avx f16c rdrand lahf_lm abm 3dnowprefetch fsgsbase tsc_adjust bmi1 hle avx2 smep bmi2 erms invpcid rtm cqm rdt_a rdseed adx smap xsaveopt"
    }
},
{
    "pystart_ms": 1588923968789.5493,
    "pyend_ms": 1588923971184.155,
    "pyduration_ms": 2394.605712890625,
    "func_data": {
        "initTime_ms": 1588923969131.4556,
        "endTime_ms": 1588923970998.6504,
        "duration_ms": 1867.194652557373,
        "executionID": "sjdpd8b8n9yl",
        "containerID": "585fcb4f-fcce-4bb6-86bb-3bfb77070d1a",
        "uptime": "29.37",
        "meminfo": "MemTotal:        2097152 kB\nMemFree:         2046500 kB\nMemAvailable:    2046500 kB\nBuffers:               0 kB\nCached:            13740 kB\nSwapCache:             0 kB\nActive:            37312 kB\nInactive:           6872 kB\nActive(anon):      30444 kB\nInactive(anon):        0 kB\nActive(file):       6868 kB\nInactive(file):     6872 kB\nUnevictable:           0 kB\nMlocked:               0 kB\nSwapTotal:             0 kB\nSwapFree:              0 kB\nDirty:                 0 kB\nWriteback:             0 kB\nAnonPages:         30444 kB\nMapped:            13740 kB\nShmem:                 0 kB",
        "cpuinfo": "Architecture:        x86_64\nCPU op-mode(s):      32-bit, 64-bit\nByte Order:          Little Endian\nCPU(s):              2\nOn-line CPU(s) list: 0,1\nVendor ID:           GenuineIntel\nCPU family:          6\nModel:               79\nModel name:          unknown\nStepping:            unknown\nCPU MHz:             2799.998\nBogoMIPS:            2800.00\nVirtualization:      VT-x\nFlags:               fpu vme de pse tsc msr pae mce cx8 apic sep mtrr pge mca cmov pat pse36 clflush dts acpi mmx fxsr sse sse2 ss ht tm pbe syscall nx pdpe1gb rdtscp lm pni pclmulqdq dtes64 monitor ds_cpl vmx smx est tm2 ssse3 sdbg fma cx16 xtpr pdcm pcid dca sse4_1 sse4_2 x2apic movbe popcnt tsc_deadline_timer aes xsave avx f16c rdrand lahf_lm abm 3dnowprefetch fsgsbase tsc_adjust bmi1 hle avx2 smep bmi2 erms invpcid rtm cqm rdt_a rdseed adx smap xsaveopt"
    }
},
{
    "pystart_ms": 1588923968748.5632,
    "pyend_ms": 1588923971187.1504,
    "pyduration_ms": 2438.587158203125,
    "func_data": {
        "initTime_ms": 1588923969104.6343,
        "endTime_ms": 1588923971003.1704,
        "duration_ms": 1898.536205291748,
        "executionID": "3yj51inplpj0",
        "containerID": "2afdcfa0-05df-49e3-8d28-24f12203208b",
        "uptime": "28.86",
        "meminfo": "MemTotal:        2097152 kB\nMemFree:         2051136 kB\nMemAvailable:    2051136 kB\nBuffers:               0 kB\nCached:            13612 kB\nSwapCache:             0 kB\nActive:            32740 kB\nInactive:           6808 kB\nActive(anon):      25936 kB\nInactive(anon):        0 kB\nActive(file):       6804 kB\nInactive(file):     6808 kB\nUnevictable:           0 kB\nMlocked:               0 kB\nSwapTotal:             0 kB\nSwapFree:              0 kB\nDirty:                 0 kB\nWriteback:             0 kB\nAnonPages:         25936 kB\nMapped:            13612 kB\nShmem:                 0 kB",
        "cpuinfo": "Architecture:        x86_64\nCPU op-mode(s):      32-bit, 64-bit\nByte Order:          Little Endian\nCPU(s):              2\nOn-line CPU(s) list: 0,1\nVendor ID:           GenuineIntel\nCPU family:          6\nModel:               79\nModel name:          unknown\nStepping:            unknown\nCPU MHz:             2799.996\nBogoMIPS:            2800.00\nVirtualization:      VT-x\nFlags:               fpu vme de pse tsc msr pae mce cx8 apic sep mtrr pge mca cmov pat pse36 clflush dts acpi mmx fxsr sse sse2 ss ht tm pbe syscall nx pdpe1gb rdtscp lm pni pclmulqdq dtes64 monitor ds_cpl vmx smx est tm2 ssse3 sdbg fma cx16 xtpr pdcm pcid dca sse4_1 sse4_2 x2apic movbe popcnt tsc_deadline_timer aes xsave avx f16c rdrand lahf_lm abm 3dnowprefetch fsgsbase tsc_adjust bmi1 hle avx2 smep bmi2 erms invpcid rtm cqm rdt_a rdseed adx smap xsaveopt"
    }
},
{
    "pystart_ms": 1588923968776.5493,
    "pyend_ms": 1588923971190.1384,
    "pyduration_ms": 2413.589111328125,
    "func_data": {
        "initTime_ms": 1588923969242.0193,
        "endTime_ms": 1588923971039.604,
        "duration_ms": 1797.5847721099854,
        "executionID": "n1si6vw7t6k6",
        "containerID": "ba269975-0773-4ffd-8bfc-6c3c7085d5c0",
        "uptime": "29.00",
        "meminfo": "MemTotal:        2097152 kB\nMemFree:         2047268 kB\nMemAvailable:    2047268 kB\nBuffers:               0 kB\nCached:            13768 kB\nSwapCache:             0 kB\nActive:            36532 kB\nInactive:           6884 kB\nActive(anon):      29648 kB\nInactive(anon):        0 kB\nActive(file):       6884 kB\nInactive(file):     6884 kB\nUnevictable:           0 kB\nMlocked:               0 kB\nSwapTotal:             0 kB\nSwapFree:              0 kB\nDirty:                 0 kB\nWriteback:             0 kB\nAnonPages:         29648 kB\nMapped:            13768 kB\nShmem:                 0 kB",
        "cpuinfo": "Architecture:        x86_64\nCPU op-mode(s):      32-bit, 64-bit\nByte Order:          Little Endian\nCPU(s):              2\nOn-line CPU(s) list: 0,1\nVendor ID:           GenuineIntel\nCPU family:          6\nModel:               85\nModel name:          unknown\nStepping:            unknown\nCPU MHz:             2627.100\nBogoMIPS:            2627.10\nVirtualization:      VT-x\nFlags:               fpu vme de pse tsc msr pae mce cx8 apic sep mtrr pge mca cmov pat pse36 clflush dts acpi mmx fxsr sse sse2 ss ht tm pbe syscall nx pdpe1gb rdtscp lm pni pclmulqdq dtes64 monitor ds_cpl vmx smx est tm2 ssse3 sdbg fma cx16 xtpr pdcm pcid dca sse4_1 sse4_2 x2apic movbe popcnt tsc_deadline_timer aes xsave avx f16c rdrand lahf_lm abm 3dnowprefetch fsgsbase tsc_adjust bmi1 hle avx2 smep bmi2 erms invpcid rtm cqm mpx rdt_a avx512f avx512dq rdseed adx smap clwb avx512cd avx512bw avx512vl xsaveopt xsavec xgetbv1 xsaves pku"
    }
},
{
    "pystart_ms": 1588923968790.549,
    "pyend_ms": 1588923971258.2852,
    "pyduration_ms": 2467.736083984375,
    "func_data": {
        "initTime_ms": 1588923969193.7717,
        "endTime_ms": 1588923971107.2842,
        "duration_ms": 1913.5122299194336,
        "executionID": "59fbrjozpei7",
        "containerID": "c7bf2b68-b981-401a-af8a-fe5405ea4279",
        "uptime": "28.16",
        "meminfo": "MemTotal:        2097152 kB\nMemFree:         2048332 kB\nMemAvailable:    2048332 kB\nBuffers:               0 kB\nCached:            13640 kB\nSwapCache:             0 kB\nActive:            35532 kB\nInactive:           6820 kB\nActive(anon):      28712 kB\nInactive(anon):        0 kB\nActive(file):       6820 kB\nInactive(file):     6820 kB\nUnevictable:           0 kB\nMlocked:               0 kB\nSwapTotal:             0 kB\nSwapFree:              0 kB\nDirty:                 0 kB\nWriteback:             0 kB\nAnonPages:         28712 kB\nMapped:            13640 kB\nShmem:                 0 kB",
        "cpuinfo": "Architecture:        x86_64\nCPU op-mode(s):      32-bit, 64-bit\nByte Order:          Little Endian\nCPU(s):              2\nOn-line CPU(s) list: 0,1\nVendor ID:           GenuineIntel\nCPU family:          6\nModel:               85\nModel name:          unknown\nStepping:            unknown\nCPU MHz:             2486.696\nBogoMIPS:            2486.70\nVirtualization:      VT-x\nFlags:               fpu vme de pse tsc msr pae mce cx8 apic sep mtrr pge mca cmov pat pse36 clflush dts acpi mmx fxsr sse sse2 ss ht tm pbe syscall nx pdpe1gb rdtscp lm pni pclmulqdq dtes64 monitor ds_cpl vmx smx est tm2 ssse3 sdbg fma cx16 xtpr pdcm pcid dca sse4_1 sse4_2 x2apic movbe popcnt tsc_deadline_timer aes xsave avx f16c rdrand lahf_lm abm 3dnowprefetch fsgsbase tsc_adjust bmi1 hle avx2 smep bmi2 erms invpcid rtm cqm mpx rdt_a avx512f avx512dq rdseed adx smap clwb avx512cd avx512bw avx512vl xsaveopt xsavec xgetbv1 xsaves pku"
    }
},
{
    "pystart_ms": 1588923968785.5476,
    "pyend_ms": 1588923971296.568,
    "pyduration_ms": 2511.0205078125,
    "func_data": {
        "initTime_ms": 1588923969127.8967,
        "endTime_ms": 1588923971125.1343,
        "duration_ms": 1997.2374439239502,
        "executionID": "yldpwel91xl8",
        "containerID": "1079d80b-1401-4095-8d84-6f9d4f06b84c",
        "uptime": "29.43",
        "meminfo": "MemTotal:        2097152 kB\nMemFree:         2048964 kB\nMemAvailable:    2048964 kB\nBuffers:               0 kB\nCached:            13752 kB\nSwapCache:             0 kB\nActive:            34844 kB\nInactive:           6876 kB\nActive(anon):      27968 kB\nInactive(anon):        0 kB\nActive(file):       6876 kB\nInactive(file):     6876 kB\nUnevictable:           0 kB\nMlocked:               0 kB\nSwapTotal:             0 kB\nSwapFree:              0 kB\nDirty:                 0 kB\nWriteback:             0 kB\nAnonPages:         27968 kB\nMapped:            13752 kB\nShmem:                 0 kB",
        "cpuinfo": "Architecture:        x86_64\nCPU op-mode(s):      32-bit, 64-bit\nByte Order:          Little Endian\nCPU(s):              2\nOn-line CPU(s) list: 0,1\nVendor ID:           GenuineIntel\nCPU family:          6\nModel:               85\nModel name:          unknown\nStepping:            unknown\nCPU MHz:             2700.259\nBogoMIPS:            2700.26\nVirtualization:      VT-x\nFlags:               fpu vme de pse tsc msr pae mce cx8 apic sep mtrr pge mca cmov pat pse36 clflush dts acpi mmx fxsr sse sse2 ss ht tm pbe syscall nx pdpe1gb rdtscp lm pni pclmulqdq dtes64 monitor ds_cpl vmx smx est tm2 ssse3 sdbg fma cx16 xtpr pdcm pcid dca sse4_1 sse4_2 x2apic movbe popcnt tsc_deadline_timer aes xsave avx f16c rdrand lahf_lm abm 3dnowprefetch fsgsbase tsc_adjust bmi1 hle avx2 smep bmi2 erms invpcid rtm cqm mpx rdt_a avx512f avx512dq rdseed adx smap clwb avx512cd avx512bw avx512vl xsaveopt xsavec xgetbv1 xsaves pku"
    }
},
{
    "pystart_ms": 1588923968761.5503,
    "pyend_ms": 1588923971297.5664,
    "pyduration_ms": 2536.01611328125,
    "func_data": {
        "initTime_ms": 1588923969251.9902,
        "endTime_ms": 1588923971216.8354,
        "duration_ms": 1964.8451805114746,
        "executionID": "w9xuzj1lvmas",
        "containerID": "7a599915-6e73-427f-ab1f-59a6d4b66ad2",
        "uptime": "29.04",
        "meminfo": "MemTotal:        2097152 kB\nMemFree:         2048476 kB\nMemAvailable:    2048476 kB\nBuffers:               0 kB\nCached:            13792 kB\nSwapCache:             0 kB\nActive:            35312 kB\nInactive:           6896 kB\nActive(anon):      28416 kB\nInactive(anon):        0 kB\nActive(file):       6896 kB\nInactive(file):     6896 kB\nUnevictable:           0 kB\nMlocked:               0 kB\nSwapTotal:             0 kB\nSwapFree:              0 kB\nDirty:                 0 kB\nWriteback:             0 kB\nAnonPages:         28416 kB\nMapped:            13792 kB\nShmem:                 0 kB",
        "cpuinfo": "Architecture:        x86_64\nCPU op-mode(s):      32-bit, 64-bit\nByte Order:          Little Endian\nCPU(s):              2\nOn-line CPU(s) list: 0,1\nVendor ID:           GenuineIntel\nCPU family:          6\nModel:               85\nModel name:          unknown\nStepping:            unknown\nCPU MHz:             2627.100\nBogoMIPS:            2627.10\nVirtualization:      VT-x\nFlags:               fpu vme de pse tsc msr pae mce cx8 apic sep mtrr pge mca cmov pat pse36 clflush dts acpi mmx fxsr sse sse2 ss ht tm pbe syscall nx pdpe1gb rdtscp lm pni pclmulqdq dtes64 monitor ds_cpl vmx smx est tm2 ssse3 sdbg fma cx16 xtpr pdcm pcid dca sse4_1 sse4_2 x2apic movbe popcnt tsc_deadline_timer aes xsave avx f16c rdrand lahf_lm abm 3dnowprefetch fsgsbase tsc_adjust bmi1 hle avx2 smep bmi2 erms invpcid rtm cqm mpx rdt_a avx512f avx512dq rdseed adx smap clwb avx512cd avx512bw avx512vl xsaveopt xsavec xgetbv1 xsaves pku"
    }
},
{
    "pystart_ms": 1588923968781.5493,
    "pyend_ms": 1588923971313.8057,
    "pyduration_ms": 2532.25634765625,
    "func_data": {
        "initTime_ms": 1588923969357.2083,
        "endTime_ms": 1588923971142.0544,
        "duration_ms": 1784.846305847168,
        "executionID": "o7i7lu0nyufa",
        "containerID": "da9bc82d-f4ac-456c-b4f8-9b549486e1c9",
        "uptime": "28.25",
        "meminfo": "MemTotal:        2097152 kB\nMemFree:         2048740 kB\nMemAvailable:    2048740 kB\nBuffers:               0 kB\nCached:            13740 kB\nSwapCache:             0 kB\nActive:            35072 kB\nInactive:           6872 kB\nActive(anon):      28204 kB\nInactive(anon):        0 kB\nActive(file):       6868 kB\nInactive(file):     6872 kB\nUnevictable:           0 kB\nMlocked:               0 kB\nSwapTotal:             0 kB\nSwapFree:              0 kB\nDirty:                 0 kB\nWriteback:             0 kB\nAnonPages:         28204 kB\nMapped:            13740 kB\nShmem:                 0 kB",
        "cpuinfo": "Architecture:        x86_64\nCPU op-mode(s):      32-bit, 64-bit\nByte Order:          Little Endian\nCPU(s):              2\nOn-line CPU(s) list: 0,1\nVendor ID:           GenuineIntel\nCPU family:          6\nModel:               85\nModel name:          unknown\nStepping:            unknown\nCPU MHz:             2699.778\nBogoMIPS:            2699.78\nVirtualization:      VT-x\nFlags:               fpu vme de pse tsc msr pae mce cx8 apic sep mtrr pge mca cmov pat pse36 clflush dts acpi mmx fxsr sse sse2 ss ht tm pbe syscall nx pdpe1gb rdtscp lm pni pclmulqdq dtes64 monitor ds_cpl vmx smx est tm2 ssse3 sdbg fma cx16 xtpr pdcm pcid dca sse4_1 sse4_2 x2apic movbe popcnt tsc_deadline_timer aes xsave avx f16c rdrand lahf_lm abm 3dnowprefetch fsgsbase tsc_adjust bmi1 hle avx2 smep bmi2 erms invpcid rtm cqm mpx rdt_a avx512f avx512dq rdseed adx smap clwb avx512cd avx512bw avx512vl xsaveopt xsavec xgetbv1 xsaves pku"
    }
},
{
    "pystart_ms": 1588923968770.549,
    "pyend_ms": 1588923971342.125,
    "pyduration_ms": 2571.575927734375,
    "func_data": {
        "initTime_ms": 1588923969179.8386,
        "endTime_ms": 1588923971271.053,
        "duration_ms": 2091.214418411255,
        "executionID": "prpg3jjgk3qe",
        "containerID": "8bfe628c-5183-402b-994d-616a1ed7cc3a",
        "uptime": "28.47",
        "meminfo": "MemTotal:        2097152 kB\nMemFree:         2048848 kB\nMemAvailable:    2048848 kB\nBuffers:               0 kB\nCached:            13604 kB\nSwapCache:             0 kB\nActive:            35032 kB\nInactive:           6804 kB\nActive(anon):      28232 kB\nInactive(anon):        0 kB\nActive(file):       6800 kB\nInactive(file):     6804 kB\nUnevictable:           0 kB\nMlocked:               0 kB\nSwapTotal:             0 kB\nSwapFree:              0 kB\nDirty:                 0 kB\nWriteback:             0 kB\nAnonPages:         28232 kB\nMapped:            13604 kB\nShmem:                 0 kB",
        "cpuinfo": "Architecture:        x86_64\nCPU op-mode(s):      32-bit, 64-bit\nByte Order:          Little Endian\nCPU(s):              2\nOn-line CPU(s) list: 0,1\nVendor ID:           GenuineIntel\nCPU family:          6\nModel:               79\nModel name:          unknown\nStepping:            unknown\nCPU MHz:             2739.158\nBogoMIPS:            2739.16\nVirtualization:      VT-x\nFlags:               fpu vme de pse tsc msr pae mce cx8 apic sep mtrr pge mca cmov pat pse36 clflush dts acpi mmx fxsr sse sse2 ss ht tm pbe syscall nx pdpe1gb rdtscp lm pni pclmulqdq dtes64 monitor ds_cpl vmx smx est tm2 ssse3 sdbg fma cx16 xtpr pdcm pcid dca sse4_1 sse4_2 x2apic movbe popcnt tsc_deadline_timer aes xsave avx f16c rdrand lahf_lm abm 3dnowprefetch fsgsbase tsc_adjust bmi1 hle avx2 smep bmi2 erms invpcid rtm cqm rdt_a rdseed adx smap xsaveopt"
    }
},
{
    "pystart_ms": 1588923968767.549,
    "pyend_ms": 1588923971403.7998,
    "pyduration_ms": 2636.250732421875,
    "func_data": {
        "initTime_ms": 1588923969129.5115,
        "endTime_ms": 1588923971324.7075,
        "duration_ms": 2195.1959133148193,
        "executionID": "1pkqnvox2mws",
        "containerID": "08130443-306a-4946-ab3d-317f91b3c79c",
        "uptime": "29.23",
        "meminfo": "MemTotal:        2097152 kB\nMemFree:         2049272 kB\nMemAvailable:    2049272 kB\nBuffers:               0 kB\nCached:            13740 kB\nSwapCache:             0 kB\nActive:            34540 kB\nInactive:           6872 kB\nActive(anon):      27672 kB\nInactive(anon):        0 kB\nActive(file):       6868 kB\nInactive(file):     6872 kB\nUnevictable:           0 kB\nMlocked:               0 kB\nSwapTotal:             0 kB\nSwapFree:              0 kB\nDirty:                 0 kB\nWriteback:             0 kB\nAnonPages:         27672 kB\nMapped:            13740 kB\nShmem:                 0 kB",
        "cpuinfo": "Architecture:        x86_64\nCPU op-mode(s):      32-bit, 64-bit\nByte Order:          Little Endian\nCPU(s):              2\nOn-line CPU(s) list: 0,1\nVendor ID:           GenuineIntel\nCPU family:          6\nModel:               85\nModel name:          unknown\nStepping:            unknown\nCPU MHz:             2700.261\nBogoMIPS:            2700.26\nVirtualization:      VT-x\nFlags:               fpu vme de pse tsc msr pae mce cx8 apic sep mtrr pge mca cmov pat pse36 clflush dts acpi mmx fxsr sse sse2 ss ht tm pbe syscall nx pdpe1gb rdtscp lm pni pclmulqdq dtes64 monitor ds_cpl vmx smx est tm2 ssse3 sdbg fma cx16 xtpr pdcm pcid dca sse4_1 sse4_2 x2apic movbe popcnt tsc_deadline_timer aes xsave avx f16c rdrand lahf_lm abm 3dnowprefetch fsgsbase tsc_adjust bmi1 hle avx2 smep bmi2 erms invpcid rtm cqm mpx rdt_a avx512f avx512dq rdseed adx smap clwb avx512cd avx512bw avx512vl xsaveopt xsavec xgetbv1 xsaves pku"
    }
},
{
    "pystart_ms": 1588923968762.5493,
    "pyend_ms": 1588923973737.1348,
    "pyduration_ms": 4974.58544921875,
    "func_data": {
        "initTime_ms": 1588923972397.5354,
        "endTime_ms": 1588923973656.0688,
        "duration_ms": 1258.5334777832031,
        "executionID": "9zs0f2nactf2",
        "containerID": "b8eb6f8a-003a-45ef-b3c7-6ccf8154bdfa",
        "uptime": "2.71",
        "meminfo": "MemTotal:        2097152 kB\nMemFree:         2050332 kB\nMemAvailable:    2050332 kB\nBuffers:               0 kB\nCached:            13464 kB\nSwapCache:             0 kB\nActive:            33620 kB\nInactive:           6732 kB\nActive(anon):      26888 kB\nInactive(anon):        0 kB\nActive(file):       6732 kB\nInactive(file):     6732 kB\nUnevictable:           0 kB\nMlocked:               0 kB\nSwapTotal:             0 kB\nSwapFree:              0 kB\nDirty:                 0 kB\nWriteback:             0 kB\nAnonPages:         26888 kB\nMapped:            13464 kB\nShmem:                 0 kB",
        "cpuinfo": "Architecture:        x86_64\nCPU op-mode(s):      32-bit, 64-bit\nByte Order:          Little Endian\nCPU(s):              2\nOn-line CPU(s) list: 0,1\nVendor ID:           GenuineIntel\nCPU family:          6\nModel:               85\nModel name:          unknown\nStepping:            unknown\nCPU MHz:             2545.402\nBogoMIPS:            2545.40\nVirtualization:      VT-x\nFlags:               fpu vme de pse tsc msr pae mce cx8 apic sep mtrr pge mca cmov pat pse36 clflush dts acpi mmx fxsr sse sse2 ss ht tm pbe syscall nx pdpe1gb rdtscp lm pni pclmulqdq dtes64 monitor ds_cpl vmx smx est tm2 ssse3 sdbg fma cx16 xtpr pdcm pcid dca sse4_1 sse4_2 x2apic movbe popcnt tsc_deadline_timer aes xsave avx f16c rdrand lahf_lm abm 3dnowprefetch fsgsbase tsc_adjust bmi1 hle avx2 smep bmi2 erms invpcid rtm cqm mpx rdt_a avx512f avx512dq rdseed adx smap clwb avx512cd avx512bw avx512vl xsaveopt xsavec xgetbv1 xsaves pku"
    }
},
{
    "pystart_ms": 1588923968780.5496,
    "pyend_ms": 1588923973807.625,
    "pyduration_ms": 5027.075439453125,
    "func_data": {
        "initTime_ms": 1588923972483.6375,
        "endTime_ms": 1588923973720.6045,
        "duration_ms": 1236.966848373413,
        "executionID": "9hdh6yxc6utq",
        "containerID": "7b1fc549-89fa-462c-bc03-dcbb40c4993c",
        "uptime": "2.58",
        "meminfo": "MemTotal:        2097152 kB\nMemFree:         2049132 kB\nMemAvailable:    2049132 kB\nBuffers:               0 kB\nCached:            13444 kB\nSwapCache:             0 kB\nActive:            34828 kB\nInactive:           6724 kB\nActive(anon):      28108 kB\nInactive(anon):        0 kB\nActive(file):       6720 kB\nInactive(file):     6724 kB\nUnevictable:           0 kB\nMlocked:               0 kB\nSwapTotal:             0 kB\nSwapFree:              0 kB\nDirty:                 0 kB\nWriteback:             0 kB\nAnonPages:         28108 kB\nMapped:            13444 kB\nShmem:                 0 kB",
        "cpuinfo": "Architecture:        x86_64\nCPU op-mode(s):      32-bit, 64-bit\nByte Order:          Little Endian\nCPU(s):              2\nOn-line CPU(s) list: 0,1\nVendor ID:           GenuineIntel\nCPU family:          6\nModel:               85\nModel name:          unknown\nStepping:            unknown\nCPU MHz:             2644.998\nBogoMIPS:            2645.00\nVirtualization:      VT-x\nFlags:               fpu vme de pse tsc msr pae mce cx8 apic sep mtrr pge mca cmov pat pse36 clflush dts acpi mmx fxsr sse sse2 ss ht tm pbe syscall nx pdpe1gb rdtscp lm pni pclmulqdq dtes64 monitor ds_cpl vmx smx est tm2 ssse3 sdbg fma cx16 xtpr pdcm pcid dca sse4_1 sse4_2 x2apic movbe popcnt tsc_deadline_timer aes xsave avx f16c rdrand lahf_lm abm 3dnowprefetch fsgsbase tsc_adjust bmi1 hle avx2 smep bmi2 erms invpcid rtm cqm mpx rdt_a avx512f avx512dq rdseed adx smap clwb avx512cd avx512bw avx512vl xsaveopt xsavec xgetbv1 xsaves pku"
    }
},
{
    "pystart_ms": 1588923968762.5493,
    "pyend_ms": 1588923973871.4514,
    "pyduration_ms": 5108.902099609375,
    "func_data": {
        "initTime_ms": 1588923972525.2021,
        "endTime_ms": 1588923973785.6628,
        "duration_ms": 1260.4608535766602,
        "executionID": "bfrcm5ocwzkj",
        "containerID": "850358f4-a56f-425a-9f17-61dd1a6e01ed",
        "uptime": "3.01",
        "meminfo": "MemTotal:        2097152 kB\nMemFree:         2048228 kB\nMemAvailable:    2048228 kB\nBuffers:               0 kB\nCached:            13228 kB\nSwapCache:             0 kB\nActive:            35840 kB\nInactive:           6616 kB\nActive(anon):      29228 kB\nInactive(anon):        0 kB\nActive(file):       6612 kB\nInactive(file):     6616 kB\nUnevictable:           0 kB\nMlocked:               0 kB\nSwapTotal:             0 kB\nSwapFree:              0 kB\nDirty:                 0 kB\nWriteback:             0 kB\nAnonPages:         29228 kB\nMapped:            13228 kB\nShmem:                 0 kB",
        "cpuinfo": "Architecture:        x86_64\nCPU op-mode(s):      32-bit, 64-bit\nByte Order:          Little Endian\nCPU(s):              2\nOn-line CPU(s) list: 0,1\nVendor ID:           GenuineIntel\nCPU family:          6\nModel:               85\nModel name:          unknown\nStepping:            unknown\nCPU MHz:             2700.247\nBogoMIPS:            2700.25\nVirtualization:      VT-x\nFlags:               fpu vme de pse tsc msr pae mce cx8 apic sep mtrr pge mca cmov pat pse36 clflush dts acpi mmx fxsr sse sse2 ss ht tm pbe syscall nx pdpe1gb rdtscp lm pni pclmulqdq dtes64 monitor ds_cpl vmx smx est tm2 ssse3 sdbg fma cx16 xtpr pdcm pcid dca sse4_1 sse4_2 x2apic movbe popcnt tsc_deadline_timer aes xsave avx f16c rdrand lahf_lm abm 3dnowprefetch fsgsbase tsc_adjust bmi1 hle avx2 smep bmi2 erms invpcid rtm cqm mpx rdt_a avx512f avx512dq rdseed adx smap clwb avx512cd avx512bw avx512vl xsaveopt xsavec xgetbv1 xsaves pku"
    }
},
{
    "pystart_ms": 1588923968738.5496,
    "pyend_ms": 1588923973971.7693,
    "pyduration_ms": 5233.2197265625,
    "func_data": {
        "initTime_ms": 1588923972678.027,
        "endTime_ms": 1588923973886.5813,
        "duration_ms": 1208.5540294647217,
        "executionID": "p5nu9x26e0xc",
        "containerID": "a3bae90c-c368-44ca-b0b4-0b616e1ce45d",
        "uptime": "2.98",
        "meminfo": "MemTotal:        2097152 kB\nMemFree:         2052372 kB\nMemAvailable:    2052372 kB\nBuffers:               0 kB\nCached:            13364 kB\nSwapCache:             0 kB\nActive:            31628 kB\nInactive:           6684 kB\nActive(anon):      24948 kB\nInactive(anon):        0 kB\nActive(file):       6680 kB\nInactive(file):     6684 kB\nUnevictable:           0 kB\nMlocked:               0 kB\nSwapTotal:             0 kB\nSwapFree:              0 kB\nDirty:                 0 kB\nWriteback:             0 kB\nAnonPages:         24948 kB\nMapped:            13364 kB\nShmem:                 0 kB",
        "cpuinfo": "Architecture:        x86_64\nCPU op-mode(s):      32-bit, 64-bit\nByte Order:          Little Endian\nCPU(s):              2\nOn-line CPU(s) list: 0,1\nVendor ID:           GenuineIntel\nCPU family:          6\nModel:               85\nModel name:          unknown\nStepping:            unknown\nCPU MHz:             2681.746\nBogoMIPS:            2681.75\nVirtualization:      VT-x\nFlags:               fpu vme de pse tsc msr pae mce cx8 apic sep mtrr pge mca cmov pat pse36 clflush dts acpi mmx fxsr sse sse2 ss ht tm pbe syscall nx pdpe1gb rdtscp lm pni pclmulqdq dtes64 monitor ds_cpl vmx smx est tm2 ssse3 sdbg fma cx16 xtpr pdcm pcid dca sse4_1 sse4_2 x2apic movbe popcnt tsc_deadline_timer aes xsave avx f16c rdrand lahf_lm abm 3dnowprefetch fsgsbase tsc_adjust bmi1 hle avx2 smep bmi2 erms invpcid rtm cqm mpx rdt_a avx512f avx512dq rdseed adx smap clwb avx512cd avx512bw avx512vl xsaveopt xsavec xgetbv1 xsaves pku"
    }
},
{
    "pystart_ms": 1588923968760.5476,
    "pyend_ms": 1588923974023.072,
    "pyduration_ms": 5262.5244140625,
    "func_data": {
        "initTime_ms": 1588923972594.7957,
        "endTime_ms": 1588923973883.7947,
        "duration_ms": 1288.999080657959,
        "executionID": "pakvq42629fj",
        "containerID": "1581afef-8240-45ab-8a41-3345cc506491",
        "uptime": "2.81",
        "meminfo": "MemTotal:        2097152 kB\nMemFree:         2050576 kB\nMemAvailable:    2050576 kB\nBuffers:               0 kB\nCached:            13228 kB\nSwapCache:             0 kB\nActive:            33492 kB\nInactive:           6616 kB\nActive(anon):      26880 kB\nInactive(anon):        0 kB\nActive(file):       6612 kB\nInactive(file):     6616 kB\nUnevictable:           0 kB\nMlocked:               0 kB\nSwapTotal:             0 kB\nSwapFree:              0 kB\nDirty:                 0 kB\nWriteback:             0 kB\nAnonPages:         26880 kB\nMapped:            13228 kB\nShmem:                 0 kB",
        "cpuinfo": "Architecture:        x86_64\nCPU op-mode(s):      32-bit, 64-bit\nByte Order:          Little Endian\nCPU(s):              2\nOn-line CPU(s) list: 0,1\nVendor ID:           GenuineIntel\nCPU family:          6\nModel:               85\nModel name:          unknown\nStepping:            unknown\nCPU MHz:             2700.239\nBogoMIPS:            2700.24\nVirtualization:      VT-x\nFlags:               fpu vme de pse tsc msr pae mce cx8 apic sep mtrr pge mca cmov pat pse36 clflush dts acpi mmx fxsr sse sse2 ss ht tm pbe syscall nx pdpe1gb rdtscp lm pni pclmulqdq dtes64 monitor ds_cpl vmx smx est tm2 ssse3 sdbg fma cx16 xtpr pdcm pcid dca sse4_1 sse4_2 x2apic movbe popcnt tsc_deadline_timer aes xsave avx f16c rdrand lahf_lm abm 3dnowprefetch fsgsbase tsc_adjust bmi1 hle avx2 smep bmi2 erms invpcid rtm cqm mpx rdt_a avx512f avx512dq rdseed adx smap clwb avx512cd avx512bw avx512vl xsaveopt xsavec xgetbv1 xsaves pku"
    }
},
{
    "pystart_ms": 1588923968763.549,
    "pyend_ms": 1588923974035.0833,
    "pyduration_ms": 5271.5341796875,
    "func_data": {
        "initTime_ms": 1588923972742.6418,
        "endTime_ms": 1588923973952.0105,
        "duration_ms": 1209.3684673309326,
        "executionID": "d5lr4n697mdg",
        "containerID": "936a23b7-ad13-404b-82d7-a71180d37c96",
        "uptime": "2.58",
        "meminfo": "MemTotal:        2097152 kB\nMemFree:         2051228 kB\nMemAvailable:    2051228 kB\nBuffers:               0 kB\nCached:            13128 kB\nSwapCache:             0 kB\nActive:            32892 kB\nInactive:           6564 kB\nActive(anon):      26328 kB\nInactive(anon):        0 kB\nActive(file):       6564 kB\nInactive(file):     6564 kB\nUnevictable:           0 kB\nMlocked:               0 kB\nSwapTotal:             0 kB\nSwapFree:              0 kB\nDirty:                 0 kB\nWriteback:             0 kB\nAnonPages:         26328 kB\nMapped:            13128 kB\nShmem:                 0 kB",
        "cpuinfo": "Architecture:        x86_64\nCPU op-mode(s):      32-bit, 64-bit\nByte Order:          Little Endian\nCPU(s):              2\nOn-line CPU(s) list: 0,1\nVendor ID:           GenuineIntel\nCPU family:          6\nModel:               85\nModel name:          unknown\nStepping:            unknown\nCPU MHz:             2700.201\nBogoMIPS:            2700.20\nVirtualization:      VT-x\nFlags:               fpu vme de pse tsc msr pae mce cx8 apic sep mtrr pge mca cmov pat pse36 clflush dts acpi mmx fxsr sse sse2 ss ht tm pbe syscall nx pdpe1gb rdtscp lm pni pclmulqdq dtes64 monitor ds_cpl vmx smx est tm2 ssse3 sdbg fma cx16 xtpr pdcm pcid dca sse4_1 sse4_2 x2apic movbe popcnt tsc_deadline_timer aes xsave avx f16c rdrand lahf_lm abm 3dnowprefetch fsgsbase tsc_adjust bmi1 hle avx2 smep bmi2 erms invpcid rtm cqm mpx rdt_a avx512f avx512dq rdseed adx smap clwb avx512cd avx512bw avx512vl xsaveopt xsavec xgetbv1 xsaves pku"
    }
},
{
    "pystart_ms": 1588923968770.549,
    "pyend_ms": 1588923974053.2195,
    "pyduration_ms": 5282.67041015625,
    "func_data": {
        "initTime_ms": 1588923972773.651,
        "endTime_ms": 1588923973970.321,
        "duration_ms": 1196.6700553894043,
        "executionID": "ehhgk44ykopi",
        "containerID": "fdab9cbe-e3eb-46a5-a285-aae225980d39",
        "uptime": "3.10",
        "meminfo": "MemTotal:        2097152 kB\nMemFree:         2051400 kB\nMemAvailable:    2051400 kB\nBuffers:               0 kB\nCached:            13228 kB\nSwapCache:             0 kB\nActive:            32668 kB\nInactive:           6616 kB\nActive(anon):      26056 kB\nInactive(anon):        0 kB\nActive(file):       6612 kB\nInactive(file):     6616 kB\nUnevictable:           0 kB\nMlocked:               0 kB\nSwapTotal:             0 kB\nSwapFree:              0 kB\nDirty:                 0 kB\nWriteback:             0 kB\nAnonPages:         26056 kB\nMapped:            13228 kB\nShmem:                 0 kB",
        "cpuinfo": "Architecture:        x86_64\nCPU op-mode(s):      32-bit, 64-bit\nByte Order:          Little Endian\nCPU(s):              2\nOn-line CPU(s) list: 0,1\nVendor ID:           GenuineIntel\nCPU family:          6\nModel:               85\nModel name:          unknown\nStepping:            unknown\nCPU MHz:             2675.349\nBogoMIPS:            2675.35\nVirtualization:      VT-x\nFlags:               fpu vme de pse tsc msr pae mce cx8 apic sep mtrr pge mca cmov pat pse36 clflush dts acpi mmx fxsr sse sse2 ss ht tm pbe syscall nx pdpe1gb rdtscp lm pni pclmulqdq dtes64 monitor ds_cpl vmx smx est tm2 ssse3 sdbg fma cx16 xtpr pdcm pcid dca sse4_1 sse4_2 x2apic movbe popcnt tsc_deadline_timer aes xsave avx f16c rdrand lahf_lm abm 3dnowprefetch fsgsbase tsc_adjust bmi1 hle avx2 smep bmi2 erms invpcid rtm cqm mpx rdt_a avx512f avx512dq rdseed adx smap clwb avx512cd avx512bw avx512vl xsaveopt xsavec xgetbv1 xsaves pku"
    }
},
{
    "pystart_ms": 1588923968757.5488,
    "pyend_ms": 1588923974057.2053,
    "pyduration_ms": 5299.656494140625,
    "func_data": {
        "initTime_ms": 1588923972814.684,
        "endTime_ms": 1588923973971.0798,
        "duration_ms": 1156.395673751831,
        "executionID": "okwirmzi4z33",
        "containerID": "bc09d1d1-7fba-409d-b79c-d4b687495e72",
        "uptime": "2.99",
        "meminfo": "MemTotal:        2097152 kB\nMemFree:         2052112 kB\nMemAvailable:    2052112 kB\nBuffers:               0 kB\nCached:            13228 kB\nSwapCache:             0 kB\nActive:            31956 kB\nInactive:           6616 kB\nActive(anon):      25344 kB\nInactive(anon):        0 kB\nActive(file):       6612 kB\nInactive(file):     6616 kB\nUnevictable:           0 kB\nMlocked:               0 kB\nSwapTotal:             0 kB\nSwapFree:              0 kB\nDirty:                 0 kB\nWriteback:             0 kB\nAnonPages:         25344 kB\nMapped:            13228 kB\nShmem:                 0 kB",
        "cpuinfo": "Architecture:        x86_64\nCPU op-mode(s):      32-bit, 64-bit\nByte Order:          Little Endian\nCPU(s):              2\nOn-line CPU(s) list: 0,1\nVendor ID:           GenuineIntel\nCPU family:          6\nModel:               85\nModel name:          unknown\nStepping:            unknown\nCPU MHz:             2688.344\nBogoMIPS:            2688.34\nVirtualization:      VT-x\nFlags:               fpu vme de pse tsc msr pae mce cx8 apic sep mtrr pge mca cmov pat pse36 clflush dts acpi mmx fxsr sse sse2 ss ht tm pbe syscall nx pdpe1gb rdtscp lm pni pclmulqdq dtes64 monitor ds_cpl vmx smx est tm2 ssse3 sdbg fma cx16 xtpr pdcm pcid dca sse4_1 sse4_2 x2apic movbe popcnt tsc_deadline_timer aes xsave avx f16c rdrand lahf_lm abm 3dnowprefetch fsgsbase tsc_adjust bmi1 hle avx2 smep bmi2 erms invpcid rtm cqm mpx rdt_a avx512f avx512dq rdseed adx smap clwb avx512cd avx512bw avx512vl xsaveopt xsavec xgetbv1 xsaves pku"
    }
},
{
    "pystart_ms": 1588923968768.549,
    "pyend_ms": 1588923974062.218,
    "pyduration_ms": 5293.6689453125,
    "func_data": {
        "initTime_ms": 1588923972778.0208,
        "endTime_ms": 1588923973970.3247,
        "duration_ms": 1192.3038959503174,
        "executionID": "eejtckr3j25p",
        "containerID": "258fa279-b509-464f-bad9-46fa851a8485",
        "uptime": "2.87",
        "meminfo": "MemTotal:        2097152 kB\nMemFree:         2051536 kB\nMemAvailable:    2051536 kB\nBuffers:               0 kB\nCached:            13012 kB\nSwapCache:             0 kB\nActive:            32640 kB\nInactive:           6508 kB\nActive(anon):      26136 kB\nInactive(anon):        0 kB\nActive(file):       6504 kB\nInactive(file):     6508 kB\nUnevictable:           0 kB\nMlocked:               0 kB\nSwapTotal:             0 kB\nSwapFree:              0 kB\nDirty:                 0 kB\nWriteback:             0 kB\nAnonPages:         26136 kB\nMapped:            13012 kB\nShmem:                 0 kB",
        "cpuinfo": "Architecture:        x86_64\nCPU op-mode(s):      32-bit, 64-bit\nByte Order:          Little Endian\nCPU(s):              2\nOn-line CPU(s) list: 0,1\nVendor ID:           GenuineIntel\nCPU family:          6\nModel:               85\nModel name:          unknown\nStepping:            unknown\nCPU MHz:             2456.759\nBogoMIPS:            2456.76\nVirtualization:      VT-x\nFlags:               fpu vme de pse tsc msr pae mce cx8 apic sep mtrr pge mca cmov pat pse36 clflush dts acpi mmx fxsr sse sse2 ss ht tm pbe syscall nx pdpe1gb rdtscp lm pni pclmulqdq dtes64 monitor ds_cpl vmx smx est tm2 ssse3 sdbg fma cx16 xtpr pdcm pcid dca sse4_1 sse4_2 x2apic movbe popcnt tsc_deadline_timer aes xsave avx f16c rdrand lahf_lm abm 3dnowprefetch fsgsbase tsc_adjust bmi1 hle avx2 smep bmi2 erms invpcid rtm cqm mpx rdt_a avx512f avx512dq rdseed adx smap clwb avx512cd avx512bw avx512vl xsaveopt xsavec xgetbv1 xsaves pku"
    }
},
{
    "pystart_ms": 1588923968789.5493,
    "pyend_ms": 1588923974065.1655,
    "pyduration_ms": 5275.6162109375,
    "func_data": {
        "initTime_ms": 1588923972735.0952,
        "endTime_ms": 1588923973977.1565,
        "duration_ms": 1242.0611381530762,
        "executionID": "aay7inactg0i",
        "containerID": "341ffa8a-b9bd-430e-ace1-611ceaa774a4",
        "uptime": "2.91",
        "meminfo": "MemTotal:        2097152 kB\nMemFree:         2051476 kB\nMemAvailable:    2051476 kB\nBuffers:               0 kB\nCached:            13464 kB\nSwapCache:             0 kB\nActive:            32476 kB\nInactive:           6732 kB\nActive(anon):      25744 kB\nInactive(anon):        0 kB\nActive(file):       6732 kB\nInactive(file):     6732 kB\nUnevictable:           0 kB\nMlocked:               0 kB\nSwapTotal:             0 kB\nSwapFree:              0 kB\nDirty:                 0 kB\nWriteback:             0 kB\nAnonPages:         25744 kB\nMapped:            13464 kB\nShmem:                 0 kB",
        "cpuinfo": "Architecture:        x86_64\nCPU op-mode(s):      32-bit, 64-bit\nByte Order:          Little Endian\nCPU(s):              2\nOn-line CPU(s) list: 0,1\nVendor ID:           GenuineIntel\nCPU family:          6\nModel:               85\nModel name:          unknown\nStepping:            unknown\nCPU MHz:             2700.209\nBogoMIPS:            2700.21\nVirtualization:      VT-x\nFlags:               fpu vme de pse tsc msr pae mce cx8 apic sep mtrr pge mca cmov pat pse36 clflush dts acpi mmx fxsr sse sse2 ss ht tm pbe syscall nx pdpe1gb rdtscp lm pni pclmulqdq dtes64 monitor ds_cpl vmx smx est tm2 ssse3 sdbg fma cx16 xtpr pdcm pcid dca sse4_1 sse4_2 x2apic movbe popcnt tsc_deadline_timer aes xsave avx f16c rdrand lahf_lm abm 3dnowprefetch fsgsbase tsc_adjust bmi1 hle avx2 smep bmi2 erms invpcid rtm cqm mpx rdt_a avx512f avx512dq rdseed adx smap clwb avx512cd avx512bw avx512vl xsaveopt xsavec xgetbv1 xsaves pku"
    }
},
{
    "pystart_ms": 1588923968770.549,
    "pyend_ms": 1588923974203.5378,
    "pyduration_ms": 5432.98876953125,
    "func_data": {
        "initTime_ms": 1588923972789.2454,
        "endTime_ms": 1588923974119.4922,
        "duration_ms": 1330.246925354004,
        "executionID": "rqvdcz5j0l8w",
        "containerID": "b37fdce1-f5ea-46e4-9a78-fb1a3a58f19c",
        "uptime": "2.96",
        "meminfo": "MemTotal:        2097152 kB\nMemFree:         2047616 kB\nMemAvailable:    2047616 kB\nBuffers:               0 kB\nCached:            13364 kB\nSwapCache:             0 kB\nActive:            36384 kB\nInactive:           6684 kB\nActive(anon):      29704 kB\nInactive(anon):        0 kB\nActive(file):       6680 kB\nInactive(file):     6684 kB\nUnevictable:           0 kB\nMlocked:               0 kB\nSwapTotal:             0 kB\nSwapFree:              0 kB\nDirty:                 0 kB\nWriteback:             0 kB\nAnonPages:         29704 kB\nMapped:            13364 kB\nShmem:                 0 kB",
        "cpuinfo": "Architecture:        x86_64\nCPU op-mode(s):      32-bit, 64-bit\nByte Order:          Little Endian\nCPU(s):              2\nOn-line CPU(s) list: 0,1\nVendor ID:           GenuineIntel\nCPU family:          6\nModel:               85\nModel name:          unknown\nStepping:            unknown\nCPU MHz:             2691.958\nBogoMIPS:            2691.96\nVirtualization:      VT-x\nFlags:               fpu vme de pse tsc msr pae mce cx8 apic sep mtrr pge mca cmov pat pse36 clflush dts acpi mmx fxsr sse sse2 ss ht tm pbe syscall nx pdpe1gb rdtscp lm pni pclmulqdq dtes64 monitor ds_cpl vmx smx est tm2 ssse3 sdbg fma cx16 xtpr pdcm pcid dca sse4_1 sse4_2 x2apic movbe popcnt tsc_deadline_timer aes xsave avx f16c rdrand lahf_lm abm 3dnowprefetch fsgsbase tsc_adjust bmi1 hle avx2 smep bmi2 erms invpcid rtm cqm mpx rdt_a avx512f avx512dq rdseed adx smap clwb avx512cd avx512bw avx512vl xsaveopt xsavec xgetbv1 xsaves pku"
    }
},
{
    "pystart_ms": 1588923968783.549,
    "pyend_ms": 1588923974264.247,
    "pyduration_ms": 5480.697998046875,
    "func_data": {
        "initTime_ms": 1588923972964.1738,
        "endTime_ms": 1588923974172.437,
        "duration_ms": 1208.2631587982178,
        "executionID": "v4kkh32dbvkx",
        "containerID": "9cc3783d-ab2b-4c77-89aa-71c05db305a1",
        "uptime": "2.78",
        "meminfo": "MemTotal:        2097152 kB\nMemFree:         2051008 kB\nMemAvailable:    2051008 kB\nBuffers:               0 kB\nCached:            13128 kB\nSwapCache:             0 kB\nActive:            33112 kB\nInactive:           6564 kB\nActive(anon):      26548 kB\nInactive(anon):        0 kB\nActive(file):       6564 kB\nInactive(file):     6564 kB\nUnevictable:           0 kB\nMlocked:               0 kB\nSwapTotal:             0 kB\nSwapFree:              0 kB\nDirty:                 0 kB\nWriteback:             0 kB\nAnonPages:         26548 kB\nMapped:            13128 kB\nShmem:                 0 kB",
        "cpuinfo": "Architecture:        x86_64\nCPU op-mode(s):      32-bit, 64-bit\nByte Order:          Little Endian\nCPU(s):              2\nOn-line CPU(s) list: 0,1\nVendor ID:           GenuineIntel\nCPU family:          6\nModel:               85\nModel name:          unknown\nStepping:            unknown\nCPU MHz:             2574.144\nBogoMIPS:            2574.14\nVirtualization:      VT-x\nFlags:               fpu vme de pse tsc msr pae mce cx8 apic sep mtrr pge mca cmov pat pse36 clflush dts acpi mmx fxsr sse sse2 ss ht tm pbe syscall nx pdpe1gb rdtscp lm pni pclmulqdq dtes64 monitor ds_cpl vmx smx est tm2 ssse3 sdbg fma cx16 xtpr pdcm pcid dca sse4_1 sse4_2 x2apic movbe popcnt tsc_deadline_timer aes xsave avx f16c rdrand lahf_lm abm 3dnowprefetch fsgsbase tsc_adjust bmi1 hle avx2 smep bmi2 erms invpcid rtm cqm mpx rdt_a avx512f avx512dq rdseed adx smap clwb avx512cd avx512bw avx512vl xsaveopt xsavec xgetbv1 xsaves pku"
    }
},
{
    "pystart_ms": 1588923968739.5486,
    "pyend_ms": 1588923974269.3003,
    "pyduration_ms": 5529.751708984375,
    "func_data": {
        "initTime_ms": 1588923972765.8525,
        "endTime_ms": 1588923974180.728,
        "duration_ms": 1414.8755073547363,
        "executionID": "v9ownfjauwjr",
        "containerID": "ad758ed9-1843-498e-b31a-114c6f2004e5",
        "uptime": "2.92",
        "meminfo": "MemTotal:        2097152 kB\nMemFree:         2048912 kB\nMemAvailable:    2048912 kB\nBuffers:               0 kB\nCached:            13228 kB\nSwapCache:             0 kB\nActive:            35156 kB\nInactive:           6616 kB\nActive(anon):      28544 kB\nInactive(anon):        0 kB\nActive(file):       6612 kB\nInactive(file):     6616 kB\nUnevictable:           0 kB\nMlocked:               0 kB\nSwapTotal:             0 kB\nSwapFree:              0 kB\nDirty:                 0 kB\nWriteback:             0 kB\nAnonPages:         28544 kB\nMapped:            13228 kB\nShmem:                 0 kB",
        "cpuinfo": "Architecture:        x86_64\nCPU op-mode(s):      32-bit, 64-bit\nByte Order:          Little Endian\nCPU(s):              2\nOn-line CPU(s) list: 0,1\nVendor ID:           GenuineIntel\nCPU family:          6\nModel:               85\nModel name:          unknown\nStepping:            unknown\nCPU MHz:             2581.752\nBogoMIPS:            2581.75\nVirtualization:      VT-x\nFlags:               fpu vme de pse tsc msr pae mce cx8 apic sep mtrr pge mca cmov pat pse36 clflush dts acpi mmx fxsr sse sse2 ss ht tm pbe syscall nx pdpe1gb rdtscp lm pni pclmulqdq dtes64 monitor ds_cpl vmx smx est tm2 ssse3 sdbg fma cx16 xtpr pdcm pcid dca sse4_1 sse4_2 x2apic movbe popcnt tsc_deadline_timer aes xsave avx f16c rdrand lahf_lm abm 3dnowprefetch fsgsbase tsc_adjust bmi1 hle avx2 smep bmi2 erms invpcid rtm cqm mpx rdt_a avx512f avx512dq rdseed adx smap clwb avx512cd avx512bw avx512vl xsaveopt xsavec xgetbv1 xsaves pku"
    }
},
{
    "pystart_ms": 1588923968758.548,
    "pyend_ms": 1588923974272.3022,
    "pyduration_ms": 5513.754150390625,
    "func_data": {
        "initTime_ms": 1588923972878.3262,
        "endTime_ms": 1588923974186.5564,
        "duration_ms": 1308.2301616668701,
        "executionID": "jxes3jipn3hs",
        "containerID": "9d6f737c-b023-4b3d-8bbc-29c9dd06454e",
        "uptime": "3.19",
        "meminfo": "MemTotal:        2097152 kB\nMemFree:         2049096 kB\nMemAvailable:    2049096 kB\nBuffers:               0 kB\nCached:            13400 kB\nSwapCache:             0 kB\nActive:            34888 kB\nInactive:           6700 kB\nActive(anon):      28188 kB\nInactive(anon):        0 kB\nActive(file):       6700 kB\nInactive(file):     6700 kB\nUnevictable:           0 kB\nMlocked:               0 kB\nSwapTotal:             0 kB\nSwapFree:              0 kB\nDirty:                 0 kB\nWriteback:             0 kB\nAnonPages:         28188 kB\nMapped:            13400 kB\nShmem:                 0 kB",
        "cpuinfo": "Architecture:        x86_64\nCPU op-mode(s):      32-bit, 64-bit\nByte Order:          Little Endian\nCPU(s):              2\nOn-line CPU(s) list: 0,1\nVendor ID:           GenuineIntel\nCPU family:          6\nModel:               85\nModel name:          unknown\nStepping:            unknown\nCPU MHz:             2699.740\nBogoMIPS:            2699.74\nVirtualization:      VT-x\nFlags:               fpu vme de pse tsc msr pae mce cx8 apic sep mtrr pge mca cmov pat pse36 clflush dts acpi mmx fxsr sse sse2 ss ht tm pbe syscall nx pdpe1gb rdtscp lm pni pclmulqdq dtes64 monitor ds_cpl vmx smx est tm2 ssse3 sdbg fma cx16 xtpr pdcm pcid dca sse4_1 sse4_2 x2apic movbe popcnt tsc_deadline_timer aes xsave avx f16c rdrand lahf_lm abm 3dnowprefetch fsgsbase tsc_adjust bmi1 hle avx2 smep bmi2 erms invpcid rtm cqm mpx rdt_a avx512f avx512dq rdseed adx smap clwb avx512cd avx512bw avx512vl xsaveopt xsavec xgetbv1 xsaves pku"
    }
},
{
    "pystart_ms": 1588923968760.5476,
    "pyend_ms": 1588923974275.1685,
    "pyduration_ms": 5514.620849609375,
    "func_data": {
        "initTime_ms": 1588923972971.0352,
        "endTime_ms": 1588923974192.069,
        "duration_ms": 1221.0338115692139,
        "executionID": "4kl6i5av82o2",
        "containerID": "2acb4753-edfb-4a1d-8713-6e196cc147bf",
        "uptime": "2.96",
        "meminfo": "MemTotal:        2097152 kB\nMemFree:         2051420 kB\nMemAvailable:    2051420 kB\nBuffers:               0 kB\nCached:            13228 kB\nSwapCache:             0 kB\nActive:            32648 kB\nInactive:           6616 kB\nActive(anon):      26036 kB\nInactive(anon):        0 kB\nActive(file):       6612 kB\nInactive(file):     6616 kB\nUnevictable:           0 kB\nMlocked:               0 kB\nSwapTotal:             0 kB\nSwapFree:              0 kB\nDirty:                 0 kB\nWriteback:             0 kB\nAnonPages:         26036 kB\nMapped:            13228 kB\nShmem:                 0 kB",
        "cpuinfo": "Architecture:        x86_64\nCPU op-mode(s):      32-bit, 64-bit\nByte Order:          Little Endian\nCPU(s):              2\nOn-line CPU(s) list: 0,1\nVendor ID:           GenuineIntel\nCPU family:          6\nModel:               85\nModel name:          unknown\nStepping:            unknown\nCPU MHz:             2699.909\nBogoMIPS:            2699.91\nVirtualization:      VT-x\nFlags:               fpu vme de pse tsc msr pae mce cx8 apic sep mtrr pge mca cmov pat pse36 clflush dts acpi mmx fxsr sse sse2 ss ht tm pbe syscall nx pdpe1gb rdtscp lm pni pclmulqdq dtes64 monitor ds_cpl vmx smx est tm2 ssse3 sdbg fma cx16 xtpr pdcm pcid dca sse4_1 sse4_2 x2apic movbe popcnt tsc_deadline_timer aes xsave avx f16c rdrand lahf_lm abm 3dnowprefetch fsgsbase tsc_adjust bmi1 hle avx2 smep bmi2 erms invpcid rtm cqm mpx rdt_a avx512f avx512dq rdseed adx smap clwb avx512cd avx512bw avx512vl xsaveopt xsavec xgetbv1 xsaves pku"
    }
},
{
    "pystart_ms": 1588923968761.5503,
    "pyend_ms": 1588923974341.353,
    "pyduration_ms": 5579.802734375,
    "func_data": {
        "initTime_ms": 1588923972970.0608,
        "endTime_ms": 1588923974256.8281,
        "duration_ms": 1286.7672443389893,
        "executionID": "ety7v2vxfj1d",
        "containerID": "36662021-897d-42e5-a402-95de9b07b351",
        "uptime": "3.04",
        "meminfo": "MemTotal:        2097152 kB\nMemFree:         2050416 kB\nMemAvailable:    2050416 kB\nBuffers:               0 kB\nCached:            13248 kB\nSwapCache:             0 kB\nActive:            33644 kB\nInactive:           6624 kB\nActive(anon):      27020 kB\nInactive(anon):        0 kB\nActive(file):       6624 kB\nInactive(file):     6624 kB\nUnevictable:           0 kB\nMlocked:               0 kB\nSwapTotal:             0 kB\nSwapFree:              0 kB\nDirty:                 0 kB\nWriteback:             0 kB\nAnonPages:         27020 kB\nMapped:            13248 kB\nShmem:                 0 kB",
        "cpuinfo": "Architecture:        x86_64\nCPU op-mode(s):      32-bit, 64-bit\nByte Order:          Little Endian\nCPU(s):              2\nOn-line CPU(s) list: 0,1\nVendor ID:           GenuineIntel\nCPU family:          6\nModel:               85\nModel name:          unknown\nStepping:            unknown\nCPU MHz:             2531.171\nBogoMIPS:            2531.17\nVirtualization:      VT-x\nFlags:               fpu vme de pse tsc msr pae mce cx8 apic sep mtrr pge mca cmov pat pse36 clflush dts acpi mmx fxsr sse sse2 ss ht tm pbe syscall nx pdpe1gb rdtscp lm pni pclmulqdq dtes64 monitor ds_cpl vmx smx est tm2 ssse3 sdbg fma cx16 xtpr pdcm pcid dca sse4_1 sse4_2 x2apic movbe popcnt tsc_deadline_timer aes xsave avx f16c rdrand lahf_lm abm 3dnowprefetch fsgsbase tsc_adjust bmi1 hle avx2 smep bmi2 erms invpcid rtm cqm mpx rdt_a avx512f avx512dq rdseed adx smap clwb avx512cd avx512bw avx512vl xsaveopt xsavec xgetbv1 xsaves pku"
    }
},
{
    "pystart_ms": 1588923968772.5493,
    "pyend_ms": 1588923974353.3887,
    "pyduration_ms": 5580.83935546875,
    "func_data": {
        "initTime_ms": 1588923972990.4927,
        "endTime_ms": 1588923974272.95,
        "duration_ms": 1282.4573516845703,
        "executionID": "hbgan1cer77q",
        "containerID": "cee570ef-55a9-4268-bbbf-facd52f40cdd",
        "uptime": "2.84",
        "meminfo": "MemTotal:        2097152 kB\nMemFree:         2048764 kB\nMemAvailable:    2048764 kB\nBuffers:               0 kB\nCached:            13228 kB\nSwapCache:             0 kB\nActive:            35304 kB\nInactive:           6616 kB\nActive(anon):      28692 kB\nInactive(anon):        0 kB\nActive(file):       6612 kB\nInactive(file):     6616 kB\nUnevictable:           0 kB\nMlocked:               0 kB\nSwapTotal:             0 kB\nSwapFree:              0 kB\nDirty:                 0 kB\nWriteback:             0 kB\nAnonPages:         28692 kB\nMapped:            13228 kB\nShmem:                 0 kB",
        "cpuinfo": "Architecture:        x86_64\nCPU op-mode(s):      32-bit, 64-bit\nByte Order:          Little Endian\nCPU(s):              2\nOn-line CPU(s) list: 0,1\nVendor ID:           GenuineIntel\nCPU family:          6\nModel:               85\nModel name:          unknown\nStepping:            unknown\nCPU MHz:             2700.106\nBogoMIPS:            2700.11\nVirtualization:      VT-x\nFlags:               fpu vme de pse tsc msr pae mce cx8 apic sep mtrr pge mca cmov pat pse36 clflush dts acpi mmx fxsr sse sse2 ss ht tm pbe syscall nx pdpe1gb rdtscp lm pni pclmulqdq dtes64 monitor ds_cpl vmx smx est tm2 ssse3 sdbg fma cx16 xtpr pdcm pcid dca sse4_1 sse4_2 x2apic movbe popcnt tsc_deadline_timer aes xsave avx f16c rdrand lahf_lm abm 3dnowprefetch fsgsbase tsc_adjust bmi1 hle avx2 smep bmi2 erms invpcid rtm cqm mpx rdt_a avx512f avx512dq rdseed adx smap clwb avx512cd avx512bw avx512vl xsaveopt xsavec xgetbv1 xsaves pku"
    }
},
{
    "pystart_ms": 1588923968786.5476,
    "pyend_ms": 1588923974361.451,
    "pyduration_ms": 5574.9033203125,
    "func_data": {
        "initTime_ms": 1588923973063.0654,
        "endTime_ms": 1588923974279.268,
        "duration_ms": 1216.2024974822998,
        "executionID": "l5yt7i0onmcl",
        "containerID": "6a251388-c485-431e-9e42-f5388a23d6ec",
        "uptime": "2.20",
        "meminfo": "MemTotal:        2097152 kB\nMemFree:         2050628 kB\nMemAvailable:    2050628 kB\nBuffers:               0 kB\nCached:            13228 kB\nSwapCache:             0 kB\nActive:            33440 kB\nInactive:           6616 kB\nActive(anon):      26828 kB\nInactive(anon):        0 kB\nActive(file):       6612 kB\nInactive(file):     6616 kB\nUnevictable:           0 kB\nMlocked:               0 kB\nSwapTotal:             0 kB\nSwapFree:              0 kB\nDirty:                 0 kB\nWriteback:             0 kB\nAnonPages:         26828 kB\nMapped:            13228 kB\nShmem:                 0 kB",
        "cpuinfo": "Architecture:        x86_64\nCPU op-mode(s):      32-bit, 64-bit\nByte Order:          Little Endian\nCPU(s):              2\nOn-line CPU(s) list: 0,1\nVendor ID:           GenuineIntel\nCPU family:          6\nModel:               85\nModel name:          unknown\nStepping:            unknown\nCPU MHz:             2693.409\nBogoMIPS:            2693.41\nVirtualization:      VT-x\nFlags:               fpu vme de pse tsc msr pae mce cx8 apic sep mtrr pge mca cmov pat pse36 clflush dts acpi mmx fxsr sse sse2 ss ht tm pbe syscall nx pdpe1gb rdtscp lm pni pclmulqdq dtes64 monitor ds_cpl vmx smx est tm2 ssse3 sdbg fma cx16 xtpr pdcm pcid dca sse4_1 sse4_2 x2apic movbe popcnt tsc_deadline_timer aes xsave avx f16c rdrand lahf_lm abm 3dnowprefetch fsgsbase tsc_adjust bmi1 hle avx2 smep bmi2 erms invpcid rtm cqm mpx rdt_a avx512f avx512dq rdseed adx smap clwb avx512cd avx512bw avx512vl xsaveopt xsavec xgetbv1 xsaves pku"
    }
},
{
    "pystart_ms": 1588923968768.549,
    "pyend_ms": 1588923974426.6707,
    "pyduration_ms": 5658.12158203125,
    "func_data": {
        "initTime_ms": 1588923972996.2202,
        "endTime_ms": 1588923974295.8044,
        "duration_ms": 1299.5843887329102,
        "executionID": "oxg9fo4c18m2",
        "containerID": "128d7137-6785-4814-9308-c99f397fdee7",
        "uptime": "3.10",
        "meminfo": "MemTotal:        2097152 kB\nMemFree:         2050488 kB\nMemAvailable:    2050488 kB\nBuffers:               0 kB\nCached:            13244 kB\nSwapCache:             0 kB\nActive:            33572 kB\nInactive:           6624 kB\nActive(anon):      26952 kB\nInactive(anon):        0 kB\nActive(file):       6620 kB\nInactive(file):     6624 kB\nUnevictable:           0 kB\nMlocked:               0 kB\nSwapTotal:             0 kB\nSwapFree:              0 kB\nDirty:                 0 kB\nWriteback:             0 kB\nAnonPages:         26952 kB\nMapped:            13244 kB\nShmem:                 0 kB",
        "cpuinfo": "Architecture:        x86_64\nCPU op-mode(s):      32-bit, 64-bit\nByte Order:          Little Endian\nCPU(s):              2\nOn-line CPU(s) list: 0,1\nVendor ID:           GenuineIntel\nCPU family:          6\nModel:               85\nModel name:          unknown\nStepping:            unknown\nCPU MHz:             2606.688\nBogoMIPS:            2606.69\nVirtualization:      VT-x\nFlags:               fpu vme de pse tsc msr pae mce cx8 apic sep mtrr pge mca cmov pat pse36 clflush dts acpi mmx fxsr sse sse2 ss ht tm pbe syscall nx pdpe1gb rdtscp lm pni pclmulqdq dtes64 monitor ds_cpl vmx smx est tm2 ssse3 sdbg fma cx16 xtpr pdcm pcid dca sse4_1 sse4_2 x2apic movbe popcnt tsc_deadline_timer aes xsave avx f16c rdrand lahf_lm abm 3dnowprefetch fsgsbase tsc_adjust bmi1 hle avx2 smep bmi2 erms invpcid rtm cqm mpx rdt_a avx512f avx512dq rdseed adx smap clwb avx512cd avx512bw avx512vl xsaveopt xsavec xgetbv1 xsaves pku"
    }
},
{
    "pystart_ms": 1588923968769.549,
    "pyend_ms": 1588923974435.669,
    "pyduration_ms": 5666.119873046875,
    "func_data": {
        "initTime_ms": 1588923973057.5647,
        "endTime_ms": 1588923974353.6128,
        "duration_ms": 1296.0481643676758,
        "executionID": "4momhbxgo42g",
        "containerID": "7dd97b56-b347-4e49-9fa2-227ca93fe1a8",
        "uptime": "3.16",
        "meminfo": "MemTotal:        2097152 kB\nMemFree:         2051732 kB\nMemAvailable:    2051732 kB\nBuffers:               0 kB\nCached:            13228 kB\nSwapCache:             0 kB\nActive:            32336 kB\nInactive:           6616 kB\nActive(anon):      25724 kB\nInactive(anon):        0 kB\nActive(file):       6612 kB\nInactive(file):     6616 kB\nUnevictable:           0 kB\nMlocked:               0 kB\nSwapTotal:             0 kB\nSwapFree:              0 kB\nDirty:                 0 kB\nWriteback:             0 kB\nAnonPages:         25724 kB\nMapped:            13228 kB\nShmem:                 0 kB",
        "cpuinfo": "Architecture:        x86_64\nCPU op-mode(s):      32-bit, 64-bit\nByte Order:          Little Endian\nCPU(s):              2\nOn-line CPU(s) list: 0,1\nVendor ID:           GenuineIntel\nCPU family:          6\nModel:               85\nModel name:          unknown\nStepping:            unknown\nCPU MHz:             2692.345\nBogoMIPS:            2692.34\nVirtualization:      VT-x\nFlags:               fpu vme de pse tsc msr pae mce cx8 apic sep mtrr pge mca cmov pat pse36 clflush dts acpi mmx fxsr sse sse2 ss ht tm pbe syscall nx pdpe1gb rdtscp lm pni pclmulqdq dtes64 monitor ds_cpl vmx smx est tm2 ssse3 sdbg fma cx16 xtpr pdcm pcid dca sse4_1 sse4_2 x2apic movbe popcnt tsc_deadline_timer aes xsave avx f16c rdrand lahf_lm abm 3dnowprefetch fsgsbase tsc_adjust bmi1 hle avx2 smep bmi2 erms invpcid rtm cqm mpx rdt_a avx512f avx512dq rdseed adx smap clwb avx512cd avx512bw avx512vl xsaveopt xsavec xgetbv1 xsaves pku"
    }
},
{
    "pystart_ms": 1588923968775.5488,
    "pyend_ms": 1588923974539.6362,
    "pyduration_ms": 5764.08740234375,
    "func_data": {
        "initTime_ms": 1588923973212.505,
        "endTime_ms": 1588923974455.419,
        "duration_ms": 1242.9139614105225,
        "executionID": "5u0rsx2vgwwq",
        "containerID": "4beb1850-1b9d-4641-86cf-393f393c458a",
        "uptime": "3.00",
        "meminfo": "MemTotal:        2097152 kB\nMemFree:         2050928 kB\nMemAvailable:    2050928 kB\nBuffers:               0 kB\nCached:            13228 kB\nSwapCache:             0 kB\nActive:            33140 kB\nInactive:           6616 kB\nActive(anon):      26528 kB\nInactive(anon):        0 kB\nActive(file):       6612 kB\nInactive(file):     6616 kB\nUnevictable:           0 kB\nMlocked:               0 kB\nSwapTotal:             0 kB\nSwapFree:              0 kB\nDirty:                 0 kB\nWriteback:             0 kB\nAnonPages:         26528 kB\nMapped:            13228 kB\nShmem:                 0 kB",
        "cpuinfo": "Architecture:        x86_64\nCPU op-mode(s):      32-bit, 64-bit\nByte Order:          Little Endian\nCPU(s):              2\nOn-line CPU(s) list: 0,1\nVendor ID:           GenuineIntel\nCPU family:          6\nModel:               85\nModel name:          unknown\nStepping:            unknown\nCPU MHz:             2460.838\nBogoMIPS:            2460.84\nVirtualization:      VT-x\nFlags:               fpu vme de pse tsc msr pae mce cx8 apic sep mtrr pge mca cmov pat pse36 clflush dts acpi mmx fxsr sse sse2 ss ht tm pbe syscall nx pdpe1gb rdtscp lm pni pclmulqdq dtes64 monitor ds_cpl vmx smx est tm2 ssse3 sdbg fma cx16 xtpr pdcm pcid dca sse4_1 sse4_2 x2apic movbe popcnt tsc_deadline_timer aes xsave avx f16c rdrand lahf_lm abm 3dnowprefetch fsgsbase tsc_adjust bmi1 hle avx2 smep bmi2 erms invpcid rtm cqm mpx rdt_a avx512f avx512dq rdseed adx smap clwb avx512cd avx512bw avx512vl xsaveopt xsavec xgetbv1 xsaves pku"
    }
},
{
    "pystart_ms": 1588923968794.5496,
    "pyend_ms": 1588923974563.0117,
    "pyduration_ms": 5768.462158203125,
    "func_data": {
        "initTime_ms": 1588923973072.0159,
        "endTime_ms": 1588923974471.8499,
        "duration_ms": 1399.834156036377,
        "executionID": "vvaz4dvkwsss",
        "containerID": "6467e2aa-73b2-4dc8-a3a7-8ed8197094e5",
        "uptime": "3.23",
