
{
    "pystart_ms": 1588923081398.4973,
    "pyend_ms": 1588923083444.4314,
    "pyduration_ms": 2045.93408203125,
    "func_data": {
        "initTime_ms": 1588923081623.5964,
        "endTime_ms": 1588923083362.4453,
        "duration_ms": 1738.8489246368408,
        "executionID": "1px55yop8mfu",
        "containerID": "f98d1dfe-69ac-4cda-b718-9c6bd4d9fdd2",
        "uptime": "567.53",
        "meminfo": "MemTotal:        2097152 kB\nMemFree:         2050504 kB\nMemAvailable:    2050504 kB\nBuffers:               0 kB\nCached:            19068 kB\nSwapCache:             0 kB\nActive:            37100 kB\nInactive:           9536 kB\nActive(anon):      27568 kB\nInactive(anon):        0 kB\nActive(file):       9532 kB\nInactive(file):     9536 kB\nUnevictable:           0 kB\nMlocked:               0 kB\nSwapTotal:             0 kB\nSwapFree:              0 kB\nDirty:                 0 kB\nWriteback:             0 kB\nAnonPages:         27568 kB\nMapped:            19068 kB\nShmem:                 0 kB",
        "cpuinfo": "Architecture:        x86_64\nCPU op-mode(s):      32-bit, 64-bit\nByte Order:          Little Endian\nCPU(s):              2\nOn-line CPU(s) list: 0,1\nVendor ID:           GenuineIntel\nCPU family:          6\nModel:               85\nModel name:          unknown\nStepping:            unknown\nCPU MHz:             2700.136\nBogoMIPS:            2700.14\nVirtualization:      VT-x\nFlags:               fpu vme de pse tsc msr pae mce cx8 apic sep mtrr pge mca cmov pat pse36 clflush dts acpi mmx fxsr sse sse2 ss ht tm pbe syscall nx pdpe1gb rdtscp lm pni pclmulqdq dtes64 monitor ds_cpl vmx smx est tm2 ssse3 sdbg fma cx16 xtpr pdcm pcid dca sse4_1 sse4_2 x2apic movbe popcnt tsc_deadline_timer aes xsave avx f16c rdrand lahf_lm abm 3dnowprefetch fsgsbase tsc_adjust bmi1 hle avx2 smep bmi2 erms invpcid rtm cqm mpx rdt_a avx512f avx512dq rdseed adx smap clwb avx512cd avx512bw avx512vl xsaveopt xsavec xgetbv1 xsaves pku"
    }
},
{
    "pystart_ms": 1588923081405.486,
    "pyend_ms": 1588923083702.1643,
    "pyduration_ms": 2296.67822265625,
    "func_data": {
        "initTime_ms": 1588923081726.139,
        "endTime_ms": 1588923083623.2004,
        "duration_ms": 1897.0615863800049,
        "executionID": "apxw8gjmsv2z",
        "containerID": "71f58085-73c5-440e-b5d5-7a816678421e",
        "uptime": "93.99",
        "meminfo": "MemTotal:        2097152 kB\nMemFree:         2047612 kB\nMemAvailable:    2047612 kB\nBuffers:               0 kB\nCached:            13836 kB\nSwapCache:             0 kB\nActive:            36152 kB\nInactive:           6920 kB\nActive(anon):      29236 kB\nInactive(anon):        0 kB\nActive(file):       6916 kB\nInactive(file):     6920 kB\nUnevictable:           0 kB\nMlocked:               0 kB\nSwapTotal:             0 kB\nSwapFree:              0 kB\nDirty:                 0 kB\nWriteback:             0 kB\nAnonPages:         29236 kB\nMapped:            13836 kB\nShmem:                 0 kB",
        "cpuinfo": "Architecture:        x86_64\nCPU op-mode(s):      32-bit, 64-bit\nByte Order:          Little Endian\nCPU(s):              2\nOn-line CPU(s) list: 0,1\nVendor ID:           GenuineIntel\nCPU family:          6\nModel:               85\nModel name:          unknown\nStepping:            unknown\nCPU MHz:             2685.576\nBogoMIPS:            2685.58\nVirtualization:      VT-x\nFlags:               fpu vme de pse tsc msr pae mce cx8 apic sep mtrr pge mca cmov pat pse36 clflush dts acpi mmx fxsr sse sse2 ss ht tm pbe syscall nx pdpe1gb rdtscp lm pni pclmulqdq dtes64 monitor ds_cpl vmx smx est tm2 ssse3 sdbg fma cx16 xtpr pdcm pcid dca sse4_1 sse4_2 x2apic movbe popcnt tsc_deadline_timer aes xsave avx f16c rdrand lahf_lm abm 3dnowprefetch fsgsbase tsc_adjust bmi1 hle avx2 smep bmi2 erms invpcid rtm cqm mpx rdt_a avx512f avx512dq rdseed adx smap clwb avx512cd avx512bw avx512vl xsaveopt xsavec xgetbv1 xsaves pku"
    }
},
{
    "pystart_ms": 1588923081402.486,
    "pyend_ms": 1588923086283.7317,
    "pyduration_ms": 4881.24560546875,
    "func_data": {
        "initTime_ms": 1588923084892.3218,
        "endTime_ms": 1588923086194.431,
        "duration_ms": 1302.1090030670166,
        "executionID": "rt4x2t8sddl5",
        "containerID": "994a6006-dcaa-4347-9576-08d14c6ed659",
        "uptime": "2.40",
        "meminfo": "MemTotal:        2097152 kB\nMemFree:         2049028 kB\nMemAvailable:    2049028 kB\nBuffers:               0 kB\nCached:            13364 kB\nSwapCache:             0 kB\nActive:            34972 kB\nInactive:           6684 kB\nActive(anon):      28292 kB\nInactive(anon):        0 kB\nActive(file):       6680 kB\nInactive(file):     6684 kB\nUnevictable:           0 kB\nMlocked:               0 kB\nSwapTotal:             0 kB\nSwapFree:              0 kB\nDirty:                 0 kB\nWriteback:             0 kB\nAnonPages:         28292 kB\nMapped:            13364 kB\nShmem:                 0 kB",
        "cpuinfo": "Architecture:        x86_64\nCPU op-mode(s):      32-bit, 64-bit\nByte Order:          Little Endian\nCPU(s):              2\nOn-line CPU(s) list: 0,1\nVendor ID:           GenuineIntel\nCPU family:          6\nModel:               85\nModel name:          unknown\nStepping:            unknown\nCPU MHz:             2700.232\nBogoMIPS:            2700.23\nVirtualization:      VT-x\nFlags:               fpu vme de pse tsc msr pae mce cx8 apic sep mtrr pge mca cmov pat pse36 clflush dts acpi mmx fxsr sse sse2 ss ht tm pbe syscall nx pdpe1gb rdtscp lm pni pclmulqdq dtes64 monitor ds_cpl vmx smx est tm2 ssse3 sdbg fma cx16 xtpr pdcm pcid dca sse4_1 sse4_2 x2apic movbe popcnt tsc_deadline_timer aes xsave avx f16c rdrand lahf_lm abm 3dnowprefetch fsgsbase tsc_adjust bmi1 hle avx2 smep bmi2 erms invpcid rtm cqm mpx rdt_a avx512f avx512dq rdseed adx smap clwb avx512cd avx512bw avx512vl xsaveopt xsavec xgetbv1 xsaves pku"
    }
},
{
    "pystart_ms": 1588923081422.4856,
    "pyend_ms": 1588923086510.0215,
    "pyduration_ms": 5087.535888671875,
    "func_data": {
        "initTime_ms": 1588923085121.7048,
        "endTime_ms": 1588923086410.3906,
        "duration_ms": 1288.6857986450195,
        "executionID": "n9v8xjzh3n9f",
        "containerID": "3a928a10-4d9f-429c-832d-80d3d6df3c9a",
        "uptime": "2.45",
        "meminfo": "MemTotal:        2097152 kB\nMemFree:         2047820 kB\nMemAvailable:    2047820 kB\nBuffers:               0 kB\nCached:            13388 kB\nSwapCache:             0 kB\nActive:            36168 kB\nInactive:           6696 kB\nActive(anon):      29476 kB\nInactive(anon):        0 kB\nActive(file):       6692 kB\nInactive(file):     6696 kB\nUnevictable:           0 kB\nMlocked:               0 kB\nSwapTotal:             0 kB\nSwapFree:              0 kB\nDirty:                 0 kB\nWriteback:             0 kB\nAnonPages:         29476 kB\nMapped:            13388 kB\nShmem:                 0 kB",
        "cpuinfo": "Architecture:        x86_64\nCPU op-mode(s):      32-bit, 64-bit\nByte Order:          Little Endian\nCPU(s):              2\nOn-line CPU(s) list: 0,1\nVendor ID:           GenuineIntel\nCPU family:          6\nModel:               85\nModel name:          unknown\nStepping:            unknown\nCPU MHz:             2616.668\nBogoMIPS:            2616.67\nVirtualization:      VT-x\nFlags:               fpu vme de pse tsc msr pae mce cx8 apic sep mtrr pge mca cmov pat pse36 clflush dts acpi mmx fxsr sse sse2 ss ht tm pbe syscall nx pdpe1gb rdtscp lm pni pclmulqdq dtes64 monitor ds_cpl vmx smx est tm2 ssse3 sdbg fma cx16 xtpr pdcm pcid dca sse4_1 sse4_2 x2apic movbe popcnt tsc_deadline_timer aes xsave avx f16c rdrand lahf_lm abm 3dnowprefetch fsgsbase tsc_adjust bmi1 hle avx2 smep bmi2 erms invpcid rtm cqm mpx rdt_a avx512f avx512dq rdseed adx smap clwb avx512cd avx512bw avx512vl xsaveopt xsavec xgetbv1 xsaves pku"
    }
},
{
    "pystart_ms": 1588923081422.4856,
    "pyend_ms": 1588923086676.789,
    "pyduration_ms": 5254.303466796875,
    "func_data": {
        "initTime_ms": 1588923085366.1343,
        "endTime_ms": 1588923086571.496,
        "duration_ms": 1205.3618431091309,
        "executionID": "43zbnl0yug68",
        "containerID": "35aebf44-4bcb-4a3e-8286-a2aa43fdd67a",
        "uptime": "2.49",
        "meminfo": "MemTotal:        2097152 kB\nMemFree:         2052128 kB\nMemAvailable:    2052128 kB\nBuffers:               0 kB\nCached:            13228 kB\nSwapCache:             0 kB\nActive:            31940 kB\nInactive:           6616 kB\nActive(anon):      25328 kB\nInactive(anon):        0 kB\nActive(file):       6612 kB\nInactive(file):     6616 kB\nUnevictable:           0 kB\nMlocked:               0 kB\nSwapTotal:             0 kB\nSwapFree:              0 kB\nDirty:                 0 kB\nWriteback:             0 kB\nAnonPages:         25328 kB\nMapped:            13228 kB\nShmem:                 0 kB",
        "cpuinfo": "Architecture:        x86_64\nCPU op-mode(s):      32-bit, 64-bit\nByte Order:          Little Endian\nCPU(s):              2\nOn-line CPU(s) list: 0,1\nVendor ID:           GenuineIntel\nCPU family:          6\nModel:               85\nModel name:          unknown\nStepping:            unknown\nCPU MHz:             2549.185\nBogoMIPS:            2549.18\nVirtualization:      VT-x\nFlags:               fpu vme de pse tsc msr pae mce cx8 apic sep mtrr pge mca cmov pat pse36 clflush dts acpi mmx fxsr sse sse2 ss ht tm pbe syscall nx pdpe1gb rdtscp lm pni pclmulqdq dtes64 monitor ds_cpl vmx smx est tm2 ssse3 sdbg fma cx16 xtpr pdcm pcid dca sse4_1 sse4_2 x2apic movbe popcnt tsc_deadline_timer aes xsave avx f16c rdrand lahf_lm abm 3dnowprefetch fsgsbase tsc_adjust bmi1 hle avx2 smep bmi2 erms invpcid rtm cqm mpx rdt_a avx512f avx512dq rdseed adx smap clwb avx512cd avx512bw avx512vl xsaveopt xsavec xgetbv1 xsaves pku"
    }
},
{
    "pystart_ms": 1588923081407.4858,
    "pyend_ms": 1588923086865.7341,
    "pyduration_ms": 5458.248291015625,
    "func_data": {
        "initTime_ms": 1588923085495.9263,
        "endTime_ms": 1588923086765.9226,
        "duration_ms": 1269.996166229248,
        "executionID": "gg1ay3ayxrmm",
        "containerID": "f914fb5e-702b-4334-a3e3-ee273a362020",
        "uptime": "3.20",
        "meminfo": "MemTotal:        2097152 kB\nMemFree:         2049340 kB\nMemAvailable:    2049340 kB\nBuffers:               0 kB\nCached:            13364 kB\nSwapCache:             0 kB\nActive:            34660 kB\nInactive:           6684 kB\nActive(anon):      27980 kB\nInactive(anon):        0 kB\nActive(file):       6680 kB\nInactive(file):     6684 kB\nUnevictable:           0 kB\nMlocked:               0 kB\nSwapTotal:             0 kB\nSwapFree:              0 kB\nDirty:                 0 kB\nWriteback:             0 kB\nAnonPages:         27980 kB\nMapped:            13364 kB\nShmem:                 0 kB",
        "cpuinfo": "Architecture:        x86_64\nCPU op-mode(s):      32-bit, 64-bit\nByte Order:          Little Endian\nCPU(s):              2\nOn-line CPU(s) list: 0,1\nVendor ID:           GenuineIntel\nCPU family:          6\nModel:               85\nModel name:          unknown\nStepping:            unknown\nCPU MHz:             2700.257\nBogoMIPS:            2700.26\nVirtualization:      VT-x\nFlags:               fpu vme de pse tsc msr pae mce cx8 apic sep mtrr pge mca cmov pat pse36 clflush dts acpi mmx fxsr sse sse2 ss ht tm pbe syscall nx pdpe1gb rdtscp lm pni pclmulqdq dtes64 monitor ds_cpl vmx smx est tm2 ssse3 sdbg fma cx16 xtpr pdcm pcid dca sse4_1 sse4_2 x2apic movbe popcnt tsc_deadline_timer aes xsave avx f16c rdrand lahf_lm abm 3dnowprefetch fsgsbase tsc_adjust bmi1 hle avx2 smep bmi2 erms invpcid rtm cqm mpx rdt_a avx512f avx512dq rdseed adx smap clwb avx512cd avx512bw avx512vl xsaveopt xsavec xgetbv1 xsaves pku"
    }
},
{
    "pystart_ms": 1588923081411.5024,
    "pyend_ms": 1588923086978.4646,
    "pyduration_ms": 5566.962158203125,
    "func_data": {
        "initTime_ms": 1588923085605.8516,
        "endTime_ms": 1588923086892.3635,
        "duration_ms": 1286.5118980407715,
        "executionID": "1ackk6ts5ovs",
        "containerID": "25c988fa-06f1-47fc-bd47-1f6d7614d689",
        "uptime": "3.02",
        "meminfo": "MemTotal:        2097152 kB\nMemFree:         2047712 kB\nMemAvailable:    2047712 kB\nBuffers:               0 kB\nCached:            13212 kB\nSwapCache:             0 kB\nActive:            36364 kB\nInactive:           6608 kB\nActive(anon):      29760 kB\nInactive(anon):        0 kB\nActive(file):       6604 kB\nInactive(file):     6608 kB\nUnevictable:           0 kB\nMlocked:               0 kB\nSwapTotal:             0 kB\nSwapFree:              0 kB\nDirty:                 0 kB\nWriteback:             0 kB\nAnonPages:         29760 kB\nMapped:            13212 kB\nShmem:                 0 kB",
        "cpuinfo": "Architecture:        x86_64\nCPU op-mode(s):      32-bit, 64-bit\nByte Order:          Little Endian\nCPU(s):              2\nOn-line CPU(s) list: 0,1\nVendor ID:           GenuineIntel\nCPU family:          6\nModel:               85\nModel name:          unknown\nStepping:            unknown\nCPU MHz:             2681.771\nBogoMIPS:            2681.77\nVirtualization:      VT-x\nFlags:               fpu vme de pse tsc msr pae mce cx8 apic sep mtrr pge mca cmov pat pse36 clflush dts acpi mmx fxsr sse sse2 ss ht tm pbe syscall nx pdpe1gb rdtscp lm pni pclmulqdq dtes64 monitor ds_cpl vmx smx est tm2 ssse3 sdbg fma cx16 xtpr pdcm pcid dca sse4_1 sse4_2 x2apic movbe popcnt tsc_deadline_timer aes xsave avx f16c rdrand lahf_lm abm 3dnowprefetch fsgsbase tsc_adjust bmi1 hle avx2 smep bmi2 erms invpcid rtm cqm mpx rdt_a avx512f avx512dq rdseed adx smap clwb avx512cd avx512bw avx512vl xsaveopt xsavec xgetbv1 xsaves pku"
    }
},
{
    "pystart_ms": 1588923081420.4866,
    "pyend_ms": 1588923087037.3994,
    "pyduration_ms": 5616.912841796875,
    "func_data": {
        "initTime_ms": 1588923085677.5771,
        "endTime_ms": 1588923086952.2935,
        "duration_ms": 1274.7161388397217,
        "executionID": "akq2gb9vgt3w",
        "containerID": "a48f17c5-13bb-4826-905c-e75e35054165",
        "uptime": "2.98",
        "meminfo": "MemTotal:        2097152 kB\nMemFree:         2048408 kB\nMemAvailable:    2048408 kB\nBuffers:               0 kB\nCached:            13228 kB\nSwapCache:             0 kB\nActive:            35660 kB\nInactive:           6616 kB\nActive(anon):      29048 kB\nInactive(anon):        0 kB\nActive(file):       6612 kB\nInactive(file):     6616 kB\nUnevictable:           0 kB\nMlocked:               0 kB\nSwapTotal:             0 kB\nSwapFree:              0 kB\nDirty:                 0 kB\nWriteback:             0 kB\nAnonPages:         29048 kB\nMapped:            13228 kB\nShmem:                 0 kB",
        "cpuinfo": "Architecture:        x86_64\nCPU op-mode(s):      32-bit, 64-bit\nByte Order:          Little Endian\nCPU(s):              2\nOn-line CPU(s) list: 0,1\nVendor ID:           GenuineIntel\nCPU family:          6\nModel:               85\nModel name:          unknown\nStepping:            unknown\nCPU MHz:             2539.505\nBogoMIPS:            2539.51\nVirtualization:      VT-x\nFlags:               fpu vme de pse tsc msr pae mce cx8 apic sep mtrr pge mca cmov pat pse36 clflush dts acpi mmx fxsr sse sse2 ss ht tm pbe syscall nx pdpe1gb rdtscp lm pni pclmulqdq dtes64 monitor ds_cpl vmx smx est tm2 ssse3 sdbg fma cx16 xtpr pdcm pcid dca sse4_1 sse4_2 x2apic movbe popcnt tsc_deadline_timer aes xsave avx f16c rdrand lahf_lm abm 3dnowprefetch fsgsbase tsc_adjust bmi1 hle avx2 smep bmi2 erms invpcid rtm cqm mpx rdt_a avx512f avx512dq rdseed adx smap clwb avx512cd avx512bw avx512vl xsaveopt xsavec xgetbv1 xsaves pku"
    }
},
{
    "pystart_ms": 1588923081413.5308,
    "pyend_ms": 1588923087106.137,
    "pyduration_ms": 5692.606201171875,
    "func_data": {
        "initTime_ms": 1588923085644.3206,
        "endTime_ms": 1588923087007.6567,
        "duration_ms": 1363.3363246917725,
        "executionID": "o7u2qz7bm9tt",
        "containerID": "4c1ff770-3991-4833-97b8-facf17338df8",
        "uptime": "2.81",
        "meminfo": "MemTotal:        2097152 kB\nMemFree:         2047460 kB\nMemAvailable:    2047460 kB\nBuffers:               0 kB\nCached:            13228 kB\nSwapCache:             0 kB\nActive:            36608 kB\nInactive:           6616 kB\nActive(anon):      29996 kB\nInactive(anon):        0 kB\nActive(file):       6612 kB\nInactive(file):     6616 kB\nUnevictable:           0 kB\nMlocked:               0 kB\nSwapTotal:             0 kB\nSwapFree:              0 kB\nDirty:                 0 kB\nWriteback:             0 kB\nAnonPages:         29996 kB\nMapped:            13228 kB\nShmem:                 0 kB",
        "cpuinfo": "Architecture:        x86_64\nCPU op-mode(s):      32-bit, 64-bit\nByte Order:          Little Endian\nCPU(s):              2\nOn-line CPU(s) list: 0,1\nVendor ID:           GenuineIntel\nCPU family:          6\nModel:               85\nModel name:          unknown\nStepping:            unknown\nCPU MHz:             2660.115\nBogoMIPS:            2660.11\nVirtualization:      VT-x\nFlags:               fpu vme de pse tsc msr pae mce cx8 apic sep mtrr pge mca cmov pat pse36 clflush dts acpi mmx fxsr sse sse2 ss ht tm pbe syscall nx pdpe1gb rdtscp lm pni pclmulqdq dtes64 monitor ds_cpl vmx smx est tm2 ssse3 sdbg fma cx16 xtpr pdcm pcid dca sse4_1 sse4_2 x2apic movbe popcnt tsc_deadline_timer aes xsave avx f16c rdrand lahf_lm abm 3dnowprefetch fsgsbase tsc_adjust bmi1 hle avx2 smep bmi2 erms invpcid rtm cqm mpx rdt_a avx512f avx512dq rdseed adx smap clwb avx512cd avx512bw avx512vl xsaveopt xsavec xgetbv1 xsaves pku"
    }
},
{
    "pystart_ms": 1588923081418.4863,
    "pyend_ms": 1588923087188.1033,
    "pyduration_ms": 5769.616943359375,
    "func_data": {
        "initTime_ms": 1588923085804.051,
        "endTime_ms": 1588923087098.3674,
        "duration_ms": 1294.3165302276611,
        "executionID": "hq8cl7i2l6w6",
        "containerID": "1ec5cbde-af8d-4125-a4e8-ae5726a4a56a",
        "uptime": "3.12",
        "meminfo": "MemTotal:        2097152 kB\nMemFree:         2048724 kB\nMemAvailable:    2048724 kB\nBuffers:               0 kB\nCached:            13228 kB\nSwapCache:             0 kB\nActive:            35344 kB\nInactive:           6616 kB\nActive(anon):      28732 kB\nInactive(anon):        0 kB\nActive(file):       6612 kB\nInactive(file):     6616 kB\nUnevictable:           0 kB\nMlocked:               0 kB\nSwapTotal:             0 kB\nSwapFree:              0 kB\nDirty:                 0 kB\nWriteback:             0 kB\nAnonPages:         28732 kB\nMapped:            13228 kB\nShmem:                 0 kB",
        "cpuinfo": "Architecture:        x86_64\nCPU op-mode(s):      32-bit, 64-bit\nByte Order:          Little Endian\nCPU(s):              2\nOn-line CPU(s) list: 0,1\nVendor ID:           GenuineIntel\nCPU family:          6\nModel:               85\nModel name:          unknown\nStepping:            unknown\nCPU MHz:             2691.631\nBogoMIPS:            2691.63\nVirtualization:      VT-x\nFlags:               fpu vme de pse tsc msr pae mce cx8 apic sep mtrr pge mca cmov pat pse36 clflush dts acpi mmx fxsr sse sse2 ss ht tm pbe syscall nx pdpe1gb rdtscp lm pni pclmulqdq dtes64 monitor ds_cpl vmx smx est tm2 ssse3 sdbg fma cx16 xtpr pdcm pcid dca sse4_1 sse4_2 x2apic movbe popcnt tsc_deadline_timer aes xsave avx f16c rdrand lahf_lm abm 3dnowprefetch fsgsbase tsc_adjust bmi1 hle avx2 smep bmi2 erms invpcid rtm cqm mpx rdt_a avx512f avx512dq rdseed adx smap clwb avx512cd avx512bw avx512vl xsaveopt xsavec xgetbv1 xsaves pku"
    }
},
{
    "pystart_ms": 1588923081423.4858,
    "pyend_ms": 1588923087225.5298,
    "pyduration_ms": 5802.0439453125,
    "func_data": {
        "initTime_ms": 1588923085797.0403,
        "endTime_ms": 1588923087096.2568,
        "duration_ms": 1299.2165088653564,
        "executionID": "d1rbu1yjyij4",
        "containerID": "c92a37ff-3170-4da9-b0d5-c467dd9e81dc",
        "uptime": "3.23",
        "meminfo": "MemTotal:        2097152 kB\nMemFree:         2050308 kB\nMemAvailable:    2050308 kB\nBuffers:               0 kB\nCached:            13240 kB\nSwapCache:             0 kB\nActive:            33756 kB\nInactive:           6620 kB\nActive(anon):      27136 kB\nInactive(anon):        0 kB\nActive(file):       6620 kB\nInactive(file):     6620 kB\nUnevictable:           0 kB\nMlocked:               0 kB\nSwapTotal:             0 kB\nSwapFree:              0 kB\nDirty:                 0 kB\nWriteback:             0 kB\nAnonPages:         27136 kB\nMapped:            13240 kB\nShmem:                 0 kB",
        "cpuinfo": "Architecture:        x86_64\nCPU op-mode(s):      32-bit, 64-bit\nByte Order:          Little Endian\nCPU(s):              2\nOn-line CPU(s) list: 0,1\nVendor ID:           GenuineIntel\nCPU family:          6\nModel:               85\nModel name:          unknown\nStepping:            unknown\nCPU MHz:             2624.918\nBogoMIPS:            2624.92\nVirtualization:      VT-x\nFlags:               fpu vme de pse tsc msr pae mce cx8 apic sep mtrr pge mca cmov pat pse36 clflush dts acpi mmx fxsr sse sse2 ss ht tm pbe syscall nx pdpe1gb rdtscp lm pni pclmulqdq dtes64 monitor ds_cpl vmx smx est tm2 ssse3 sdbg fma cx16 xtpr pdcm pcid dca sse4_1 sse4_2 x2apic movbe popcnt tsc_deadline_timer aes xsave avx f16c rdrand lahf_lm abm 3dnowprefetch fsgsbase tsc_adjust bmi1 hle avx2 smep bmi2 erms invpcid rtm cqm mpx rdt_a avx512f avx512dq rdseed adx smap clwb avx512cd avx512bw avx512vl xsaveopt xsavec xgetbv1 xsaves pku"
    }
},
{
    "pystart_ms": 1588923081416.5254,
    "pyend_ms": 1588923087267.1272,
    "pyduration_ms": 5850.601806640625,
    "func_data": {
        "initTime_ms": 1588923085967.5378,
        "endTime_ms": 1588923087179.1929,
        "duration_ms": 1211.6549015045166,
        "executionID": "4q2upzzkpnie",
        "containerID": "2621d8ae-4398-4e92-b8c6-49b057235e1c",
        "uptime": "3.22",
        "meminfo": "MemTotal:        2097152 kB\nMemFree:         2051672 kB\nMemAvailable:    2051672 kB\nBuffers:               0 kB\nCached:            13228 kB\nSwapCache:             0 kB\nActive:            32396 kB\nInactive:           6616 kB\nActive(anon):      25784 kB\nInactive(anon):        0 kB\nActive(file):       6612 kB\nInactive(file):     6616 kB\nUnevictable:           0 kB\nMlocked:               0 kB\nSwapTotal:             0 kB\nSwapFree:              0 kB\nDirty:                 0 kB\nWriteback:             0 kB\nAnonPages:         25784 kB\nMapped:            13228 kB\nShmem:                 0 kB",
        "cpuinfo": "Architecture:        x86_64\nCPU op-mode(s):      32-bit, 64-bit\nByte Order:          Little Endian\nCPU(s):              2\nOn-line CPU(s) list: 0,1\nVendor ID:           GenuineIntel\nCPU family:          6\nModel:               85\nModel name:          unknown\nStepping:            unknown\nCPU MHz:             2688.828\nBogoMIPS:            2688.83\nVirtualization:      VT-x\nFlags:               fpu vme de pse tsc msr pae mce cx8 apic sep mtrr pge mca cmov pat pse36 clflush dts acpi mmx fxsr sse sse2 ss ht tm pbe syscall nx pdpe1gb rdtscp lm pni pclmulqdq dtes64 monitor ds_cpl vmx smx est tm2 ssse3 sdbg fma cx16 xtpr pdcm pcid dca sse4_1 sse4_2 x2apic movbe popcnt tsc_deadline_timer aes xsave avx f16c rdrand lahf_lm abm 3dnowprefetch fsgsbase tsc_adjust bmi1 hle avx2 smep bmi2 erms invpcid rtm cqm mpx rdt_a avx512f avx512dq rdseed adx smap clwb avx512cd avx512bw avx512vl xsaveopt xsavec xgetbv1 xsaves pku"
    }
},
{
    "pystart_ms": 1588923081427.526,
    "pyend_ms": 1588923087310.644,
    "pyduration_ms": 5883.1181640625,
    "func_data": {
        "initTime_ms": 1588923085901.1475,
        "endTime_ms": 1588923087227.7964,
        "duration_ms": 1326.6489505767822,
        "executionID": "qbk3doaz8ei5",
        "containerID": "2101a3c6-0833-4c4c-a707-b403d874e082",
        "uptime": "3.57",
        "meminfo": "MemTotal:        2097152 kB\nMemFree:         2047936 kB\nMemAvailable:    2047936 kB\nBuffers:               0 kB\nCached:            13228 kB\nSwapCache:             0 kB\nActive:            36132 kB\nInactive:           6616 kB\nActive(anon):      29520 kB\nInactive(anon):        0 kB\nActive(file):       6612 kB\nInactive(file):     6616 kB\nUnevictable:           0 kB\nMlocked:               0 kB\nSwapTotal:             0 kB\nSwapFree:              0 kB\nDirty:                 0 kB\nWriteback:             0 kB\nAnonPages:         29520 kB\nMapped:            13228 kB\nShmem:                 0 kB",
        "cpuinfo": "Architecture:        x86_64\nCPU op-mode(s):      32-bit, 64-bit\nByte Order:          Little Endian\nCPU(s):              2\nOn-line CPU(s) list: 0,1\nVendor ID:           GenuineIntel\nCPU family:          6\nModel:               79\nModel name:          unknown\nStepping:            unknown\nCPU MHz:             2795.879\nBogoMIPS:            2795.88\nVirtualization:      VT-x\nFlags:               fpu vme de pse tsc msr pae mce cx8 apic sep mtrr pge mca cmov pat pse36 clflush dts acpi mmx fxsr sse sse2 ss ht tm pbe syscall nx pdpe1gb rdtscp lm pni pclmulqdq dtes64 monitor ds_cpl vmx smx est tm2 ssse3 sdbg fma cx16 xtpr pdcm pcid dca sse4_1 sse4_2 x2apic movbe popcnt tsc_deadline_timer aes xsave avx f16c rdrand lahf_lm abm 3dnowprefetch fsgsbase tsc_adjust bmi1 hle avx2 smep bmi2 erms invpcid rtm cqm rdt_a rdseed adx smap xsaveopt"
    }
},
{
    "pystart_ms": 1588923081412.4863,
    "pyend_ms": 1588923087311.6453,
    "pyduration_ms": 5899.158935546875,
    "func_data": {
        "initTime_ms": 1588923085970.8823,
        "endTime_ms": 1588923087221.5066,
        "duration_ms": 1250.624179840088,
        "executionID": "qdsknn0azltc",
        "containerID": "9d431575-b3d4-4ac1-893a-241ff47c4ba4",
        "uptime": "3.07",
        "meminfo": "MemTotal:        2097152 kB\nMemFree:         2051412 kB\nMemAvailable:    2051412 kB\nBuffers:               0 kB\nCached:            13300 kB\nSwapCache:             0 kB\nActive:            32620 kB\nInactive:           6652 kB\nActive(anon):      25972 kB\nInactive(anon):        0 kB\nActive(file):       6648 kB\nInactive(file):     6652 kB\nUnevictable:           0 kB\nMlocked:               0 kB\nSwapTotal:             0 kB\nSwapFree:              0 kB\nDirty:                 0 kB\nWriteback:             0 kB\nAnonPages:         25972 kB\nMapped:            13300 kB\nShmem:                 0 kB",
        "cpuinfo": "Architecture:        x86_64\nCPU op-mode(s):      32-bit, 64-bit\nByte Order:          Little Endian\nCPU(s):              2\nOn-line CPU(s) list: 0,1\nVendor ID:           GenuineIntel\nCPU family:          6\nModel:               85\nModel name:          unknown\nStepping:            unknown\nCPU MHz:             2533.439\nBogoMIPS:            2533.44\nVirtualization:      VT-x\nFlags:               fpu vme de pse tsc msr pae mce cx8 apic sep mtrr pge mca cmov pat pse36 clflush dts acpi mmx fxsr sse sse2 ss ht tm pbe syscall nx pdpe1gb rdtscp lm pni pclmulqdq dtes64 monitor ds_cpl vmx smx est tm2 ssse3 sdbg fma cx16 xtpr pdcm pcid dca sse4_1 sse4_2 x2apic movbe popcnt tsc_deadline_timer aes xsave avx f16c rdrand lahf_lm abm 3dnowprefetch fsgsbase tsc_adjust bmi1 hle avx2 smep bmi2 erms invpcid rtm cqm mpx rdt_a avx512f avx512dq rdseed adx smap clwb avx512cd avx512bw avx512vl xsaveopt xsavec xgetbv1 xsaves pku"
    }
},
{
    "pystart_ms": 1588923081415.4902,
    "pyend_ms": 1588923087329.9795,
    "pyduration_ms": 5914.4892578125,
    "func_data": {
        "initTime_ms": 1588923085984.5127,
        "endTime_ms": 1588923087249.0212,
        "duration_ms": 1264.5084857940674,
        "executionID": "2rzxcrxegfnt",
        "containerID": "1cea590d-db87-4963-94ae-d7b4406fabb6",
        "uptime": "3.31",
        "meminfo": "MemTotal:        2097152 kB\nMemFree:         2050132 kB\nMemAvailable:    2050132 kB\nBuffers:               0 kB\nCached:            13228 kB\nSwapCache:             0 kB\nActive:            33936 kB\nInactive:           6616 kB\nActive(anon):      27324 kB\nInactive(anon):        0 kB\nActive(file):       6612 kB\nInactive(file):     6616 kB\nUnevictable:           0 kB\nMlocked:               0 kB\nSwapTotal:             0 kB\nSwapFree:              0 kB\nDirty:                 0 kB\nWriteback:             0 kB\nAnonPages:         27324 kB\nMapped:            13228 kB\nShmem:                 0 kB",
        "cpuinfo": "Architecture:        x86_64\nCPU op-mode(s):      32-bit, 64-bit\nByte Order:          Little Endian\nCPU(s):              2\nOn-line CPU(s) list: 0,1\nVendor ID:           GenuineIntel\nCPU family:          6\nModel:               85\nModel name:          unknown\nStepping:            unknown\nCPU MHz:             2633.477\nBogoMIPS:            2633.48\nVirtualization:      VT-x\nFlags:               fpu vme de pse tsc msr pae mce cx8 apic sep mtrr pge mca cmov pat pse36 clflush dts acpi mmx fxsr sse sse2 ss ht tm pbe syscall nx pdpe1gb rdtscp lm pni pclmulqdq dtes64 monitor ds_cpl vmx smx est tm2 ssse3 sdbg fma cx16 xtpr pdcm pcid dca sse4_1 sse4_2 x2apic movbe popcnt tsc_deadline_timer aes xsave avx f16c rdrand lahf_lm abm 3dnowprefetch fsgsbase tsc_adjust bmi1 hle avx2 smep bmi2 erms invpcid rtm cqm mpx rdt_a avx512f avx512dq rdseed adx smap clwb avx512cd avx512bw avx512vl xsaveopt xsavec xgetbv1 xsaves pku"
    }
},
{
    "pystart_ms": 1588923081432.5278,
    "pyend_ms": 1588923087332.9832,
    "pyduration_ms": 5900.455322265625,
    "func_data": {
        "initTime_ms": 1588923085850.9573,
        "endTime_ms": 1588923087188.4556,
        "duration_ms": 1337.4981880187988,
        "executionID": "7yvi68mgbx6x",
        "containerID": "c292f29a-8b3d-4f84-8bb7-95bb49d49dfd",
        "uptime": "3.58",
        "meminfo": "MemTotal:        2097152 kB\nMemFree:         2048852 kB\nMemAvailable:    2048852 kB\nBuffers:               0 kB\nCached:            13228 kB\nSwapCache:             0 kB\nActive:            35216 kB\nInactive:           6616 kB\nActive(anon):      28604 kB\nInactive(anon):        0 kB\nActive(file):       6612 kB\nInactive(file):     6616 kB\nUnevictable:           0 kB\nMlocked:               0 kB\nSwapTotal:             0 kB\nSwapFree:              0 kB\nDirty:                 0 kB\nWriteback:             0 kB\nAnonPages:         28604 kB\nMapped:            13228 kB\nShmem:                 0 kB",
        "cpuinfo": "Architecture:        x86_64\nCPU op-mode(s):      32-bit, 64-bit\nByte Order:          Little Endian\nCPU(s):              2\nOn-line CPU(s) list: 0,1\nVendor ID:           GenuineIntel\nCPU family:          6\nModel:               85\nModel name:          unknown\nStepping:            unknown\nCPU MHz:             2700.245\nBogoMIPS:            2700.24\nVirtualization:      VT-x\nFlags:               fpu vme de pse tsc msr pae mce cx8 apic sep mtrr pge mca cmov pat pse36 clflush dts acpi mmx fxsr sse sse2 ss ht tm pbe syscall nx pdpe1gb rdtscp lm pni pclmulqdq dtes64 monitor ds_cpl vmx smx est tm2 ssse3 sdbg fma cx16 xtpr pdcm pcid dca sse4_1 sse4_2 x2apic movbe popcnt tsc_deadline_timer aes xsave avx f16c rdrand lahf_lm abm 3dnowprefetch fsgsbase tsc_adjust bmi1 hle avx2 smep bmi2 erms invpcid rtm cqm mpx rdt_a avx512f avx512dq rdseed adx smap clwb avx512cd avx512bw avx512vl xsaveopt xsavec xgetbv1 xsaves pku"
    }
},
{
    "pystart_ms": 1588923081430.53,
    "pyend_ms": 1588923087337.9824,
    "pyduration_ms": 5907.452392578125,
    "func_data": {
        "initTime_ms": 1588923085912.3418,
        "endTime_ms": 1588923087194.1504,
        "duration_ms": 1281.808614730835,
        "executionID": "bcgeuqmxlh78",
        "containerID": "27919e94-ac97-45e9-9f62-954ea88903e2",
        "uptime": "3.15",
        "meminfo": "MemTotal:        2097152 kB\nMemFree:         2051804 kB\nMemAvailable:    2051804 kB\nBuffers:               0 kB\nCached:            13432 kB\nSwapCache:             0 kB\nActive:            32164 kB\nInactive:           6716 kB\nActive(anon):      25448 kB\nInactive(anon):        0 kB\nActive(file):       6716 kB\nInactive(file):     6716 kB\nUnevictable:           0 kB\nMlocked:               0 kB\nSwapTotal:             0 kB\nSwapFree:              0 kB\nDirty:                 0 kB\nWriteback:             0 kB\nAnonPages:         25448 kB\nMapped:            13432 kB\nShmem:                 0 kB",
        "cpuinfo": "Architecture:        x86_64\nCPU op-mode(s):      32-bit, 64-bit\nByte Order:          Little Endian\nCPU(s):              2\nOn-line CPU(s) list: 0,1\nVendor ID:           GenuineIntel\nCPU family:          6\nModel:               85\nModel name:          unknown\nStepping:            unknown\nCPU MHz:             2573.367\nBogoMIPS:            2573.37\nVirtualization:      VT-x\nFlags:               fpu vme de pse tsc msr pae mce cx8 apic sep mtrr pge mca cmov pat pse36 clflush dts acpi mmx fxsr sse sse2 ss ht tm pbe syscall nx pdpe1gb rdtscp lm pni pclmulqdq dtes64 monitor ds_cpl vmx smx est tm2 ssse3 sdbg fma cx16 xtpr pdcm pcid dca sse4_1 sse4_2 x2apic movbe popcnt tsc_deadline_timer aes xsave avx f16c rdrand lahf_lm abm 3dnowprefetch fsgsbase tsc_adjust bmi1 hle avx2 smep bmi2 erms invpcid rtm cqm mpx rdt_a avx512f avx512dq rdseed adx smap clwb avx512cd avx512bw avx512vl xsaveopt xsavec xgetbv1 xsaves pku"
    }
},
{
    "pystart_ms": 1588923081409.5278,
    "pyend_ms": 1588923087398.399,
    "pyduration_ms": 5988.87109375,
    "func_data": {
        "initTime_ms": 1588923085973.2466,
        "endTime_ms": 1588923087254.2466,
        "duration_ms": 1280.9998989105225,
        "executionID": "96xg6gu99wbq",
        "containerID": "29859cdb-7804-40b2-95b9-028475c1b3b8",
        "uptime": "3.45",
        "meminfo": "MemTotal:        2097152 kB\nMemFree:         2050972 kB\nMemAvailable:    2050972 kB\nBuffers:               0 kB\nCached:            13144 kB\nSwapCache:             0 kB\nActive:            33140 kB\nInactive:           6572 kB\nActive(anon):      26568 kB\nInactive(anon):        0 kB\nActive(file):       6572 kB\nInactive(file):     6572 kB\nUnevictable:           0 kB\nMlocked:               0 kB\nSwapTotal:             0 kB\nSwapFree:              0 kB\nDirty:                 0 kB\nWriteback:             0 kB\nAnonPages:         26568 kB\nMapped:            13144 kB\nShmem:                 0 kB",
        "cpuinfo": "Architecture:        x86_64\nCPU op-mode(s):      32-bit, 64-bit\nByte Order:          Little Endian\nCPU(s):              2\nOn-line CPU(s) list: 0,1\nVendor ID:           GenuineIntel\nCPU family:          6\nModel:               85\nModel name:          unknown\nStepping:            unknown\nCPU MHz:             2624.925\nBogoMIPS:            2624.93\nVirtualization:      VT-x\nFlags:               fpu vme de pse tsc msr pae mce cx8 apic sep mtrr pge mca cmov pat pse36 clflush dts acpi mmx fxsr sse sse2 ss ht tm pbe syscall nx pdpe1gb rdtscp lm pni pclmulqdq dtes64 monitor ds_cpl vmx smx est tm2 ssse3 sdbg fma cx16 xtpr pdcm pcid dca sse4_1 sse4_2 x2apic movbe popcnt tsc_deadline_timer aes xsave avx f16c rdrand lahf_lm abm 3dnowprefetch fsgsbase tsc_adjust bmi1 hle avx2 smep bmi2 erms invpcid rtm cqm mpx rdt_a avx512f avx512dq rdseed adx smap clwb avx512cd avx512bw avx512vl xsaveopt xsavec xgetbv1 xsaves pku"
    }
},
{
    "pystart_ms": 1588923081421.4863,
    "pyend_ms": 1588923087399.3833,
    "pyduration_ms": 5977.89697265625,
    "func_data": {
        "initTime_ms": 1588923085988.156,
        "endTime_ms": 1588923087272.3584,
        "duration_ms": 1284.2023372650146,
        "executionID": "gbucq4ly2ok0",
        "containerID": "4375393d-6cee-492f-aec2-afbbc30898f4",
        "uptime": "3.39",
        "meminfo": "MemTotal:        2097152 kB\nMemFree:         2049444 kB\nMemAvailable:    2049444 kB\nBuffers:               0 kB\nCached:            13244 kB\nSwapCache:             0 kB\nActive:            34616 kB\nInactive:           6624 kB\nActive(anon):      27996 kB\nInactive(anon):        0 kB\nActive(file):       6620 kB\nInactive(file):     6624 kB\nUnevictable:           0 kB\nMlocked:               0 kB\nSwapTotal:             0 kB\nSwapFree:              0 kB\nDirty:                 0 kB\nWriteback:             0 kB\nAnonPages:         27996 kB\nMapped:            13244 kB\nShmem:                 0 kB",
        "cpuinfo": "Architecture:        x86_64\nCPU op-mode(s):      32-bit, 64-bit\nByte Order:          Little Endian\nCPU(s):              2\nOn-line CPU(s) list: 0,1\nVendor ID:           GenuineIntel\nCPU family:          6\nModel:               85\nModel name:          unknown\nStepping:            unknown\nCPU MHz:             2670.636\nBogoMIPS:            2670.64\nVirtualization:      VT-x\nFlags:               fpu vme de pse tsc msr pae mce cx8 apic sep mtrr pge mca cmov pat pse36 clflush dts acpi mmx fxsr sse sse2 ss ht tm pbe syscall nx pdpe1gb rdtscp lm pni pclmulqdq dtes64 monitor ds_cpl vmx smx est tm2 ssse3 sdbg fma cx16 xtpr pdcm pcid dca sse4_1 sse4_2 x2apic movbe popcnt tsc_deadline_timer aes xsave avx f16c rdrand lahf_lm abm 3dnowprefetch fsgsbase tsc_adjust bmi1 hle avx2 smep bmi2 erms invpcid rtm cqm mpx rdt_a avx512f avx512dq rdseed adx smap clwb avx512cd avx512bw avx512vl xsaveopt xsavec xgetbv1 xsaves pku"
    }
},
{
    "pystart_ms": 1588923081433.5273,
    "pyend_ms": 1588923087425.0435,
    "pyduration_ms": 5991.51611328125,
    "func_data": {
        "initTime_ms": 1588923086036.7432,
        "endTime_ms": 1588923087253.137,
        "duration_ms": 1216.3937091827393,
        "executionID": "3v2yoogq0idj",
        "containerID": "698c4e81-55a4-475a-9517-15e069e857be",
        "uptime": "2.79",
        "meminfo": "MemTotal:        2097152 kB\nMemFree:         2052300 kB\nMemAvailable:    2052300 kB\nBuffers:               0 kB\nCached:            13364 kB\nSwapCache:             0 kB\nActive:            31700 kB\nInactive:           6684 kB\nActive(anon):      25020 kB\nInactive(anon):        0 kB\nActive(file):       6680 kB\nInactive(file):     6684 kB\nUnevictable:           0 kB\nMlocked:               0 kB\nSwapTotal:             0 kB\nSwapFree:              0 kB\nDirty:                 0 kB\nWriteback:             0 kB\nAnonPages:         25020 kB\nMapped:            13364 kB\nShmem:                 0 kB",
        "cpuinfo": "Architecture:        x86_64\nCPU op-mode(s):      32-bit, 64-bit\nByte Order:          Little Endian\nCPU(s):              2\nOn-line CPU(s) list: 0,1\nVendor ID:           GenuineIntel\nCPU family:          6\nModel:               85\nModel name:          unknown\nStepping:            unknown\nCPU MHz:             2656.653\nBogoMIPS:            2656.65\nVirtualization:      VT-x\nFlags:               fpu vme de pse tsc msr pae mce cx8 apic sep mtrr pge mca cmov pat pse36 clflush dts acpi mmx fxsr sse sse2 ss ht tm pbe syscall nx pdpe1gb rdtscp lm pni pclmulqdq dtes64 monitor ds_cpl vmx smx est tm2 ssse3 sdbg fma cx16 xtpr pdcm pcid dca sse4_1 sse4_2 x2apic movbe popcnt tsc_deadline_timer aes xsave avx f16c rdrand lahf_lm abm 3dnowprefetch fsgsbase tsc_adjust bmi1 hle avx2 smep bmi2 erms invpcid rtm cqm mpx rdt_a avx512f avx512dq rdseed adx smap clwb avx512cd avx512bw avx512vl xsaveopt xsavec xgetbv1 xsaves pku"
    }
},
{
    "pystart_ms": 1588923081430.53,
    "pyend_ms": 1588923087442.1033,
    "pyduration_ms": 6011.5732421875,
    "func_data": {
        "initTime_ms": 1588923085962.6323,
        "endTime_ms": 1588923087278.3276,
        "duration_ms": 1315.6952857971191,
        "executionID": "avbiyuikgl1j",
        "containerID": "555fe836-b2c7-4dc8-a6af-160fb90d80f2",
        "uptime": "2.92",
        "meminfo": "MemTotal:        2097152 kB\nMemFree:         2052104 kB\nMemAvailable:    2052104 kB\nBuffers:               0 kB\nCached:            13364 kB\nSwapCache:             0 kB\nActive:            31896 kB\nInactive:           6684 kB\nActive(anon):      25216 kB\nInactive(anon):        0 kB\nActive(file):       6680 kB\nInactive(file):     6684 kB\nUnevictable:           0 kB\nMlocked:               0 kB\nSwapTotal:             0 kB\nSwapFree:              0 kB\nDirty:                 0 kB\nWriteback:             0 kB\nAnonPages:         25216 kB\nMapped:            13364 kB\nShmem:                 0 kB",
        "cpuinfo": "Architecture:        x86_64\nCPU op-mode(s):      32-bit, 64-bit\nByte Order:          Little Endian\nCPU(s):              2\nOn-line CPU(s) list: 0,1\nVendor ID:           GenuineIntel\nCPU family:          6\nModel:               85\nModel name:          unknown\nStepping:            unknown\nCPU MHz:             2699.403\nBogoMIPS:            2699.40\nVirtualization:      VT-x\nFlags:               fpu vme de pse tsc msr pae mce cx8 apic sep mtrr pge mca cmov pat pse36 clflush dts acpi mmx fxsr sse sse2 ss ht tm pbe syscall nx pdpe1gb rdtscp lm pni pclmulqdq dtes64 monitor ds_cpl vmx smx est tm2 ssse3 sdbg fma cx16 xtpr pdcm pcid dca sse4_1 sse4_2 x2apic movbe popcnt tsc_deadline_timer aes xsave avx f16c rdrand lahf_lm abm 3dnowprefetch fsgsbase tsc_adjust bmi1 hle avx2 smep bmi2 erms invpcid rtm cqm mpx rdt_a avx512f avx512dq rdseed adx smap clwb avx512cd avx512bw avx512vl xsaveopt xsavec xgetbv1 xsaves pku"
    }
},
{
    "pystart_ms": 1588923081436.5273,
    "pyend_ms": 1588923087443.6545,
    "pyduration_ms": 6007.127197265625,
    "func_data": {
        "initTime_ms": 1588923086069.9229,
        "endTime_ms": 1588923087359.2769,
        "duration_ms": 1289.353847503662,
        "executionID": "brz6k15id9gn",
        "containerID": "a1bb4979-0528-406b-8881-f366ccd382ab",
        "uptime": "3.25",
        "meminfo": "MemTotal:        2097152 kB\nMemFree:         2050592 kB\nMemAvailable:    2050592 kB\nBuffers:               0 kB\nCached:            13256 kB\nSwapCache:             0 kB\nActive:            33464 kB\nInactive:           6628 kB\nActive(anon):      26836 kB\nInactive(anon):        0 kB\nActive(file):       6628 kB\nInactive(file):     6628 kB\nUnevictable:           0 kB\nMlocked:               0 kB\nSwapTotal:             0 kB\nSwapFree:              0 kB\nDirty:                 0 kB\nWriteback:             0 kB\nAnonPages:         26836 kB\nMapped:            13256 kB\nShmem:                 0 kB",
        "cpuinfo": "Architecture:        x86_64\nCPU op-mode(s):      32-bit, 64-bit\nByte Order:          Little Endian\nCPU(s):              2\nOn-line CPU(s) list: 0,1\nVendor ID:           GenuineIntel\nCPU family:          6\nModel:               85\nModel name:          unknown\nStepping:            unknown\nCPU MHz:             2673.899\nBogoMIPS:            2673.90\nVirtualization:      VT-x\nFlags:               fpu vme de pse tsc msr pae mce cx8 apic sep mtrr pge mca cmov pat pse36 clflush dts acpi mmx fxsr sse sse2 ss ht tm pbe syscall nx pdpe1gb rdtscp lm pni pclmulqdq dtes64 monitor ds_cpl vmx smx est tm2 ssse3 sdbg fma cx16 xtpr pdcm pcid dca sse4_1 sse4_2 x2apic movbe popcnt tsc_deadline_timer aes xsave avx f16c rdrand lahf_lm abm 3dnowprefetch fsgsbase tsc_adjust bmi1 hle avx2 smep bmi2 erms invpcid rtm cqm mpx rdt_a avx512f avx512dq rdseed adx smap clwb avx512cd avx512bw avx512vl xsaveopt xsavec xgetbv1 xsaves pku"
    }
},
{
    "pystart_ms": 1588923081428.5273,
    "pyend_ms": 1588923087473.2017,
    "pyduration_ms": 6044.67431640625,
    "func_data": {
        "initTime_ms": 1588923086040.799,
        "endTime_ms": 1588923087314.2393,
        "duration_ms": 1273.4401226043701,
        "executionID": "38uw0jltd5bt",
        "containerID": "2b0f4c90-fd5f-47fa-b196-08a149a30226",
        "uptime": "3.68",
        "meminfo": "MemTotal:        2097152 kB\nMemFree:         2048660 kB\nMemAvailable:    2048660 kB\nBuffers:               0 kB\nCached:            13248 kB\nSwapCache:             0 kB\nActive:            35400 kB\nInactive:           6624 kB\nActive(anon):      28776 kB\nInactive(anon):        0 kB\nActive(file):       6624 kB\nInactive(file):     6624 kB\nUnevictable:           0 kB\nMlocked:               0 kB\nSwapTotal:             0 kB\nSwapFree:              0 kB\nDirty:                 0 kB\nWriteback:             0 kB\nAnonPages:         28776 kB\nMapped:            13248 kB\nShmem:                 0 kB",
        "cpuinfo": "Architecture:        x86_64\nCPU op-mode(s):      32-bit, 64-bit\nByte Order:          Little Endian\nCPU(s):              2\nOn-line CPU(s) list: 0,1\nVendor ID:           GenuineIntel\nCPU family:          6\nModel:               79\nModel name:          unknown\nStepping:            unknown\nCPU MHz:             2783.069\nBogoMIPS:            2783.07\nVirtualization:      VT-x\nFlags:               fpu vme de pse tsc msr pae mce cx8 apic sep mtrr pge mca cmov pat pse36 clflush dts acpi mmx fxsr sse sse2 ss ht tm pbe syscall nx pdpe1gb rdtscp lm pni pclmulqdq dtes64 monitor ds_cpl vmx smx est tm2 ssse3 sdbg fma cx16 xtpr pdcm pcid dca sse4_1 sse4_2 x2apic movbe popcnt tsc_deadline_timer aes xsave avx f16c rdrand lahf_lm abm 3dnowprefetch fsgsbase tsc_adjust bmi1 hle avx2 smep bmi2 erms invpcid rtm cqm rdt_a rdseed adx smap xsaveopt"
    }
},
{
    "pystart_ms": 1588923081425.4858,
    "pyend_ms": 1588923087535.6829,
    "pyduration_ms": 6110.197021484375,
    "func_data": {
        "initTime_ms": 1588923086167.4734,
        "endTime_ms": 1588923087448.7195,
        "duration_ms": 1281.2461853027344,
        "executionID": "sgiyhx15yu66",
        "containerID": "03e7e128-2d2b-4e5e-956d-5b2126911e8e",
        "uptime": "3.36",
        "meminfo": "MemTotal:        2097152 kB\nMemFree:         2051416 kB\nMemAvailable:    2051416 kB\nBuffers:               0 kB\nCached:            13480 kB\nSwapCache:             0 kB\nActive:            32528 kB\nInactive:           6740 kB\nActive(anon):      25788 kB\nInactive(anon):        0 kB\nActive(file):       6740 kB\nInactive(file):     6740 kB\nUnevictable:           0 kB\nMlocked:               0 kB\nSwapTotal:             0 kB\nSwapFree:              0 kB\nDirty:                 0 kB\nWriteback:             0 kB\nAnonPages:         25788 kB\nMapped:            13480 kB\nShmem:                 0 kB",
        "cpuinfo": "Architecture:        x86_64\nCPU op-mode(s):      32-bit, 64-bit\nByte Order:          Little Endian\nCPU(s):              2\nOn-line CPU(s) list: 0,1\nVendor ID:           GenuineIntel\nCPU family:          6\nModel:               85\nModel name:          unknown\nStepping:            unknown\nCPU MHz:             2604.861\nBogoMIPS:            2604.86\nVirtualization:      VT-x\nFlags:               fpu vme de pse tsc msr pae mce cx8 apic sep mtrr pge mca cmov pat pse36 clflush dts acpi mmx fxsr sse sse2 ss ht tm pbe syscall nx pdpe1gb rdtscp lm pni pclmulqdq dtes64 monitor ds_cpl vmx smx est tm2 ssse3 sdbg fma cx16 xtpr pdcm pcid dca sse4_1 sse4_2 x2apic movbe popcnt tsc_deadline_timer aes xsave avx f16c rdrand lahf_lm abm 3dnowprefetch fsgsbase tsc_adjust bmi1 hle avx2 smep bmi2 erms invpcid rtm cqm mpx rdt_a avx512f avx512dq rdseed adx smap clwb avx512cd avx512bw avx512vl xsaveopt xsavec xgetbv1 xsaves pku"
    }
},
{
    "pystart_ms": 1588923081435.5273,
    "pyend_ms": 1588923087595.0615,
    "pyduration_ms": 6159.5341796875,
    "func_data": {
        "initTime_ms": 1588923086203.2021,
        "endTime_ms": 1588923087494.2373,
        "duration_ms": 1291.0349369049072,
        "executionID": "vo3ebktsk9zw",
        "containerID": "4acc6f54-d079-41fa-b27d-70be26e25877",
        "uptime": "2.56",
        "meminfo": "MemTotal:        2097152 kB\nMemFree:         2050408 kB\nMemAvailable:    2050408 kB\nBuffers:               0 kB\nCached:            13228 kB\nSwapCache:             0 kB\nActive:            33660 kB\nInactive:           6616 kB\nActive(anon):      27048 kB\nInactive(anon):        0 kB\nActive(file):       6612 kB\nInactive(file):     6616 kB\nUnevictable:           0 kB\nMlocked:               0 kB\nSwapTotal:             0 kB\nSwapFree:              0 kB\nDirty:                 0 kB\nWriteback:             0 kB\nAnonPages:         27048 kB\nMapped:            13228 kB\nShmem:                 0 kB",
        "cpuinfo": "Architecture:        x86_64\nCPU op-mode(s):      32-bit, 64-bit\nByte Order:          Little Endian\nCPU(s):              2\nOn-line CPU(s) list: 0,1\nVendor ID:           GenuineIntel\nCPU family:          6\nModel:               85\nModel name:          unknown\nStepping:            unknown\nCPU MHz:             2693.076\nBogoMIPS:            2693.08\nVirtualization:      VT-x\nFlags:               fpu vme de pse tsc msr pae mce cx8 apic sep mtrr pge mca cmov pat pse36 clflush dts acpi mmx fxsr sse sse2 ss ht tm pbe syscall nx pdpe1gb rdtscp lm pni pclmulqdq dtes64 monitor ds_cpl vmx smx est tm2 ssse3 sdbg fma cx16 xtpr pdcm pcid dca sse4_1 sse4_2 x2apic movbe popcnt tsc_deadline_timer aes xsave avx f16c rdrand lahf_lm abm 3dnowprefetch fsgsbase tsc_adjust bmi1 hle avx2 smep bmi2 erms invpcid rtm cqm mpx rdt_a avx512f avx512dq rdseed adx smap clwb avx512cd avx512bw avx512vl xsaveopt xsavec xgetbv1 xsaves pku"
    }
},
{
    "pystart_ms": 1588923081425.4858,
    "pyend_ms": 1588923087607.6812,
    "pyduration_ms": 6182.1953125,
    "func_data": {
        "initTime_ms": 1588923086187.7654,
        "endTime_ms": 1588923087476.9224,
        "duration_ms": 1289.1569137573242,
        "executionID": "7om7w6pajnl7",
        "containerID": "adfe9a66-9a23-496f-a6d0-39afc15ae1e0",
        "uptime": "3.32",
        "meminfo": "MemTotal:        2097152 kB\nMemFree:         2049060 kB\nMemAvailable:    2049060 kB\nBuffers:               0 kB\nCached:            13364 kB\nSwapCache:             0 kB\nActive:            34940 kB\nInactive:           6684 kB\nActive(anon):      28260 kB\nInactive(anon):        0 kB\nActive(file):       6680 kB\nInactive(file):     6684 kB\nUnevictable:           0 kB\nMlocked:               0 kB\nSwapTotal:             0 kB\nSwapFree:              0 kB\nDirty:                 0 kB\nWriteback:             0 kB\nAnonPages:         28260 kB\nMapped:            13364 kB\nShmem:                 0 kB",
        "cpuinfo": "Architecture:        x86_64\nCPU op-mode(s):      32-bit, 64-bit\nByte Order:          Little Endian\nCPU(s):              2\nOn-line CPU(s) list: 0,1\nVendor ID:           GenuineIntel\nCPU family:          6\nModel:               85\nModel name:          unknown\nStepping:            unknown\nCPU MHz:             2700.229\nBogoMIPS:            2700.23\nVirtualization:      VT-x\nFlags:               fpu vme de pse tsc msr pae mce cx8 apic sep mtrr pge mca cmov pat pse36 clflush dts acpi mmx fxsr sse sse2 ss ht tm pbe syscall nx pdpe1gb rdtscp lm pni pclmulqdq dtes64 monitor ds_cpl vmx smx est tm2 ssse3 sdbg fma cx16 xtpr pdcm pcid dca sse4_1 sse4_2 x2apic movbe popcnt tsc_deadline_timer aes xsave avx f16c rdrand lahf_lm abm 3dnowprefetch fsgsbase tsc_adjust bmi1 hle avx2 smep bmi2 erms invpcid rtm cqm mpx rdt_a avx512f avx512dq rdseed adx smap clwb avx512cd avx512bw avx512vl xsaveopt xsavec xgetbv1 xsaves pku"
    }
},
{
    "pystart_ms": 1588923081435.5273,
    "pyend_ms": 1588923087673.3003,
    "pyduration_ms": 6237.77294921875,
    "func_data": {
        "initTime_ms": 1588923086255.3535,
        "endTime_ms": 1588923087585.8276,
        "duration_ms": 1330.4741382598877,
        "executionID": "8l1fv76bl368",
        "containerID": "ce7c1372-6585-4b87-866f-72adcfd552df",
        "uptime": "3.42",
        "meminfo": "MemTotal:        2097152 kB\nMemFree:         2050716 kB\nMemAvailable:    2050716 kB\nBuffers:               0 kB\nCached:            13364 kB\nSwapCache:             0 kB\nActive:            33284 kB\nInactive:           6684 kB\nActive(anon):      26604 kB\nInactive(anon):        0 kB\nActive(file):       6680 kB\nInactive(file):     6684 kB\nUnevictable:           0 kB\nMlocked:               0 kB\nSwapTotal:             0 kB\nSwapFree:              0 kB\nDirty:                 0 kB\nWriteback:             0 kB\nAnonPages:         26604 kB\nMapped:            13364 kB\nShmem:                 0 kB",
        "cpuinfo": "Architecture:        x86_64\nCPU op-mode(s):      32-bit, 64-bit\nByte Order:          Little Endian\nCPU(s):              2\nOn-line CPU(s) list: 0,1\nVendor ID:           GenuineIntel\nCPU family:          6\nModel:               85\nModel name:          unknown\nStepping:            unknown\nCPU MHz:             2699.403\nBogoMIPS:            2699.40\nVirtualization:      VT-x\nFlags:               fpu vme de pse tsc msr pae mce cx8 apic sep mtrr pge mca cmov pat pse36 clflush dts acpi mmx fxsr sse sse2 ss ht tm pbe syscall nx pdpe1gb rdtscp lm pni pclmulqdq dtes64 monitor ds_cpl vmx smx est tm2 ssse3 sdbg fma cx16 xtpr pdcm pcid dca sse4_1 sse4_2 x2apic movbe popcnt tsc_deadline_timer aes xsave avx f16c rdrand lahf_lm abm 3dnowprefetch fsgsbase tsc_adjust bmi1 hle avx2 smep bmi2 erms invpcid rtm cqm mpx rdt_a avx512f avx512dq rdseed adx smap clwb avx512cd avx512bw avx512vl xsaveopt xsavec xgetbv1 xsaves pku"
    }
},
{
    "pystart_ms": 1588923081428.5273,
    "pyend_ms": 1588923087773.77,
    "pyduration_ms": 6345.24267578125,
    "func_data": {
        "initTime_ms": 1588923086496.8923,
        "endTime_ms": 1588923087684.9434,
        "duration_ms": 1188.0512237548828,
        "executionID": "mw05lpeg5hze",
        "containerID": "33bf7c1e-b482-47c1-ae47-325ec6f18f1c",
        "uptime": "2.80",
        "meminfo": "MemTotal:        2097152 kB\nMemFree:         2050640 kB\nMemAvailable:    2050640 kB\nBuffers:               0 kB\nCached:            13368 kB\nSwapCache:             0 kB\nActive:            33360 kB\nInactive:           6684 kB\nActive(anon):      26676 kB\nInactive(anon):        0 kB\nActive(file):       6684 kB\nInactive(file):     6684 kB\nUnevictable:           0 kB\nMlocked:               0 kB\nSwapTotal:             0 kB\nSwapFree:              0 kB\nDirty:                 0 kB\nWriteback:             0 kB\nAnonPages:         26676 kB\nMapped:            13368 kB\nShmem:                 0 kB",
        "cpuinfo": "Architecture:        x86_64\nCPU op-mode(s):      32-bit, 64-bit\nByte Order:          Little Endian\nCPU(s):              2\nOn-line CPU(s) list: 0,1\nVendor ID:           GenuineIntel\nCPU family:          6\nModel:               85\nModel name:          unknown\nStepping:            unknown\nCPU MHz:             2518.206\nBogoMIPS:            2518.21\nVirtualization:      VT-x\nFlags:               fpu vme de pse tsc msr pae mce cx8 apic sep mtrr pge mca cmov pat pse36 clflush dts acpi mmx fxsr sse sse2 ss ht tm pbe syscall nx pdpe1gb rdtscp lm pni pclmulqdq dtes64 monitor ds_cpl vmx smx est tm2 ssse3 sdbg fma cx16 xtpr pdcm pcid dca sse4_1 sse4_2 x2apic movbe popcnt tsc_deadline_timer aes xsave avx f16c rdrand lahf_lm abm 3dnowprefetch fsgsbase tsc_adjust bmi1 hle avx2 smep bmi2 erms invpcid rtm cqm mpx rdt_a avx512f avx512dq rdseed adx smap clwb avx512cd avx512bw avx512vl xsaveopt xsavec xgetbv1 xsaves pku"
    }
},
{
    "pystart_ms": 1588923081429.5278,
    "pyend_ms": 1588923087841.7769,
    "pyduration_ms": 6412.2490234375,
    "func_data": {
        "initTime_ms": 1588923086442.0007,
        "endTime_ms": 1588923087692.902,
        "duration_ms": 1250.901460647583,
        "executionID": "6yc1lq0n8d00",
        "containerID": "c3836d0f-06cf-4cc3-ac60-d27126994162",
        "uptime": "3.84",
        "meminfo": "MemTotal:        2097152 kB\nMemFree:         2049508 kB\nMemAvailable:    2049508 kB\nBuffers:               0 kB\nCached:            13032 kB\nSwapCache:             0 kB\nActive:            34660 kB\nInactive:           6516 kB\nActive(anon):      28144 kB\nInactive(anon):        0 kB\nActive(file):       6516 kB\nInactive(file):     6516 kB\nUnevictable:           0 kB\nMlocked:               0 kB\nSwapTotal:             0 kB\nSwapFree:              0 kB\nDirty:                 0 kB\nWriteback:             0 kB\nAnonPages:         28144 kB\nMapped:            13032 kB\nShmem:                 0 kB",
        "cpuinfo": "Architecture:        x86_64\nCPU op-mode(s):      32-bit, 64-bit\nByte Order:          Little Endian\nCPU(s):              2\nOn-line CPU(s) list: 0,1\nVendor ID:           GenuineIntel\nCPU family:          6\nModel:               79\nModel name:          unknown\nStepping:            unknown\nCPU MHz:             2799.998\nBogoMIPS:            2800.00\nVirtualization:      VT-x\nFlags:               fpu vme de pse tsc msr pae mce cx8 apic sep mtrr pge mca cmov pat pse36 clflush dts acpi mmx fxsr sse sse2 ss ht tm pbe syscall nx pdpe1gb rdtscp lm pni pclmulqdq dtes64 monitor ds_cpl vmx smx est tm2 ssse3 sdbg fma cx16 xtpr pdcm pcid dca sse4_1 sse4_2 x2apic movbe popcnt tsc_deadline_timer aes xsave avx f16c rdrand lahf_lm abm 3dnowprefetch fsgsbase tsc_adjust bmi1 hle avx2 smep bmi2 erms invpcid rtm cqm rdt_a rdseed adx smap xsaveopt"
    }
},
{
    "pystart_ms": 1588923081420.4866,
    "pyend_ms": 1588923087893.4744,
    "pyduration_ms": 6472.98779296875,
    "func_data": {
        "initTime_ms": 1588923086509.5525,
        "endTime_ms": 1588923087801.8027,
        "duration_ms": 1292.250156402588,
        "executionID": "xs2lt5o0w450",
        "containerID": "dc2f4fe9-02bc-44f1-b0a5-99d2c0f2e125",
        "uptime": "3.64",
        "meminfo": "MemTotal:        2097152 kB\nMemFree:         2051020 kB\nMemAvailable:    2051020 kB\nBuffers:               0 kB\nCached:            13364 kB\nSwapCache:             0 kB\nActive:            32980 kB\nInactive:           6684 kB\nActive(anon):      26300 kB\nInactive(anon):        0 kB\nActive(file):       6680 kB\nInactive(file):     6684 kB\nUnevictable:           0 kB\nMlocked:               0 kB\nSwapTotal:             0 kB\nSwapFree:              0 kB\nDirty:                 0 kB\nWriteback:             0 kB\nAnonPages:         26300 kB\nMapped:            13364 kB\nShmem:                 0 kB",
        "cpuinfo": "Architecture:        x86_64\nCPU op-mode(s):      32-bit, 64-bit\nByte Order:          Little Endian\nCPU(s):              2\nOn-line CPU(s) list: 0,1\nVendor ID:           GenuineIntel\nCPU family:          6\nModel:               85\nModel name:          unknown\nStepping:            unknown\nCPU MHz:             2543.491\nBogoMIPS:            2543.49\nVirtualization:      VT-x\nFlags:               fpu vme de pse tsc msr pae mce cx8 apic sep mtrr pge mca cmov pat pse36 clflush dts acpi mmx fxsr sse sse2 ss ht tm pbe syscall nx pdpe1gb rdtscp lm pni pclmulqdq dtes64 monitor ds_cpl vmx smx est tm2 ssse3 sdbg fma cx16 xtpr pdcm pcid dca sse4_1 sse4_2 x2apic movbe popcnt tsc_deadline_timer aes xsave avx f16c rdrand lahf_lm abm 3dnowprefetch fsgsbase tsc_adjust bmi1 hle avx2 smep bmi2 erms invpcid rtm cqm mpx rdt_a avx512f avx512dq rdseed adx smap clwb avx512cd avx512bw avx512vl xsaveopt xsavec xgetbv1 xsaves pku"
    }
},
{
    "pystart_ms": 1588923081424.487,
    "pyend_ms": 1588923087921.4756,
    "pyduration_ms": 6496.988525390625,
    "func_data": {
        "initTime_ms": 1588923086585.168,
        "endTime_ms": 1588923087838.5312,
        "duration_ms": 1253.3633708953857,
        "executionID": "k0pz0w9gam8f",
        "containerID": "cea53a74-00ed-437e-b7ff-517ceea7aff0",
        "uptime": "4.08",
        "meminfo": "MemTotal:        2097152 kB\nMemFree:         2052236 kB\nMemAvailable:    2052236 kB\nBuffers:               0 kB\nCached:            13368 kB\nSwapCache:             0 kB\nActive:            31764 kB\nInactive:           6684 kB\nActive(anon):      25080 kB\nInactive(anon):        0 kB\nActive(file):       6684 kB\nInactive(file):     6684 kB\nUnevictable:           0 kB\nMlocked:               0 kB\nSwapTotal:             0 kB\nSwapFree:              0 kB\nDirty:                 0 kB\nWriteback:             0 kB\nAnonPages:         25080 kB\nMapped:            13368 kB\nShmem:                 0 kB",
        "cpuinfo": "Architecture:        x86_64\nCPU op-mode(s):      32-bit, 64-bit\nByte Order:          Little Endian\nCPU(s):              2\nOn-line CPU(s) list: 0,1\nVendor ID:           GenuineIntel\nCPU family:          6\nModel:               45\nModel name:          unknown\nStepping:            unknown\nCPU MHz:             3278.704\nBogoMIPS:            3278.70\nVirtualization:      VT-x\nFlags:               fpu vme de pse tsc msr pae mce cx8 apic sep mtrr pge mca cmov pat pse36 clflush dts acpi mmx fxsr sse sse2 ss ht tm pbe syscall nx pdpe1gb rdtscp lm pni pclmulqdq dtes64 monitor ds_cpl vmx smx est tm2 ssse3 cx16 xtpr pdcm pcid dca sse4_1 sse4_2 x2apic popcnt tsc_deadline_timer aes xsave avx lahf_lm xsaveopt"
    }
},
{
    "pystart_ms": 1588923081433.5273,
    "pyend_ms": 1588923087929.2573,
    "pyduration_ms": 6495.72998046875,
    "func_data": {
        "initTime_ms": 1588923086470.1868,
        "endTime_ms": 1588923087842.4812,
        "duration_ms": 1372.2944259643555,
        "executionID": "1rgqsv35y76u",
        "containerID": "14853ac7-e4a0-4515-ac8a-6eb0ac923a3f",
        "uptime": "3.86",
        "meminfo": "MemTotal:        2097152 kB\nMemFree:         2050724 kB\nMemAvailable:    2050724 kB\nBuffers:               0 kB\nCached:            13364 kB\nSwapCache:             0 kB\nActive:            33276 kB\nInactive:           6684 kB\nActive(anon):      26596 kB\nInactive(anon):        0 kB\nActive(file):       6680 kB\nInactive(file):     6684 kB\nUnevictable:           0 kB\nMlocked:               0 kB\nSwapTotal:             0 kB\nSwapFree:              0 kB\nDirty:                 0 kB\nWriteback:             0 kB\nAnonPages:         26596 kB\nMapped:            13364 kB\nShmem:                 0 kB",
        "cpuinfo": "Architecture:        x86_64\nCPU op-mode(s):      32-bit, 64-bit\nByte Order:          Little Endian\nCPU(s):              2\nOn-line CPU(s) list: 0,1\nVendor ID:           GenuineIntel\nCPU family:          6\nModel:               45\nModel name:          unknown\nStepping:            unknown\nCPU MHz:             3299.995\nBogoMIPS:            3299.99\nVirtualization:      VT-x\nFlags:               fpu vme de pse tsc msr pae mce cx8 apic sep mtrr pge mca cmov pat pse36 clflush dts acpi mmx fxsr sse sse2 ss ht tm pbe syscall nx pdpe1gb rdtscp lm pni pclmulqdq dtes64 monitor ds_cpl vmx smx est tm2 ssse3 cx16 xtpr pdcm pcid dca sse4_1 sse4_2 x2apic popcnt tsc_deadline_timer aes xsave avx lahf_lm xsaveopt"
    }
},
{
    "pystart_ms": 1588923081429.5278,
    "pyend_ms": 1588923087944.261,
    "pyduration_ms": 6514.733154296875,
    "func_data": {
        "initTime_ms": 1588923086570.4731,
        "endTime_ms": 1588923087856.52,
        "duration_ms": 1286.0467433929443,
        "executionID": "zwe3vcn9v41k",
        "containerID": "a3f22079-23b7-4509-b8bc-21de258163b2",
        "uptime": "2.90",
        "meminfo": "MemTotal:        2097152 kB\nMemFree:         2049884 kB\nMemAvailable:    2049884 kB\nBuffers:               0 kB\nCached:            13228 kB\nSwapCache:             0 kB\nActive:            34184 kB\nInactive:           6616 kB\nActive(anon):      27572 kB\nInactive(anon):        0 kB\nActive(file):       6612 kB\nInactive(file):     6616 kB\nUnevictable:           0 kB\nMlocked:               0 kB\nSwapTotal:             0 kB\nSwapFree:              0 kB\nDirty:                 0 kB\nWriteback:             0 kB\nAnonPages:         27572 kB\nMapped:            13228 kB\nShmem:                 0 kB",
        "cpuinfo": "Architecture:        x86_64\nCPU op-mode(s):      32-bit, 64-bit\nByte Order:          Little Endian\nCPU(s):              2\nOn-line CPU(s) list: 0,1\nVendor ID:           GenuineIntel\nCPU family:          6\nModel:               85\nModel name:          unknown\nStepping:            unknown\nCPU MHz:             2698.013\nBogoMIPS:            2698.01\nVirtualization:      VT-x\nFlags:               fpu vme de pse tsc msr pae mce cx8 apic sep mtrr pge mca cmov pat pse36 clflush dts acpi mmx fxsr sse sse2 ss ht tm pbe syscall nx pdpe1gb rdtscp lm pni pclmulqdq dtes64 monitor ds_cpl vmx smx est tm2 ssse3 sdbg fma cx16 xtpr pdcm pcid dca sse4_1 sse4_2 x2apic movbe popcnt tsc_deadline_timer aes xsave avx f16c rdrand lahf_lm abm 3dnowprefetch fsgsbase tsc_adjust bmi1 hle avx2 smep bmi2 erms invpcid rtm cqm mpx rdt_a avx512f avx512dq rdseed adx smap clwb avx512cd avx512bw avx512vl xsaveopt xsavec xgetbv1 xsaves pku"
    }
},
{
    "pystart_ms": 1588923081404.4866,
    "pyend_ms": 1588923087992.2627,
    "pyduration_ms": 6587.776123046875,
    "func_data": {
        "initTime_ms": 1588923086618.1282,
        "endTime_ms": 1588923087858.1812,
        "duration_ms": 1240.0531768798828,
        "executionID": "g1xgjn73y71w",
        "containerID": "6b113d77-c735-47ab-b743-3a0798b6d9e7",
        "uptime": "3.06",
        "meminfo": "MemTotal:        2097152 kB\nMemFree:         2048748 kB\nMemAvailable:    2048748 kB\nBuffers:               0 kB\nCached:            13364 kB\nSwapCache:             0 kB\nActive:            35252 kB\nInactive:           6684 kB\nActive(anon):      28572 kB\nInactive(anon):        0 kB\nActive(file):       6680 kB\nInactive(file):     6684 kB\nUnevictable:           0 kB\nMlocked:               0 kB\nSwapTotal:             0 kB\nSwapFree:              0 kB\nDirty:                 0 kB\nWriteback:             0 kB\nAnonPages:         28572 kB\nMapped:            13364 kB\nShmem:                 0 kB",
        "cpuinfo": "Architecture:        x86_64\nCPU op-mode(s):      32-bit, 64-bit\nByte Order:          Little Endian\nCPU(s):              2\nOn-line CPU(s) list: 0,1\nVendor ID:           GenuineIntel\nCPU family:          6\nModel:               85\nModel name:          unknown\nStepping:            unknown\nCPU MHz:             2631.651\nBogoMIPS:            2631.65\nVirtualization:      VT-x\nFlags:               fpu vme de pse tsc msr pae mce cx8 apic sep mtrr pge mca cmov pat pse36 clflush dts acpi mmx fxsr sse sse2 ss ht tm pbe syscall nx pdpe1gb rdtscp lm pni pclmulqdq dtes64 monitor ds_cpl vmx smx est tm2 ssse3 sdbg fma cx16 xtpr pdcm pcid dca sse4_1 sse4_2 x2apic movbe popcnt tsc_deadline_timer aes xsave avx f16c rdrand lahf_lm abm 3dnowprefetch fsgsbase tsc_adjust bmi1 hle avx2 smep bmi2 erms invpcid rtm cqm mpx rdt_a avx512f avx512dq rdseed adx smap clwb avx512cd avx512bw avx512vl xsaveopt xsavec xgetbv1 xsaves pku"
    }
},
{
    "pystart_ms": 1588923081434.527,
    "pyend_ms": 1588923088002.2559,
    "pyduration_ms": 6567.728759765625,
    "func_data": {
        "initTime_ms": 1588923086538.5696,
        "endTime_ms": 1588923087858.572,
        "duration_ms": 1320.0023174285889,
        "executionID": "tiz2d9bqhsys",
        "containerID": "78399e6c-2bb4-4ebd-b311-6be2336edf5d",
        "uptime": "3.53",
        "meminfo": "MemTotal:        2097152 kB\nMemFree:         2050688 kB\nMemAvailable:    2050688 kB\nBuffers:               0 kB\nCached:            13364 kB\nSwapCache:             0 kB\nActive:            33312 kB\nInactive:           6684 kB\nActive(anon):      26632 kB\nInactive(anon):        0 kB\nActive(file):       6680 kB\nInactive(file):     6684 kB\nUnevictable:           0 kB\nMlocked:               0 kB\nSwapTotal:             0 kB\nSwapFree:              0 kB\nDirty:                 0 kB\nWriteback:             0 kB\nAnonPages:         26632 kB\nMapped:            13364 kB\nShmem:                 0 kB",
        "cpuinfo": "Architecture:        x86_64\nCPU op-mode(s):      32-bit, 64-bit\nByte Order:          Little Endian\nCPU(s):              2\nOn-line CPU(s) list: 0,1\nVendor ID:           GenuineIntel\nCPU family:          6\nModel:               85\nModel name:          unknown\nStepping:            unknown\nCPU MHz:             2656.204\nBogoMIPS:            2656.20\nVirtualization:      VT-x\nFlags:               fpu vme de pse tsc msr pae mce cx8 apic sep mtrr pge mca cmov pat pse36 clflush dts acpi mmx fxsr sse sse2 ss ht tm pbe syscall nx pdpe1gb rdtscp lm pni pclmulqdq dtes64 monitor ds_cpl vmx smx est tm2 ssse3 sdbg fma cx16 xtpr pdcm pcid dca sse4_1 sse4_2 x2apic movbe popcnt tsc_deadline_timer aes xsave avx f16c rdrand lahf_lm abm 3dnowprefetch fsgsbase tsc_adjust bmi1 hle avx2 smep bmi2 erms invpcid rtm cqm mpx rdt_a avx512f avx512dq rdseed adx smap clwb avx512cd avx512bw avx512vl xsaveopt xsavec xgetbv1 xsaves pku"
    }
},
{
    "pystart_ms": 1588923081406.4856,
    "pyend_ms": 1588923088107.2605,
    "pyduration_ms": 6700.77490234375,
    "func_data": {
        "initTime_ms": 1588923086689.9673,
        "endTime_ms": 1588923087971.2556,
        "duration_ms": 1281.2881469726562,
        "executionID": "zu9ps6egtbfd",
        "containerID": "8b431e74-340b-40de-820e-464e86d55bf3",
        "uptime": "3.85",
        "meminfo": "MemTotal:        2097152 kB\nMemFree:         2049016 kB\nMemAvailable:    2049016 kB\nBuffers:               0 kB\nCached:            13364 kB\nSwapCache:             0 kB\nActive:            34984 kB\nInactive:           6684 kB\nActive(anon):      28304 kB\nInactive(anon):        0 kB\nActive(file):       6680 kB\nInactive(file):     6684 kB\nUnevictable:           0 kB\nMlocked:               0 kB\nSwapTotal:             0 kB\nSwapFree:              0 kB\nDirty:                 0 kB\nWriteback:             0 kB\nAnonPages:         28304 kB\nMapped:            13364 kB\nShmem:                 0 kB",
        "cpuinfo": "Architecture:        x86_64\nCPU op-mode(s):      32-bit, 64-bit\nByte Order:          Little Endian\nCPU(s):              2\nOn-line CPU(s) list: 0,1\nVendor ID:           GenuineIntel\nCPU family:          6\nModel:               85\nModel name:          unknown\nStepping:            unknown\nCPU MHz:             2648.507\nBogoMIPS:            2648.51\nVirtualization:      VT-x\nFlags:               fpu vme de pse tsc msr pae mce cx8 apic sep mtrr pge mca cmov pat pse36 clflush dts acpi mmx fxsr sse sse2 ss ht tm pbe syscall nx pdpe1gb rdtscp lm pni pclmulqdq dtes64 monitor ds_cpl vmx smx est tm2 ssse3 sdbg fma cx16 xtpr pdcm pcid dca sse4_1 sse4_2 x2apic movbe popcnt tsc_deadline_timer aes xsave avx f16c rdrand lahf_lm abm 3dnowprefetch fsgsbase tsc_adjust bmi1 hle avx2 smep bmi2 erms invpcid rtm cqm mpx rdt_a avx512f avx512dq rdseed adx smap clwb avx512cd avx512bw avx512vl xsaveopt xsavec xgetbv1 xsaves pku"
    }
},
{
    "pystart_ms": 1588923081427.526,
    "pyend_ms": 1588923088341.1453,
    "pyduration_ms": 6913.619384765625,
    "func_data": {
        "initTime_ms": 1588923086912.2913,
        "endTime_ms": 1588923088253.6292,
        "duration_ms": 1341.3379192352295,
        "executionID": "dy4givs0xjtg",
        "containerID": "2ef86d76-e9d8-4726-bc8b-b7cb733670c3",
        "uptime": "3.16",
        "meminfo": "MemTotal:        2097152 kB\nMemFree:         2049724 kB\nMemAvailable:    2049724 kB\nBuffers:               0 kB\nCached:            13364 kB\nSwapCache:             0 kB\nActive:            34276 kB\nInactive:           6684 kB\nActive(anon):      27596 kB\nInactive(anon):        0 kB\nActive(file):       6680 kB\nInactive(file):     6684 kB\nUnevictable:           0 kB\nMlocked:               0 kB\nSwapTotal:             0 kB\nSwapFree:              0 kB\nDirty:                 0 kB\nWriteback:             0 kB\nAnonPages:         27596 kB\nMapped:            13364 kB\nShmem:                 0 kB",
        "cpuinfo": "Architecture:        x86_64\nCPU op-mode(s):      32-bit, 64-bit\nByte Order:          Little Endian\nCPU(s):              2\nOn-line CPU(s) list: 0,1\nVendor ID:           GenuineIntel\nCPU family:          6\nModel:               85\nModel name:          unknown\nStepping:            unknown\nCPU MHz:             2700.223\nBogoMIPS:            2700.22\nVirtualization:      VT-x\nFlags:               fpu vme de pse tsc msr pae mce cx8 apic sep mtrr pge mca cmov pat pse36 clflush dts acpi mmx fxsr sse sse2 ss ht tm pbe syscall nx pdpe1gb rdtscp lm pni pclmulqdq dtes64 monitor ds_cpl vmx smx est tm2 ssse3 sdbg fma cx16 xtpr pdcm pcid dca sse4_1 sse4_2 x2apic movbe popcnt tsc_deadline_timer aes xsave avx f16c rdrand lahf_lm abm 3dnowprefetch fsgsbase tsc_adjust bmi1 hle avx2 smep bmi2 erms invpcid rtm cqm mpx rdt_a avx512f avx512dq rdseed adx smap clwb avx512cd avx512bw avx512vl xsaveopt xsavec xgetbv1 xsaves pku"
    }
},
{
    "pystart_ms": 1588923081426.4858,
    "pyend_ms": 1588923088419.31,
    "pyduration_ms": 6992.82421875,
    "func_data": {
        "initTime_ms": 1588923086969.9658,
        "endTime_ms": 1588923088332.0264,
        "duration_ms": 1362.060546875,
        "executionID": "5ukb1ha6pt6j",
        "containerID": "80e24f94-16e4-485a-ac2a-1d3c7fa914ea",
        "uptime": "3.44",
        "meminfo": "MemTotal:        2097152 kB\nMemFree:         2052096 kB\nMemAvailable:    2052096 kB\nBuffers:               0 kB\nCached:            13364 kB\nSwapCache:             0 kB\nActive:            31904 kB\nInactive:           6684 kB\nActive(anon):      25224 kB\nInactive(anon):        0 kB\nActive(file):       6680 kB\nInactive(file):     6684 kB\nUnevictable:           0 kB\nMlocked:               0 kB\nSwapTotal:             0 kB\nSwapFree:              0 kB\nDirty:                 0 kB\nWriteback:             0 kB\nAnonPages:         25224 kB\nMapped:            13364 kB\nShmem:                 0 kB",
        "cpuinfo": "Architecture:        x86_64\nCPU op-mode(s):      32-bit, 64-bit\nByte Order:          Little Endian\nCPU(s):              2\nOn-line CPU(s) list: 0,1\nVendor ID:           GenuineIntel\nCPU family:          6\nModel:               85\nModel name:          unknown\nStepping:            unknown\nCPU MHz:             2684.539\nBogoMIPS:            2684.54\nVirtualization:      VT-x\nFlags:               fpu vme de pse tsc msr pae mce cx8 apic sep mtrr pge mca cmov pat pse36 clflush dts acpi mmx fxsr sse sse2 ss ht tm pbe syscall nx pdpe1gb rdtscp lm pni pclmulqdq dtes64 monitor ds_cpl vmx smx est tm2 ssse3 sdbg fma cx16 xtpr pdcm pcid dca sse4_1 sse4_2 x2apic movbe popcnt tsc_deadline_timer aes xsave avx f16c rdrand lahf_lm abm 3dnowprefetch fsgsbase tsc_adjust bmi1 hle avx2 smep bmi2 erms invpcid rtm cqm mpx rdt_a avx512f avx512dq rdseed adx smap clwb avx512cd avx512bw avx512vl xsaveopt xsavec xgetbv1 xsaves pku"
    }
},
{
    "pystart_ms": 1588923081417.4866,
    "pyend_ms": 1588923088513.8594,
    "pyduration_ms": 7096.372802734375,
    "func_data": {
        "initTime_ms": 1588923087181.3147,
        "endTime_ms": 1588923088433.4014,
        "duration_ms": 1252.0866394042969,
        "executionID": "2ts9xigqmz1o",
        "containerID": "d2eb50fa-c112-47b1-a535-b0dc8b1ce9f1",
        "uptime": "3.88",
        "meminfo": "MemTotal:        2097152 kB\nMemFree:         2049680 kB\nMemAvailable:    2049680 kB\nBuffers:               0 kB\nCached:            13364 kB\nSwapCache:             0 kB\nActive:            34320 kB\nInactive:           6684 kB\nActive(anon):      27640 kB\nInactive(anon):        0 kB\nActive(file):       6680 kB\nInactive(file):     6684 kB\nUnevictable:           0 kB\nMlocked:               0 kB\nSwapTotal:             0 kB\nSwapFree:              0 kB\nDirty:                 0 kB\nWriteback:             0 kB\nAnonPages:         27640 kB\nMapped:            13364 kB\nShmem:                 0 kB",
        "cpuinfo": "Architecture:        x86_64\nCPU op-mode(s):      32-bit, 64-bit\nByte Order:          Little Endian\nCPU(s):              2\nOn-line CPU(s) list: 0,1\nVendor ID:           GenuineIntel\nCPU family:          6\nModel:               45\nModel name:          unknown\nStepping:            unknown\nCPU MHz:             3282.944\nBogoMIPS:            3282.94\nVirtualization:      VT-x\nFlags:               fpu vme de pse tsc msr pae mce cx8 apic sep mtrr pge mca cmov pat pse36 clflush dts acpi mmx fxsr sse sse2 ss ht tm pbe syscall nx pdpe1gb rdtscp lm pni pclmulqdq dtes64 monitor ds_cpl vmx smx est tm2 ssse3 cx16 xtpr pdcm pcid dca sse4_1 sse4_2 x2apic popcnt tsc_deadline_timer aes xsave avx lahf_lm xsaveopt"
    }
},
{
    "pystart_ms": 1588923081424.487,
    "pyend_ms": 1588923088536.9124,
    "pyduration_ms": 7112.42529296875,
    "func_data": {
        "initTime_ms": 1588923087074.6072,
        "endTime_ms": 1588923088443.776,
        "duration_ms": 1369.168758392334,
        "executionID": "1cpnba5mw1cm",
        "containerID": "1def3f97-f218-4df4-8ef9-a2e2f127d229",
        "uptime": "4.12",
        "meminfo": "MemTotal:        2097152 kB\nMemFree:         2048484 kB\nMemAvailable:    2048484 kB\nBuffers:               0 kB\nCached:            13228 kB\nSwapCache:             0 kB\nActive:            35584 kB\nInactive:           6616 kB\nActive(anon):      28972 kB\nInactive(anon):        0 kB\nActive(file):       6612 kB\nInactive(file):     6616 kB\nUnevictable:           0 kB\nMlocked:               0 kB\nSwapTotal:             0 kB\nSwapFree:              0 kB\nDirty:                 0 kB\nWriteback:             0 kB\nAnonPages:         28972 kB\nMapped:            13228 kB\nShmem:                 0 kB",
        "cpuinfo": "Architecture:        x86_64\nCPU op-mode(s):      32-bit, 64-bit\nByte Order:          Little Endian\nCPU(s):              2\nOn-line CPU(s) list: 0,1\nVendor ID:           GenuineIntel\nCPU family:          6\nModel:               63\nModel name:          unknown\nStepping:            unknown\nCPU MHz:             2299.999\nBogoMIPS:            2300.00\nVirtualization:      VT-x\nFlags:               fpu vme de pse tsc msr pae mce cx8 apic sep mtrr pge mca cmov pat pse36 clflush dts acpi mmx fxsr sse sse2 ss ht tm pbe syscall nx pdpe1gb rdtscp lm pni pclmulqdq dtes64 monitor ds_cpl vmx smx est tm2 ssse3 sdbg fma cx16 xtpr pdcm pcid dca sse4_1 sse4_2 x2apic movbe popcnt tsc_deadline_timer aes xsave avx f16c rdrand lahf_lm abm fsgsbase tsc_adjust bmi1 avx2 smep bmi2 erms invpcid cqm xsaveopt"
    }
},
{
    "pystart_ms": 1588923081428.5273,
    "pyend_ms": 1588923088580.3706,
    "pyduration_ms": 7151.84326171875,
    "func_data": {
        "initTime_ms": 1588923087179.1692,
        "endTime_ms": 1588923088488.9744,
        "duration_ms": 1309.805154800415,
        "executionID": "dxw2wfa4s3cx",
        "containerID": "cac94112-089e-4130-9e98-4b11b46ad5e4",
        "uptime": "4.25",
        "meminfo": "MemTotal:        2097152 kB\nMemFree:         2050204 kB\nMemAvailable:    2050204 kB\nBuffers:               0 kB\nCached:            13372 kB\nSwapCache:             0 kB\nActive:            33792 kB\nInactive:           6688 kB\nActive(anon):      27108 kB\nInactive(anon):        0 kB\nActive(file):       6684 kB\nInactive(file):     6688 kB\nUnevictable:           0 kB\nMlocked:               0 kB\nSwapTotal:             0 kB\nSwapFree:              0 kB\nDirty:                 0 kB\nWriteback:             0 kB\nAnonPages:         27108 kB\nMapped:            13372 kB\nShmem:                 0 kB",
        "cpuinfo": "Architecture:        x86_64\nCPU op-mode(s):      32-bit, 64-bit\nByte Order:          Little Endian\nCPU(s):              2\nOn-line CPU(s) list: 0,1\nVendor ID:           GenuineIntel\nCPU family:          6\nModel:               45\nModel name:          unknown\nStepping:            unknown\nCPU MHz:             3299.994\nBogoMIPS:            3299.99\nVirtualization:      VT-x\nFlags:               fpu vme de pse tsc msr pae mce cx8 apic sep mtrr pge mca cmov pat pse36 clflush dts acpi mmx fxsr sse sse2 ss ht tm pbe syscall nx pdpe1gb rdtscp lm pni pclmulqdq dtes64 monitor ds_cpl vmx smx est tm2 ssse3 cx16 xtpr pdcm pcid dca sse4_1 sse4_2 x2apic popcnt tsc_deadline_timer aes xsave avx lahf_lm xsaveopt"
    }
},
{
    "pystart_ms": 1588923081425.4858,
    "pyend_ms": 1588923088623.8423,
    "pyduration_ms": 7198.3564453125,
    "func_data": {
        "initTime_ms": 1588923087180.9185,
        "endTime_ms": 1588923088538.5547,
        "duration_ms": 1357.6362133026123,
        "executionID": "miz500a6q6ct",
        "containerID": "fd72981c-99d1-4b59-b256-ae46c75ef605",
        "uptime": "4.27",
        "meminfo": "MemTotal:        2097152 kB\nMemFree:         2051644 kB\nMemAvailable:    2051644 kB\nBuffers:               0 kB\nCached:            13228 kB\nSwapCache:             0 kB\nActive:            32424 kB\nInactive:           6616 kB\nActive(anon):      25812 kB\nInactive(anon):        0 kB\nActive(file):       6612 kB\nInactive(file):     6616 kB\nUnevictable:           0 kB\nMlocked:               0 kB\nSwapTotal:             0 kB\nSwapFree:              0 kB\nDirty:                 0 kB\nWriteback:             0 kB\nAnonPages:         25812 kB\nMapped:            13228 kB\nShmem:                 0 kB",
        "cpuinfo": "Architecture:        x86_64\nCPU op-mode(s):      32-bit, 64-bit\nByte Order:          Little Endian\nCPU(s):              2\nOn-line CPU(s) list: 0,1\nVendor ID:           GenuineIntel\nCPU family:          6\nModel:               45\nModel name:          unknown\nStepping:            unknown\nCPU MHz:             3299.995\nBogoMIPS:            3299.99\nVirtualization:      VT-x\nFlags:               fpu vme de pse tsc msr pae mce cx8 apic sep mtrr pge mca cmov pat pse36 clflush dts acpi mmx fxsr sse sse2 ss ht tm pbe syscall nx pdpe1gb rdtscp lm pni pclmulqdq dtes64 monitor ds_cpl vmx smx est tm2 ssse3 cx16 xtpr pdcm pcid dca sse4_1 sse4_2 x2apic popcnt tsc_deadline_timer aes xsave avx lahf_lm xsaveopt"
    }
},
{
    "pystart_ms": 1588923081421.4863,
    "pyend_ms": 1588923088725.7402,
    "pyduration_ms": 7304.25390625,
    "func_data": {
        "initTime_ms": 1588923087380.8762,
        "endTime_ms": 1588923088643.4739,
        "duration_ms": 1262.5975608825684,
        "executionID": "rs2ke0680pye",
        "containerID": "c3b6b595-851b-4d29-a265-e9824d8f016a",
        "uptime": "4.58",
        "meminfo": "MemTotal:        2097152 kB\nMemFree:         2049580 kB\nMemAvailable:    2049580 kB\nBuffers:               0 kB\nCached:            13300 kB\nSwapCache:             0 kB\nActive:            34452 kB\nInactive:           6652 kB\nActive(anon):      27804 kB\nInactive(anon):        0 kB\nActive(file):       6648 kB\nInactive(file):     6652 kB\nUnevictable:           0 kB\nMlocked:               0 kB\nSwapTotal:             0 kB\nSwapFree:              0 kB\nDirty:                 0 kB\nWriteback:             0 kB\nAnonPages:         27804 kB\nMapped:            13300 kB\nShmem:                 0 kB",
        "cpuinfo": "Architecture:        x86_64\nCPU op-mode(s):      32-bit, 64-bit\nByte Order:          Little Endian\nCPU(s):              2\nOn-line CPU(s) list: 0,1\nVendor ID:           GenuineIntel\nCPU family:          6\nModel:               63\nModel name:          unknown\nStepping:            unknown\nCPU MHz:             2299.999\nBogoMIPS:            2300.00\nVirtualization:      VT-x\nFlags:               fpu vme de pse tsc msr pae mce cx8 apic sep mtrr pge mca cmov pat pse36 clflush dts acpi mmx fxsr sse sse2 ss ht tm pbe syscall nx pdpe1gb rdtscp lm pni pclmulqdq dtes64 monitor ds_cpl vmx smx est tm2 ssse3 sdbg fma cx16 xtpr pdcm pcid dca sse4_1 sse4_2 x2apic movbe popcnt tsc_deadline_timer aes xsave avx f16c rdrand lahf_lm abm fsgsbase tsc_adjust bmi1 avx2 smep bmi2 erms invpcid cqm xsaveopt"
    }
},
{
    "pystart_ms": 1588923081430.53,
    "pyend_ms": 1588923088780.7993,
    "pyduration_ms": 7350.269287109375,
    "func_data": {
        "initTime_ms": 1588923087378.3877,
        "endTime_ms": 1588923088649.6426,
        "duration_ms": 1271.2547779083252,
        "executionID": "e1pdvltbwasn",
        "containerID": "1c2fac8e-cfb3-4e0e-8b8b-84553001d197",
        "uptime": "3.85",
        "meminfo": "MemTotal:        2097152 kB\nMemFree:         2051380 kB\nMemAvailable:    2051380 kB\nBuffers:               0 kB\nCached:            13228 kB\nSwapCache:             0 kB\nActive:            32688 kB\nInactive:           6616 kB\nActive(anon):      26076 kB\nInactive(anon):        0 kB\nActive(file):       6612 kB\nInactive(file):     6616 kB\nUnevictable:           0 kB\nMlocked:               0 kB\nSwapTotal:             0 kB\nSwapFree:              0 kB\nDirty:                 0 kB\nWriteback:             0 kB\nAnonPages:         26076 kB\nMapped:            13228 kB\nShmem:                 0 kB",
        "cpuinfo": "Architecture:        x86_64\nCPU op-mode(s):      32-bit, 64-bit\nByte Order:          Little Endian\nCPU(s):              2\nOn-line CPU(s) list: 0,1\nVendor ID:           GenuineIntel\nCPU family:          6\nModel:               63\nModel name:          unknown\nStepping:            unknown\nCPU MHz:             2299.999\nBogoMIPS:            2300.00\nVirtualization:      VT-x\nFlags:               fpu vme de pse tsc msr pae mce cx8 apic sep mtrr pge mca cmov pat pse36 clflush dts acpi mmx fxsr sse sse2 ss ht tm pbe syscall nx pdpe1gb rdtscp lm pni pclmulqdq dtes64 monitor ds_cpl vmx smx est tm2 ssse3 sdbg fma cx16 xtpr pdcm pcid dca sse4_1 sse4_2 x2apic movbe popcnt tsc_deadline_timer aes xsave avx f16c rdrand lahf_lm abm fsgsbase tsc_adjust bmi1 avx2 smep bmi2 erms invpcid cqm xsaveopt"
    }
},
{
    "pystart_ms": 1588923081418.4863,
    "pyend_ms": 1588923088805.8574,
    "pyduration_ms": 7387.37109375,
    "func_data": {
        "initTime_ms": 1588923087303.6165,
        "endTime_ms": 1588923088634.4832,
        "duration_ms": 1330.8665752410889,
        "executionID": "qqugfexq6por",
        "containerID": "8fa0c1e4-e351-4bd0-80bc-a8ceed62d0f1",
        "uptime": "4.48",
        "meminfo": "MemTotal:        2097152 kB\nMemFree:         2049812 kB\nMemAvailable:    2049812 kB\nBuffers:               0 kB\nCached:            13364 kB\nSwapCache:             0 kB\nActive:            34188 kB\nInactive:           6684 kB\nActive(anon):      27508 kB\nInactive(anon):        0 kB\nActive(file):       6680 kB\nInactive(file):     6684 kB\nUnevictable:           0 kB\nMlocked:               0 kB\nSwapTotal:             0 kB\nSwapFree:              0 kB\nDirty:                 0 kB\nWriteback:             0 kB\nAnonPages:         27508 kB\nMapped:            13364 kB\nShmem:                 0 kB",
        "cpuinfo": "Architecture:        x86_64\nCPU op-mode(s):      32-bit, 64-bit\nByte Order:          Little Endian\nCPU(s):              2\nOn-line CPU(s) list: 0,1\nVendor ID:           GenuineIntel\nCPU family:          6\nModel:               45\nModel name:          unknown\nStepping:            unknown\nCPU MHz:             3299.997\nBogoMIPS:            3300.00\nVirtualization:      VT-x\nFlags:               fpu vme de pse tsc msr pae mce cx8 apic sep mtrr pge mca cmov pat pse36 clflush dts acpi mmx fxsr sse sse2 ss ht tm pbe syscall nx pdpe1gb rdtscp lm pni pclmulqdq dtes64 monitor ds_cpl vmx smx est tm2 ssse3 cx16 xtpr pdcm pcid dca sse4_1 sse4_2 x2apic popcnt tsc_deadline_timer aes xsave avx lahf_lm xsaveopt"
    }
},
{
    "pystart_ms": 1588923081419.4863,
    "pyend_ms": 1588923089012.399,
    "pyduration_ms": 7592.91259765625,
    "func_data": {
        "initTime_ms": 1588923087496.3638,
        "endTime_ms": 1588923088835.7515,
        "duration_ms": 1339.3876552581787,
        "executionID": "jgt3oxd6bs9j",
        "containerID": "85094091-a359-4943-aa13-8d0fa95d0b5c",
        "uptime": "4.66",
        "meminfo": "MemTotal:        2097152 kB\nMemFree:         2049804 kB\nMemAvailable:    2049804 kB\nBuffers:               0 kB\nCached:            13364 kB\nSwapCache:             0 kB\nActive:            34196 kB\nInactive:           6684 kB\nActive(anon):      27516 kB\nInactive(anon):        0 kB\nActive(file):       6680 kB\nInactive(file):     6684 kB\nUnevictable:           0 kB\nMlocked:               0 kB\nSwapTotal:             0 kB\nSwapFree:              0 kB\nDirty:                 0 kB\nWriteback:             0 kB\nAnonPages:         27516 kB\nMapped:            13364 kB\nShmem:                 0 kB",
        "cpuinfo": "Architecture:        x86_64\nCPU op-mode(s):      32-bit, 64-bit\nByte Order:          Little Endian\nCPU(s):              2\nOn-line CPU(s) list: 0,1\nVendor ID:           GenuineIntel\nCPU family:          6\nModel:               45\nModel name:          unknown\nStepping:            unknown\nCPU MHz:             3299.994\nBogoMIPS:            3299.99\nVirtualization:      VT-x\nFlags:               fpu vme de pse tsc msr pae mce cx8 apic sep mtrr pge mca cmov pat pse36 clflush dts acpi mmx fxsr sse sse2 ss ht tm pbe syscall nx pdpe1gb rdtscp lm pni pclmulqdq dtes64 monitor ds_cpl vmx smx est tm2 ssse3 cx16 xtpr pdcm pcid dca sse4_1 sse4_2 x2apic popcnt tsc_deadline_timer aes xsave avx lahf_lm xsaveopt"
    }
},
{
    "pystart_ms": 1588923081432.5278,
    "pyend_ms": 1588923089409.5435,
    "pyduration_ms": 7977.015625,
    "func_data": {
        "initTime_ms": 1588923087860.8672,
        "endTime_ms": 1588923089232.8901,
        "duration_ms": 1372.0228672027588,
        "executionID": "p28501a8xykr",
        "containerID": "650dd974-5681-4009-adce-ae299c556262",
        "uptime": "4.10",
        "meminfo": "MemTotal:        2097152 kB\nMemFree:         2049072 kB\nMemAvailable:    2049072 kB\nBuffers:               0 kB\nCached:            13228 kB\nSwapCache:             0 kB\nActive:            34996 kB\nInactive:           6616 kB\nActive(anon):      28384 kB\nInactive(anon):        0 kB\nActive(file):       6612 kB\nInactive(file):     6616 kB\nUnevictable:           0 kB\nMlocked:               0 kB\nSwapTotal:             0 kB\nSwapFree:              0 kB\nDirty:                 0 kB\nWriteback:             0 kB\nAnonPages:         28384 kB\nMapped:            13228 kB\nShmem:                 0 kB",
        "cpuinfo": "Architecture:        x86_64\nCPU op-mode(s):      32-bit, 64-bit\nByte Order:          Little Endian\nCPU(s):              2\nOn-line CPU(s) list: 0,1\nVendor ID:           GenuineIntel\nCPU family:          6\nModel:               45\nModel name:          unknown\nStepping:            unknown\nCPU MHz:             3299.997\nBogoMIPS:            3300.00\nVirtualization:      VT-x\nFlags:               fpu vme de pse tsc msr pae mce cx8 apic sep mtrr pge mca cmov pat pse36 clflush dts acpi mmx fxsr sse sse2 ss ht tm pbe syscall nx pdpe1gb rdtscp lm pni pclmulqdq dtes64 monitor ds_cpl vmx smx est tm2 ssse3 cx16 xtpr pdcm pcid dca sse4_1 sse4_2 x2apic popcnt tsc_deadline_timer aes xsave avx lahf_lm xsaveopt"
    }
},
{
    "pystart_ms": 1588923081434.527,
    "pyend_ms": 1588923089526.1174,
    "pyduration_ms": 8091.59033203125,
    "func_data": {
        "initTime_ms": 1588923087806.4766,
        "endTime_ms": 1588923089439.9739,
        "duration_ms": 1633.4972381591797,
        "executionID": "tti3vzxvqcok",
        "containerID": "77fb47cf-8a94-442e-9e4b-94f1a94db2ed",
        "uptime": "5.31",
        "meminfo": "MemTotal:        2097152 kB\nMemFree:         2050768 kB\nMemAvailable:    2050768 kB\nBuffers:               0 kB\nCached:            13564 kB\nSwapCache:             0 kB\nActive:            33132 kB\nInactive:           6784 kB\nActive(anon):      26352 kB\nInactive(anon):        0 kB\nActive(file):       6780 kB\nInactive(file):     6784 kB\nUnevictable:           0 kB\nMlocked:               0 kB\nSwapTotal:             0 kB\nSwapFree:              0 kB\nDirty:                 0 kB\nWriteback:             0 kB\nAnonPages:         26352 kB\nMapped:            13564 kB\nShmem:                 0 kB",
        "cpuinfo": "Architecture:        x86_64\nCPU op-mode(s):      32-bit, 64-bit\nByte Order:          Little Endian\nCPU(s):              2\nOn-line CPU(s) list: 0,1\nVendor ID:           GenuineIntel\nCPU family:          6\nModel:               79\nModel name:          unknown\nStepping:            unknown\nCPU MHz:             2775.923\nBogoMIPS:            2775.92\nVirtualization:      VT-x\nFlags:               fpu vme de pse tsc msr pae mce cx8 apic sep mtrr pge mca cmov pat pse36 clflush dts acpi mmx fxsr sse sse2 ss ht tm pbe syscall nx pdpe1gb rdtscp lm pni pclmulqdq dtes64 monitor ds_cpl vmx smx est tm2 ssse3 sdbg fma cx16 xtpr pdcm pcid dca sse4_1 sse4_2 x2apic movbe popcnt tsc_deadline_timer aes xsave avx f16c rdrand lahf_lm abm 3dnowprefetch fsgsbase tsc_adjust bmi1 hle avx2 smep bmi2 erms invpcid rtm cqm rdt_a rdseed adx smap xsaveopt"
    }
},
{
    "pystart_ms": 1588923081431.527,
    "pyend_ms": 1588923090151.197,
    "pyduration_ms": 8719.669921875,
    "func_data": {
        "initTime_ms": 1588923088522.3406,
        "endTime_ms": 1588923090062.442,
        "duration_ms": 1540.1012897491455,
        "executionID": "mgqps6s30one",
        "containerID": "8b244baa-e475-4432-b561-dd5965d28273",
        "uptime": "5.60",
        "meminfo": "MemTotal:        2097152 kB\nMemFree:         2050560 kB\nMemAvailable:    2050560 kB\nBuffers:               0 kB\nCached:            13364 kB\nSwapCache:             0 kB\nActive:            33440 kB\nInactive:           6684 kB\nActive(anon):      26760 kB\nInactive(anon):        0 kB\nActive(file):       6680 kB\nInactive(file):     6684 kB\nUnevictable:           0 kB\nMlocked:               0 kB\nSwapTotal:             0 kB\nSwapFree:              0 kB\nDirty:                 0 kB\nWriteback:             0 kB\nAnonPages:         26760 kB\nMapped:            13364 kB\nShmem:                 0 kB",
        "cpuinfo": "Architecture:        x86_64\nCPU op-mode(s):      32-bit, 64-bit\nByte Order:          Little Endian\nCPU(s):              2\nOn-line CPU(s) list: 0,1\nVendor ID:           GenuineIntel\nCPU family:          6\nModel:               79\nModel name:          unknown\nStepping:            unknown\nCPU MHz:             2799.998\nBogoMIPS:            2800.00\nVirtualization:      VT-x\nFlags:               fpu vme de pse tsc msr pae mce cx8 apic sep mtrr pge mca cmov pat pse36 clflush dts acpi mmx fxsr sse sse2 ss ht tm pbe syscall nx pdpe1gb rdtscp lm pni pclmulqdq dtes64 monitor ds_cpl vmx smx est tm2 ssse3 sdbg fma cx16 xtpr pdcm pcid dca sse4_1 sse4_2 x2apic movbe popcnt tsc_deadline_timer aes xsave avx f16c rdrand lahf_lm abm 3dnowprefetch fsgsbase tsc_adjust bmi1 hle avx2 smep bmi2 erms invpcid rtm cqm rdt_a rdseed adx smap xsaveopt"
    }
},
{
    "pystart_ms": 1588923081408.5288,
    "pyend_ms": 1588923090955.026,
    "pyduration_ms": 9546.4970703125,
    "func_data": {
        "initTime_ms": 1588923089542.4053,
        "endTime_ms": 1588923090866.8064,
        "duration_ms": 1324.4011402130127,
        "executionID": "uiy48zkc6j1v",
        "containerID": "ea655889-2a7f-4a79-b931-5854f084da3f",
        "uptime": "5.42",
        "meminfo": "MemTotal:        2097152 kB\nMemFree:         2049216 kB\nMemAvailable:    2049216 kB\nBuffers:               0 kB\nCached:            13364 kB\nSwapCache:             0 kB\nActive:            34784 kB\nInactive:           6684 kB\nActive(anon):      28104 kB\nInactive(anon):        0 kB\nActive(file):       6680 kB\nInactive(file):     6684 kB\nUnevictable:           0 kB\nMlocked:               0 kB\nSwapTotal:             0 kB\nSwapFree:              0 kB\nDirty:                 0 kB\nWriteback:             0 kB\nAnonPages:         28104 kB\nMapped:            13364 kB\nShmem:                 0 kB",
        "cpuinfo": "Architecture:        x86_64\nCPU op-mode(s):      32-bit, 64-bit\nByte Order:          Little Endian\nCPU(s):              2\nOn-line CPU(s) list: 0,1\nVendor ID:           GenuineIntel\nCPU family:          6\nModel:               79\nModel name:          unknown\nStepping:            unknown\nCPU MHz:             2799.998\nBogoMIPS:            2800.00\nVirtualization:      VT-x\nFlags:               fpu vme de pse tsc msr pae mce cx8 apic sep mtrr pge mca cmov pat pse36 clflush dts acpi mmx fxsr sse sse2 ss ht tm pbe syscall nx pdpe1gb rdtscp lm pni pclmulqdq dtes64 monitor ds_cpl vmx smx est tm2 ssse3 sdbg fma cx16 xtpr pdcm pcid dca sse4_1 sse4_2 x2apic movbe popcnt tsc_deadline_timer aes xsave avx f16c rdrand lahf_lm abm 3dnowprefetch fsgsbase tsc_adjust bmi1 hle avx2 smep bmi2 erms invpcid rtm cqm rdt_a rdseed adx smap xsaveopt"
    }
},