
{
    "pystart_ms": 1588923121510.8013,
    "pyend_ms": 1588923123539.1213,
    "pyduration_ms": 2028.320068359375,
    "func_data": {
        "initTime_ms": 1588923121750.3772,
        "endTime_ms": 1588923123378.3896,
        "duration_ms": 1628.0124187469482,
        "executionID": "vo3ebv6l1xe7",
        "containerID": "4acc6f54-d079-41fa-b27d-70be26e25877",
        "uptime": "38.16",
        "meminfo": "MemTotal:        2097152 kB\nMemFree:         2051080 kB\nMemAvailable:    2051080 kB\nBuffers:               0 kB\nCached:            13604 kB\nSwapCache:             0 kB\nActive:            32800 kB\nInactive:           6804 kB\nActive(anon):      26000 kB\nInactive(anon):        0 kB\nActive(file):       6800 kB\nInactive(file):     6804 kB\nUnevictable:           0 kB\nMlocked:               0 kB\nSwapTotal:             0 kB\nSwapFree:              0 kB\nDirty:                 0 kB\nWriteback:             0 kB\nAnonPages:         26000 kB\nMapped:            13604 kB\nShmem:                 0 kB",
        "cpuinfo": "Architecture:        x86_64\nCPU op-mode(s):      32-bit, 64-bit\nByte Order:          Little Endian\nCPU(s):              2\nOn-line CPU(s) list: 0,1\nVendor ID:           GenuineIntel\nCPU family:          6\nModel:               85\nModel name:          unknown\nStepping:            unknown\nCPU MHz:             2693.076\nBogoMIPS:            2693.08\nVirtualization:      VT-x\nFlags:               fpu vme de pse tsc msr pae mce cx8 apic sep mtrr pge mca cmov pat pse36 clflush dts acpi mmx fxsr sse sse2 ss ht tm pbe syscall nx pdpe1gb rdtscp lm pni pclmulqdq dtes64 monitor ds_cpl vmx smx est tm2 ssse3 sdbg fma cx16 xtpr pdcm pcid dca sse4_1 sse4_2 x2apic movbe popcnt tsc_deadline_timer aes xsave avx f16c rdrand lahf_lm abm 3dnowprefetch fsgsbase tsc_adjust bmi1 hle avx2 smep bmi2 erms invpcid rtm cqm mpx rdt_a avx512f avx512dq rdseed adx smap clwb avx512cd avx512bw avx512vl xsaveopt xsavec xgetbv1 xsaves pku"
    }
},
{
    "pystart_ms": 1588923121498.8406,
    "pyend_ms": 1588923123598.4016,
    "pyduration_ms": 2099.56103515625,
    "func_data": {
        "initTime_ms": 1588923121729.4634,
        "endTime_ms": 1588923123432.6157,
        "duration_ms": 1703.1524181365967,
        "executionID": "qdskvqdck50w",
        "containerID": "9d431575-b3d4-4ac1-893a-241ff47c4ba4",
        "uptime": "38.96",
        "meminfo": "MemTotal:        2097152 kB\nMemFree:         2048912 kB\nMemAvailable:    2048912 kB\nBuffers:               0 kB\nCached:            13676 kB\nSwapCache:             0 kB\nActive:            34412 kB\nInactive:           6840 kB\nActive(anon):      27576 kB\nInactive(anon):        0 kB\nActive(file):       6836 kB\nInactive(file):     6840 kB\nUnevictable:           0 kB\nMlocked:               0 kB\nSwapTotal:             0 kB\nSwapFree:              0 kB\nDirty:                 0 kB\nWriteback:             0 kB\nAnonPages:         27576 kB\nMapped:            13676 kB\nShmem:                 0 kB",
        "cpuinfo": "Architecture:        x86_64\nCPU op-mode(s):      32-bit, 64-bit\nByte Order:          Little Endian\nCPU(s):              2\nOn-line CPU(s) list: 0,1\nVendor ID:           GenuineIntel\nCPU family:          6\nModel:               85\nModel name:          unknown\nStepping:            unknown\nCPU MHz:             2533.439\nBogoMIPS:            2533.44\nVirtualization:      VT-x\nFlags:               fpu vme de pse tsc msr pae mce cx8 apic sep mtrr pge mca cmov pat pse36 clflush dts acpi mmx fxsr sse sse2 ss ht tm pbe syscall nx pdpe1gb rdtscp lm pni pclmulqdq dtes64 monitor ds_cpl vmx smx est tm2 ssse3 sdbg fma cx16 xtpr pdcm pcid dca sse4_1 sse4_2 x2apic movbe popcnt tsc_deadline_timer aes xsave avx f16c rdrand lahf_lm abm 3dnowprefetch fsgsbase tsc_adjust bmi1 hle avx2 smep bmi2 erms invpcid rtm cqm mpx rdt_a avx512f avx512dq rdseed adx smap clwb avx512cd avx512bw avx512vl xsaveopt xsavec xgetbv1 xsaves pku"
    }
},
{
    "pystart_ms": 1588923121472.807,
    "pyend_ms": 1588923123620.5647,
    "pyduration_ms": 2147.7578125,
    "func_data": {
        "initTime_ms": 1588923121754.3418,
        "endTime_ms": 1588923123544.684,
        "duration_ms": 1790.3423309326172,
        "executionID": "1px5d0mpl612",
        "containerID": "f98d1dfe-69ac-4cda-b718-9c6bd4d9fdd2",
        "uptime": "607.72",
        "meminfo": "MemTotal:        2097152 kB\nMemFree:         2050620 kB\nMemAvailable:    2050620 kB\nBuffers:               0 kB\nCached:            19068 kB\nSwapCache:             0 kB\nActive:            36984 kB\nInactive:           9536 kB\nActive(anon):      27452 kB\nInactive(anon):        0 kB\nActive(file):       9532 kB\nInactive(file):     9536 kB\nUnevictable:           0 kB\nMlocked:               0 kB\nSwapTotal:             0 kB\nSwapFree:              0 kB\nDirty:                 0 kB\nWriteback:             0 kB\nAnonPages:         27452 kB\nMapped:            19068 kB\nShmem:                 0 kB",
        "cpuinfo": "Architecture:        x86_64\nCPU op-mode(s):      32-bit, 64-bit\nByte Order:          Little Endian\nCPU(s):              2\nOn-line CPU(s) list: 0,1\nVendor ID:           GenuineIntel\nCPU family:          6\nModel:               85\nModel name:          unknown\nStepping:            unknown\nCPU MHz:             2700.136\nBogoMIPS:            2700.14\nVirtualization:      VT-x\nFlags:               fpu vme de pse tsc msr pae mce cx8 apic sep mtrr pge mca cmov pat pse36 clflush dts acpi mmx fxsr sse sse2 ss ht tm pbe syscall nx pdpe1gb rdtscp lm pni pclmulqdq dtes64 monitor ds_cpl vmx smx est tm2 ssse3 sdbg fma cx16 xtpr pdcm pcid dca sse4_1 sse4_2 x2apic movbe popcnt tsc_deadline_timer aes xsave avx f16c rdrand lahf_lm abm 3dnowprefetch fsgsbase tsc_adjust bmi1 hle avx2 smep bmi2 erms invpcid rtm cqm mpx rdt_a avx512f avx512dq rdseed adx smap clwb avx512cd avx512bw avx512vl xsaveopt xsavec xgetbv1 xsaves pku"
    }
},
{
    "pystart_ms": 1588923121502.8015,
    "pyend_ms": 1588923123701.522,
    "pyduration_ms": 2198.720458984375,
    "func_data": {
        "initTime_ms": 1588923121830.3733,
        "endTime_ms": 1588923123433.8594,
        "duration_ms": 1603.4860610961914,
        "executionID": "4q2u7fgosdfk",
        "containerID": "2621d8ae-4398-4e92-b8c6-49b057235e1c",
        "uptime": "39.22",
        "meminfo": "MemTotal:        2097152 kB\nMemFree:         2051456 kB\nMemAvailable:    2051456 kB\nBuffers:               0 kB\nCached:            13604 kB\nSwapCache:             0 kB\nActive:            32424 kB\nInactive:           6804 kB\nActive(anon):      25624 kB\nInactive(anon):        0 kB\nActive(file):       6800 kB\nInactive(file):     6804 kB\nUnevictable:           0 kB\nMlocked:               0 kB\nSwapTotal:             0 kB\nSwapFree:              0 kB\nDirty:                 0 kB\nWriteback:             0 kB\nAnonPages:         25624 kB\nMapped:            13604 kB\nShmem:                 0 kB",
        "cpuinfo": "Architecture:        x86_64\nCPU op-mode(s):      32-bit, 64-bit\nByte Order:          Little Endian\nCPU(s):              2\nOn-line CPU(s) list: 0,1\nVendor ID:           GenuineIntel\nCPU family:          6\nModel:               85\nModel name:          unknown\nStepping:            unknown\nCPU MHz:             2688.828\nBogoMIPS:            2688.83\nVirtualization:      VT-x\nFlags:               fpu vme de pse tsc msr pae mce cx8 apic sep mtrr pge mca cmov pat pse36 clflush dts acpi mmx fxsr sse sse2 ss ht tm pbe syscall nx pdpe1gb rdtscp lm pni pclmulqdq dtes64 monitor ds_cpl vmx smx est tm2 ssse3 sdbg fma cx16 xtpr pdcm pcid dca sse4_1 sse4_2 x2apic movbe popcnt tsc_deadline_timer aes xsave avx f16c rdrand lahf_lm abm 3dnowprefetch fsgsbase tsc_adjust bmi1 hle avx2 smep bmi2 erms invpcid rtm cqm mpx rdt_a avx512f avx512dq rdseed adx smap clwb avx512cd avx512bw avx512vl xsaveopt xsavec xgetbv1 xsaves pku"
    }
},
{
    "pystart_ms": 1588923121499.8403,
    "pyend_ms": 1588923123748.4392,
    "pyduration_ms": 2248.598876953125,
    "func_data": {
        "initTime_ms": 1588923121771.5403,
        "endTime_ms": 1588923123664.8003,
        "duration_ms": 1893.2602405548096,
        "executionID": "1ack7380xn0w",
        "containerID": "25c988fa-06f1-47fc-bd47-1f6d7614d689",
        "uptime": "39.38",
        "meminfo": "MemTotal:        2097152 kB\nMemFree:         2047452 kB\nMemAvailable:    2047452 kB\nBuffers:               0 kB\nCached:            13588 kB\nSwapCache:             0 kB\nActive:            36436 kB\nInactive:           6796 kB\nActive(anon):      29644 kB\nInactive(anon):        0 kB\nActive(file):       6792 kB\nInactive(file):     6796 kB\nUnevictable:           0 kB\nMlocked:               0 kB\nSwapTotal:             0 kB\nSwapFree:              0 kB\nDirty:                 0 kB\nWriteback:             0 kB\nAnonPages:         29644 kB\nMapped:            13588 kB\nShmem:                 0 kB",
        "cpuinfo": "Architecture:        x86_64\nCPU op-mode(s):      32-bit, 64-bit\nByte Order:          Little Endian\nCPU(s):              2\nOn-line CPU(s) list: 0,1\nVendor ID:           GenuineIntel\nCPU family:          6\nModel:               85\nModel name:          unknown\nStepping:            unknown\nCPU MHz:             2681.771\nBogoMIPS:            2681.77\nVirtualization:      VT-x\nFlags:               fpu vme de pse tsc msr pae mce cx8 apic sep mtrr pge mca cmov pat pse36 clflush dts acpi mmx fxsr sse sse2 ss ht tm pbe syscall nx pdpe1gb rdtscp lm pni pclmulqdq dtes64 monitor ds_cpl vmx smx est tm2 ssse3 sdbg fma cx16 xtpr pdcm pcid dca sse4_1 sse4_2 x2apic movbe popcnt tsc_deadline_timer aes xsave avx f16c rdrand lahf_lm abm 3dnowprefetch fsgsbase tsc_adjust bmi1 hle avx2 smep bmi2 erms invpcid rtm cqm mpx rdt_a avx512f avx512dq rdseed adx smap clwb avx512cd avx512bw avx512vl xsaveopt xsavec xgetbv1 xsaves pku"
    }
},
{
    "pystart_ms": 1588923121504.8013,
    "pyend_ms": 1588923123769.486,
    "pyduration_ms": 2264.684814453125,
    "func_data": {
        "initTime_ms": 1588923121806.6033,
        "endTime_ms": 1588923123598.737,
        "duration_ms": 1792.1338081359863,
        "executionID": "38uwh2zollln",
        "containerID": "2b0f4c90-fd5f-47fa-b196-08a149a30226",
        "uptime": "39.58",
        "meminfo": "MemTotal:        2097152 kB\nMemFree:         2048236 kB\nMemAvailable:    2048236 kB\nBuffers:               0 kB\nCached:            13624 kB\nSwapCache:             0 kB\nActive:            35636 kB\nInactive:           6812 kB\nActive(anon):      28824 kB\nInactive(anon):        0 kB\nActive(file):       6812 kB\nInactive(file):     6812 kB\nUnevictable:           0 kB\nMlocked:               0 kB\nSwapTotal:             0 kB\nSwapFree:              0 kB\nDirty:                 0 kB\nWriteback:             0 kB\nAnonPages:         28824 kB\nMapped:            13624 kB\nShmem:                 0 kB",
        "cpuinfo": "Architecture:        x86_64\nCPU op-mode(s):      32-bit, 64-bit\nByte Order:          Little Endian\nCPU(s):              2\nOn-line CPU(s) list: 0,1\nVendor ID:           GenuineIntel\nCPU family:          6\nModel:               79\nModel name:          unknown\nStepping:            unknown\nCPU MHz:             2783.069\nBogoMIPS:            2783.07\nVirtualization:      VT-x\nFlags:               fpu vme de pse tsc msr pae mce cx8 apic sep mtrr pge mca cmov pat pse36 clflush dts acpi mmx fxsr sse sse2 ss ht tm pbe syscall nx pdpe1gb rdtscp lm pni pclmulqdq dtes64 monitor ds_cpl vmx smx est tm2 ssse3 sdbg fma cx16 xtpr pdcm pcid dca sse4_1 sse4_2 x2apic movbe popcnt tsc_deadline_timer aes xsave avx f16c rdrand lahf_lm abm 3dnowprefetch fsgsbase tsc_adjust bmi1 hle avx2 smep bmi2 erms invpcid rtm cqm rdt_a rdseed adx smap xsaveopt"
    }
},
{
    "pystart_ms": 1588923121502.8015,
    "pyend_ms": 1588923123774.4858,
    "pyduration_ms": 2271.684326171875,
    "func_data": {
        "initTime_ms": 1588923121732.387,
        "endTime_ms": 1588923123627.7688,
        "duration_ms": 1895.3816890716553,
        "executionID": "qbk3gswl8fix",
        "containerID": "2101a3c6-0833-4c4c-a707-b403d874e082",
        "uptime": "39.50",
        "meminfo": "MemTotal:        2097152 kB\nMemFree:         2047900 kB\nMemAvailable:    2047900 kB\nBuffers:               0 kB\nCached:            13604 kB\nSwapCache:             0 kB\nActive:            35980 kB\nInactive:           6804 kB\nActive(anon):      29180 kB\nInactive(anon):        0 kB\nActive(file):       6800 kB\nInactive(file):     6804 kB\nUnevictable:           0 kB\nMlocked:               0 kB\nSwapTotal:             0 kB\nSwapFree:              0 kB\nDirty:                 0 kB\nWriteback:             0 kB\nAnonPages:         29180 kB\nMapped:            13604 kB\nShmem:                 0 kB",
        "cpuinfo": "Architecture:        x86_64\nCPU op-mode(s):      32-bit, 64-bit\nByte Order:          Little Endian\nCPU(s):              2\nOn-line CPU(s) list: 0,1\nVendor ID:           GenuineIntel\nCPU family:          6\nModel:               79\nModel name:          unknown\nStepping:            unknown\nCPU MHz:             2795.879\nBogoMIPS:            2795.88\nVirtualization:      VT-x\nFlags:               fpu vme de pse tsc msr pae mce cx8 apic sep mtrr pge mca cmov pat pse36 clflush dts acpi mmx fxsr sse sse2 ss ht tm pbe syscall nx pdpe1gb rdtscp lm pni pclmulqdq dtes64 monitor ds_cpl vmx smx est tm2 ssse3 sdbg fma cx16 xtpr pdcm pcid dca sse4_1 sse4_2 x2apic movbe popcnt tsc_deadline_timer aes xsave avx f16c rdrand lahf_lm abm 3dnowprefetch fsgsbase tsc_adjust bmi1 hle avx2 smep bmi2 erms invpcid rtm cqm rdt_a rdseed adx smap xsaveopt"
    }
},
{
    "pystart_ms": 1588923121497.8462,
    "pyend_ms": 1588923123858.2812,
    "pyduration_ms": 2360.43505859375,
    "func_data": {
        "initTime_ms": 1588923121777.6646,
        "endTime_ms": 1588923123756.4023,
        "duration_ms": 1978.7375926971436,
        "executionID": "gg1alfsnmazc",
        "containerID": "f914fb5e-702b-4334-a3e3-ee273a362020",
        "uptime": "39.81",
        "meminfo": "MemTotal:        2097152 kB\nMemFree:         2049320 kB\nMemAvailable:    2049320 kB\nBuffers:               0 kB\nCached:            13740 kB\nSwapCache:             0 kB\nActive:            34492 kB\nInactive:           6872 kB\nActive(anon):      27624 kB\nInactive(anon):        0 kB\nActive(file):       6868 kB\nInactive(file):     6872 kB\nUnevictable:           0 kB\nMlocked:               0 kB\nSwapTotal:             0 kB\nSwapFree:              0 kB\nDirty:                 0 kB\nWriteback:             0 kB\nAnonPages:         27624 kB\nMapped:            13740 kB\nShmem:                 0 kB",
        "cpuinfo": "Architecture:        x86_64\nCPU op-mode(s):      32-bit, 64-bit\nByte Order:          Little Endian\nCPU(s):              2\nOn-line CPU(s) list: 0,1\nVendor ID:           GenuineIntel\nCPU family:          6\nModel:               85\nModel name:          unknown\nStepping:            unknown\nCPU MHz:             2700.257\nBogoMIPS:            2700.26\nVirtualization:      VT-x\nFlags:               fpu vme de pse tsc msr pae mce cx8 apic sep mtrr pge mca cmov pat pse36 clflush dts acpi mmx fxsr sse sse2 ss ht tm pbe syscall nx pdpe1gb rdtscp lm pni pclmulqdq dtes64 monitor ds_cpl vmx smx est tm2 ssse3 sdbg fma cx16 xtpr pdcm pcid dca sse4_1 sse4_2 x2apic movbe popcnt tsc_deadline_timer aes xsave avx f16c rdrand lahf_lm abm 3dnowprefetch fsgsbase tsc_adjust bmi1 hle avx2 smep bmi2 erms invpcid rtm cqm mpx rdt_a avx512f avx512dq rdseed adx smap clwb avx512cd avx512bw avx512vl xsaveopt xsavec xgetbv1 xsaves pku"
    }
},
{
    "pystart_ms": 1588923121508.8013,
    "pyend_ms": 1588923123909.6714,
    "pyduration_ms": 2400.8701171875,
    "func_data": {
        "initTime_ms": 1588923121826.5227,
        "endTime_ms": 1588923123831.486,
        "duration_ms": 2004.9633979797363,
        "executionID": "2rzxkmn0h69c",
        "containerID": "1cea590d-db87-4963-94ae-d7b4406fabb6",
        "uptime": "39.30",
        "meminfo": "MemTotal:        2097152 kB\nMemFree:         2048780 kB\nMemAvailable:    2048780 kB\nBuffers:               0 kB\nCached:            13604 kB\nSwapCache:             0 kB\nActive:            35100 kB\nInactive:           6804 kB\nActive(anon):      28300 kB\nInactive(anon):        0 kB\nActive(file):       6800 kB\nInactive(file):     6804 kB\nUnevictable:           0 kB\nMlocked:               0 kB\nSwapTotal:             0 kB\nSwapFree:              0 kB\nDirty:                 0 kB\nWriteback:             0 kB\nAnonPages:         28300 kB\nMapped:            13604 kB\nShmem:                 0 kB",
        "cpuinfo": "Architecture:        x86_64\nCPU op-mode(s):      32-bit, 64-bit\nByte Order:          Little Endian\nCPU(s):              2\nOn-line CPU(s) list: 0,1\nVendor ID:           GenuineIntel\nCPU family:          6\nModel:               85\nModel name:          unknown\nStepping:            unknown\nCPU MHz:             2633.477\nBogoMIPS:            2633.48\nVirtualization:      VT-x\nFlags:               fpu vme de pse tsc msr pae mce cx8 apic sep mtrr pge mca cmov pat pse36 clflush dts acpi mmx fxsr sse sse2 ss ht tm pbe syscall nx pdpe1gb rdtscp lm pni pclmulqdq dtes64 monitor ds_cpl vmx smx est tm2 ssse3 sdbg fma cx16 xtpr pdcm pcid dca sse4_1 sse4_2 x2apic movbe popcnt tsc_deadline_timer aes xsave avx f16c rdrand lahf_lm abm 3dnowprefetch fsgsbase tsc_adjust bmi1 hle avx2 smep bmi2 erms invpcid rtm cqm mpx rdt_a avx512f avx512dq rdseed adx smap clwb avx512cd avx512bw avx512vl xsaveopt xsavec xgetbv1 xsaves pku"
    }
},
{
    "pystart_ms": 1588923121499.8403,
    "pyend_ms": 1588923123945.7253,
    "pyduration_ms": 2445.885009765625,
    "func_data": {
        "initTime_ms": 1588923121772.3103,
        "endTime_ms": 1588923123862.0645,
        "duration_ms": 2089.754104614258,
        "executionID": "hq8cz7cesc5j",
        "containerID": "1ec5cbde-af8d-4125-a4e8-ae5726a4a56a",
        "uptime": "39.30",
        "meminfo": "MemTotal:        2097152 kB\nMemFree:         2048052 kB\nMemAvailable:    2048052 kB\nBuffers:               0 kB\nCached:            13604 kB\nSwapCache:             0 kB\nActive:            35828 kB\nInactive:           6804 kB\nActive(anon):      29028 kB\nInactive(anon):        0 kB\nActive(file):       6800 kB\nInactive(file):     6804 kB\nUnevictable:           0 kB\nMlocked:               0 kB\nSwapTotal:             0 kB\nSwapFree:              0 kB\nDirty:                 0 kB\nWriteback:             0 kB\nAnonPages:         29028 kB\nMapped:            13604 kB\nShmem:                 0 kB",
        "cpuinfo": "Architecture:        x86_64\nCPU op-mode(s):      32-bit, 64-bit\nByte Order:          Little Endian\nCPU(s):              2\nOn-line CPU(s) list: 0,1\nVendor ID:           GenuineIntel\nCPU family:          6\nModel:               85\nModel name:          unknown\nStepping:            unknown\nCPU MHz:             2691.631\nBogoMIPS:            2691.63\nVirtualization:      VT-x\nFlags:               fpu vme de pse tsc msr pae mce cx8 apic sep mtrr pge mca cmov pat pse36 clflush dts acpi mmx fxsr sse sse2 ss ht tm pbe syscall nx pdpe1gb rdtscp lm pni pclmulqdq dtes64 monitor ds_cpl vmx smx est tm2 ssse3 sdbg fma cx16 xtpr pdcm pcid dca sse4_1 sse4_2 x2apic movbe popcnt tsc_deadline_timer aes xsave avx f16c rdrand lahf_lm abm 3dnowprefetch fsgsbase tsc_adjust bmi1 hle avx2 smep bmi2 erms invpcid rtm cqm mpx rdt_a avx512f avx512dq rdseed adx smap clwb avx512cd avx512bw avx512vl xsaveopt xsavec xgetbv1 xsaves pku"
    }
},
{
    "pystart_ms": 1588923121511.801,
    "pyend_ms": 1588923124024.8213,
    "pyduration_ms": 2513.020263671875,
    "func_data": {
        "initTime_ms": 1588923121852.0469,
        "endTime_ms": 1588923123943.6702,
        "duration_ms": 2091.623306274414,
        "executionID": "mw0582vitjc4",
        "containerID": "33bf7c1e-b482-47c1-ae47-325ec6f18f1c",
        "uptime": "38.30",
        "meminfo": "MemTotal:        2097152 kB\nMemFree:         2050356 kB\nMemAvailable:    2050356 kB\nBuffers:               0 kB\nCached:            13744 kB\nSwapCache:             0 kB\nActive:            33456 kB\nInactive:           6872 kB\nActive(anon):      26584 kB\nInactive(anon):        0 kB\nActive(file):       6872 kB\nInactive(file):     6872 kB\nUnevictable:           0 kB\nMlocked:               0 kB\nSwapTotal:             0 kB\nSwapFree:              0 kB\nDirty:                 0 kB\nWriteback:             0 kB\nAnonPages:         26584 kB\nMapped:            13744 kB\nShmem:                 0 kB",
        "cpuinfo": "Architecture:        x86_64\nCPU op-mode(s):      32-bit, 64-bit\nByte Order:          Little Endian\nCPU(s):              2\nOn-line CPU(s) list: 0,1\nVendor ID:           GenuineIntel\nCPU family:          6\nModel:               85\nModel name:          unknown\nStepping:            unknown\nCPU MHz:             2518.206\nBogoMIPS:            2518.21\nVirtualization:      VT-x\nFlags:               fpu vme de pse tsc msr pae mce cx8 apic sep mtrr pge mca cmov pat pse36 clflush dts acpi mmx fxsr sse sse2 ss ht tm pbe syscall nx pdpe1gb rdtscp lm pni pclmulqdq dtes64 monitor ds_cpl vmx smx est tm2 ssse3 sdbg fma cx16 xtpr pdcm pcid dca sse4_1 sse4_2 x2apic movbe popcnt tsc_deadline_timer aes xsave avx f16c rdrand lahf_lm abm 3dnowprefetch fsgsbase tsc_adjust bmi1 hle avx2 smep bmi2 erms invpcid rtm cqm mpx rdt_a avx512f avx512dq rdseed adx smap clwb avx512cd avx512bw avx512vl xsaveopt xsavec xgetbv1 xsaves pku"
    }
},
{
    "pystart_ms": 1588923121507.8018,
    "pyend_ms": 1588923126268.4346,
    "pyduration_ms": 4760.6328125,
    "func_data": {
        "initTime_ms": 1588923124849.2634,
        "endTime_ms": 1588923126186.014,
        "duration_ms": 1336.7505073547363,
        "executionID": "o6tfq6r5frkp",
        "containerID": "429df812-7d6e-4716-b3da-aa27bf2ceca3",
        "uptime": "2.61",
        "meminfo": "MemTotal:        2097152 kB\nMemFree:         2049332 kB\nMemAvailable:    2049332 kB\nBuffers:               0 kB\nCached:            13364 kB\nSwapCache:             0 kB\nActive:            34668 kB\nInactive:           6684 kB\nActive(anon):      27988 kB\nInactive(anon):        0 kB\nActive(file):       6680 kB\nInactive(file):     6684 kB\nUnevictable:           0 kB\nMlocked:               0 kB\nSwapTotal:             0 kB\nSwapFree:              0 kB\nDirty:                 0 kB\nWriteback:             0 kB\nAnonPages:         27988 kB\nMapped:            13364 kB\nShmem:                 0 kB",
        "cpuinfo": "Architecture:        x86_64\nCPU op-mode(s):      32-bit, 64-bit\nByte Order:          Little Endian\nCPU(s):              2\nOn-line CPU(s) list: 0,1\nVendor ID:           GenuineIntel\nCPU family:          6\nModel:               85\nModel name:          unknown\nStepping:            unknown\nCPU MHz:             2579.768\nBogoMIPS:            2579.77\nVirtualization:      VT-x\nFlags:               fpu vme de pse tsc msr pae mce cx8 apic sep mtrr pge mca cmov pat pse36 clflush dts acpi mmx fxsr sse sse2 ss ht tm pbe syscall nx pdpe1gb rdtscp lm pni pclmulqdq dtes64 monitor ds_cpl vmx smx est tm2 ssse3 sdbg fma cx16 xtpr pdcm pcid dca sse4_1 sse4_2 x2apic movbe popcnt tsc_deadline_timer aes xsave avx f16c rdrand lahf_lm abm 3dnowprefetch fsgsbase tsc_adjust bmi1 hle avx2 smep bmi2 erms invpcid rtm cqm mpx rdt_a avx512f avx512dq rdseed adx smap clwb avx512cd avx512bw avx512vl xsaveopt xsavec xgetbv1 xsaves pku"
    }
},
{
    "pystart_ms": 1588923121496.802,
    "pyend_ms": 1588923126411.8494,
    "pyduration_ms": 4915.04736328125,
    "func_data": {
        "initTime_ms": 1588923125012.2324,
        "endTime_ms": 1588923126298.355,
        "duration_ms": 1286.1227989196777,
        "executionID": "5l5ilsb4wma8",
        "containerID": "12b6f8ac-2522-434e-b959-8cc116cf7327",
        "uptime": "2.49",
        "meminfo": "MemTotal:        2097152 kB\nMemFree:         2051812 kB\nMemAvailable:    2051812 kB\nBuffers:               0 kB\nCached:            13364 kB\nSwapCache:             0 kB\nActive:            32188 kB\nInactive:           6684 kB\nActive(anon):      25508 kB\nInactive(anon):        0 kB\nActive(file):       6680 kB\nInactive(file):     6684 kB\nUnevictable:           0 kB\nMlocked:               0 kB\nSwapTotal:             0 kB\nSwapFree:              0 kB\nDirty:                 0 kB\nWriteback:             0 kB\nAnonPages:         25508 kB\nMapped:            13364 kB\nShmem:                 0 kB",
        "cpuinfo": "Architecture:        x86_64\nCPU op-mode(s):      32-bit, 64-bit\nByte Order:          Little Endian\nCPU(s):              2\nOn-line CPU(s) list: 0,1\nVendor ID:           GenuineIntel\nCPU family:          6\nModel:               85\nModel name:          unknown\nStepping:            unknown\nCPU MHz:             2700.258\nBogoMIPS:            2700.26\nVirtualization:      VT-x\nFlags:               fpu vme de pse tsc msr pae mce cx8 apic sep mtrr pge mca cmov pat pse36 clflush dts acpi mmx fxsr sse sse2 ss ht tm pbe syscall nx pdpe1gb rdtscp lm pni pclmulqdq dtes64 monitor ds_cpl vmx smx est tm2 ssse3 sdbg fma cx16 xtpr pdcm pcid dca sse4_1 sse4_2 x2apic movbe popcnt tsc_deadline_timer aes xsave avx f16c rdrand lahf_lm abm 3dnowprefetch fsgsbase tsc_adjust bmi1 hle avx2 smep bmi2 erms invpcid rtm cqm mpx rdt_a avx512f avx512dq rdseed adx smap clwb avx512cd avx512bw avx512vl xsaveopt xsavec xgetbv1 xsaves pku"
    }
},
{
    "pystart_ms": 1588923121482.802,
    "pyend_ms": 1588923126540.7363,
    "pyduration_ms": 5057.934326171875,
    "func_data": {
        "initTime_ms": 1588923125194.5562,
        "endTime_ms": 1588923126448.03,
        "duration_ms": 1253.4737586975098,
        "executionID": "tq6oa2e0i5rg",
        "containerID": "f9ff0c0d-eacb-47ce-abb5-4b612c25bd11",
        "uptime": "2.59",
        "meminfo": "MemTotal:        2097152 kB\nMemFree:         2051736 kB\nMemAvailable:    2051736 kB\nBuffers:               0 kB\nCached:            13228 kB\nSwapCache:             0 kB\nActive:            32332 kB\nInactive:           6616 kB\nActive(anon):      25720 kB\nInactive(anon):        0 kB\nActive(file):       6612 kB\nInactive(file):     6616 kB\nUnevictable:           0 kB\nMlocked:               0 kB\nSwapTotal:             0 kB\nSwapFree:              0 kB\nDirty:                 0 kB\nWriteback:             0 kB\nAnonPages:         25720 kB\nMapped:            13228 kB\nShmem:                 0 kB",
        "cpuinfo": "Architecture:        x86_64\nCPU op-mode(s):      32-bit, 64-bit\nByte Order:          Little Endian\nCPU(s):              2\nOn-line CPU(s) list: 0,1\nVendor ID:           GenuineIntel\nCPU family:          6\nModel:               85\nModel name:          unknown\nStepping:            unknown\nCPU MHz:             2700.239\nBogoMIPS:            2700.24\nVirtualization:      VT-x\nFlags:               fpu vme de pse tsc msr pae mce cx8 apic sep mtrr pge mca cmov pat pse36 clflush dts acpi mmx fxsr sse sse2 ss ht tm pbe syscall nx pdpe1gb rdtscp lm pni pclmulqdq dtes64 monitor ds_cpl vmx smx est tm2 ssse3 sdbg fma cx16 xtpr pdcm pcid dca sse4_1 sse4_2 x2apic movbe popcnt tsc_deadline_timer aes xsave avx f16c rdrand lahf_lm abm 3dnowprefetch fsgsbase tsc_adjust bmi1 hle avx2 smep bmi2 erms invpcid rtm cqm mpx rdt_a avx512f avx512dq rdseed adx smap clwb avx512cd avx512bw avx512vl xsaveopt xsavec xgetbv1 xsaves pku"
    }
},
{
    "pystart_ms": 1588923121509.806,
    "pyend_ms": 1588923126698.899,
    "pyduration_ms": 5189.093017578125,
    "func_data": {
        "initTime_ms": 1588923125437.4275,
        "endTime_ms": 1588923126608.0264,
        "duration_ms": 1170.5987453460693,
        "executionID": "9nx21df52sis",
        "containerID": "1d2955f1-8aa5-4a4c-94e9-f77aed5be52d",
        "uptime": "3.13",
        "meminfo": "MemTotal:        2097152 kB\nMemFree:         2051376 kB\nMemAvailable:    2051376 kB\nBuffers:               0 kB\nCached:            13228 kB\nSwapCache:             0 kB\nActive:            32692 kB\nInactive:           6616 kB\nActive(anon):      26080 kB\nInactive(anon):        0 kB\nActive(file):       6612 kB\nInactive(file):     6616 kB\nUnevictable:           0 kB\nMlocked:               0 kB\nSwapTotal:             0 kB\nSwapFree:              0 kB\nDirty:                 0 kB\nWriteback:             0 kB\nAnonPages:         26080 kB\nMapped:            13228 kB\nShmem:                 0 kB",
        "cpuinfo": "Architecture:        x86_64\nCPU op-mode(s):      32-bit, 64-bit\nByte Order:          Little Endian\nCPU(s):              2\nOn-line CPU(s) list: 0,1\nVendor ID:           GenuineIntel\nCPU family:          6\nModel:               85\nModel name:          unknown\nStepping:            unknown\nCPU MHz:             2700.267\nBogoMIPS:            2700.27\nVirtualization:      VT-x\nFlags:               fpu vme de pse tsc msr pae mce cx8 apic sep mtrr pge mca cmov pat pse36 clflush dts acpi mmx fxsr sse sse2 ss ht tm pbe syscall nx pdpe1gb rdtscp lm pni pclmulqdq dtes64 monitor ds_cpl vmx smx est tm2 ssse3 sdbg fma cx16 xtpr pdcm pcid dca sse4_1 sse4_2 x2apic movbe popcnt tsc_deadline_timer aes xsave avx f16c rdrand lahf_lm abm 3dnowprefetch fsgsbase tsc_adjust bmi1 hle avx2 smep bmi2 erms invpcid rtm cqm mpx rdt_a avx512f avx512dq rdseed adx smap clwb avx512cd avx512bw avx512vl xsaveopt xsavec xgetbv1 xsaves pku"
    }
},
{
    "pystart_ms": 1588923121511.801,
    "pyend_ms": 1588923126714.9,
    "pyduration_ms": 5203.098876953125,
    "func_data": {
        "initTime_ms": 1588923125317.0305,
        "endTime_ms": 1588923126622.5996,
        "duration_ms": 1305.5691719055176,
        "executionID": "ahbmq9pzx38k",
        "containerID": "c8c2d826-bfc6-46d6-a5de-d546bb0150c2",
        "uptime": "3.19",
        "meminfo": "MemTotal:        2097152 kB\nMemFree:         2050948 kB\nMemAvailable:    2050948 kB\nBuffers:               0 kB\nCached:            13228 kB\nSwapCache:             0 kB\nActive:            33120 kB\nInactive:           6616 kB\nActive(anon):      26508 kB\nInactive(anon):        0 kB\nActive(file):       6612 kB\nInactive(file):     6616 kB\nUnevictable:           0 kB\nMlocked:               0 kB\nSwapTotal:             0 kB\nSwapFree:              0 kB\nDirty:                 0 kB\nWriteback:             0 kB\nAnonPages:         26508 kB\nMapped:            13228 kB\nShmem:                 0 kB",
        "cpuinfo": "Architecture:        x86_64\nCPU op-mode(s):      32-bit, 64-bit\nByte Order:          Little Endian\nCPU(s):              2\nOn-line CPU(s) list: 0,1\nVendor ID:           GenuineIntel\nCPU family:          6\nModel:               85\nModel name:          unknown\nStepping:            unknown\nCPU MHz:             2603.657\nBogoMIPS:            2603.66\nVirtualization:      VT-x\nFlags:               fpu vme de pse tsc msr pae mce cx8 apic sep mtrr pge mca cmov pat pse36 clflush dts acpi mmx fxsr sse sse2 ss ht tm pbe syscall nx pdpe1gb rdtscp lm pni pclmulqdq dtes64 monitor ds_cpl vmx smx est tm2 ssse3 sdbg fma cx16 xtpr pdcm pcid dca sse4_1 sse4_2 x2apic movbe popcnt tsc_deadline_timer aes xsave avx f16c rdrand lahf_lm abm 3dnowprefetch fsgsbase tsc_adjust bmi1 hle avx2 smep bmi2 erms invpcid rtm cqm mpx rdt_a avx512f avx512dq rdseed adx smap clwb avx512cd avx512bw avx512vl xsaveopt xsavec xgetbv1 xsaves pku"
    }
},
{
    "pystart_ms": 1588923121480.8066,
    "pyend_ms": 1588923126832.8337,
    "pyduration_ms": 5352.027099609375,
    "func_data": {
        "initTime_ms": 1588923125475.5059,
        "endTime_ms": 1588923126746.6462,
        "duration_ms": 1271.1403369903564,
        "executionID": "72tkne2y2g0c",
        "containerID": "e74aa182-8e9e-416e-87fe-b1d9edb58ffa",
        "uptime": "2.86",
        "meminfo": "MemTotal:        2097152 kB\nMemFree:         2050404 kB\nMemAvailable:    2050404 kB\nBuffers:               0 kB\nCached:            13228 kB\nSwapCache:             0 kB\nActive:            33664 kB\nInactive:           6616 kB\nActive(anon):      27052 kB\nInactive(anon):        0 kB\nActive(file):       6612 kB\nInactive(file):     6616 kB\nUnevictable:           0 kB\nMlocked:               0 kB\nSwapTotal:             0 kB\nSwapFree:              0 kB\nDirty:                 0 kB\nWriteback:             0 kB\nAnonPages:         27052 kB\nMapped:            13228 kB\nShmem:                 0 kB",
        "cpuinfo": "Architecture:        x86_64\nCPU op-mode(s):      32-bit, 64-bit\nByte Order:          Little Endian\nCPU(s):              2\nOn-line CPU(s) list: 0,1\nVendor ID:           GenuineIntel\nCPU family:          6\nModel:               85\nModel name:          unknown\nStepping:            unknown\nCPU MHz:             2557.893\nBogoMIPS:            2557.89\nVirtualization:      VT-x\nFlags:               fpu vme de pse tsc msr pae mce cx8 apic sep mtrr pge mca cmov pat pse36 clflush dts acpi mmx fxsr sse sse2 ss ht tm pbe syscall nx pdpe1gb rdtscp lm pni pclmulqdq dtes64 monitor ds_cpl vmx smx est tm2 ssse3 sdbg fma cx16 xtpr pdcm pcid dca sse4_1 sse4_2 x2apic movbe popcnt tsc_deadline_timer aes xsave avx f16c rdrand lahf_lm abm 3dnowprefetch fsgsbase tsc_adjust bmi1 hle avx2 smep bmi2 erms invpcid rtm cqm mpx rdt_a avx512f avx512dq rdseed adx smap clwb avx512cd avx512bw avx512vl xsaveopt xsavec xgetbv1 xsaves pku"
    }
},
{
    "pystart_ms": 1588923121486.8018,
    "pyend_ms": 1588923127042.1936,
    "pyduration_ms": 5555.391845703125,
    "func_data": {
        "initTime_ms": 1588923125646.2148,
        "endTime_ms": 1588923126937.603,
        "duration_ms": 1291.3882732391357,
        "executionID": "o4rdjb8v9acn",
        "containerID": "ad0ca636-807f-46c0-a7b8-e7934ae7fb1e",
        "uptime": "2.75",
        "meminfo": "MemTotal:        2097152 kB\nMemFree:         2050844 kB\nMemAvailable:    2050844 kB\nBuffers:               0 kB\nCached:            13336 kB\nSwapCache:             0 kB\nActive:            33172 kB\nInactive:           6668 kB\nActive(anon):      26504 kB\nInactive(anon):        0 kB\nActive(file):       6668 kB\nInactive(file):     6668 kB\nUnevictable:           0 kB\nMlocked:               0 kB\nSwapTotal:             0 kB\nSwapFree:              0 kB\nDirty:                 0 kB\nWriteback:             0 kB\nAnonPages:         26504 kB\nMapped:            13336 kB\nShmem:                 0 kB",
        "cpuinfo": "Architecture:        x86_64\nCPU op-mode(s):      32-bit, 64-bit\nByte Order:          Little Endian\nCPU(s):              2\nOn-line CPU(s) list: 0,1\nVendor ID:           GenuineIntel\nCPU family:          6\nModel:               85\nModel name:          unknown\nStepping:            unknown\nCPU MHz:             2620.692\nBogoMIPS:            2620.69\nVirtualization:      VT-x\nFlags:               fpu vme de pse tsc msr pae mce cx8 apic sep mtrr pge mca cmov pat pse36 clflush dts acpi mmx fxsr sse sse2 ss ht tm pbe syscall nx pdpe1gb rdtscp lm pni pclmulqdq dtes64 monitor ds_cpl vmx smx est tm2 ssse3 sdbg fma cx16 xtpr pdcm pcid dca sse4_1 sse4_2 x2apic movbe popcnt tsc_deadline_timer aes xsave avx f16c rdrand lahf_lm abm 3dnowprefetch fsgsbase tsc_adjust bmi1 hle avx2 smep bmi2 erms invpcid rtm cqm mpx rdt_a avx512f avx512dq rdseed adx smap clwb avx512cd avx512bw avx512vl xsaveopt xsavec xgetbv1 xsaves pku"
    }
},
{
    "pystart_ms": 1588923121509.806,
    "pyend_ms": 1588923127125.9392,
    "pyduration_ms": 5616.13330078125,
    "func_data": {
        "initTime_ms": 1588923125760.0964,
        "endTime_ms": 1588923127032.479,
        "duration_ms": 1272.3824977874756,
        "executionID": "anbus9hvgdzn",
        "containerID": "ad4bdd3d-58c8-406b-88c5-307e99979cd5",
        "uptime": "3.27",
        "meminfo": "MemTotal:        2097152 kB\nMemFree:         2051148 kB\nMemAvailable:    2051148 kB\nBuffers:               0 kB\nCached:            13364 kB\nSwapCache:             0 kB\nActive:            32852 kB\nInactive:           6684 kB\nActive(anon):      26172 kB\nInactive(anon):        0 kB\nActive(file):       6680 kB\nInactive(file):     6684 kB\nUnevictable:           0 kB\nMlocked:               0 kB\nSwapTotal:             0 kB\nSwapFree:              0 kB\nDirty:                 0 kB\nWriteback:             0 kB\nAnonPages:         26172 kB\nMapped:            13364 kB\nShmem:                 0 kB",
        "cpuinfo": "Architecture:        x86_64\nCPU op-mode(s):      32-bit, 64-bit\nByte Order:          Little Endian\nCPU(s):              2\nOn-line CPU(s) list: 0,1\nVendor ID:           GenuineIntel\nCPU family:          6\nModel:               85\nModel name:          unknown\nStepping:            unknown\nCPU MHz:             2700.223\nBogoMIPS:            2700.22\nVirtualization:      VT-x\nFlags:               fpu vme de pse tsc msr pae mce cx8 apic sep mtrr pge mca cmov pat pse36 clflush dts acpi mmx fxsr sse sse2 ss ht tm pbe syscall nx pdpe1gb rdtscp lm pni pclmulqdq dtes64 monitor ds_cpl vmx smx est tm2 ssse3 sdbg fma cx16 xtpr pdcm pcid dca sse4_1 sse4_2 x2apic movbe popcnt tsc_deadline_timer aes xsave avx f16c rdrand lahf_lm abm 3dnowprefetch fsgsbase tsc_adjust bmi1 hle avx2 smep bmi2 erms invpcid rtm cqm mpx rdt_a avx512f avx512dq rdseed adx smap clwb avx512cd avx512bw avx512vl xsaveopt xsavec xgetbv1 xsaves pku"
    }
},
{
    "pystart_ms": 1588923121505.801,
    "pyend_ms": 1588923127178.105,
    "pyduration_ms": 5672.303955078125,
    "func_data": {
        "initTime_ms": 1588923125789.6196,
        "endTime_ms": 1588923127077.594,
        "duration_ms": 1287.9743576049805,
        "executionID": "gol4g7939sla",
        "containerID": "8036577b-c370-48f0-980e-410149669afc",
        "uptime": "2.74",
        "meminfo": "MemTotal:        2097152 kB\nMemFree:         2048448 kB\nMemAvailable:    2048448 kB\nBuffers:               0 kB\nCached:            13228 kB\nSwapCache:             0 kB\nActive:            35620 kB\nInactive:           6616 kB\nActive(anon):      29008 kB\nInactive(anon):        0 kB\nActive(file):       6612 kB\nInactive(file):     6616 kB\nUnevictable:           0 kB\nMlocked:               0 kB\nSwapTotal:             0 kB\nSwapFree:              0 kB\nDirty:                 0 kB\nWriteback:             0 kB\nAnonPages:         29008 kB\nMapped:            13228 kB\nShmem:                 0 kB",
        "cpuinfo": "Architecture:        x86_64\nCPU op-mode(s):      32-bit, 64-bit\nByte Order:          Little Endian\nCPU(s):              2\nOn-line CPU(s) list: 0,1\nVendor ID:           GenuineIntel\nCPU family:          6\nModel:               85\nModel name:          unknown\nStepping:            unknown\nCPU MHz:             2700.200\nBogoMIPS:            2700.20\nVirtualization:      VT-x\nFlags:               fpu vme de pse tsc msr pae mce cx8 apic sep mtrr pge mca cmov pat pse36 clflush dts acpi mmx fxsr sse sse2 ss ht tm pbe syscall nx pdpe1gb rdtscp lm pni pclmulqdq dtes64 monitor ds_cpl vmx smx est tm2 ssse3 sdbg fma cx16 xtpr pdcm pcid dca sse4_1 sse4_2 x2apic movbe popcnt tsc_deadline_timer aes xsave avx f16c rdrand lahf_lm abm 3dnowprefetch fsgsbase tsc_adjust bmi1 hle avx2 smep bmi2 erms invpcid rtm cqm mpx rdt_a avx512f avx512dq rdseed adx smap clwb avx512cd avx512bw avx512vl xsaveopt xsavec xgetbv1 xsaves pku"
    }
},
{
    "pystart_ms": 1588923121510.8013,
    "pyend_ms": 1588923127211.0562,
    "pyduration_ms": 5700.2548828125,
    "func_data": {
        "initTime_ms": 1588923125886.1257,
        "endTime_ms": 1588923127080.3896,
        "duration_ms": 1194.2639350891113,
        "executionID": "h157ea1bjlng",
        "containerID": "f02b90d0-b3f7-4a16-9c45-7949b3da57fe",
        "uptime": "3.10",
        "meminfo": "MemTotal:        2097152 kB\nMemFree:         2050920 kB\nMemAvailable:    2050920 kB\nBuffers:               0 kB\nCached:            13388 kB\nSwapCache:             0 kB\nActive:            33068 kB\nInactive:           6696 kB\nActive(anon):      26376 kB\nInactive(anon):        0 kB\nActive(file):       6692 kB\nInactive(file):     6696 kB\nUnevictable:           0 kB\nMlocked:               0 kB\nSwapTotal:             0 kB\nSwapFree:              0 kB\nDirty:                 0 kB\nWriteback:             0 kB\nAnonPages:         26376 kB\nMapped:            13388 kB\nShmem:                 0 kB",
        "cpuinfo": "Architecture:        x86_64\nCPU op-mode(s):      32-bit, 64-bit\nByte Order:          Little Endian\nCPU(s):              2\nOn-line CPU(s) list: 0,1\nVendor ID:           GenuineIntel\nCPU family:          6\nModel:               85\nModel name:          unknown\nStepping:            unknown\nCPU MHz:             2604.850\nBogoMIPS:            2604.85\nVirtualization:      VT-x\nFlags:               fpu vme de pse tsc msr pae mce cx8 apic sep mtrr pge mca cmov pat pse36 clflush dts acpi mmx fxsr sse sse2 ss ht tm pbe syscall nx pdpe1gb rdtscp lm pni pclmulqdq dtes64 monitor ds_cpl vmx smx est tm2 ssse3 sdbg fma cx16 xtpr pdcm pcid dca sse4_1 sse4_2 x2apic movbe popcnt tsc_deadline_timer aes xsave avx f16c rdrand lahf_lm abm 3dnowprefetch fsgsbase tsc_adjust bmi1 hle avx2 smep bmi2 erms invpcid rtm cqm mpx rdt_a avx512f avx512dq rdseed adx smap clwb avx512cd avx512bw avx512vl xsaveopt xsavec xgetbv1 xsaves pku"
    }
},
{
    "pystart_ms": 1588923121507.8018,
    "pyend_ms": 1588923127511.618,
    "pyduration_ms": 6003.816162109375,
    "func_data": {
        "initTime_ms": 1588923126147.1865,
        "endTime_ms": 1588923127427.769,
        "duration_ms": 1280.5824279785156,
        "executionID": "ulno06z5mhvt",
        "containerID": "2852c5bb-3820-4693-894b-34117c94a85f",
        "uptime": "3.28",
        "meminfo": "MemTotal:        2097152 kB\nMemFree:         2051708 kB\nMemAvailable:    2051708 kB\nBuffers:               0 kB\nCached:            13228 kB\nSwapCache:             0 kB\nActive:            32360 kB\nInactive:           6616 kB\nActive(anon):      25748 kB\nInactive(anon):        0 kB\nActive(file):       6612 kB\nInactive(file):     6616 kB\nUnevictable:           0 kB\nMlocked:               0 kB\nSwapTotal:             0 kB\nSwapFree:              0 kB\nDirty:                 0 kB\nWriteback:             0 kB\nAnonPages:         25748 kB\nMapped:            13228 kB\nShmem:                 0 kB",
        "cpuinfo": "Architecture:        x86_64\nCPU op-mode(s):      32-bit, 64-bit\nByte Order:          Little Endian\nCPU(s):              2\nOn-line CPU(s) list: 0,1\nVendor ID:           GenuineIntel\nCPU family:          6\nModel:               85\nModel name:          unknown\nStepping:            unknown\nCPU MHz:             2700.231\nBogoMIPS:            2700.23\nVirtualization:      VT-x\nFlags:               fpu vme de pse tsc msr pae mce cx8 apic sep mtrr pge mca cmov pat pse36 clflush dts acpi mmx fxsr sse sse2 ss ht tm pbe syscall nx pdpe1gb rdtscp lm pni pclmulqdq dtes64 monitor ds_cpl vmx smx est tm2 ssse3 sdbg fma cx16 xtpr pdcm pcid dca sse4_1 sse4_2 x2apic movbe popcnt tsc_deadline_timer aes xsave avx f16c rdrand lahf_lm abm 3dnowprefetch fsgsbase tsc_adjust bmi1 hle avx2 smep bmi2 erms invpcid rtm cqm mpx rdt_a avx512f avx512dq rdseed adx smap clwb avx512cd avx512bw avx512vl xsaveopt xsavec xgetbv1 xsaves pku"
    }
},
{
    "pystart_ms": 1588923121501.816,
    "pyend_ms": 1588923127518.6187,
    "pyduration_ms": 6016.802734375,
    "func_data": {
        "initTime_ms": 1588923126096.466,
        "endTime_ms": 1588923127431.9495,
        "duration_ms": 1335.4833126068115,
        "executionID": "57g0riyuq098",
        "containerID": "d1a5d2f4-4b9f-4a64-8cea-aa29ef253a63",
        "uptime": "3.18",
        "meminfo": "MemTotal:        2097152 kB\nMemFree:         2049888 kB\nMemAvailable:    2049888 kB\nBuffers:               0 kB\nCached:            13228 kB\nSwapCache:             0 kB\nActive:            34180 kB\nInactive:           6616 kB\nActive(anon):      27568 kB\nInactive(anon):        0 kB\nActive(file):       6612 kB\nInactive(file):     6616 kB\nUnevictable:           0 kB\nMlocked:               0 kB\nSwapTotal:             0 kB\nSwapFree:              0 kB\nDirty:                 0 kB\nWriteback:             0 kB\nAnonPages:         27568 kB\nMapped:            13228 kB\nShmem:                 0 kB",
        "cpuinfo": "Architecture:        x86_64\nCPU op-mode(s):      32-bit, 64-bit\nByte Order:          Little Endian\nCPU(s):              2\nOn-line CPU(s) list: 0,1\nVendor ID:           GenuineIntel\nCPU family:          6\nModel:               85\nModel name:          unknown\nStepping:            unknown\nCPU MHz:             2588.962\nBogoMIPS:            2588.96\nVirtualization:      VT-x\nFlags:               fpu vme de pse tsc msr pae mce cx8 apic sep mtrr pge mca cmov pat pse36 clflush dts acpi mmx fxsr sse sse2 ss ht tm pbe syscall nx pdpe1gb rdtscp lm pni pclmulqdq dtes64 monitor ds_cpl vmx smx est tm2 ssse3 sdbg fma cx16 xtpr pdcm pcid dca sse4_1 sse4_2 x2apic movbe popcnt tsc_deadline_timer aes xsave avx f16c rdrand lahf_lm abm 3dnowprefetch fsgsbase tsc_adjust bmi1 hle avx2 smep bmi2 erms invpcid rtm cqm mpx rdt_a avx512f avx512dq rdseed adx smap clwb avx512cd avx512bw avx512vl xsaveopt xsavec xgetbv1 xsaves pku"
    }
},
{
    "pystart_ms": 1588923121484.8018,
    "pyend_ms": 1588923127554.9143,
    "pyduration_ms": 6070.112548828125,
    "func_data": {
        "initTime_ms": 1588923126155.8286,
        "endTime_ms": 1588923127463.4075,
        "duration_ms": 1307.5788021087646,
        "executionID": "23jgd46s3kd0",
        "containerID": "a2913d2f-97d6-4e35-a960-8b6ab8d5262e",
        "uptime": "3.38",
        "meminfo": "MemTotal:        2097152 kB\nMemFree:         2050988 kB\nMemAvailable:    2050988 kB\nBuffers:               0 kB\nCached:            13364 kB\nSwapCache:             0 kB\nActive:            33012 kB\nInactive:           6684 kB\nActive(anon):      26332 kB\nInactive(anon):        0 kB\nActive(file):       6680 kB\nInactive(file):     6684 kB\nUnevictable:           0 kB\nMlocked:               0 kB\nSwapTotal:             0 kB\nSwapFree:              0 kB\nDirty:                 0 kB\nWriteback:             0 kB\nAnonPages:         26332 kB\nMapped:            13364 kB\nShmem:                 0 kB",
        "cpuinfo": "Architecture:        x86_64\nCPU op-mode(s):      32-bit, 64-bit\nByte Order:          Little Endian\nCPU(s):              2\nOn-line CPU(s) list: 0,1\nVendor ID:           GenuineIntel\nCPU family:          6\nModel:               85\nModel name:          unknown\nStepping:            unknown\nCPU MHz:             2663.072\nBogoMIPS:            2663.07\nVirtualization:      VT-x\nFlags:               fpu vme de pse tsc msr pae mce cx8 apic sep mtrr pge mca cmov pat pse36 clflush dts acpi mmx fxsr sse sse2 ss ht tm pbe syscall nx pdpe1gb rdtscp lm pni pclmulqdq dtes64 monitor ds_cpl vmx smx est tm2 ssse3 sdbg fma cx16 xtpr pdcm pcid dca sse4_1 sse4_2 x2apic movbe popcnt tsc_deadline_timer aes xsave avx f16c rdrand lahf_lm abm 3dnowprefetch fsgsbase tsc_adjust bmi1 hle avx2 smep bmi2 erms invpcid rtm cqm mpx rdt_a avx512f avx512dq rdseed adx smap clwb avx512cd avx512bw avx512vl xsaveopt xsavec xgetbv1 xsaves pku"
    }
},
{
    "pystart_ms": 1588923121505.801,
    "pyend_ms": 1588923127698.862,
    "pyduration_ms": 6193.06103515625,
    "func_data": {
        "initTime_ms": 1588923126171.4485,
        "endTime_ms": 1588923127545.4094,
        "duration_ms": 1373.9609718322754,
        "executionID": "jpu5h0aqbih8",
        "containerID": "b528c124-f371-4077-9ee7-2a9dec5a9261",
        "uptime": "3.58",
        "meminfo": "MemTotal:        2097152 kB\nMemFree:         2047336 kB\nMemAvailable:    2047336 kB\nBuffers:               0 kB\nCached:            13364 kB\nSwapCache:             0 kB\nActive:            36664 kB\nInactive:           6684 kB\nActive(anon):      29984 kB\nInactive(anon):        0 kB\nActive(file):       6680 kB\nInactive(file):     6684 kB\nUnevictable:           0 kB\nMlocked:               0 kB\nSwapTotal:             0 kB\nSwapFree:              0 kB\nDirty:                 0 kB\nWriteback:             0 kB\nAnonPages:         29984 kB\nMapped:            13364 kB\nShmem:                 0 kB",
        "cpuinfo": "Architecture:        x86_64\nCPU op-mode(s):      32-bit, 64-bit\nByte Order:          Little Endian\nCPU(s):              2\nOn-line CPU(s) list: 0,1\nVendor ID:           GenuineIntel\nCPU family:          6\nModel:               45\nModel name:          unknown\nStepping:            unknown\nCPU MHz:             3299.993\nBogoMIPS:            3299.99\nVirtualization:      VT-x\nFlags:               fpu vme de pse tsc msr pae mce cx8 apic sep mtrr pge mca cmov pat pse36 clflush dts acpi mmx fxsr sse sse2 ss ht tm pbe syscall nx pdpe1gb rdtscp lm pni pclmulqdq dtes64 monitor ds_cpl vmx smx est tm2 ssse3 cx16 xtpr pdcm pcid dca sse4_1 sse4_2 x2apic popcnt tsc_deadline_timer aes xsave avx lahf_lm xsaveopt"
    }
},
{
    "pystart_ms": 1588923121503.8013,
    "pyend_ms": 1588923127710.8625,
    "pyduration_ms": 6207.061279296875,
    "func_data": {
        "initTime_ms": 1588923126273.9766,
        "endTime_ms": 1588923127606.8489,
        "duration_ms": 1332.8723907470703,
        "executionID": "zk8q8wa5h911",
        "containerID": "a87d858b-82cb-40ea-99e5-89617f059991",
        "uptime": "3.01",
        "meminfo": "MemTotal:        2097152 kB\nMemFree:         2050564 kB\nMemAvailable:    2050564 kB\nBuffers:               0 kB\nCached:            13364 kB\nSwapCache:             0 kB\nActive:            33436 kB\nInactive:           6684 kB\nActive(anon):      26756 kB\nInactive(anon):        0 kB\nActive(file):       6680 kB\nInactive(file):     6684 kB\nUnevictable:           0 kB\nMlocked:               0 kB\nSwapTotal:             0 kB\nSwapFree:              0 kB\nDirty:                 0 kB\nWriteback:             0 kB\nAnonPages:         26756 kB\nMapped:            13364 kB\nShmem:                 0 kB",
        "cpuinfo": "Architecture:        x86_64\nCPU op-mode(s):      32-bit, 64-bit\nByte Order:          Little Endian\nCPU(s):              2\nOn-line CPU(s) list: 0,1\nVendor ID:           GenuineIntel\nCPU family:          6\nModel:               79\nModel name:          unknown\nStepping:            unknown\nCPU MHz:             2799.998\nBogoMIPS:            2800.00\nVirtualization:      VT-x\nFlags:               fpu vme de pse tsc msr pae mce cx8 apic sep mtrr pge mca cmov pat pse36 clflush dts acpi mmx fxsr sse sse2 ss ht tm pbe syscall nx pdpe1gb rdtscp lm pni pclmulqdq dtes64 monitor ds_cpl vmx smx est tm2 ssse3 sdbg fma cx16 xtpr pdcm pcid dca sse4_1 sse4_2 x2apic movbe popcnt tsc_deadline_timer aes xsave avx f16c rdrand lahf_lm abm 3dnowprefetch fsgsbase tsc_adjust bmi1 hle avx2 smep bmi2 erms invpcid rtm cqm rdt_a rdseed adx smap xsaveopt"
    }
},
{
    "pystart_ms": 1588923121483.8037,
    "pyend_ms": 1588923127798.0876,
    "pyduration_ms": 6314.283935546875,
    "func_data": {
        "initTime_ms": 1588923126388.9841,
        "endTime_ms": 1588923127634.2236,
        "duration_ms": 1245.239496231079,
        "executionID": "k30g3o0hy2oq",
        "containerID": "a15af178-aeaa-4ca9-b831-1eb793a52e05",
        "uptime": "2.40",
        "meminfo": "MemTotal:        2097152 kB\nMemFree:         2048908 kB\nMemAvailable:    2048908 kB\nBuffers:               0 kB\nCached:            13260 kB\nSwapCache:             0 kB\nActive:            35144 kB\nInactive:           6632 kB\nActive(anon):      28516 kB\nInactive(anon):        0 kB\nActive(file):       6628 kB\nInactive(file):     6632 kB\nUnevictable:           0 kB\nMlocked:               0 kB\nSwapTotal:             0 kB\nSwapFree:              0 kB\nDirty:                 0 kB\nWriteback:             0 kB\nAnonPages:         28516 kB\nMapped:            13260 kB\nShmem:                 0 kB",
        "cpuinfo": "Architecture:        x86_64\nCPU op-mode(s):      32-bit, 64-bit\nByte Order:          Little Endian\nCPU(s):              2\nOn-line CPU(s) list: 0,1\nVendor ID:           GenuineIntel\nCPU family:          6\nModel:               85\nModel name:          unknown\nStepping:            unknown\nCPU MHz:             2588.962\nBogoMIPS:            2588.96\nVirtualization:      VT-x\nFlags:               fpu vme de pse tsc msr pae mce cx8 apic sep mtrr pge mca cmov pat pse36 clflush dts acpi mmx fxsr sse sse2 ss ht tm pbe syscall nx pdpe1gb rdtscp lm pni pclmulqdq dtes64 monitor ds_cpl vmx smx est tm2 ssse3 sdbg fma cx16 xtpr pdcm pcid dca sse4_1 sse4_2 x2apic movbe popcnt tsc_deadline_timer aes xsave avx f16c rdrand lahf_lm abm 3dnowprefetch fsgsbase tsc_adjust bmi1 hle avx2 smep bmi2 erms invpcid rtm cqm mpx rdt_a avx512f avx512dq rdseed adx smap clwb avx512cd avx512bw avx512vl xsaveopt xsavec xgetbv1 xsaves pku"
    }
},
{
    "pystart_ms": 1588923121487.8022,
    "pyend_ms": 1588923127806.157,
    "pyduration_ms": 6318.354736328125,
    "func_data": {
        "initTime_ms": 1588923126372.928,
        "endTime_ms": 1588923127695.042,
        "duration_ms": 1322.1139907836914,
        "executionID": "izui2ely5ra6",
        "containerID": "1a3c79b4-895d-4ab1-ade9-50360594bd7d",
        "uptime": "3.08",
        "meminfo": "MemTotal:        2097152 kB\nMemFree:         2047664 kB\nMemAvailable:    2047664 kB\nBuffers:               0 kB\nCached:            13364 kB\nSwapCache:             0 kB\nActive:            36336 kB\nInactive:           6684 kB\nActive(anon):      29656 kB\nInactive(anon):        0 kB\nActive(file):       6680 kB\nInactive(file):     6684 kB\nUnevictable:           0 kB\nMlocked:               0 kB\nSwapTotal:             0 kB\nSwapFree:              0 kB\nDirty:                 0 kB\nWriteback:             0 kB\nAnonPages:         29656 kB\nMapped:            13364 kB\nShmem:                 0 kB",
        "cpuinfo": "Architecture:        x86_64\nCPU op-mode(s):      32-bit, 64-bit\nByte Order:          Little Endian\nCPU(s):              2\nOn-line CPU(s) list: 0,1\nVendor ID:           GenuineIntel\nCPU family:          6\nModel:               85\nModel name:          unknown\nStepping:            unknown\nCPU MHz:             2661.107\nBogoMIPS:            2661.11\nVirtualization:      VT-x\nFlags:               fpu vme de pse tsc msr pae mce cx8 apic sep mtrr pge mca cmov pat pse36 clflush dts acpi mmx fxsr sse sse2 ss ht tm pbe syscall nx pdpe1gb rdtscp lm pni pclmulqdq dtes64 monitor ds_cpl vmx smx est tm2 ssse3 sdbg fma cx16 xtpr pdcm pcid dca sse4_1 sse4_2 x2apic movbe popcnt tsc_deadline_timer aes xsave avx f16c rdrand lahf_lm abm 3dnowprefetch fsgsbase tsc_adjust bmi1 hle avx2 smep bmi2 erms invpcid rtm cqm mpx rdt_a avx512f avx512dq rdseed adx smap clwb avx512cd avx512bw avx512vl xsaveopt xsavec xgetbv1 xsaves pku"
    }
},
{
    "pystart_ms": 1588923121489.8037,
    "pyend_ms": 1588923127896.5667,
    "pyduration_ms": 6406.762939453125,
    "func_data": {
        "initTime_ms": 1588923126399.6497,
        "endTime_ms": 1588923127806.3918,
        "duration_ms": 1406.7423343658447,
        "executionID": "ta7gf2h2up0s",
        "containerID": "7f2068b9-6a11-45fc-a55a-9cdea392e58a",
        "uptime": "3.84",
        "meminfo": "MemTotal:        2097152 kB\nMemFree:         2049324 kB\nMemAvailable:    2049324 kB\nBuffers:               0 kB\nCached:            13364 kB\nSwapCache:             0 kB\nActive:            34676 kB\nInactive:           6684 kB\nActive(anon):      27996 kB\nInactive(anon):        0 kB\nActive(file):       6680 kB\nInactive(file):     6684 kB\nUnevictable:           0 kB\nMlocked:               0 kB\nSwapTotal:             0 kB\nSwapFree:              0 kB\nDirty:                 0 kB\nWriteback:             0 kB\nAnonPages:         27996 kB\nMapped:            13364 kB\nShmem:                 0 kB",
        "cpuinfo": "Architecture:        x86_64\nCPU op-mode(s):      32-bit, 64-bit\nByte Order:          Little Endian\nCPU(s):              2\nOn-line CPU(s) list: 0,1\nVendor ID:           GenuineIntel\nCPU family:          6\nModel:               63\nModel name:          unknown\nStepping:            unknown\nCPU MHz:             2299.997\nBogoMIPS:            2300.00\nVirtualization:      VT-x\nFlags:               fpu vme de pse tsc msr pae mce cx8 apic sep mtrr pge mca cmov pat pse36 clflush dts acpi mmx fxsr sse sse2 ss ht tm pbe syscall nx pdpe1gb rdtscp lm pni pclmulqdq dtes64 monitor ds_cpl vmx smx est tm2 ssse3 sdbg fma cx16 xtpr pdcm pcid dca sse4_1 sse4_2 x2apic movbe popcnt tsc_deadline_timer aes xsave avx f16c rdrand lahf_lm abm fsgsbase tsc_adjust bmi1 avx2 smep bmi2 erms invpcid cqm xsaveopt"
    }
},
{
    "pystart_ms": 1588923121490.815,
    "pyend_ms": 1588923127914.1433,
    "pyduration_ms": 6423.328369140625,
    "func_data": {
        "initTime_ms": 1588923126421.0967,
        "endTime_ms": 1588923127822.8228,
        "duration_ms": 1401.7260074615479,
        "executionID": "05mlwaa6t5mi",
        "containerID": "edc8d97e-68ae-44af-b68d-e03f53659b47",
        "uptime": "3.54",
        "meminfo": "MemTotal:        2097152 kB\nMemFree:         2050896 kB\nMemAvailable:    2050896 kB\nBuffers:               0 kB\nCached:            13236 kB\nSwapCache:             0 kB\nActive:            33168 kB\nInactive:           6620 kB\nActive(anon):      26552 kB\nInactive(anon):        0 kB\nActive(file):       6616 kB\nInactive(file):     6620 kB\nUnevictable:           0 kB\nMlocked:               0 kB\nSwapTotal:             0 kB\nSwapFree:              0 kB\nDirty:                 0 kB\nWriteback:             0 kB\nAnonPages:         26552 kB\nMapped:            13236 kB\nShmem:                 0 kB",
        "cpuinfo": "Architecture:        x86_64\nCPU op-mode(s):      32-bit, 64-bit\nByte Order:          Little Endian\nCPU(s):              2\nOn-line CPU(s) list: 0,1\nVendor ID:           GenuineIntel\nCPU family:          6\nModel:               79\nModel name:          unknown\nStepping:            unknown\nCPU MHz:             2799.999\nBogoMIPS:            2800.00\nVirtualization:      VT-x\nFlags:               fpu vme de pse tsc msr pae mce cx8 apic sep mtrr pge mca cmov pat pse36 clflush dts acpi mmx fxsr sse sse2 ss ht tm pbe syscall nx pdpe1gb rdtscp lm pni pclmulqdq dtes64 monitor ds_cpl vmx smx est tm2 ssse3 sdbg fma cx16 xtpr pdcm pcid dca sse4_1 sse4_2 x2apic movbe popcnt tsc_deadline_timer aes xsave avx f16c rdrand lahf_lm abm 3dnowprefetch fsgsbase tsc_adjust bmi1 hle avx2 smep bmi2 erms invpcid rtm cqm rdt_a rdseed adx smap xsaveopt"
    }
},
{
    "pystart_ms": 1588923121485.8015,
    "pyend_ms": 1588923127936.3127,
    "pyduration_ms": 6450.51123046875,
    "func_data": {
        "initTime_ms": 1588923126579.8218,
        "endTime_ms": 1588923127842.8657,
        "duration_ms": 1263.0438804626465,
        "executionID": "05l3w29s82ly",
        "containerID": "c7e07447-5bf4-488a-96ef-fedbc95196a8",
        "uptime": "3.83",
        "meminfo": "MemTotal:        2097152 kB\nMemFree:         2051720 kB\nMemAvailable:    2051720 kB\nBuffers:               0 kB\nCached:            13232 kB\nSwapCache:             0 kB\nActive:            32348 kB\nInactive:           6616 kB\nActive(anon):      25732 kB\nInactive(anon):        0 kB\nActive(file):       6616 kB\nInactive(file):     6616 kB\nUnevictable:           0 kB\nMlocked:               0 kB\nSwapTotal:             0 kB\nSwapFree:              0 kB\nDirty:                 0 kB\nWriteback:             0 kB\nAnonPages:         25732 kB\nMapped:            13232 kB\nShmem:                 0 kB",
        "cpuinfo": "Architecture:        x86_64\nCPU op-mode(s):      32-bit, 64-bit\nByte Order:          Little Endian\nCPU(s):              2\nOn-line CPU(s) list: 0,1\nVendor ID:           GenuineIntel\nCPU family:          6\nModel:               85\nModel name:          unknown\nStepping:            unknown\nCPU MHz:             2680.471\nBogoMIPS:            2680.47\nVirtualization:      VT-x\nFlags:               fpu vme de pse tsc msr pae mce cx8 apic sep mtrr pge mca cmov pat pse36 clflush dts acpi mmx fxsr sse sse2 ss ht tm pbe syscall nx pdpe1gb rdtscp lm pni pclmulqdq dtes64 monitor ds_cpl vmx smx est tm2 ssse3 sdbg fma cx16 xtpr pdcm pcid dca sse4_1 sse4_2 x2apic movbe popcnt tsc_deadline_timer aes xsave avx f16c rdrand lahf_lm abm 3dnowprefetch fsgsbase tsc_adjust bmi1 hle avx2 smep bmi2 erms invpcid rtm cqm mpx rdt_a avx512f avx512dq rdseed adx smap clwb avx512cd avx512bw avx512vl xsaveopt xsavec xgetbv1 xsaves pku"
    }
},
{
    "pystart_ms": 1588923121496.802,
    "pyend_ms": 1588923127957.3042,
    "pyduration_ms": 6460.502197265625,
    "func_data": {
        "initTime_ms": 1588923126461.5261,
        "endTime_ms": 1588923127790.1914,
        "duration_ms": 1328.6652565002441,
        "executionID": "r7hgckzkwsyo",
        "containerID": "6ee9dc09-bb7d-4318-af6f-74e1c5257092",
        "uptime": "3.20",
        "meminfo": "MemTotal:        2097152 kB\nMemFree:         2051956 kB\nMemAvailable:    2051956 kB\nBuffers:               0 kB\nCached:            13364 kB\nSwapCache:             0 kB\nActive:            32044 kB\nInactive:           6684 kB\nActive(anon):      25364 kB\nInactive(anon):        0 kB\nActive(file):       6680 kB\nInactive(file):     6684 kB\nUnevictable:           0 kB\nMlocked:               0 kB\nSwapTotal:             0 kB\nSwapFree:              0 kB\nDirty:                 0 kB\nWriteback:             0 kB\nAnonPages:         25364 kB\nMapped:            13364 kB\nShmem:                 0 kB",
        "cpuinfo": "Architecture:        x86_64\nCPU op-mode(s):      32-bit, 64-bit\nByte Order:          Little Endian\nCPU(s):              2\nOn-line CPU(s) list: 0,1\nVendor ID:           GenuineIntel\nCPU family:          6\nModel:               85\nModel name:          unknown\nStepping:            unknown\nCPU MHz:             2696.052\nBogoMIPS:            2696.05\nVirtualization:      VT-x\nFlags:               fpu vme de pse tsc msr pae mce cx8 apic sep mtrr pge mca cmov pat pse36 clflush dts acpi mmx fxsr sse sse2 ss ht tm pbe syscall nx pdpe1gb rdtscp lm pni pclmulqdq dtes64 monitor ds_cpl vmx smx est tm2 ssse3 sdbg fma cx16 xtpr pdcm pcid dca sse4_1 sse4_2 x2apic movbe popcnt tsc_deadline_timer aes xsave avx f16c rdrand lahf_lm abm 3dnowprefetch fsgsbase tsc_adjust bmi1 hle avx2 smep bmi2 erms invpcid rtm cqm mpx rdt_a avx512f avx512dq rdseed adx smap clwb avx512cd avx512bw avx512vl xsaveopt xsavec xgetbv1 xsaves pku"
    }
},
{
    "pystart_ms": 1588923121501.816,
    "pyend_ms": 1588923128009.0532,
    "pyduration_ms": 6507.2373046875,
    "func_data": {
        "initTime_ms": 1588923126534.3098,
        "endTime_ms": 1588923127923.3076,
        "duration_ms": 1388.9977931976318,
        "executionID": "hafo7jiyjxnz",
        "containerID": "80df4f97-f3b9-4f86-a45b-67d74bd8880e",
        "uptime": "3.90",
        "meminfo": "MemTotal:        2097152 kB\nMemFree:         2049516 kB\nMemAvailable:    2049516 kB\nBuffers:               0 kB\nCached:            13328 kB\nSwapCache:             0 kB\nActive:            34504 kB\nInactive:           6664 kB\nActive(anon):      27840 kB\nInactive(anon):        0 kB\nActive(file):       6664 kB\nInactive(file):     6664 kB\nUnevictable:           0 kB\nMlocked:               0 kB\nSwapTotal:             0 kB\nSwapFree:              0 kB\nDirty:                 0 kB\nWriteback:             0 kB\nAnonPages:         27840 kB\nMapped:            13328 kB\nShmem:                 0 kB",
        "cpuinfo": "Architecture:        x86_64\nCPU op-mode(s):      32-bit, 64-bit\nByte Order:          Little Endian\nCPU(s):              2\nOn-line CPU(s) list: 0,1\nVendor ID:           GenuineIntel\nCPU family:          6\nModel:               79\nModel name:          unknown\nStepping:            unknown\nCPU MHz:             2799.998\nBogoMIPS:            2800.00\nVirtualization:      VT-x\nFlags:               fpu vme de pse tsc msr pae mce cx8 apic sep mtrr pge mca cmov pat pse36 clflush dts acpi mmx fxsr sse sse2 ss ht tm pbe syscall nx pdpe1gb rdtscp lm pni pclmulqdq dtes64 monitor ds_cpl vmx smx est tm2 ssse3 sdbg fma cx16 xtpr pdcm pcid dca sse4_1 sse4_2 x2apic movbe popcnt tsc_deadline_timer aes xsave avx f16c rdrand lahf_lm abm 3dnowprefetch fsgsbase tsc_adjust bmi1 hle avx2 smep bmi2 erms invpcid rtm cqm rdt_a rdseed adx smap xsaveopt"
    }
},
{
    "pystart_ms": 1588923121494.802,
    "pyend_ms": 1588923128021.0598,
    "pyduration_ms": 6526.2578125,
    "func_data": {
        "initTime_ms": 1588923126517.0845,
        "endTime_ms": 1588923127932.9285,
        "duration_ms": 1415.844202041626,
        "executionID": "fc8y1di98i3n",
        "containerID": "dc9ada87-618c-44af-9b61-e0a98b4d42b3",
        "uptime": "3.77",
        "meminfo": "MemTotal:        2097152 kB\nMemFree:         2049784 kB\nMemAvailable:    2049784 kB\nBuffers:               0 kB\nCached:            13348 kB\nSwapCache:             0 kB\nActive:            34224 kB\nInactive:           6676 kB\nActive(anon):      27552 kB\nInactive(anon):        0 kB\nActive(file):       6672 kB\nInactive(file):     6676 kB\nUnevictable:           0 kB\nMlocked:               0 kB\nSwapTotal:             0 kB\nSwapFree:              0 kB\nDirty:                 0 kB\nWriteback:             0 kB\nAnonPages:         27552 kB\nMapped:            13348 kB\nShmem:                 0 kB",
        "cpuinfo": "Architecture:        x86_64\nCPU op-mode(s):      32-bit, 64-bit\nByte Order:          Little Endian\nCPU(s):              2\nOn-line CPU(s) list: 0,1\nVendor ID:           GenuineIntel\nCPU family:          6\nModel:               85\nModel name:          unknown\nStepping:            unknown\nCPU MHz:             2697.781\nBogoMIPS:            2697.78\nVirtualization:      VT-x\nFlags:               fpu vme de pse tsc msr pae mce cx8 apic sep mtrr pge mca cmov pat pse36 clflush dts acpi mmx fxsr sse sse2 ss ht tm pbe syscall nx pdpe1gb rdtscp lm pni pclmulqdq dtes64 monitor ds_cpl vmx smx est tm2 ssse3 sdbg fma cx16 xtpr pdcm pcid dca sse4_1 sse4_2 x2apic movbe popcnt tsc_deadline_timer aes xsave avx f16c rdrand lahf_lm abm 3dnowprefetch fsgsbase tsc_adjust bmi1 hle avx2 smep bmi2 erms invpcid rtm cqm mpx rdt_a avx512f avx512dq rdseed adx smap clwb avx512cd avx512bw avx512vl xsaveopt xsavec xgetbv1 xsaves pku"
    }
},
{
    "pystart_ms": 1588923121494.802,
    "pyend_ms": 1588923128023.0525,
    "pyduration_ms": 6528.25048828125,
    "func_data": {
        "initTime_ms": 1588923126616.4473,
        "endTime_ms": 1588923127933.5894,
        "duration_ms": 1317.1422481536865,
        "executionID": "rci36otqjhkl",
        "containerID": "b5d82f8f-3ed3-416b-9b72-4c75e07ccf19",
        "uptime": "3.94",
        "meminfo": "MemTotal:        2097152 kB\nMemFree:         2050604 kB\nMemAvailable:    2050604 kB\nBuffers:               0 kB\nCached:            13240 kB\nSwapCache:             0 kB\nActive:            33460 kB\nInactive:           6620 kB\nActive(anon):      26840 kB\nInactive(anon):        0 kB\nActive(file):       6620 kB\nInactive(file):     6620 kB\nUnevictable:           0 kB\nMlocked:               0 kB\nSwapTotal:             0 kB\nSwapFree:              0 kB\nDirty:                 0 kB\nWriteback:             0 kB\nAnonPages:         26840 kB\nMapped:            13240 kB\nShmem:                 0 kB",
        "cpuinfo": "Architecture:        x86_64\nCPU op-mode(s):      32-bit, 64-bit\nByte Order:          Little Endian\nCPU(s):              2\nOn-line CPU(s) list: 0,1\nVendor ID:           GenuineIntel\nCPU family:          6\nModel:               85\nModel name:          unknown\nStepping:            unknown\nCPU MHz:             2700.257\nBogoMIPS:            2700.26\nVirtualization:      VT-x\nFlags:               fpu vme de pse tsc msr pae mce cx8 apic sep mtrr pge mca cmov pat pse36 clflush dts acpi mmx fxsr sse sse2 ss ht tm pbe syscall nx pdpe1gb rdtscp lm pni pclmulqdq dtes64 monitor ds_cpl vmx smx est tm2 ssse3 sdbg fma cx16 xtpr pdcm pcid dca sse4_1 sse4_2 x2apic movbe popcnt tsc_deadline_timer aes xsave avx f16c rdrand lahf_lm abm 3dnowprefetch fsgsbase tsc_adjust bmi1 hle avx2 smep bmi2 erms invpcid rtm cqm mpx rdt_a avx512f avx512dq rdseed adx smap clwb avx512cd avx512bw avx512vl xsaveopt xsavec xgetbv1 xsaves pku"
    }
},
{
    "pystart_ms": 1588923121492.8064,
    "pyend_ms": 1588923128118.2283,
    "pyduration_ms": 6625.421875,
    "func_data": {
        "initTime_ms": 1588923126612.3901,
        "endTime_ms": 1588923127971.9473,
        "duration_ms": 1359.5571517944336,
        "executionID": "95bd138ufi21",
        "containerID": "a35faec0-aacf-4cbb-bf4a-f3ab651f6b36",
        "uptime": "4.09",
        "meminfo": "MemTotal:        2097152 kB\nMemFree:         2050096 kB\nMemAvailable:    2050096 kB\nBuffers:               0 kB\nCached:            13364 kB\nSwapCache:             0 kB\nActive:            33904 kB\nInactive:           6684 kB\nActive(anon):      27224 kB\nInactive(anon):        0 kB\nActive(file):       6680 kB\nInactive(file):     6684 kB\nUnevictable:           0 kB\nMlocked:               0 kB\nSwapTotal:             0 kB\nSwapFree:              0 kB\nDirty:                 0 kB\nWriteback:             0 kB\nAnonPages:         27224 kB\nMapped:            13364 kB\nShmem:                 0 kB",
        "cpuinfo": "Architecture:        x86_64\nCPU op-mode(s):      32-bit, 64-bit\nByte Order:          Little Endian\nCPU(s):              2\nOn-line CPU(s) list: 0,1\nVendor ID:           GenuineIntel\nCPU family:          6\nModel:               85\nModel name:          unknown\nStepping:            unknown\nCPU MHz:             2689.342\nBogoMIPS:            2689.34\nVirtualization:      VT-x\nFlags:               fpu vme de pse tsc msr pae mce cx8 apic sep mtrr pge mca cmov pat pse36 clflush dts acpi mmx fxsr sse sse2 ss ht tm pbe syscall nx pdpe1gb rdtscp lm pni pclmulqdq dtes64 monitor ds_cpl vmx smx est tm2 ssse3 sdbg fma cx16 xtpr pdcm pcid dca sse4_1 sse4_2 x2apic movbe popcnt tsc_deadline_timer aes xsave avx f16c rdrand lahf_lm abm 3dnowprefetch fsgsbase tsc_adjust bmi1 hle avx2 smep bmi2 erms invpcid rtm cqm mpx rdt_a avx512f avx512dq rdseed adx smap clwb avx512cd avx512bw avx512vl xsaveopt xsavec xgetbv1 xsaves pku"
    }
},
{
    "pystart_ms": 1588923121511.801,
    "pyend_ms": 1588923128188.867,
    "pyduration_ms": 6677.06591796875,
    "func_data": {
        "initTime_ms": 1588923126681.5708,
        "endTime_ms": 1588923128047.7756,
        "duration_ms": 1366.2049770355225,
        "executionID": "wo41vz1afz30",
        "containerID": "810700d1-a839-45fb-be6f-65fb16660b02",
        "uptime": "3.73",
        "meminfo": "MemTotal:        2097152 kB\nMemFree:         2049040 kB\nMemAvailable:    2049040 kB\nBuffers:               0 kB\nCached:            13364 kB\nSwapCache:             0 kB\nActive:            34960 kB\nInactive:           6684 kB\nActive(anon):      28280 kB\nInactive(anon):        0 kB\nActive(file):       6680 kB\nInactive(file):     6684 kB\nUnevictable:           0 kB\nMlocked:               0 kB\nSwapTotal:             0 kB\nSwapFree:              0 kB\nDirty:                 0 kB\nWriteback:             0 kB\nAnonPages:         28280 kB\nMapped:            13364 kB\nShmem:                 0 kB",
        "cpuinfo": "Architecture:        x86_64\nCPU op-mode(s):      32-bit, 64-bit\nByte Order:          Little Endian\nCPU(s):              2\nOn-line CPU(s) list: 0,1\nVendor ID:           GenuineIntel\nCPU family:          6\nModel:               79\nModel name:          unknown\nStepping:            unknown\nCPU MHz:             2799.999\nBogoMIPS:            2800.00\nVirtualization:      VT-x\nFlags:               fpu vme de pse tsc msr pae mce cx8 apic sep mtrr pge mca cmov pat pse36 clflush dts acpi mmx fxsr sse sse2 ss ht tm pbe syscall nx pdpe1gb rdtscp lm pni pclmulqdq dtes64 monitor ds_cpl vmx smx est tm2 ssse3 sdbg fma cx16 xtpr pdcm pcid dca sse4_1 sse4_2 x2apic movbe popcnt tsc_deadline_timer aes xsave avx f16c rdrand lahf_lm abm 3dnowprefetch fsgsbase tsc_adjust bmi1 hle avx2 smep bmi2 erms invpcid rtm cqm rdt_a rdseed adx smap xsaveopt"
    }
},
{
    "pystart_ms": 1588923121506.801,
    "pyend_ms": 1588923128226.8687,
    "pyduration_ms": 6720.067626953125,
    "func_data": {
        "initTime_ms": 1588923126740.0952,
        "endTime_ms": 1588923128135.9956,
        "duration_ms": 1395.9004878997803,
        "executionID": "j7jra93e58cv",
        "containerID": "83c63f49-a1dc-415b-835d-e906b5f0cafe",
        "uptime": "4.35",
        "meminfo": "MemTotal:        2097152 kB\nMemFree:         2048132 kB\nMemAvailable:    2048132 kB\nBuffers:               0 kB\nCached:            13228 kB\nSwapCache:             0 kB\nActive:            35936 kB\nInactive:           6616 kB\nActive(anon):      29324 kB\nInactive(anon):        0 kB\nActive(file):       6612 kB\nInactive(file):     6616 kB\nUnevictable:           0 kB\nMlocked:               0 kB\nSwapTotal:             0 kB\nSwapFree:              0 kB\nDirty:                 0 kB\nWriteback:             0 kB\nAnonPages:         29324 kB\nMapped:            13228 kB\nShmem:                 0 kB",
        "cpuinfo": "Architecture:        x86_64\nCPU op-mode(s):      32-bit, 64-bit\nByte Order:          Little Endian\nCPU(s):              2\nOn-line CPU(s) list: 0,1\nVendor ID:           GenuineIntel\nCPU family:          6\nModel:               79\nModel name:          unknown\nStepping:            unknown\nCPU MHz:             2799.999\nBogoMIPS:            2800.00\nVirtualization:      VT-x\nFlags:               fpu vme de pse tsc msr pae mce cx8 apic sep mtrr pge mca cmov pat pse36 clflush dts acpi mmx fxsr sse sse2 ss ht tm pbe syscall nx pdpe1gb rdtscp lm pni pclmulqdq dtes64 monitor ds_cpl vmx smx est tm2 ssse3 sdbg fma cx16 xtpr pdcm pcid dca sse4_1 sse4_2 x2apic movbe popcnt tsc_deadline_timer aes xsave avx f16c rdrand lahf_lm abm 3dnowprefetch fsgsbase tsc_adjust bmi1 hle avx2 smep bmi2 erms invpcid rtm cqm rdt_a rdseed adx smap xsaveopt"
    }
},
{
    "pystart_ms": 1588923121488.8013,
    "pyend_ms": 1588923128241.8677,
    "pyduration_ms": 6753.06640625,
    "func_data": {
        "initTime_ms": 1588923126841.309,
        "endTime_ms": 1588923128128.2952,
        "duration_ms": 1286.9861125946045,
        "executionID": "d8syjdrj5ul5",
        "containerID": "a30dcc36-3e9c-4543-b198-976459a1bdad",
        "uptime": "3.25",
        "meminfo": "MemTotal:        2097152 kB\nMemFree:         2049340 kB\nMemAvailable:    2049340 kB\nBuffers:               0 kB\nCached:            13228 kB\nSwapCache:             0 kB\nActive:            34728 kB\nInactive:           6616 kB\nActive(anon):      28116 kB\nInactive(anon):        0 kB\nActive(file):       6612 kB\nInactive(file):     6616 kB\nUnevictable:           0 kB\nMlocked:               0 kB\nSwapTotal:             0 kB\nSwapFree:              0 kB\nDirty:                 0 kB\nWriteback:             0 kB\nAnonPages:         28116 kB\nMapped:            13228 kB\nShmem:                 0 kB",
        "cpuinfo": "Architecture:        x86_64\nCPU op-mode(s):      32-bit, 64-bit\nByte Order:          Little Endian\nCPU(s):              2\nOn-line CPU(s) list: 0,1\nVendor ID:           GenuineIntel\nCPU family:          6\nModel:               85\nModel name:          unknown\nStepping:            unknown\nCPU MHz:             2431.686\nBogoMIPS:            2431.69\nVirtualization:      VT-x\nFlags:               fpu vme de pse tsc msr pae mce cx8 apic sep mtrr pge mca cmov pat pse36 clflush dts acpi mmx fxsr sse sse2 ss ht tm pbe syscall nx pdpe1gb rdtscp lm pni pclmulqdq dtes64 monitor ds_cpl vmx smx est tm2 ssse3 sdbg fma cx16 xtpr pdcm pcid dca sse4_1 sse4_2 x2apic movbe popcnt tsc_deadline_timer aes xsave avx f16c rdrand lahf_lm abm 3dnowprefetch fsgsbase tsc_adjust bmi1 hle avx2 smep bmi2 erms invpcid rtm cqm mpx rdt_a avx512f avx512dq rdseed adx smap clwb avx512cd avx512bw avx512vl xsaveopt xsavec xgetbv1 xsaves pku"
    }
},
{
    "pystart_ms": 1588923121504.8013,
    "pyend_ms": 1588923128328.87,
    "pyduration_ms": 6824.06884765625,
    "func_data": {
        "initTime_ms": 1588923126767.1072,
        "endTime_ms": 1588923128232.7927,
        "duration_ms": 1465.6853675842285,
        "executionID": "wejkjgbsw0k8",
        "containerID": "d842a7ee-6d97-4842-b57c-38d8a1f5f1ef",
        "uptime": "3.89",
        "meminfo": "MemTotal:        2097152 kB\nMemFree:         2050060 kB\nMemAvailable:    2050060 kB\nBuffers:               0 kB\nCached:            13144 kB\nSwapCache:             0 kB\nActive:            34052 kB\nInactive:           6572 kB\nActive(anon):      27480 kB\nInactive(anon):        0 kB\nActive(file):       6572 kB\nInactive(file):     6572 kB\nUnevictable:           0 kB\nMlocked:               0 kB\nSwapTotal:             0 kB\nSwapFree:              0 kB\nDirty:                 0 kB\nWriteback:             0 kB\nAnonPages:         27480 kB\nMapped:            13144 kB\nShmem:                 0 kB",
        "cpuinfo": "Architecture:        x86_64\nCPU op-mode(s):      32-bit, 64-bit\nByte Order:          Little Endian\nCPU(s):              2\nOn-line CPU(s) list: 0,1\nVendor ID:           GenuineIntel\nCPU family:          6\nModel:               85\nModel name:          unknown\nStepping:            unknown\nCPU MHz:             2700.227\nBogoMIPS:            2700.23\nVirtualization:      VT-x\nFlags:               fpu vme de pse tsc msr pae mce cx8 apic sep mtrr pge mca cmov pat pse36 clflush dts acpi mmx fxsr sse sse2 ss ht tm pbe syscall nx pdpe1gb rdtscp lm pni pclmulqdq dtes64 monitor ds_cpl vmx smx est tm2 ssse3 sdbg fma cx16 xtpr pdcm pcid dca sse4_1 sse4_2 x2apic movbe popcnt tsc_deadline_timer aes xsave avx f16c rdrand lahf_lm abm 3dnowprefetch fsgsbase tsc_adjust bmi1 hle avx2 smep bmi2 erms invpcid rtm cqm mpx rdt_a avx512f avx512dq rdseed adx smap clwb avx512cd avx512bw avx512vl xsaveopt xsavec xgetbv1 xsaves pku"
    }
},
{
    "pystart_ms": 1588923121481.8008,
    "pyend_ms": 1588923128337.9863,
    "pyduration_ms": 6856.185546875,
    "func_data": {
        "initTime_ms": 1588923126893.455,
        "endTime_ms": 1588923128248.951,
        "duration_ms": 1355.4959297180176,
        "executionID": "5luav12mlodh",
        "containerID": "5ea5e6c6-6ee7-466a-8989-3170a3dc61fb",
        "uptime": "4.10",
        "meminfo": "MemTotal:        2097152 kB\nMemFree:         2048624 kB\nMemAvailable:    2048624 kB\nBuffers:               0 kB\nCached:            13364 kB\nSwapCache:             0 kB\nActive:            35376 kB\nInactive:           6684 kB\nActive(anon):      28696 kB\nInactive(anon):        0 kB\nActive(file):       6680 kB\nInactive(file):     6684 kB\nUnevictable:           0 kB\nMlocked:               0 kB\nSwapTotal:             0 kB\nSwapFree:              0 kB\nDirty:                 0 kB\nWriteback:             0 kB\nAnonPages:         28696 kB\nMapped:            13364 kB\nShmem:                 0 kB",
        "cpuinfo": "Architecture:        x86_64\nCPU op-mode(s):      32-bit, 64-bit\nByte Order:          Little Endian\nCPU(s):              2\nOn-line CPU(s) list: 0,1\nVendor ID:           GenuineIntel\nCPU family:          6\nModel:               85\nModel name:          unknown\nStepping:            unknown\nCPU MHz:             2700.286\nBogoMIPS:            2700.29\nVirtualization:      VT-x\nFlags:               fpu vme de pse tsc msr pae mce cx8 apic sep mtrr pge mca cmov pat pse36 clflush dts acpi mmx fxsr sse sse2 ss ht tm pbe syscall nx pdpe1gb rdtscp lm pni pclmulqdq dtes64 monitor ds_cpl vmx smx est tm2 ssse3 sdbg fma cx16 xtpr pdcm pcid dca sse4_1 sse4_2 x2apic movbe popcnt tsc_deadline_timer aes xsave avx f16c rdrand lahf_lm abm 3dnowprefetch fsgsbase tsc_adjust bmi1 hle avx2 smep bmi2 erms invpcid rtm cqm mpx rdt_a avx512f avx512dq rdseed adx smap clwb avx512cd avx512bw avx512vl xsaveopt xsavec xgetbv1 xsaves pku"
    }
},
{
    "pystart_ms": 1588923121505.801,
    "pyend_ms": 1588923128342.3538,
    "pyduration_ms": 6836.552734375,
    "func_data": {
        "initTime_ms": 1588923126875.1436,
        "endTime_ms": 1588923128227.89,
        "duration_ms": 1352.7462482452393,
        "executionID": "07egqfa6ckub",
        "containerID": "a6e4aa59-f3dc-4c10-a17d-9b8def50abb9",
        "uptime": "3.16",
        "meminfo": "MemTotal:        2097152 kB\nMemFree:         2048008 kB\nMemAvailable:    2048008 kB\nBuffers:               0 kB\nCached:            13228 kB\nSwapCache:             0 kB\nActive:            36060 kB\nInactive:           6616 kB\nActive(anon):      29448 kB\nInactive(anon):        0 kB\nActive(file):       6612 kB\nInactive(file):     6616 kB\nUnevictable:           0 kB\nMlocked:               0 kB\nSwapTotal:             0 kB\nSwapFree:              0 kB\nDirty:                 0 kB\nWriteback:             0 kB\nAnonPages:         29448 kB\nMapped:            13228 kB\nShmem:                 0 kB",
        "cpuinfo": "Architecture:        x86_64\nCPU op-mode(s):      32-bit, 64-bit\nByte Order:          Little Endian\nCPU(s):              2\nOn-line CPU(s) list: 0,1\nVendor ID:           GenuineIntel\nCPU family:          6\nModel:               85\nModel name:          unknown\nStepping:            unknown\nCPU MHz:             2522.845\nBogoMIPS:            2522.84\nVirtualization:      VT-x\nFlags:               fpu vme de pse tsc msr pae mce cx8 apic sep mtrr pge mca cmov pat pse36 clflush dts acpi mmx fxsr sse sse2 ss ht tm pbe syscall nx pdpe1gb rdtscp lm pni pclmulqdq dtes64 monitor ds_cpl vmx smx est tm2 ssse3 sdbg fma cx16 xtpr pdcm pcid dca sse4_1 sse4_2 x2apic movbe popcnt tsc_deadline_timer aes xsave avx f16c rdrand lahf_lm abm 3dnowprefetch fsgsbase tsc_adjust bmi1 hle avx2 smep bmi2 erms invpcid rtm cqm mpx rdt_a avx512f avx512dq rdseed adx smap clwb avx512cd avx512bw avx512vl xsaveopt xsavec xgetbv1 xsaves pku"
    }
},
{
    "pystart_ms": 1588923121513.8018,
    "pyend_ms": 1588923128401.2988,
    "pyduration_ms": 6887.4970703125,
    "func_data": {
        "initTime_ms": 1588923126977.73,
        "endTime_ms": 1588923128314.1248,
        "duration_ms": 1336.3947868347168,
        "executionID": "7dq9gy8d72s7",
        "containerID": "155b689a-13cf-4e74-94ec-917cc894549e",
        "uptime": "4.31",
        "meminfo": "MemTotal:        2097152 kB\nMemFree:         2050872 kB\nMemAvailable:    2050872 kB\nBuffers:               0 kB\nCached:            13364 kB\nSwapCache:             0 kB\nActive:            33128 kB\nInactive:           6684 kB\nActive(anon):      26448 kB\nInactive(anon):        0 kB\nActive(file):       6680 kB\nInactive(file):     6684 kB\nUnevictable:           0 kB\nMlocked:               0 kB\nSwapTotal:             0 kB\nSwapFree:              0 kB\nDirty:                 0 kB\nWriteback:             0 kB\nAnonPages:         26448 kB\nMapped:            13364 kB\nShmem:                 0 kB",
        "cpuinfo": "Architecture:        x86_64\nCPU op-mode(s):      32-bit, 64-bit\nByte Order:          Little Endian\nCPU(s):              2\nOn-line CPU(s) list: 0,1\nVendor ID:           GenuineIntel\nCPU family:          6\nModel:               45\nModel name:          unknown\nStepping:            unknown\nCPU MHz:             3162.217\nBogoMIPS:            3162.22\nVirtualization:      VT-x\nFlags:               fpu vme de pse tsc msr pae mce cx8 apic sep mtrr pge mca cmov pat pse36 clflush dts acpi mmx fxsr sse sse2 ss ht tm pbe syscall nx pdpe1gb rdtscp lm pni pclmulqdq dtes64 monitor ds_cpl vmx smx est tm2 ssse3 cx16 xtpr pdcm pcid dca sse4_1 sse4_2 x2apic popcnt tsc_deadline_timer aes xsave avx lahf_lm xsaveopt"
    }
},
{
    "pystart_ms": 1588923121497.8462,
    "pyend_ms": 1588923128424.288,
    "pyduration_ms": 6926.44189453125,
    "func_data": {
        "initTime_ms": 1588923126970.6086,
        "endTime_ms": 1588923128333.7007,
        "duration_ms": 1363.0919456481934,
        "executionID": "zxah87b1nmpi",
        "containerID": "2a66715a-8ccc-41cb-b63c-b51e05490a2a",
        "uptime": "4.49",
        "meminfo": "MemTotal:        2097152 kB\nMemFree:         2050184 kB\nMemAvailable:    2050184 kB\nBuffers:               0 kB\nCached:            13228 kB\nSwapCache:             0 kB\nActive:            33884 kB\nInactive:           6616 kB\nActive(anon):      27272 kB\nInactive(anon):        0 kB\nActive(file):       6612 kB\nInactive(file):     6616 kB\nUnevictable:           0 kB\nMlocked:               0 kB\nSwapTotal:             0 kB\nSwapFree:              0 kB\nDirty:                 0 kB\nWriteback:             0 kB\nAnonPages:         27272 kB\nMapped:            13228 kB\nShmem:                 0 kB",
        "cpuinfo": "Architecture:        x86_64\nCPU op-mode(s):      32-bit, 64-bit\nByte Order:          Little Endian\nCPU(s):              2\nOn-line CPU(s) list: 0,1\nVendor ID:           GenuineIntel\nCPU family:          6\nModel:               79\nModel name:          unknown\nStepping:            unknown\nCPU MHz:             2799.997\nBogoMIPS:            2800.00\nVirtualization:      VT-x\nFlags:               fpu vme de pse tsc msr pae mce cx8 apic sep mtrr pge mca cmov pat pse36 clflush dts acpi mmx fxsr sse sse2 ss ht tm pbe syscall nx pdpe1gb rdtscp lm pni pclmulqdq dtes64 monitor ds_cpl vmx smx est tm2 ssse3 sdbg fma cx16 xtpr pdcm pcid dca sse4_1 sse4_2 x2apic movbe popcnt tsc_deadline_timer aes xsave avx f16c rdrand lahf_lm abm 3dnowprefetch fsgsbase tsc_adjust bmi1 hle avx2 smep bmi2 erms invpcid rtm cqm rdt_a rdseed adx smap xsaveopt"
    }
},
{
    "pystart_ms": 1588923121498.8406,
    "pyend_ms": 1588923128482.5637,
    "pyduration_ms": 6983.72314453125,
    "func_data": {
        "initTime_ms": 1588923127004.069,
        "endTime_ms": 1588923128319.0435,
        "duration_ms": 1314.974308013916,
        "executionID": "xtxzx6lihjgs",
        "containerID": "86b2fd30-3e1b-4fec-96ba-17a6331d777d",
        "uptime": "4.71",
        "meminfo": "MemTotal:        2097152 kB\nMemFree:         2052008 kB\nMemAvailable:    2052008 kB\nBuffers:               0 kB\nCached:            13364 kB\nSwapCache:             0 kB\nActive:            31992 kB\nInactive:           6684 kB\nActive(anon):      25312 kB\nInactive(anon):        0 kB\nActive(file):       6680 kB\nInactive(file):     6684 kB\nUnevictable:           0 kB\nMlocked:               0 kB\nSwapTotal:             0 kB\nSwapFree:              0 kB\nDirty:                 0 kB\nWriteback:             0 kB\nAnonPages:         25312 kB\nMapped:            13364 kB\nShmem:                 0 kB",
        "cpuinfo": "Architecture:        x86_64\nCPU op-mode(s):      32-bit, 64-bit\nByte Order:          Little Endian\nCPU(s):              2\nOn-line CPU(s) list: 0,1\nVendor ID:           GenuineIntel\nCPU family:          6\nModel:               63\nModel name:          unknown\nStepping:            unknown\nCPU MHz:             2300.000\nBogoMIPS:            2300.00\nVirtualization:      VT-x\nFlags:               fpu vme de pse tsc msr pae mce cx8 apic sep mtrr pge mca cmov pat pse36 clflush dts acpi mmx fxsr sse sse2 ss ht tm pbe syscall nx pdpe1gb rdtscp lm pni pclmulqdq dtes64 monitor ds_cpl vmx smx est tm2 ssse3 sdbg fma cx16 xtpr pdcm pcid dca sse4_1 sse4_2 x2apic movbe popcnt tsc_deadline_timer aes xsave avx f16c rdrand lahf_lm abm fsgsbase tsc_adjust bmi1 avx2 smep bmi2 erms invpcid cqm xsaveopt"
    }
},
{
    "pystart_ms": 1588923121508.8013,
    "pyend_ms": 1588923128518.7932,
    "pyduration_ms": 7009.991943359375,
    "func_data": {
        "initTime_ms": 1588923127121.5637,
        "endTime_ms": 1588923128434.0242,
        "duration_ms": 1312.4604225158691,
        "executionID": "fke0aqlfywgc",
        "containerID": "8ff5e7b3-46b0-4cf5-a145-4d8065a40fef",
        "uptime": "4.28",
        "meminfo": "MemTotal:        2097152 kB\nMemFree:         2050544 kB\nMemAvailable:    2050544 kB\nBuffers:               0 kB\nCached:            13364 kB\nSwapCache:             0 kB\nActive:            33456 kB\nInactive:           6684 kB\nActive(anon):      26776 kB\nInactive(anon):        0 kB\nActive(file):       6680 kB\nInactive(file):     6684 kB\nUnevictable:           0 kB\nMlocked:               0 kB\nSwapTotal:             0 kB\nSwapFree:              0 kB\nDirty:                 0 kB\nWriteback:             0 kB\nAnonPages:         26776 kB\nMapped:            13364 kB\nShmem:                 0 kB",
        "cpuinfo": "Architecture:        x86_64\nCPU op-mode(s):      32-bit, 64-bit\nByte Order:          Little Endian\nCPU(s):              2\nOn-line CPU(s) list: 0,1\nVendor ID:           GenuineIntel\nCPU family:          6\nModel:               45\nModel name:          unknown\nStepping:            unknown\nCPU MHz:             3080.518\nBogoMIPS:            3080.52\nVirtualization:      VT-x\nFlags:               fpu vme de pse tsc msr pae mce cx8 apic sep mtrr pge mca cmov pat pse36 clflush dts acpi mmx fxsr sse sse2 ss ht tm pbe syscall nx pdpe1gb rdtscp lm pni pclmulqdq dtes64 monitor ds_cpl vmx smx est tm2 ssse3 cx16 xtpr pdcm pcid dca sse4_1 sse4_2 x2apic popcnt tsc_deadline_timer aes xsave avx lahf_lm xsaveopt"
    }
},
{
    "pystart_ms": 1588923121493.8152,
    "pyend_ms": 1588923128641.1504,
    "pyduration_ms": 7147.335205078125,
    "func_data": {
        "initTime_ms": 1588923127193.9622,
        "endTime_ms": 1588923128547.3823,
        "duration_ms": 1353.4202575683594,
        "executionID": "9d4vyhm0d3pc",
        "containerID": "3af04fad-555d-4647-b2a9-611ca5fedac3",
        "uptime": "4.35",
        "meminfo": "MemTotal:        2097152 kB\nMemFree:         2049648 kB\nMemAvailable:    2049648 kB\nBuffers:               0 kB\nCached:            13144 kB\nSwapCache:             0 kB\nActive:            34464 kB\nInactive:           6572 kB\nActive(anon):      27892 kB\nInactive(anon):        0 kB\nActive(file):       6572 kB\nInactive(file):     6572 kB\nUnevictable:           0 kB\nMlocked:               0 kB\nSwapTotal:             0 kB\nSwapFree:              0 kB\nDirty:                 0 kB\nWriteback:             0 kB\nAnonPages:         27892 kB\nMapped:            13144 kB\nShmem:                 0 kB",
        "cpuinfo": "Architecture:        x86_64\nCPU op-mode(s):      32-bit, 64-bit\nByte Order:          Little Endian\nCPU(s):              2\nOn-line CPU(s) list: 0,1\nVendor ID:           GenuineIntel\nCPU family:          6\nModel:               85\nModel name:          unknown\nStepping:            unknown\nCPU MHz:             2700.286\nBogoMIPS:            2700.29\nVirtualization:      VT-x\nFlags:               fpu vme de pse tsc msr pae mce cx8 apic sep mtrr pge mca cmov pat pse36 clflush dts acpi mmx fxsr sse sse2 ss ht tm pbe syscall nx pdpe1gb rdtscp lm pni pclmulqdq dtes64 monitor ds_cpl vmx smx est tm2 ssse3 sdbg fma cx16 xtpr pdcm pcid dca sse4_1 sse4_2 x2apic movbe popcnt tsc_deadline_timer aes xsave avx f16c rdrand lahf_lm abm 3dnowprefetch fsgsbase tsc_adjust bmi1 hle avx2 smep bmi2 erms invpcid rtm cqm mpx rdt_a avx512f avx512dq rdseed adx smap clwb avx512cd avx512bw avx512vl xsaveopt xsavec xgetbv1 xsaves pku"
    }
},
{
    "pystart_ms": 1588923121500.8396,
    "pyend_ms": 1588923129105.377,
    "pyduration_ms": 7604.537353515625,
    "func_data": {
        "initTime_ms": 1588923127744.244,
        "endTime_ms": 1588923129009.2747,
        "duration_ms": 1265.030860900879,
        "executionID": "bj7t4ssqshl2",
        "containerID": "489bba36-b5cc-4e5c-948b-bf01bf5cf53c",
        "uptime": "2.96",
        "meminfo": "MemTotal:        2097152 kB\nMemFree:         2050612 kB\nMemAvailable:    2050612 kB\nBuffers:               0 kB\nCached:            13364 kB\nSwapCache:             0 kB\nActive:            33388 kB\nInactive:           6684 kB\nActive(anon):      26708 kB\nInactive(anon):        0 kB\nActive(file):       6680 kB\nInactive(file):     6684 kB\nUnevictable:           0 kB\nMlocked:               0 kB\nSwapTotal:             0 kB\nSwapFree:              0 kB\nDirty:                 0 kB\nWriteback:             0 kB\nAnonPages:         26708 kB\nMapped:            13364 kB\nShmem:                 0 kB",
        "cpuinfo": "Architecture:        x86_64\nCPU op-mode(s):      32-bit, 64-bit\nByte Order:          Little Endian\nCPU(s):              2\nOn-line CPU(s) list: 0,1\nVendor ID:           GenuineIntel\nCPU family:          6\nModel:               85\nModel name:          unknown\nStepping:            unknown\nCPU MHz:             2613.710\nBogoMIPS:            2613.71\nVirtualization:      VT-x\nFlags:               fpu vme de pse tsc msr pae mce cx8 apic sep mtrr pge mca cmov pat pse36 clflush dts acpi mmx fxsr sse sse2 ss ht tm pbe syscall nx pdpe1gb rdtscp lm pni pclmulqdq dtes64 monitor ds_cpl vmx smx est tm2 ssse3 sdbg fma cx16 xtpr pdcm pcid dca sse4_1 sse4_2 x2apic movbe popcnt tsc_deadline_timer aes xsave avx f16c rdrand lahf_lm abm 3dnowprefetch fsgsbase tsc_adjust bmi1 hle avx2 smep bmi2 erms invpcid rtm cqm mpx rdt_a avx512f avx512dq rdseed adx smap clwb avx512cd avx512bw avx512vl xsaveopt xsavec xgetbv1 xsaves pku"
    }
},
{
    "pystart_ms": 1588923121508.8013,
    "pyend_ms": 1588923129139.8093,
    "pyduration_ms": 7631.008056640625,
    "func_data": {
        "initTime_ms": 1588923127651.8386,
        "endTime_ms": 1588923129014.1187,
        "duration_ms": 1362.2801303863525,
        "executionID": "31ol2v9oy7rf",
        "containerID": "4b6e1e1f-ca73-45dd-a21a-9b23d5aafb7a",
        "uptime": "3.67",
        "meminfo": "MemTotal:        2097152 kB\nMemFree:         2047152 kB\nMemAvailable:    2047152 kB\nBuffers:               0 kB\nCached:            13364 kB\nSwapCache:             0 kB\nActive:            36848 kB\nInactive:           6684 kB\nActive(anon):      30168 kB\nInactive(anon):        0 kB\nActive(file):       6680 kB\nInactive(file):     6684 kB\nUnevictable:           0 kB\nMlocked:               0 kB\nSwapTotal:             0 kB\nSwapFree:              0 kB\nDirty:                 0 kB\nWriteback:             0 kB\nAnonPages:         30168 kB\nMapped:            13364 kB\nShmem:                 0 kB",
        "cpuinfo": "Architecture:        x86_64\nCPU op-mode(s):      32-bit, 64-bit\nByte Order:          Little Endian\nCPU(s):              2\nOn-line CPU(s) list: 0,1\nVendor ID:           GenuineIntel\nCPU family:          6\nModel:               85\nModel name:          unknown\nStepping:            unknown\nCPU MHz:             2593.187\nBogoMIPS:            2593.19\nVirtualization:      VT-x\nFlags:               fpu vme de pse tsc msr pae mce cx8 apic sep mtrr pge mca cmov pat pse36 clflush dts acpi mmx fxsr sse sse2 ss ht tm pbe syscall nx pdpe1gb rdtscp lm pni pclmulqdq dtes64 monitor ds_cpl vmx smx est tm2 ssse3 sdbg fma cx16 xtpr pdcm pcid dca sse4_1 sse4_2 x2apic movbe popcnt tsc_deadline_timer aes xsave avx f16c rdrand lahf_lm abm 3dnowprefetch fsgsbase tsc_adjust bmi1 hle avx2 smep bmi2 erms invpcid rtm cqm mpx rdt_a avx512f avx512dq rdseed adx smap clwb avx512cd avx512bw avx512vl xsaveopt xsavec xgetbv1 xsaves pku"
    }
},
{
    "pystart_ms": 1588923121503.8013,
    "pyend_ms": 1588923129821.9163,
    "pyduration_ms": 8318.114990234375,
    "func_data": {
        "initTime_ms": 1588923128413.424,
        "endTime_ms": 1588923129642.5671,
        "duration_ms": 1229.1431427001953,
        "executionID": "er0lgvt7amau",
        "containerID": "0362f6b4-8fe0-4a88-bb31-d1a552732e6b",
        "uptime": "2.58",
        "meminfo": "MemTotal:        2097152 kB\nMemFree:         2050300 kB\nMemAvailable:    2050300 kB\nBuffers:               0 kB\nCached:            13280 kB\nSwapCache:             0 kB\nActive:            33744 kB\nInactive:           6640 kB\nActive(anon):      27104 kB\nInactive(anon):        0 kB\nActive(file):       6640 kB\nInactive(file):     6640 kB\nUnevictable:           0 kB\nMlocked:               0 kB\nSwapTotal:             0 kB\nSwapFree:              0 kB\nDirty:                 0 kB\nWriteback:             0 kB\nAnonPages:         27104 kB\nMapped:            13280 kB\nShmem:                 0 kB",
        "cpuinfo": "Architecture:        x86_64\nCPU op-mode(s):      32-bit, 64-bit\nByte Order:          Little Endian\nCPU(s):              2\nOn-line CPU(s) list: 0,1\nVendor ID:           GenuineIntel\nCPU family:          6\nModel:               85\nModel name:          unknown\nStepping:            unknown\nCPU MHz:             2551.579\nBogoMIPS:            2551.58\nVirtualization:      VT-x\nFlags:               fpu vme de pse tsc msr pae mce cx8 apic sep mtrr pge mca cmov pat pse36 clflush dts acpi mmx fxsr sse sse2 ss ht tm pbe syscall nx pdpe1gb rdtscp lm pni pclmulqdq dtes64 monitor ds_cpl vmx smx est tm2 ssse3 sdbg fma cx16 xtpr pdcm pcid dca sse4_1 sse4_2 x2apic movbe popcnt tsc_deadline_timer aes xsave avx f16c rdrand lahf_lm abm 3dnowprefetch fsgsbase tsc_adjust bmi1 hle avx2 smep bmi2 erms invpcid rtm cqm mpx rdt_a avx512f avx512dq rdseed adx smap clwb avx512cd avx512bw avx512vl xsaveopt xsavec xgetbv1 xsaves pku"
    }
},