
{
    "pystart_ms": 1588922986934.513,
    "pyend_ms": 1588922988907.8381,
    "pyduration_ms": 1973.3251953125,
    "func_data": {
        "initTime_ms": 1588922987151.6592,
        "endTime_ms": 1588922988821.7925,
        "duration_ms": 1670.133352279663,
        "executionID": "ot8pwpugzgjr",
        "containerID": "52bd468c-e29c-45f7-9558-b69337d1e951",
        "uptime": "59.15",
        "meminfo": "MemTotal:        2097152 kB\nMemFree:         2050228 kB\nMemAvailable:    2050228 kB\nBuffers:               0 kB\nCached:            13688 kB\nSwapCache:             0 kB\nActive:            33612 kB\nInactive:           6844 kB\nActive(anon):      26768 kB\nInactive(anon):        0 kB\nActive(file):       6844 kB\nInactive(file):     6844 kB\nUnevictable:           0 kB\nMlocked:               0 kB\nSwapTotal:             0 kB\nSwapFree:              0 kB\nDirty:                 0 kB\nWriteback:             0 kB\nAnonPages:         26768 kB\nMapped:            13688 kB\nShmem:                 0 kB",
        "cpuinfo": "Architecture:        x86_64\nCPU op-mode(s):      32-bit, 64-bit\nByte Order:          Little Endian\nCPU(s):              2\nOn-line CPU(s) list: 0,1\nVendor ID:           GenuineIntel\nCPU family:          6\nModel:               85\nModel name:          unknown\nStepping:            unknown\nCPU MHz:             2679.666\nBogoMIPS:            2679.67\nVirtualization:      VT-x\nFlags:               fpu vme de pse tsc msr pae mce cx8 apic sep mtrr pge mca cmov pat pse36 clflush dts acpi mmx fxsr sse sse2 ss ht tm pbe syscall nx pdpe1gb rdtscp lm pni pclmulqdq dtes64 monitor ds_cpl vmx smx est tm2 ssse3 sdbg fma cx16 xtpr pdcm pcid dca sse4_1 sse4_2 x2apic movbe popcnt tsc_deadline_timer aes xsave avx f16c rdrand lahf_lm abm 3dnowprefetch fsgsbase tsc_adjust bmi1 hle avx2 smep bmi2 erms invpcid rtm cqm mpx rdt_a avx512f avx512dq rdseed adx smap clwb avx512cd avx512bw avx512vl xsaveopt xsavec xgetbv1 xsaves pku"
    }
},
{
    "pystart_ms": 1588922986920.5195,
    "pyend_ms": 1588922988955.3357,
    "pyduration_ms": 2034.816162109375,
    "func_data": {
        "initTime_ms": 1588922987151.1165,
        "endTime_ms": 1588922988766.0715,
        "duration_ms": 1614.955186843872,
        "executionID": "47kvio6yxk57",
        "containerID": "541a4170-7b70-4b32-ae79-26e791f89070",
        "uptime": "58.57",
        "meminfo": "MemTotal:        2097152 kB\nMemFree:         2051116 kB\nMemAvailable:    2051116 kB\nBuffers:               0 kB\nCached:            13704 kB\nSwapCache:             0 kB\nActive:            32716 kB\nInactive:           6852 kB\nActive(anon):      25864 kB\nInactive(anon):        0 kB\nActive(file):       6852 kB\nInactive(file):     6852 kB\nUnevictable:           0 kB\nMlocked:               0 kB\nSwapTotal:             0 kB\nSwapFree:              0 kB\nDirty:                 0 kB\nWriteback:             0 kB\nAnonPages:         25864 kB\nMapped:            13704 kB\nShmem:                 0 kB",
        "cpuinfo": "Architecture:        x86_64\nCPU op-mode(s):      32-bit, 64-bit\nByte Order:          Little Endian\nCPU(s):              2\nOn-line CPU(s) list: 0,1\nVendor ID:           GenuineIntel\nCPU family:          6\nModel:               85\nModel name:          unknown\nStepping:            unknown\nCPU MHz:             2697.449\nBogoMIPS:            2697.45\nVirtualization:      VT-x\nFlags:               fpu vme de pse tsc msr pae mce cx8 apic sep mtrr pge mca cmov pat pse36 clflush dts acpi mmx fxsr sse sse2 ss ht tm pbe syscall nx pdpe1gb rdtscp lm pni pclmulqdq dtes64 monitor ds_cpl vmx smx est tm2 ssse3 sdbg fma cx16 xtpr pdcm pcid dca sse4_1 sse4_2 x2apic movbe popcnt tsc_deadline_timer aes xsave avx f16c rdrand lahf_lm abm 3dnowprefetch fsgsbase tsc_adjust bmi1 hle avx2 smep bmi2 erms invpcid rtm cqm mpx rdt_a avx512f avx512dq rdseed adx smap clwb avx512cd avx512bw avx512vl xsaveopt xsavec xgetbv1 xsaves pku"
    }
},
{
    "pystart_ms": 1588922986930.5168,
    "pyend_ms": 1588922988996.6245,
    "pyduration_ms": 2066.107666015625,
    "func_data": {
        "initTime_ms": 1588922987153.9841,
        "endTime_ms": 1588922988833.5095,
        "duration_ms": 1679.525375366211,
        "executionID": "unk4c6e1c7ye",
        "containerID": "f397f7c7-40fc-4793-8743-43c1395775ea",
        "uptime": "61.27",
        "meminfo": "MemTotal:        2097152 kB\nMemFree:         2051000 kB\nMemAvailable:    2051000 kB\nBuffers:               0 kB\nCached:            13608 kB\nSwapCache:             0 kB\nActive:            32880 kB\nInactive:           6804 kB\nActive(anon):      26076 kB\nInactive(anon):        0 kB\nActive(file):       6804 kB\nInactive(file):     6804 kB\nUnevictable:           0 kB\nMlocked:               0 kB\nSwapTotal:             0 kB\nSwapFree:              0 kB\nDirty:                 0 kB\nWriteback:             0 kB\nAnonPages:         26076 kB\nMapped:            13608 kB\nShmem:                 0 kB",
        "cpuinfo": "Architecture:        x86_64\nCPU op-mode(s):      32-bit, 64-bit\nByte Order:          Little Endian\nCPU(s):              2\nOn-line CPU(s) list: 0,1\nVendor ID:           GenuineIntel\nCPU family:          6\nModel:               85\nModel name:          unknown\nStepping:            unknown\nCPU MHz:             2700.184\nBogoMIPS:            2700.18\nVirtualization:      VT-x\nFlags:               fpu vme de pse tsc msr pae mce cx8 apic sep mtrr pge mca cmov pat pse36 clflush dts acpi mmx fxsr sse sse2 ss ht tm pbe syscall nx pdpe1gb rdtscp lm pni pclmulqdq dtes64 monitor ds_cpl vmx smx est tm2 ssse3 sdbg fma cx16 xtpr pdcm pcid dca sse4_1 sse4_2 x2apic movbe popcnt tsc_deadline_timer aes xsave avx f16c rdrand lahf_lm abm 3dnowprefetch fsgsbase tsc_adjust bmi1 hle avx2 smep bmi2 erms invpcid rtm cqm mpx rdt_a avx512f avx512dq rdseed adx smap clwb avx512cd avx512bw avx512vl xsaveopt xsavec xgetbv1 xsaves pku"
    }
},
{
    "pystart_ms": 1588922986936.5112,
    "pyend_ms": 1588922989016.8267,
    "pyduration_ms": 2080.3154296875,
    "func_data": {
        "initTime_ms": 1588922987135.4753,
        "endTime_ms": 1588922988846.5261,
        "duration_ms": 1711.0507488250732,
        "executionID": "1px57oc3pq69",
        "containerID": "f98d1dfe-69ac-4cda-b718-9c6bd4d9fdd2",
        "uptime": "473.02",
        "meminfo": "MemTotal:        2097152 kB\nMemFree:         2050952 kB\nMemAvailable:    2050952 kB\nBuffers:               0 kB\nCached:            19068 kB\nSwapCache:             0 kB\nActive:            36652 kB\nInactive:           9536 kB\nActive(anon):      27120 kB\nInactive(anon):        0 kB\nActive(file):       9532 kB\nInactive(file):     9536 kB\nUnevictable:           0 kB\nMlocked:               0 kB\nSwapTotal:             0 kB\nSwapFree:              0 kB\nDirty:                 0 kB\nWriteback:             0 kB\nAnonPages:         27120 kB\nMapped:            19068 kB\nShmem:                 0 kB",
        "cpuinfo": "Architecture:        x86_64\nCPU op-mode(s):      32-bit, 64-bit\nByte Order:          Little Endian\nCPU(s):              2\nOn-line CPU(s) list: 0,1\nVendor ID:           GenuineIntel\nCPU family:          6\nModel:               85\nModel name:          unknown\nStepping:            unknown\nCPU MHz:             2700.136\nBogoMIPS:            2700.14\nVirtualization:      VT-x\nFlags:               fpu vme de pse tsc msr pae mce cx8 apic sep mtrr pge mca cmov pat pse36 clflush dts acpi mmx fxsr sse sse2 ss ht tm pbe syscall nx pdpe1gb rdtscp lm pni pclmulqdq dtes64 monitor ds_cpl vmx smx est tm2 ssse3 sdbg fma cx16 xtpr pdcm pcid dca sse4_1 sse4_2 x2apic movbe popcnt tsc_deadline_timer aes xsave avx f16c rdrand lahf_lm abm 3dnowprefetch fsgsbase tsc_adjust bmi1 hle avx2 smep bmi2 erms invpcid rtm cqm mpx rdt_a avx512f avx512dq rdseed adx smap clwb avx512cd avx512bw avx512vl xsaveopt xsavec xgetbv1 xsaves pku"
    }
},
{
    "pystart_ms": 1588922986939.5244,
    "pyend_ms": 1588922989121.483,
    "pyduration_ms": 2181.95849609375,
    "func_data": {
        "initTime_ms": 1588922987140.9465,
        "endTime_ms": 1588922988960.1143,
        "duration_ms": 1819.1676139831543,
        "executionID": "qcgz0wimkysn",
        "containerID": "a18f9eec-67f5-4be4-bc17-ffc3cfac2f54",
        "uptime": "60.26",
        "meminfo": "MemTotal:        2097152 kB\nMemFree:         2048000 kB\nMemAvailable:    2048000 kB\nBuffers:               0 kB\nCached:            13672 kB\nSwapCache:             0 kB\nActive:            35848 kB\nInactive:           6836 kB\nActive(anon):      29012 kB\nInactive(anon):        0 kB\nActive(file):       6836 kB\nInactive(file):     6836 kB\nUnevictable:           0 kB\nMlocked:               0 kB\nSwapTotal:             0 kB\nSwapFree:              0 kB\nDirty:                 0 kB\nWriteback:             0 kB\nAnonPages:         29012 kB\nMapped:            13672 kB\nShmem:                 0 kB",
        "cpuinfo": "Architecture:        x86_64\nCPU op-mode(s):      32-bit, 64-bit\nByte Order:          Little Endian\nCPU(s):              2\nOn-line CPU(s) list: 0,1\nVendor ID:           GenuineIntel\nCPU family:          6\nModel:               85\nModel name:          unknown\nStepping:            unknown\nCPU MHz:             2700.216\nBogoMIPS:            2700.22\nVirtualization:      VT-x\nFlags:               fpu vme de pse tsc msr pae mce cx8 apic sep mtrr pge mca cmov pat pse36 clflush dts acpi mmx fxsr sse sse2 ss ht tm pbe syscall nx pdpe1gb rdtscp lm pni pclmulqdq dtes64 monitor ds_cpl vmx smx est tm2 ssse3 sdbg fma cx16 xtpr pdcm pcid dca sse4_1 sse4_2 x2apic movbe popcnt tsc_deadline_timer aes xsave avx f16c rdrand lahf_lm abm 3dnowprefetch fsgsbase tsc_adjust bmi1 hle avx2 smep bmi2 erms invpcid rtm cqm mpx rdt_a avx512f avx512dq rdseed adx smap clwb avx512cd avx512bw avx512vl xsaveopt xsavec xgetbv1 xsaves pku"
    }
},
{
    "pystart_ms": 1588922986933.5217,
    "pyend_ms": 1588922989144.6333,
    "pyduration_ms": 2211.111572265625,
    "func_data": {
        "initTime_ms": 1588922987175.2756,
        "endTime_ms": 1588922988973.103,
        "duration_ms": 1797.8274822235107,
        "executionID": "wg44y4vyy57g",
        "containerID": "dad8c2a5-f4e7-4058-973e-78e3a8374703",
        "uptime": "59.14",
        "meminfo": "MemTotal:        2097152 kB\nMemFree:         2050024 kB\nMemAvailable:    2050024 kB\nBuffers:               0 kB\nCached:            13604 kB\nSwapCache:             0 kB\nActive:            33856 kB\nInactive:           6804 kB\nActive(anon):      27056 kB\nInactive(anon):        0 kB\nActive(file):       6800 kB\nInactive(file):     6804 kB\nUnevictable:           0 kB\nMlocked:               0 kB\nSwapTotal:             0 kB\nSwapFree:              0 kB\nDirty:                 0 kB\nWriteback:             0 kB\nAnonPages:         27056 kB\nMapped:            13604 kB\nShmem:                 0 kB",
        "cpuinfo": "Architecture:        x86_64\nCPU op-mode(s):      32-bit, 64-bit\nByte Order:          Little Endian\nCPU(s):              2\nOn-line CPU(s) list: 0,1\nVendor ID:           GenuineIntel\nCPU family:          6\nModel:               85\nModel name:          unknown\nStepping:            unknown\nCPU MHz:             2697.184\nBogoMIPS:            2697.18\nVirtualization:      VT-x\nFlags:               fpu vme de pse tsc msr pae mce cx8 apic sep mtrr pge mca cmov pat pse36 clflush dts acpi mmx fxsr sse sse2 ss ht tm pbe syscall nx pdpe1gb rdtscp lm pni pclmulqdq dtes64 monitor ds_cpl vmx smx est tm2 ssse3 sdbg fma cx16 xtpr pdcm pcid dca sse4_1 sse4_2 x2apic movbe popcnt tsc_deadline_timer aes xsave avx f16c rdrand lahf_lm abm 3dnowprefetch fsgsbase tsc_adjust bmi1 hle avx2 smep bmi2 erms invpcid rtm cqm mpx rdt_a avx512f avx512dq rdseed adx smap clwb avx512cd avx512bw avx512vl xsaveopt xsavec xgetbv1 xsaves pku"
    }
},
{
    "pystart_ms": 1588922986940.5212,
    "pyend_ms": 1588922989223.6455,
    "pyduration_ms": 2283.124267578125,
    "func_data": {
        "initTime_ms": 1588922987148.5923,
        "endTime_ms": 1588922989059.6335,
        "duration_ms": 1911.041259765625,
        "executionID": "hbe418glldae",
        "containerID": "14ce3a6b-6b44-484b-ba82-ad972313f05c",
        "uptime": "59.78",
        "meminfo": "MemTotal:        2097152 kB\nMemFree:         2049068 kB\nMemAvailable:    2049068 kB\nBuffers:               0 kB\nCached:            13940 kB\nSwapCache:             0 kB\nActive:            34644 kB\nInactive:           6972 kB\nActive(anon):      27676 kB\nInactive(anon):        0 kB\nActive(file):       6968 kB\nInactive(file):     6972 kB\nUnevictable:           0 kB\nMlocked:               0 kB\nSwapTotal:             0 kB\nSwapFree:              0 kB\nDirty:                 0 kB\nWriteback:             0 kB\nAnonPages:         27676 kB\nMapped:            13940 kB\nShmem:                 0 kB",
        "cpuinfo": "Architecture:        x86_64\nCPU op-mode(s):      32-bit, 64-bit\nByte Order:          Little Endian\nCPU(s):              2\nOn-line CPU(s) list: 0,1\nVendor ID:           GenuineIntel\nCPU family:          6\nModel:               85\nModel name:          unknown\nStepping:            unknown\nCPU MHz:             2616.403\nBogoMIPS:            2616.40\nVirtualization:      VT-x\nFlags:               fpu vme de pse tsc msr pae mce cx8 apic sep mtrr pge mca cmov pat pse36 clflush dts acpi mmx fxsr sse sse2 ss ht tm pbe syscall nx pdpe1gb rdtscp lm pni pclmulqdq dtes64 monitor ds_cpl vmx smx est tm2 ssse3 sdbg fma cx16 xtpr pdcm pcid dca sse4_1 sse4_2 x2apic movbe popcnt tsc_deadline_timer aes xsave avx f16c rdrand lahf_lm abm 3dnowprefetch fsgsbase tsc_adjust bmi1 hle avx2 smep bmi2 erms invpcid rtm cqm mpx rdt_a avx512f avx512dq rdseed adx smap clwb avx512cd avx512bw avx512vl xsaveopt xsavec xgetbv1 xsaves pku"
    }
},
{
    "pystart_ms": 1588922986941.5254,
    "pyend_ms": 1588922989303.033,
    "pyduration_ms": 2361.507568359375,
    "func_data": {
        "initTime_ms": 1588922987147.96,
        "endTime_ms": 1588922989137.7043,
        "duration_ms": 1989.7444248199463,
        "executionID": "wg0vivwqc6ut",
        "containerID": "29662b82-1b97-419f-8286-8cbdad102f61",
        "uptime": "59.14",
        "meminfo": "MemTotal:        2097152 kB\nMemFree:         2047176 kB\nMemAvailable:    2047176 kB\nBuffers:               0 kB\nCached:            13740 kB\nSwapCache:             0 kB\nActive:            36636 kB\nInactive:           6872 kB\nActive(anon):      29768 kB\nInactive(anon):        0 kB\nActive(file):       6868 kB\nInactive(file):     6872 kB\nUnevictable:           0 kB\nMlocked:               0 kB\nSwapTotal:             0 kB\nSwapFree:              0 kB\nDirty:                 0 kB\nWriteback:             0 kB\nAnonPages:         29768 kB\nMapped:            13740 kB\nShmem:                 0 kB",
        "cpuinfo": "Architecture:        x86_64\nCPU op-mode(s):      32-bit, 64-bit\nByte Order:          Little Endian\nCPU(s):              2\nOn-line CPU(s) list: 0,1\nVendor ID:           GenuineIntel\nCPU family:          6\nModel:               85\nModel name:          unknown\nStepping:            unknown\nCPU MHz:             2489.119\nBogoMIPS:            2489.12\nVirtualization:      VT-x\nFlags:               fpu vme de pse tsc msr pae mce cx8 apic sep mtrr pge mca cmov pat pse36 clflush dts acpi mmx fxsr sse sse2 ss ht tm pbe syscall nx pdpe1gb rdtscp lm pni pclmulqdq dtes64 monitor ds_cpl vmx smx est tm2 ssse3 sdbg fma cx16 xtpr pdcm pcid dca sse4_1 sse4_2 x2apic movbe popcnt tsc_deadline_timer aes xsave avx f16c rdrand lahf_lm abm 3dnowprefetch fsgsbase tsc_adjust bmi1 hle avx2 smep bmi2 erms invpcid rtm cqm mpx rdt_a avx512f avx512dq rdseed adx smap clwb avx512cd avx512bw avx512vl xsaveopt xsavec xgetbv1 xsaves pku"
    }
},
{
    "pystart_ms": 1588922986937.5115,
    "pyend_ms": 1588922992527.6401,
    "pyduration_ms": 5590.128662109375,
    "func_data": {
        "initTime_ms": 1588922991115.6697,
        "endTime_ms": 1588922992440.4165,
        "duration_ms": 1324.74684715271,
        "executionID": "h4818x0kpklg",
        "containerID": "7ceee54a-12b8-415b-a6a4-abd1e3d7b271",
        "uptime": "3.20",
        "meminfo": "MemTotal:        2097152 kB\nMemFree:         2048532 kB\nMemAvailable:    2048532 kB\nBuffers:               0 kB\nCached:            13436 kB\nSwapCache:             0 kB\nActive:            35432 kB\nInactive:           6720 kB\nActive(anon):      28716 kB\nInactive(anon):        0 kB\nActive(file):       6716 kB\nInactive(file):     6720 kB\nUnevictable:           0 kB\nMlocked:               0 kB\nSwapTotal:             0 kB\nSwapFree:              0 kB\nDirty:                 0 kB\nWriteback:             0 kB\nAnonPages:         28716 kB\nMapped:            13436 kB\nShmem:                 0 kB",
        "cpuinfo": "Architecture:        x86_64\nCPU op-mode(s):      32-bit, 64-bit\nByte Order:          Little Endian\nCPU(s):              2\nOn-line CPU(s) list: 0,1\nVendor ID:           GenuineIntel\nCPU family:          6\nModel:               85\nModel name:          unknown\nStepping:            unknown\nCPU MHz:             2700.249\nBogoMIPS:            2700.25\nVirtualization:      VT-x\nFlags:               fpu vme de pse tsc msr pae mce cx8 apic sep mtrr pge mca cmov pat pse36 clflush dts acpi mmx fxsr sse sse2 ss ht tm pbe syscall nx pdpe1gb rdtscp lm pni pclmulqdq dtes64 monitor ds_cpl vmx smx est tm2 ssse3 sdbg fma cx16 xtpr pdcm pcid dca sse4_1 sse4_2 x2apic movbe popcnt tsc_deadline_timer aes xsave avx f16c rdrand lahf_lm abm 3dnowprefetch fsgsbase tsc_adjust bmi1 hle avx2 smep bmi2 erms invpcid rtm cqm mpx rdt_a avx512f avx512dq rdseed adx smap clwb avx512cd avx512bw avx512vl xsaveopt xsavec xgetbv1 xsaves pku"
    }
},
{
    "pystart_ms": 1588922986932.5105,
    "pyend_ms": 1588922992700.6763,
    "pyduration_ms": 5768.165771484375,
    "func_data": {
        "initTime_ms": 1588922991239.1152,
        "endTime_ms": 1588922992537.0386,
        "duration_ms": 1297.9233264923096,
        "executionID": "apxw9rpqxvuk",
        "containerID": "71f58085-73c5-440e-b5d5-7a816678421e",
        "uptime": "3.31",
        "meminfo": "MemTotal:        2097152 kB\nMemFree:         2049236 kB\nMemAvailable:    2049236 kB\nBuffers:               0 kB\nCached:            13460 kB\nSwapCache:             0 kB\nActive:            34716 kB\nInactive:           6732 kB\nActive(anon):      27988 kB\nInactive(anon):        0 kB\nActive(file):       6728 kB\nInactive(file):     6732 kB\nUnevictable:           0 kB\nMlocked:               0 kB\nSwapTotal:             0 kB\nSwapFree:              0 kB\nDirty:                 0 kB\nWriteback:             0 kB\nAnonPages:         27988 kB\nMapped:            13460 kB\nShmem:                 0 kB",
        "cpuinfo": "Architecture:        x86_64\nCPU op-mode(s):      32-bit, 64-bit\nByte Order:          Little Endian\nCPU(s):              2\nOn-line CPU(s) list: 0,1\nVendor ID:           GenuineIntel\nCPU family:          6\nModel:               85\nModel name:          unknown\nStepping:            unknown\nCPU MHz:             2685.576\nBogoMIPS:            2685.58\nVirtualization:      VT-x\nFlags:               fpu vme de pse tsc msr pae mce cx8 apic sep mtrr pge mca cmov pat pse36 clflush dts acpi mmx fxsr sse sse2 ss ht tm pbe syscall nx pdpe1gb rdtscp lm pni pclmulqdq dtes64 monitor ds_cpl vmx smx est tm2 ssse3 sdbg fma cx16 xtpr pdcm pcid dca sse4_1 sse4_2 x2apic movbe popcnt tsc_deadline_timer aes xsave avx f16c rdrand lahf_lm abm 3dnowprefetch fsgsbase tsc_adjust bmi1 hle avx2 smep bmi2 erms invpcid rtm cqm mpx rdt_a avx512f avx512dq rdseed adx smap clwb avx512cd avx512bw avx512vl xsaveopt xsavec xgetbv1 xsaves pku"
    }
},