
{
    "pystart_ms": 1588924012407.5818,
    "pyend_ms": 1588924014482.4204,
    "pyduration_ms": 2074.838623046875,
    "func_data": {
        "initTime_ms": 1588924012765.2944,
        "endTime_ms": 1588924014343.1326,
        "duration_ms": 1577.8379440307617,
        "executionID": "6dgro6hxa3t6",
        "containerID": "00fef088-a702-4f4a-ab1c-e660ee52b3b7",
        "uptime": "71.89",
        "meminfo": "MemTotal:        2097152 kB\nMemFree:         2048896 kB\nMemAvailable:    2048896 kB\nBuffers:               0 kB\nCached:            13604 kB\nSwapCache:             0 kB\nActive:            34984 kB\nInactive:           6804 kB\nActive(anon):      28184 kB\nInactive(anon):        0 kB\nActive(file):       6800 kB\nInactive(file):     6804 kB\nUnevictable:           0 kB\nMlocked:               0 kB\nSwapTotal:             0 kB\nSwapFree:              0 kB\nDirty:                 0 kB\nWriteback:             0 kB\nAnonPages:         28184 kB\nMapped:            13604 kB\nShmem:                 0 kB",
        "cpuinfo": "Architecture:        x86_64\nCPU op-mode(s):      32-bit, 64-bit\nByte Order:          Little Endian\nCPU(s):              2\nOn-line CPU(s) list: 0,1\nVendor ID:           GenuineIntel\nCPU family:          6\nModel:               79\nModel name:          unknown\nStepping:            unknown\nCPU MHz:             2796.222\nBogoMIPS:            2796.22\nVirtualization:      VT-x\nFlags:               fpu vme de pse tsc msr pae mce cx8 apic sep mtrr pge mca cmov pat pse36 clflush dts acpi mmx fxsr sse sse2 ss ht tm pbe syscall nx pdpe1gb rdtscp lm pni pclmulqdq dtes64 monitor ds_cpl vmx smx est tm2 ssse3 sdbg fma cx16 xtpr pdcm pcid dca sse4_1 sse4_2 x2apic movbe popcnt tsc_deadline_timer aes xsave avx f16c rdrand lahf_lm abm 3dnowprefetch fsgsbase tsc_adjust bmi1 hle avx2 smep bmi2 erms invpcid rtm cqm rdt_a rdseed adx smap xsaveopt"
    }
},
{
    "pystart_ms": 1588924012412.5447,
    "pyend_ms": 1588924014497.2422,
    "pyduration_ms": 2084.697509765625,
    "func_data": {
        "initTime_ms": 1588924012749.2036,
        "endTime_ms": 1588924014340.9678,
        "duration_ms": 1591.763973236084,
        "executionID": "irvs76obey96",
        "containerID": "3b0eb708-9685-4887-921f-59252e3a8680",
        "uptime": "71.61",
        "meminfo": "MemTotal:        2097152 kB\nMemFree:         2048564 kB\nMemAvailable:    2048564 kB\nBuffers:               0 kB\nCached:            13740 kB\nSwapCache:             0 kB\nActive:            35248 kB\nInactive:           6872 kB\nActive(anon):      28380 kB\nInactive(anon):        0 kB\nActive(file):       6868 kB\nInactive(file):     6872 kB\nUnevictable:           0 kB\nMlocked:               0 kB\nSwapTotal:             0 kB\nSwapFree:              0 kB\nDirty:                 0 kB\nWriteback:             0 kB\nAnonPages:         28380 kB\nMapped:            13740 kB\nShmem:                 0 kB",
        "cpuinfo": "Architecture:        x86_64\nCPU op-mode(s):      32-bit, 64-bit\nByte Order:          Little Endian\nCPU(s):              2\nOn-line CPU(s) list: 0,1\nVendor ID:           GenuineIntel\nCPU family:          6\nModel:               85\nModel name:          unknown\nStepping:            unknown\nCPU MHz:             2700.234\nBogoMIPS:            2700.23\nVirtualization:      VT-x\nFlags:               fpu vme de pse tsc msr pae mce cx8 apic sep mtrr pge mca cmov pat pse36 clflush dts acpi mmx fxsr sse sse2 ss ht tm pbe syscall nx pdpe1gb rdtscp lm pni pclmulqdq dtes64 monitor ds_cpl vmx smx est tm2 ssse3 sdbg fma cx16 xtpr pdcm pcid dca sse4_1 sse4_2 x2apic movbe popcnt tsc_deadline_timer aes xsave avx f16c rdrand lahf_lm abm 3dnowprefetch fsgsbase tsc_adjust bmi1 hle avx2 smep bmi2 erms invpcid rtm cqm mpx rdt_a avx512f avx512dq rdseed adx smap clwb avx512cd avx512bw avx512vl xsaveopt xsavec xgetbv1 xsaves pku"
    }
},
{
    "pystart_ms": 1588924012397.5457,
    "pyend_ms": 1588924014503.543,
    "pyduration_ms": 2105.997314453125,
    "func_data": {
        "initTime_ms": 1588924012733.203,
        "endTime_ms": 1588924014328.9346,
        "duration_ms": 1595.7317352294922,
        "executionID": "13e19t6vi4vf",
        "containerID": "0dd79c02-855b-4221-856b-3bc39526c83f",
        "uptime": "124.21",
        "meminfo": "MemTotal:        2097152 kB\nMemFree:         2047180 kB\nMemAvailable:    2047180 kB\nBuffers:               0 kB\nCached:            13740 kB\nSwapCache:             0 kB\nActive:            35092 kB\nInactive:           6872 kB\nActive(anon):      28224 kB\nInactive(anon):        0 kB\nActive(file):       6868 kB\nInactive(file):     6872 kB\nUnevictable:           0 kB\nMlocked:               0 kB\nSwapTotal:             0 kB\nSwapFree:              0 kB\nDirty:                 0 kB\nWriteback:             0 kB\nAnonPages:         28224 kB\nMapped:            13740 kB\nShmem:                 0 kB",
        "cpuinfo": "Architecture:        x86_64\nCPU op-mode(s):      32-bit, 64-bit\nByte Order:          Little Endian\nCPU(s):              2\nOn-line CPU(s) list: 0,1\nVendor ID:           GenuineIntel\nCPU family:          6\nModel:               85\nModel name:          unknown\nStepping:            unknown\nCPU MHz:             2694.845\nBogoMIPS:            2694.84\nVirtualization:      VT-x\nFlags:               fpu vme de pse tsc msr pae mce cx8 apic sep mtrr pge mca cmov pat pse36 clflush dts acpi mmx fxsr sse sse2 ss ht tm pbe syscall nx pdpe1gb rdtscp lm pni pclmulqdq dtes64 monitor ds_cpl vmx smx est tm2 ssse3 sdbg fma cx16 xtpr pdcm pcid dca sse4_1 sse4_2 x2apic movbe popcnt tsc_deadline_timer aes xsave avx f16c rdrand lahf_lm abm 3dnowprefetch fsgsbase tsc_adjust bmi1 hle avx2 smep bmi2 erms invpcid rtm cqm mpx rdt_a avx512f avx512dq rdseed adx smap clwb avx512cd avx512bw avx512vl xsaveopt xsavec xgetbv1 xsaves pku"
    }
},
{
    "pystart_ms": 1588924012418.5593,
    "pyend_ms": 1588924014507.543,
    "pyduration_ms": 2088.983642578125,
    "func_data": {
        "initTime_ms": 1588924012762.3503,
        "endTime_ms": 1588924014434.9866,
        "duration_ms": 1672.6362705230713,
        "executionID": "4mom5jcafk04",
        "containerID": "7dd97b56-b347-4e49-9fa2-227ca93fe1a8",
        "uptime": "43.15",
        "meminfo": "MemTotal:        2097152 kB\nMemFree:         2051340 kB\nMemAvailable:    2051340 kB\nBuffers:               0 kB\nCached:            13608 kB\nSwapCache:             0 kB\nActive:            32540 kB\nInactive:           6804 kB\nActive(anon):      25736 kB\nInactive(anon):        0 kB\nActive(file):       6804 kB\nInactive(file):     6804 kB\nUnevictable:           0 kB\nMlocked:               0 kB\nSwapTotal:             0 kB\nSwapFree:              0 kB\nDirty:                 0 kB\nWriteback:             0 kB\nAnonPages:         25736 kB\nMapped:            13608 kB\nShmem:                 0 kB",
        "cpuinfo": "Architecture:        x86_64\nCPU op-mode(s):      32-bit, 64-bit\nByte Order:          Little Endian\nCPU(s):              2\nOn-line CPU(s) list: 0,1\nVendor ID:           GenuineIntel\nCPU family:          6\nModel:               85\nModel name:          unknown\nStepping:            unknown\nCPU MHz:             2692.345\nBogoMIPS:            2692.34\nVirtualization:      VT-x\nFlags:               fpu vme de pse tsc msr pae mce cx8 apic sep mtrr pge mca cmov pat pse36 clflush dts acpi mmx fxsr sse sse2 ss ht tm pbe syscall nx pdpe1gb rdtscp lm pni pclmulqdq dtes64 monitor ds_cpl vmx smx est tm2 ssse3 sdbg fma cx16 xtpr pdcm pcid dca sse4_1 sse4_2 x2apic movbe popcnt tsc_deadline_timer aes xsave avx f16c rdrand lahf_lm abm 3dnowprefetch fsgsbase tsc_adjust bmi1 hle avx2 smep bmi2 erms invpcid rtm cqm mpx rdt_a avx512f avx512dq rdseed adx smap clwb avx512cd avx512bw avx512vl xsaveopt xsavec xgetbv1 xsaves pku"
    }
},
{
    "pystart_ms": 1588924012403.584,
    "pyend_ms": 1588924014516.578,
    "pyduration_ms": 2112.993896484375,
    "func_data": {
        "initTime_ms": 1588924012714.4878,
        "endTime_ms": 1588924014441.3093,
        "duration_ms": 1726.8214225769043,
        "executionID": "e1ngnea3mlu1",
        "containerID": "ee6e61f7-8cb5-47c3-b6a2-ae0b06730010",
        "uptime": "73.05",
        "meminfo": "MemTotal:        2097152 kB\nMemFree:         2051616 kB\nMemAvailable:    2051616 kB\nBuffers:               0 kB\nCached:            13604 kB\nSwapCache:             0 kB\nActive:            32264 kB\nInactive:           6804 kB\nActive(anon):      25464 kB\nInactive(anon):        0 kB\nActive(file):       6800 kB\nInactive(file):     6804 kB\nUnevictable:           0 kB\nMlocked:               0 kB\nSwapTotal:             0 kB\nSwapFree:              0 kB\nDirty:                 0 kB\nWriteback:             0 kB\nAnonPages:         25464 kB\nMapped:            13604 kB\nShmem:                 0 kB",
        "cpuinfo": "Architecture:        x86_64\nCPU op-mode(s):      32-bit, 64-bit\nByte Order:          Little Endian\nCPU(s):              2\nOn-line CPU(s) list: 0,1\nVendor ID:           GenuineIntel\nCPU family:          6\nModel:               85\nModel name:          unknown\nStepping:            unknown\nCPU MHz:             2700.138\nBogoMIPS:            2700.14\nVirtualization:      VT-x\nFlags:               fpu vme de pse tsc msr pae mce cx8 apic sep mtrr pge mca cmov pat pse36 clflush dts acpi mmx fxsr sse sse2 ss ht tm pbe syscall nx pdpe1gb rdtscp lm pni pclmulqdq dtes64 monitor ds_cpl vmx smx est tm2 ssse3 sdbg fma cx16 xtpr pdcm pcid dca sse4_1 sse4_2 x2apic movbe popcnt tsc_deadline_timer aes xsave avx f16c rdrand lahf_lm abm 3dnowprefetch fsgsbase tsc_adjust bmi1 hle avx2 smep bmi2 erms invpcid rtm cqm mpx rdt_a avx512f avx512dq rdseed adx smap clwb avx512cd avx512bw avx512vl xsaveopt xsavec xgetbv1 xsaves pku"
    }
},
{
    "pystart_ms": 1588924012402.5708,
    "pyend_ms": 1588924014530.724,
    "pyduration_ms": 2128.1533203125,
    "func_data": {
        "initTime_ms": 1588924012728.205,
        "endTime_ms": 1588924014452.8472,
        "duration_ms": 1724.642276763916,
        "executionID": "a3fqpwr52vee",
        "containerID": "c471a5d8-a2d2-4117-9a52-c43fbaedf752",
        "uptime": "42.70",
        "meminfo": "MemTotal:        2097152 kB\nMemFree:         2048132 kB\nMemAvailable:    2048132 kB\nBuffers:               0 kB\nCached:            13704 kB\nSwapCache:             0 kB\nActive:            35700 kB\nInactive:           6852 kB\nActive(anon):      28848 kB\nInactive(anon):        0 kB\nActive(file):       6852 kB\nInactive(file):     6852 kB\nUnevictable:           0 kB\nMlocked:               0 kB\nSwapTotal:             0 kB\nSwapFree:              0 kB\nDirty:                 0 kB\nWriteback:             0 kB\nAnonPages:         28848 kB\nMapped:            13704 kB\nShmem:                 0 kB",
        "cpuinfo": "Architecture:        x86_64\nCPU op-mode(s):      32-bit, 64-bit\nByte Order:          Little Endian\nCPU(s):              2\nOn-line CPU(s) list: 0,1\nVendor ID:           GenuineIntel\nCPU family:          6\nModel:               85\nModel name:          unknown\nStepping:            unknown\nCPU MHz:             2700.101\nBogoMIPS:            2700.10\nVirtualization:      VT-x\nFlags:               fpu vme de pse tsc msr pae mce cx8 apic sep mtrr pge mca cmov pat pse36 clflush dts acpi mmx fxsr sse sse2 ss ht tm pbe syscall nx pdpe1gb rdtscp lm pni pclmulqdq dtes64 monitor ds_cpl vmx smx est tm2 ssse3 sdbg fma cx16 xtpr pdcm pcid dca sse4_1 sse4_2 x2apic movbe popcnt tsc_deadline_timer aes xsave avx f16c rdrand lahf_lm abm 3dnowprefetch fsgsbase tsc_adjust bmi1 hle avx2 smep bmi2 erms invpcid rtm cqm mpx rdt_a avx512f avx512dq rdseed adx smap clwb avx512cd avx512bw avx512vl xsaveopt xsavec xgetbv1 xsaves pku"
    }
},
{
    "pystart_ms": 1588924012427.5781,
    "pyend_ms": 1588924014551.0586,
    "pyduration_ms": 2123.48046875,
    "func_data": {
        "initTime_ms": 1588924012854.1052,
        "endTime_ms": 1588924014472.1365,
        "duration_ms": 1618.0312633514404,
        "executionID": "jxes3r786o7m",
        "containerID": "9d6f737c-b023-4b3d-8bbc-29c9dd06454e",
        "uptime": "43.28",
        "meminfo": "MemTotal:        2097152 kB\nMemFree:         2049144 kB\nMemAvailable:    2049144 kB\nBuffers:               0 kB\nCached:            13776 kB\nSwapCache:             0 kB\nActive:            34652 kB\nInactive:           6888 kB\nActive(anon):      27764 kB\nInactive(anon):        0 kB\nActive(file):       6888 kB\nInactive(file):     6888 kB\nUnevictable:           0 kB\nMlocked:               0 kB\nSwapTotal:             0 kB\nSwapFree:              0 kB\nDirty:                 0 kB\nWriteback:             0 kB\nAnonPages:         27764 kB\nMapped:            13776 kB\nShmem:                 0 kB",
        "cpuinfo": "Architecture:        x86_64\nCPU op-mode(s):      32-bit, 64-bit\nByte Order:          Little Endian\nCPU(s):              2\nOn-line CPU(s) list: 0,1\nVendor ID:           GenuineIntel\nCPU family:          6\nModel:               85\nModel name:          unknown\nStepping:            unknown\nCPU MHz:             2699.740\nBogoMIPS:            2699.74\nVirtualization:      VT-x\nFlags:               fpu vme de pse tsc msr pae mce cx8 apic sep mtrr pge mca cmov pat pse36 clflush dts acpi mmx fxsr sse sse2 ss ht tm pbe syscall nx pdpe1gb rdtscp lm pni pclmulqdq dtes64 monitor ds_cpl vmx smx est tm2 ssse3 sdbg fma cx16 xtpr pdcm pcid dca sse4_1 sse4_2 x2apic movbe popcnt tsc_deadline_timer aes xsave avx f16c rdrand lahf_lm abm 3dnowprefetch fsgsbase tsc_adjust bmi1 hle avx2 smep bmi2 erms invpcid rtm cqm mpx rdt_a avx512f avx512dq rdseed adx smap clwb avx512cd avx512bw avx512vl xsaveopt xsavec xgetbv1 xsaves pku"
    }
},
{
    "pystart_ms": 1588924012408.5828,
    "pyend_ms": 1588924014585.8188,
    "pyduration_ms": 2177.236083984375,
    "func_data": {
        "initTime_ms": 1588924012727.6257,
        "endTime_ms": 1588924014431.2522,
        "duration_ms": 1703.6263942718506,
        "executionID": "d5lra8kkt3c6",
        "containerID": "936a23b7-ad13-404b-82d7-a71180d37c96",
        "uptime": "42.68",
        "meminfo": "MemTotal:        2097152 kB\nMemFree:         2049424 kB\nMemAvailable:    2049424 kB\nBuffers:               0 kB\nCached:            13240 kB\nSwapCache:             0 kB\nActive:            34640 kB\nInactive:           6620 kB\nActive(anon):      28020 kB\nInactive(anon):        0 kB\nActive(file):       6620 kB\nInactive(file):     6620 kB\nUnevictable:           0 kB\nMlocked:               0 kB\nSwapTotal:             0 kB\nSwapFree:              0 kB\nDirty:                 0 kB\nWriteback:             0 kB\nAnonPages:         28020 kB\nMapped:            13240 kB\nShmem:                 0 kB",
        "cpuinfo": "Architecture:        x86_64\nCPU op-mode(s):      32-bit, 64-bit\nByte Order:          Little Endian\nCPU(s):              2\nOn-line CPU(s) list: 0,1\nVendor ID:           GenuineIntel\nCPU family:          6\nModel:               85\nModel name:          unknown\nStepping:            unknown\nCPU MHz:             2700.201\nBogoMIPS:            2700.20\nVirtualization:      VT-x\nFlags:               fpu vme de pse tsc msr pae mce cx8 apic sep mtrr pge mca cmov pat pse36 clflush dts acpi mmx fxsr sse sse2 ss ht tm pbe syscall nx pdpe1gb rdtscp lm pni pclmulqdq dtes64 monitor ds_cpl vmx smx est tm2 ssse3 sdbg fma cx16 xtpr pdcm pcid dca sse4_1 sse4_2 x2apic movbe popcnt tsc_deadline_timer aes xsave avx f16c rdrand lahf_lm abm 3dnowprefetch fsgsbase tsc_adjust bmi1 hle avx2 smep bmi2 erms invpcid rtm cqm mpx rdt_a avx512f avx512dq rdseed adx smap clwb avx512cd avx512bw avx512vl xsaveopt xsavec xgetbv1 xsaves pku"
    }
},
{
    "pystart_ms": 1588924012419.5825,
    "pyend_ms": 1588924014593.8154,
    "pyduration_ms": 2174.23291015625,
    "func_data": {
        "initTime_ms": 1588924012757.636,
        "endTime_ms": 1588924014417.6294,
        "duration_ms": 1659.9934101104736,
        "executionID": "jgvvrcmvhy1e",
        "containerID": "8a7418b1-8c13-43d3-9de5-01ea1eca7f08",
        "uptime": "73.07",
        "meminfo": "MemTotal:        2097152 kB\nMemFree:         2048588 kB\nMemAvailable:    2048588 kB\nBuffers:               0 kB\nCached:            13792 kB\nSwapCache:             0 kB\nActive:            35200 kB\nInactive:           6896 kB\nActive(anon):      28304 kB\nInactive(anon):        0 kB\nActive(file):       6896 kB\nInactive(file):     6896 kB\nUnevictable:           0 kB\nMlocked:               0 kB\nSwapTotal:             0 kB\nSwapFree:              0 kB\nDirty:                 0 kB\nWriteback:             0 kB\nAnonPages:         28304 kB\nMapped:            13792 kB\nShmem:                 0 kB",
        "cpuinfo": "Architecture:        x86_64\nCPU op-mode(s):      32-bit, 64-bit\nByte Order:          Little Endian\nCPU(s):              2\nOn-line CPU(s) list: 0,1\nVendor ID:           GenuineIntel\nCPU family:          6\nModel:               45\nModel name:          unknown\nStepping:            unknown\nCPU MHz:             3299.997\nBogoMIPS:            3300.00\nVirtualization:      VT-x\nFlags:               fpu vme de pse tsc msr pae mce cx8 apic sep mtrr pge mca cmov pat pse36 clflush dts acpi mmx fxsr sse sse2 ss ht tm pbe syscall nx pdpe1gb rdtscp lm pni pclmulqdq dtes64 monitor ds_cpl vmx smx est tm2 ssse3 cx16 xtpr pdcm pcid dca sse4_1 sse4_2 x2apic popcnt tsc_deadline_timer aes xsave avx lahf_lm xsaveopt"
    }
},
{
    "pystart_ms": 1588924012452.5808,
    "pyend_ms": 1588924014596.8186,
    "pyduration_ms": 2144.23779296875,
    "func_data": {
        "initTime_ms": 1588924012951.4192,
        "endTime_ms": 1588924014436.4648,
        "duration_ms": 1485.0456714630127,
        "executionID": "35wmhsbb6hku",
        "containerID": "29d0ba95-29f1-4ad5-9b83-4184d2d8b1f0",
        "uptime": "42.30",
        "meminfo": "MemTotal:        2097152 kB\nMemFree:         2050348 kB\nMemAvailable:    2050348 kB\nBuffers:               0 kB\nCached:            13604 kB\nSwapCache:             0 kB\nActive:            33532 kB\nInactive:           6804 kB\nActive(anon):      26732 kB\nInactive(anon):        0 kB\nActive(file):       6800 kB\nInactive(file):     6804 kB\nUnevictable:           0 kB\nMlocked:               0 kB\nSwapTotal:             0 kB\nSwapFree:              0 kB\nDirty:                 0 kB\nWriteback:             0 kB\nAnonPages:         26732 kB\nMapped:            13604 kB\nShmem:                 0 kB",
        "cpuinfo": "Architecture:        x86_64\nCPU op-mode(s):      32-bit, 64-bit\nByte Order:          Little Endian\nCPU(s):              2\nOn-line CPU(s) list: 0,1\nVendor ID:           GenuineIntel\nCPU family:          6\nModel:               85\nModel name:          unknown\nStepping:            unknown\nCPU MHz:             2646.343\nBogoMIPS:            2646.34\nVirtualization:      VT-x\nFlags:               fpu vme de pse tsc msr pae mce cx8 apic sep mtrr pge mca cmov pat pse36 clflush dts acpi mmx fxsr sse sse2 ss ht tm pbe syscall nx pdpe1gb rdtscp lm pni pclmulqdq dtes64 monitor ds_cpl vmx smx est tm2 ssse3 sdbg fma cx16 xtpr pdcm pcid dca sse4_1 sse4_2 x2apic movbe popcnt tsc_deadline_timer aes xsave avx f16c rdrand lahf_lm abm 3dnowprefetch fsgsbase tsc_adjust bmi1 hle avx2 smep bmi2 erms invpcid rtm cqm mpx rdt_a avx512f avx512dq rdseed adx smap clwb avx512cd avx512bw avx512vl xsaveopt xsavec xgetbv1 xsaves pku"
    }
},
{
    "pystart_ms": 1588924012418.5593,
    "pyend_ms": 1588924014600.8215,
    "pyduration_ms": 2182.26220703125,
    "func_data": {
        "initTime_ms": 1588924012777.949,
        "endTime_ms": 1588924014436.1194,
        "duration_ms": 1658.170223236084,
        "executionID": "takwnczn0fzk",
        "containerID": "c69260f6-7bd0-43f5-ab8c-9d9b8da3c322",
        "uptime": "42.07",
        "meminfo": "MemTotal:        2097152 kB\nMemFree:         2048736 kB\nMemAvailable:    2048736 kB\nBuffers:               0 kB\nCached:            13604 kB\nSwapCache:             0 kB\nActive:            35144 kB\nInactive:           6804 kB\nActive(anon):      28344 kB\nInactive(anon):        0 kB\nActive(file):       6800 kB\nInactive(file):     6804 kB\nUnevictable:           0 kB\nMlocked:               0 kB\nSwapTotal:             0 kB\nSwapFree:              0 kB\nDirty:                 0 kB\nWriteback:             0 kB\nAnonPages:         28344 kB\nMapped:            13604 kB\nShmem:                 0 kB",
        "cpuinfo": "Architecture:        x86_64\nCPU op-mode(s):      32-bit, 64-bit\nByte Order:          Little Endian\nCPU(s):              2\nOn-line CPU(s) list: 0,1\nVendor ID:           GenuineIntel\nCPU family:          6\nModel:               85\nModel name:          unknown\nStepping:            unknown\nCPU MHz:             2700.311\nBogoMIPS:            2700.31\nVirtualization:      VT-x\nFlags:               fpu vme de pse tsc msr pae mce cx8 apic sep mtrr pge mca cmov pat pse36 clflush dts acpi mmx fxsr sse sse2 ss ht tm pbe syscall nx pdpe1gb rdtscp lm pni pclmulqdq dtes64 monitor ds_cpl vmx smx est tm2 ssse3 sdbg fma cx16 xtpr pdcm pcid dca sse4_1 sse4_2 x2apic movbe popcnt tsc_deadline_timer aes xsave avx f16c rdrand lahf_lm abm 3dnowprefetch fsgsbase tsc_adjust bmi1 hle avx2 smep bmi2 erms invpcid rtm cqm mpx rdt_a avx512f avx512dq rdseed adx smap clwb avx512cd avx512bw avx512vl xsaveopt xsavec xgetbv1 xsaves pku"
    }
},
{
    "pystart_ms": 1588924012401.5432,
    "pyend_ms": 1588924014609.075,
    "pyduration_ms": 2207.53173828125,
    "func_data": {
        "initTime_ms": 1588924012740.7686,
        "endTime_ms": 1588924014429.7732,
        "duration_ms": 1689.00465965271,
        "executionID": "i7m1sy0a8ceu",
        "containerID": "245fdf4d-0a88-4669-8d01-1e40195f1f08",
        "uptime": "73.07",
        "meminfo": "MemTotal:        2097152 kB\nMemFree:         2047488 kB\nMemAvailable:    2047488 kB\nBuffers:               0 kB\nCached:            13616 kB\nSwapCache:             0 kB\nActive:            36388 kB\nInactive:           6808 kB\nActive(anon):      29580 kB\nInactive(anon):        0 kB\nActive(file):       6808 kB\nInactive(file):     6808 kB\nUnevictable:           0 kB\nMlocked:               0 kB\nSwapTotal:             0 kB\nSwapFree:              0 kB\nDirty:                 0 kB\nWriteback:             0 kB\nAnonPages:         29580 kB\nMapped:            13616 kB\nShmem:                 0 kB",
        "cpuinfo": "Architecture:        x86_64\nCPU op-mode(s):      32-bit, 64-bit\nByte Order:          Little Endian\nCPU(s):              2\nOn-line CPU(s) list: 0,1\nVendor ID:           GenuineIntel\nCPU family:          6\nModel:               85\nModel name:          unknown\nStepping:            unknown\nCPU MHz:             2700.266\nBogoMIPS:            2700.27\nVirtualization:      VT-x\nFlags:               fpu vme de pse tsc msr pae mce cx8 apic sep mtrr pge mca cmov pat pse36 clflush dts acpi mmx fxsr sse sse2 ss ht tm pbe syscall nx pdpe1gb rdtscp lm pni pclmulqdq dtes64 monitor ds_cpl vmx smx est tm2 ssse3 sdbg fma cx16 xtpr pdcm pcid dca sse4_1 sse4_2 x2apic movbe popcnt tsc_deadline_timer aes xsave avx f16c rdrand lahf_lm abm 3dnowprefetch fsgsbase tsc_adjust bmi1 hle avx2 smep bmi2 erms invpcid rtm cqm mpx rdt_a avx512f avx512dq rdseed adx smap clwb avx512cd avx512bw avx512vl xsaveopt xsavec xgetbv1 xsaves pku"
    }
},
{
    "pystart_ms": 1588924012417.5466,
    "pyend_ms": 1588924014611.038,
    "pyduration_ms": 2193.491455078125,
    "func_data": {
        "initTime_ms": 1588924012756.204,
        "endTime_ms": 1588924014538.0872,
        "duration_ms": 1781.8830013275146,
        "executionID": "4kl67c9wspou",
        "containerID": "2acb4753-edfb-4a1d-8713-6e196cc147bf",
        "uptime": "42.85",
        "meminfo": "MemTotal:        2097152 kB\nMemFree:         2051288 kB\nMemAvailable:    2051288 kB\nBuffers:               0 kB\nCached:            13604 kB\nSwapCache:             0 kB\nActive:            32592 kB\nInactive:           6804 kB\nActive(anon):      25792 kB\nInactive(anon):        0 kB\nActive(file):       6800 kB\nInactive(file):     6804 kB\nUnevictable:           0 kB\nMlocked:               0 kB\nSwapTotal:             0 kB\nSwapFree:              0 kB\nDirty:                 0 kB\nWriteback:             0 kB\nAnonPages:         25792 kB\nMapped:            13604 kB\nShmem:                 0 kB",
        "cpuinfo": "Architecture:        x86_64\nCPU op-mode(s):      32-bit, 64-bit\nByte Order:          Little Endian\nCPU(s):              2\nOn-line CPU(s) list: 0,1\nVendor ID:           GenuineIntel\nCPU family:          6\nModel:               85\nModel name:          unknown\nStepping:            unknown\nCPU MHz:             2699.909\nBogoMIPS:            2699.91\nVirtualization:      VT-x\nFlags:               fpu vme de pse tsc msr pae mce cx8 apic sep mtrr pge mca cmov pat pse36 clflush dts acpi mmx fxsr sse sse2 ss ht tm pbe syscall nx pdpe1gb rdtscp lm pni pclmulqdq dtes64 monitor ds_cpl vmx smx est tm2 ssse3 sdbg fma cx16 xtpr pdcm pcid dca sse4_1 sse4_2 x2apic movbe popcnt tsc_deadline_timer aes xsave avx f16c rdrand lahf_lm abm 3dnowprefetch fsgsbase tsc_adjust bmi1 hle avx2 smep bmi2 erms invpcid rtm cqm mpx rdt_a avx512f avx512dq rdseed adx smap clwb avx512cd avx512bw avx512vl xsaveopt xsavec xgetbv1 xsaves pku"
    }
},
{
    "pystart_ms": 1588924012449.5815,
    "pyend_ms": 1588924014619.9866,
    "pyduration_ms": 2170.405029296875,
    "func_data": {
        "initTime_ms": 1588924012954.137,
        "endTime_ms": 1588924014540.7734,
        "duration_ms": 1586.6365432739258,
        "executionID": "tcau48vu9pgw",
        "containerID": "9fe59a93-6eb1-4a32-b3e2-57143867d9c7",
        "uptime": "72.60",
        "meminfo": "MemTotal:        2097152 kB\nMemFree:         2049744 kB\nMemAvailable:    2049744 kB\nBuffers:               0 kB\nCached:            13748 kB\nSwapCache:             0 kB\nActive:            34064 kB\nInactive:           6876 kB\nActive(anon):      27192 kB\nInactive(anon):        0 kB\nActive(file):       6872 kB\nInactive(file):     6876 kB\nUnevictable:           0 kB\nMlocked:               0 kB\nSwapTotal:             0 kB\nSwapFree:              0 kB\nDirty:                 0 kB\nWriteback:             0 kB\nAnonPages:         27192 kB\nMapped:            13748 kB\nShmem:                 0 kB",
        "cpuinfo": "Architecture:        x86_64\nCPU op-mode(s):      32-bit, 64-bit\nByte Order:          Little Endian\nCPU(s):              2\nOn-line CPU(s) list: 0,1\nVendor ID:           GenuineIntel\nCPU family:          6\nModel:               85\nModel name:          unknown\nStepping:            unknown\nCPU MHz:             2700.242\nBogoMIPS:            2700.24\nVirtualization:      VT-x\nFlags:               fpu vme de pse tsc msr pae mce cx8 apic sep mtrr pge mca cmov pat pse36 clflush dts acpi mmx fxsr sse sse2 ss ht tm pbe syscall nx pdpe1gb rdtscp lm pni pclmulqdq dtes64 monitor ds_cpl vmx smx est tm2 ssse3 sdbg fma cx16 xtpr pdcm pcid dca sse4_1 sse4_2 x2apic movbe popcnt tsc_deadline_timer aes xsave avx f16c rdrand lahf_lm abm 3dnowprefetch fsgsbase tsc_adjust bmi1 hle avx2 smep bmi2 erms invpcid rtm cqm mpx rdt_a avx512f avx512dq rdseed adx smap clwb avx512cd avx512bw avx512vl xsaveopt xsavec xgetbv1 xsaves pku"
    }
},
{
    "pystart_ms": 1588924012439.5793,
    "pyend_ms": 1588924014626.5676,
    "pyduration_ms": 2186.98828125,
    "func_data": {
        "initTime_ms": 1588924012886.4927,
        "endTime_ms": 1588924014555.721,
        "duration_ms": 1669.2283153533936,
        "executionID": "ehhgc6abj8wd",
        "containerID": "fdab9cbe-e3eb-46a5-a285-aae225980d39",
        "uptime": "43.32",
        "meminfo": "MemTotal:        2097152 kB\nMemFree:         2050716 kB\nMemAvailable:    2050716 kB\nBuffers:               0 kB\nCached:            13604 kB\nSwapCache:             0 kB\nActive:            33164 kB\nInactive:           6804 kB\nActive(anon):      26364 kB\nInactive(anon):        0 kB\nActive(file):       6800 kB\nInactive(file):     6804 kB\nUnevictable:           0 kB\nMlocked:               0 kB\nSwapTotal:             0 kB\nSwapFree:              0 kB\nDirty:                 0 kB\nWriteback:             0 kB\nAnonPages:         26364 kB\nMapped:            13604 kB\nShmem:                 0 kB",
        "cpuinfo": "Architecture:        x86_64\nCPU op-mode(s):      32-bit, 64-bit\nByte Order:          Little Endian\nCPU(s):              2\nOn-line CPU(s) list: 0,1\nVendor ID:           GenuineIntel\nCPU family:          6\nModel:               85\nModel name:          unknown\nStepping:            unknown\nCPU MHz:             2675.349\nBogoMIPS:            2675.35\nVirtualization:      VT-x\nFlags:               fpu vme de pse tsc msr pae mce cx8 apic sep mtrr pge mca cmov pat pse36 clflush dts acpi mmx fxsr sse sse2 ss ht tm pbe syscall nx pdpe1gb rdtscp lm pni pclmulqdq dtes64 monitor ds_cpl vmx smx est tm2 ssse3 sdbg fma cx16 xtpr pdcm pcid dca sse4_1 sse4_2 x2apic movbe popcnt tsc_deadline_timer aes xsave avx f16c rdrand lahf_lm abm 3dnowprefetch fsgsbase tsc_adjust bmi1 hle avx2 smep bmi2 erms invpcid rtm cqm mpx rdt_a avx512f avx512dq rdseed adx smap clwb avx512cd avx512bw avx512vl xsaveopt xsavec xgetbv1 xsaves pku"
    }
},
{
    "pystart_ms": 1588924012426.579,
    "pyend_ms": 1588924014659.6587,
    "pyduration_ms": 2233.07958984375,
    "func_data": {
        "initTime_ms": 1588924012887.6897,
        "endTime_ms": 1588924014482.5232,
        "duration_ms": 1594.8336124420166,
        "executionID": "vvazxpxy7l9g",
        "containerID": "6467e2aa-73b2-4dc8-a3a7-8ed8197094e5",
        "uptime": "43.10",
        "meminfo": "MemTotal:        2097152 kB\nMemFree:         2050096 kB\nMemAvailable:    2050096 kB\nBuffers:               0 kB\nCached:            13604 kB\nSwapCache:             0 kB\nActive:            33784 kB\nInactive:           6804 kB\nActive(anon):      26984 kB\nInactive(anon):        0 kB\nActive(file):       6800 kB\nInactive(file):     6804 kB\nUnevictable:           0 kB\nMlocked:               0 kB\nSwapTotal:             0 kB\nSwapFree:              0 kB\nDirty:                 0 kB\nWriteback:             0 kB\nAnonPages:         26984 kB\nMapped:            13604 kB\nShmem:                 0 kB",
        "cpuinfo": "Architecture:        x86_64\nCPU op-mode(s):      32-bit, 64-bit\nByte Order:          Little Endian\nCPU(s):              2\nOn-line CPU(s) list: 0,1\nVendor ID:           GenuineIntel\nCPU family:          6\nModel:               85\nModel name:          unknown\nStepping:            unknown\nCPU MHz:             2691.820\nBogoMIPS:            2691.82\nVirtualization:      VT-x\nFlags:               fpu vme de pse tsc msr pae mce cx8 apic sep mtrr pge mca cmov pat pse36 clflush dts acpi mmx fxsr sse sse2 ss ht tm pbe syscall nx pdpe1gb rdtscp lm pni pclmulqdq dtes64 monitor ds_cpl vmx smx est tm2 ssse3 sdbg fma cx16 xtpr pdcm pcid dca sse4_1 sse4_2 x2apic movbe popcnt tsc_deadline_timer aes xsave avx f16c rdrand lahf_lm abm 3dnowprefetch fsgsbase tsc_adjust bmi1 hle avx2 smep bmi2 erms invpcid rtm cqm mpx rdt_a avx512f avx512dq rdseed adx smap clwb avx512cd avx512bw avx512vl xsaveopt xsavec xgetbv1 xsaves pku"
    }
},
{
    "pystart_ms": 1588924012419.5825,
    "pyend_ms": 1588924014667.6055,
    "pyduration_ms": 2248.02294921875,
    "func_data": {
        "initTime_ms": 1588924012762.1912,
        "endTime_ms": 1588924014496.8909,
        "duration_ms": 1734.6997261047363,
        "executionID": "dupteh3w0zwx",
        "containerID": "49250a4e-29c1-4ca8-98a4-d4254084cbdc",
        "uptime": "42.84",
        "meminfo": "MemTotal:        2097152 kB\nMemFree:         2050688 kB\nMemAvailable:    2050688 kB\nBuffers:               0 kB\nCached:            13740 kB\nSwapCache:             0 kB\nActive:            33124 kB\nInactive:           6872 kB\nActive(anon):      26256 kB\nInactive(anon):        0 kB\nActive(file):       6868 kB\nInactive(file):     6872 kB\nUnevictable:           0 kB\nMlocked:               0 kB\nSwapTotal:             0 kB\nSwapFree:              0 kB\nDirty:                 0 kB\nWriteback:             0 kB\nAnonPages:         26256 kB\nMapped:            13740 kB\nShmem:                 0 kB",
        "cpuinfo": "Architecture:        x86_64\nCPU op-mode(s):      32-bit, 64-bit\nByte Order:          Little Endian\nCPU(s):              2\nOn-line CPU(s) list: 0,1\nVendor ID:           GenuineIntel\nCPU family:          6\nModel:               79\nModel name:          unknown\nStepping:            unknown\nCPU MHz:             2707.078\nBogoMIPS:            2707.08\nVirtualization:      VT-x\nFlags:               fpu vme de pse tsc msr pae mce cx8 apic sep mtrr pge mca cmov pat pse36 clflush dts acpi mmx fxsr sse sse2 ss ht tm pbe syscall nx pdpe1gb rdtscp lm pni pclmulqdq dtes64 monitor ds_cpl vmx smx est tm2 ssse3 sdbg fma cx16 xtpr pdcm pcid dca sse4_1 sse4_2 x2apic movbe popcnt tsc_deadline_timer aes xsave avx f16c rdrand lahf_lm abm 3dnowprefetch fsgsbase tsc_adjust bmi1 hle avx2 smep bmi2 erms invpcid rtm cqm rdt_a rdseed adx smap xsaveopt"
    }
},
{
    "pystart_ms": 1588924012437.58,
    "pyend_ms": 1588924014676.7017,
    "pyduration_ms": 2239.12158203125,
    "func_data": {
        "initTime_ms": 1588924012855.8948,
        "endTime_ms": 1588924014515.0889,
        "duration_ms": 1659.193992614746,
        "executionID": "quzbm06x2ps5",
        "containerID": "bb584352-cfba-4d36-bade-0b7a48849017",
        "uptime": "71.53",
        "meminfo": "MemTotal:        2097152 kB\nMemFree:         2049204 kB\nMemAvailable:    2049204 kB\nBuffers:               0 kB\nCached:            13740 kB\nSwapCache:             0 kB\nActive:            34608 kB\nInactive:           6872 kB\nActive(anon):      27740 kB\nInactive(anon):        0 kB\nActive(file):       6868 kB\nInactive(file):     6872 kB\nUnevictable:           0 kB\nMlocked:               0 kB\nSwapTotal:             0 kB\nSwapFree:              0 kB\nDirty:                 0 kB\nWriteback:             0 kB\nAnonPages:         27740 kB\nMapped:            13740 kB\nShmem:                 0 kB",
        "cpuinfo": "Architecture:        x86_64\nCPU op-mode(s):      32-bit, 64-bit\nByte Order:          Little Endian\nCPU(s):              2\nOn-line CPU(s) list: 0,1\nVendor ID:           GenuineIntel\nCPU family:          6\nModel:               79\nModel name:          unknown\nStepping:            unknown\nCPU MHz:             2730.835\nBogoMIPS:            2730.84\nVirtualization:      VT-x\nFlags:               fpu vme de pse tsc msr pae mce cx8 apic sep mtrr pge mca cmov pat pse36 clflush dts acpi mmx fxsr sse sse2 ss ht tm pbe syscall nx pdpe1gb rdtscp lm pni pclmulqdq dtes64 monitor ds_cpl vmx smx est tm2 ssse3 sdbg fma cx16 xtpr pdcm pcid dca sse4_1 sse4_2 x2apic movbe popcnt tsc_deadline_timer aes xsave avx f16c rdrand lahf_lm abm 3dnowprefetch fsgsbase tsc_adjust bmi1 hle avx2 smep bmi2 erms invpcid rtm cqm rdt_a rdseed adx smap xsaveopt"
    }
},
{
    "pystart_ms": 1588924012438.5786,
    "pyend_ms": 1588924014683.7146,
    "pyduration_ms": 2245.135986328125,
    "func_data": {
        "initTime_ms": 1588924012854.5898,
        "endTime_ms": 1588924014604.2173,
        "duration_ms": 1749.6273517608643,
        "executionID": "v483gzecfl4s",
        "containerID": "65d1a824-5387-4479-8411-170f15c3885f",
        "uptime": "42.64",
        "meminfo": "MemTotal:        2097152 kB\nMemFree:         2051440 kB\nMemAvailable:    2051440 kB\nBuffers:               0 kB\nCached:            13492 kB\nSwapCache:             0 kB\nActive:            32496 kB\nInactive:           6748 kB\nActive(anon):      25752 kB\nInactive(anon):        0 kB\nActive(file):       6744 kB\nInactive(file):     6748 kB\nUnevictable:           0 kB\nMlocked:               0 kB\nSwapTotal:             0 kB\nSwapFree:              0 kB\nDirty:                 0 kB\nWriteback:             0 kB\nAnonPages:         25752 kB\nMapped:            13492 kB\nShmem:                 0 kB",
        "cpuinfo": "Architecture:        x86_64\nCPU op-mode(s):      32-bit, 64-bit\nByte Order:          Little Endian\nCPU(s):              2\nOn-line CPU(s) list: 0,1\nVendor ID:           GenuineIntel\nCPU family:          6\nModel:               79\nModel name:          unknown\nStepping:            unknown\nCPU MHz:             2717.289\nBogoMIPS:            2717.29\nVirtualization:      VT-x\nFlags:               fpu vme de pse tsc msr pae mce cx8 apic sep mtrr pge mca cmov pat pse36 clflush dts acpi mmx fxsr sse sse2 ss ht tm pbe syscall nx pdpe1gb rdtscp lm pni pclmulqdq dtes64 monitor ds_cpl vmx smx est tm2 ssse3 sdbg fma cx16 xtpr pdcm pcid dca sse4_1 sse4_2 x2apic movbe popcnt tsc_deadline_timer aes xsave avx f16c rdrand lahf_lm abm 3dnowprefetch fsgsbase tsc_adjust bmi1 hle avx2 smep bmi2 erms invpcid rtm cqm rdt_a rdseed adx smap xsaveopt"
    }
},
{
    "pystart_ms": 1588924012413.554,
    "pyend_ms": 1588924014685.7134,
    "pyduration_ms": 2272.159423828125,
    "func_data": {
        "initTime_ms": 1588924012753.9524,
        "endTime_ms": 1588924014532.32,
        "duration_ms": 1778.367519378662,
        "executionID": "rqvd305pi9o9",
        "containerID": "b37fdce1-f5ea-46e4-9a78-fb1a3a58f19c",
        "uptime": "43.03",
        "meminfo": "MemTotal:        2097152 kB\nMemFree:         2048624 kB\nMemAvailable:    2048624 kB\nBuffers:               0 kB\nCached:            13740 kB\nSwapCache:             0 kB\nActive:            35188 kB\nInactive:           6872 kB\nActive(anon):      28320 kB\nInactive(anon):        0 kB\nActive(file):       6868 kB\nInactive(file):     6872 kB\nUnevictable:           0 kB\nMlocked:               0 kB\nSwapTotal:             0 kB\nSwapFree:              0 kB\nDirty:                 0 kB\nWriteback:             0 kB\nAnonPages:         28320 kB\nMapped:            13740 kB\nShmem:                 0 kB",
        "cpuinfo": "Architecture:        x86_64\nCPU op-mode(s):      32-bit, 64-bit\nByte Order:          Little Endian\nCPU(s):              2\nOn-line CPU(s) list: 0,1\nVendor ID:           GenuineIntel\nCPU family:          6\nModel:               85\nModel name:          unknown\nStepping:            unknown\nCPU MHz:             2691.958\nBogoMIPS:            2691.96\nVirtualization:      VT-x\nFlags:               fpu vme de pse tsc msr pae mce cx8 apic sep mtrr pge mca cmov pat pse36 clflush dts acpi mmx fxsr sse sse2 ss ht tm pbe syscall nx pdpe1gb rdtscp lm pni pclmulqdq dtes64 monitor ds_cpl vmx smx est tm2 ssse3 sdbg fma cx16 xtpr pdcm pcid dca sse4_1 sse4_2 x2apic movbe popcnt tsc_deadline_timer aes xsave avx f16c rdrand lahf_lm abm 3dnowprefetch fsgsbase tsc_adjust bmi1 hle avx2 smep bmi2 erms invpcid rtm cqm mpx rdt_a avx512f avx512dq rdseed adx smap clwb avx512cd avx512bw avx512vl xsaveopt xsavec xgetbv1 xsaves pku"
    }
},
{
    "pystart_ms": 1588924012431.5452,
    "pyend_ms": 1588924014689.7566,
    "pyduration_ms": 2258.21142578125,
    "func_data": {
        "initTime_ms": 1588924012926.5195,
        "endTime_ms": 1588924014531.3691,
        "duration_ms": 1604.8495769500732,
        "executionID": "o9gfrx30aoxa",
        "containerID": "0148cb8a-50e1-47ec-bcb7-dd47ac258835",
        "uptime": "43.26",
        "meminfo": "MemTotal:        2097152 kB\nMemFree:         2048916 kB\nMemAvailable:    2048916 kB\nBuffers:               0 kB\nCached:            13604 kB\nSwapCache:             0 kB\nActive:            34964 kB\nInactive:           6804 kB\nActive(anon):      28164 kB\nInactive(anon):        0 kB\nActive(file):       6800 kB\nInactive(file):     6804 kB\nUnevictable:           0 kB\nMlocked:               0 kB\nSwapTotal:             0 kB\nSwapFree:              0 kB\nDirty:                 0 kB\nWriteback:             0 kB\nAnonPages:         28164 kB\nMapped:            13604 kB\nShmem:                 0 kB",
        "cpuinfo": "Architecture:        x86_64\nCPU op-mode(s):      32-bit, 64-bit\nByte Order:          Little Endian\nCPU(s):              2\nOn-line CPU(s) list: 0,1\nVendor ID:           GenuineIntel\nCPU family:          6\nModel:               45\nModel name:          unknown\nStepping:            unknown\nCPU MHz:             3299.998\nBogoMIPS:            3300.00\nVirtualization:      VT-x\nFlags:               fpu vme de pse tsc msr pae mce cx8 apic sep mtrr pge mca cmov pat pse36 clflush dts acpi mmx fxsr sse sse2 ss ht tm pbe syscall nx pdpe1gb rdtscp lm pni pclmulqdq dtes64 monitor ds_cpl vmx smx est tm2 ssse3 cx16 xtpr pdcm pcid dca sse4_1 sse4_2 x2apic popcnt tsc_deadline_timer aes xsave avx lahf_lm xsaveopt"
    }
},
{
    "pystart_ms": 1588924012429.5793,
    "pyend_ms": 1588924014710.8896,
    "pyduration_ms": 2281.310302734375,
    "func_data": {
        "initTime_ms": 1588924012929.7979,
        "endTime_ms": 1588924014621.1428,
        "duration_ms": 1691.344976425171,
        "executionID": "plhqwkgtpo2q",
        "containerID": "b365ef97-b0ef-4933-a2c3-2d4c1b9e322e",
        "uptime": "41.50",
        "meminfo": "MemTotal:        2097152 kB\nMemFree:         2051156 kB\nMemAvailable:    2051156 kB\nBuffers:               0 kB\nCached:            13740 kB\nSwapCache:             0 kB\nActive:            32656 kB\nInactive:           6872 kB\nActive(anon):      25788 kB\nInactive(anon):        0 kB\nActive(file):       6868 kB\nInactive(file):     6872 kB\nUnevictable:           0 kB\nMlocked:               0 kB\nSwapTotal:             0 kB\nSwapFree:              0 kB\nDirty:                 0 kB\nWriteback:             0 kB\nAnonPages:         25788 kB\nMapped:            13740 kB\nShmem:                 0 kB",
        "cpuinfo": "Architecture:        x86_64\nCPU op-mode(s):      32-bit, 64-bit\nByte Order:          Little Endian\nCPU(s):              2\nOn-line CPU(s) list: 0,1\nVendor ID:           GenuineIntel\nCPU family:          6\nModel:               85\nModel name:          unknown\nStepping:            unknown\nCPU MHz:             2700.241\nBogoMIPS:            2700.24\nVirtualization:      VT-x\nFlags:               fpu vme de pse tsc msr pae mce cx8 apic sep mtrr pge mca cmov pat pse36 clflush dts acpi mmx fxsr sse sse2 ss ht tm pbe syscall nx pdpe1gb rdtscp lm pni pclmulqdq dtes64 monitor ds_cpl vmx smx est tm2 ssse3 sdbg fma cx16 xtpr pdcm pcid dca sse4_1 sse4_2 x2apic movbe popcnt tsc_deadline_timer aes xsave avx f16c rdrand lahf_lm abm 3dnowprefetch fsgsbase tsc_adjust bmi1 hle avx2 smep bmi2 erms invpcid rtm cqm mpx rdt_a avx512f avx512dq rdseed adx smap clwb avx512cd avx512bw avx512vl xsaveopt xsavec xgetbv1 xsaves pku"
    }
},
{
    "pystart_ms": 1588924012423.579,
    "pyend_ms": 1588924014714.8171,
    "pyduration_ms": 2291.238037109375,
    "func_data": {
        "initTime_ms": 1588924012845.1858,
        "endTime_ms": 1588924014546.662,
        "duration_ms": 1701.4763355255127,
        "executionID": "pakv2nd0y166",
        "containerID": "1581afef-8240-45ab-8a41-3345cc506491",
        "uptime": "43.18",
        "meminfo": "MemTotal:        2097152 kB\nMemFree:         2049668 kB\nMemAvailable:    2049668 kB\nBuffers:               0 kB\nCached:            13604 kB\nSwapCache:             0 kB\nActive:            34212 kB\nInactive:           6804 kB\nActive(anon):      27412 kB\nInactive(anon):        0 kB\nActive(file):       6800 kB\nInactive(file):     6804 kB\nUnevictable:           0 kB\nMlocked:               0 kB\nSwapTotal:             0 kB\nSwapFree:              0 kB\nDirty:                 0 kB\nWriteback:             0 kB\nAnonPages:         27412 kB\nMapped:            13604 kB\nShmem:                 0 kB",
        "cpuinfo": "Architecture:        x86_64\nCPU op-mode(s):      32-bit, 64-bit\nByte Order:          Little Endian\nCPU(s):              2\nOn-line CPU(s) list: 0,1\nVendor ID:           GenuineIntel\nCPU family:          6\nModel:               85\nModel name:          unknown\nStepping:            unknown\nCPU MHz:             2700.239\nBogoMIPS:            2700.24\nVirtualization:      VT-x\nFlags:               fpu vme de pse tsc msr pae mce cx8 apic sep mtrr pge mca cmov pat pse36 clflush dts acpi mmx fxsr sse sse2 ss ht tm pbe syscall nx pdpe1gb rdtscp lm pni pclmulqdq dtes64 monitor ds_cpl vmx smx est tm2 ssse3 sdbg fma cx16 xtpr pdcm pcid dca sse4_1 sse4_2 x2apic movbe popcnt tsc_deadline_timer aes xsave avx f16c rdrand lahf_lm abm 3dnowprefetch fsgsbase tsc_adjust bmi1 hle avx2 smep bmi2 erms invpcid rtm cqm mpx rdt_a avx512f avx512dq rdseed adx smap clwb avx512cd avx512bw avx512vl xsaveopt xsavec xgetbv1 xsaves pku"
    }
},
{
    "pystart_ms": 1588924012421.5784,
    "pyend_ms": 1588924014718.8174,
    "pyduration_ms": 2297.239013671875,
    "func_data": {
        "initTime_ms": 1588924012854.9573,
        "endTime_ms": 1588924014555.782,
        "duration_ms": 1700.8247375488281,
        "executionID": "p5nuvwg94jjz",
        "containerID": "a3bae90c-c368-44ca-b0b4-0b616e1ce45d",
        "uptime": "43.28",
        "meminfo": "MemTotal:        2097152 kB\nMemFree:         2048164 kB\nMemAvailable:    2048164 kB\nBuffers:               0 kB\nCached:            13740 kB\nSwapCache:             0 kB\nActive:            35648 kB\nInactive:           6872 kB\nActive(anon):      28780 kB\nInactive(anon):        0 kB\nActive(file):       6868 kB\nInactive(file):     6872 kB\nUnevictable:           0 kB\nMlocked:               0 kB\nSwapTotal:             0 kB\nSwapFree:              0 kB\nDirty:                 0 kB\nWriteback:             0 kB\nAnonPages:         28780 kB\nMapped:            13740 kB\nShmem:                 0 kB",
        "cpuinfo": "Architecture:        x86_64\nCPU op-mode(s):      32-bit, 64-bit\nByte Order:          Little Endian\nCPU(s):              2\nOn-line CPU(s) list: 0,1\nVendor ID:           GenuineIntel\nCPU family:          6\nModel:               85\nModel name:          unknown\nStepping:            unknown\nCPU MHz:             2681.746\nBogoMIPS:            2681.75\nVirtualization:      VT-x\nFlags:               fpu vme de pse tsc msr pae mce cx8 apic sep mtrr pge mca cmov pat pse36 clflush dts acpi mmx fxsr sse sse2 ss ht tm pbe syscall nx pdpe1gb rdtscp lm pni pclmulqdq dtes64 monitor ds_cpl vmx smx est tm2 ssse3 sdbg fma cx16 xtpr pdcm pcid dca sse4_1 sse4_2 x2apic movbe popcnt tsc_deadline_timer aes xsave avx f16c rdrand lahf_lm abm 3dnowprefetch fsgsbase tsc_adjust bmi1 hle avx2 smep bmi2 erms invpcid rtm cqm mpx rdt_a avx512f avx512dq rdseed adx smap clwb avx512cd avx512bw avx512vl xsaveopt xsavec xgetbv1 xsaves pku"
    }
},
{
    "pystart_ms": 1588924012428.578,
    "pyend_ms": 1588924014729.4736,
    "pyduration_ms": 2300.895751953125,
    "func_data": {
        "initTime_ms": 1588924012849.1663,
        "endTime_ms": 1588924014574.8992,
        "duration_ms": 1725.7330417633057,
        "executionID": "8tijuvx1xanm",
        "containerID": "60e0558e-8b8d-4250-b206-39ec04c33c15",
        "uptime": "42.67",
        "meminfo": "MemTotal:        2097152 kB\nMemFree:         2048844 kB\nMemAvailable:    2048844 kB\nBuffers:               0 kB\nCached:            13740 kB\nSwapCache:             0 kB\nActive:            34968 kB\nInactive:           6872 kB\nActive(anon):      28100 kB\nInactive(anon):        0 kB\nActive(file):       6868 kB\nInactive(file):     6872 kB\nUnevictable:           0 kB\nMlocked:               0 kB\nSwapTotal:             0 kB\nSwapFree:              0 kB\nDirty:                 0 kB\nWriteback:             0 kB\nAnonPages:         28100 kB\nMapped:            13740 kB\nShmem:                 0 kB",
        "cpuinfo": "Architecture:        x86_64\nCPU op-mode(s):      32-bit, 64-bit\nByte Order:          Little Endian\nCPU(s):              2\nOn-line CPU(s) list: 0,1\nVendor ID:           GenuineIntel\nCPU family:          6\nModel:               79\nModel name:          unknown\nStepping:            unknown\nCPU MHz:             2740.583\nBogoMIPS:            2740.58\nVirtualization:      VT-x\nFlags:               fpu vme de pse tsc msr pae mce cx8 apic sep mtrr pge mca cmov pat pse36 clflush dts acpi mmx fxsr sse sse2 ss ht tm pbe syscall nx pdpe1gb rdtscp lm pni pclmulqdq dtes64 monitor ds_cpl vmx smx est tm2 ssse3 sdbg fma cx16 xtpr pdcm pcid dca sse4_1 sse4_2 x2apic movbe popcnt tsc_deadline_timer aes xsave avx f16c rdrand lahf_lm abm 3dnowprefetch fsgsbase tsc_adjust bmi1 hle avx2 smep bmi2 erms invpcid rtm cqm rdt_a rdseed adx smap xsaveopt"
    }
},
{
    "pystart_ms": 1588924012422.58,
    "pyend_ms": 1588924014761.705,
    "pyduration_ms": 2339.125,
    "func_data": {
        "initTime_ms": 1588924012766.447,
        "endTime_ms": 1588924014585.3357,
        "duration_ms": 1818.8886642456055,
        "executionID": "yja5a2ar37e3",
        "containerID": "2d210135-ecde-46bd-8ac8-509f2fbe0a9c",
        "uptime": "72.68",
        "meminfo": "MemTotal:        2097152 kB\nMemFree:         2046608 kB\nMemAvailable:    2046608 kB\nBuffers:               0 kB\nCached:            13740 kB\nSwapCache:             0 kB\nActive:            37204 kB\nInactive:           6872 kB\nActive(anon):      30336 kB\nInactive(anon):        0 kB\nActive(file):       6868 kB\nInactive(file):     6872 kB\nUnevictable:           0 kB\nMlocked:               0 kB\nSwapTotal:             0 kB\nSwapFree:              0 kB\nDirty:                 0 kB\nWriteback:             0 kB\nAnonPages:         30336 kB\nMapped:            13740 kB\nShmem:                 0 kB",
        "cpuinfo": "Architecture:        x86_64\nCPU op-mode(s):      32-bit, 64-bit\nByte Order:          Little Endian\nCPU(s):              2\nOn-line CPU(s) list: 0,1\nVendor ID:           GenuineIntel\nCPU family:          6\nModel:               85\nModel name:          unknown\nStepping:            unknown\nCPU MHz:             2700.274\nBogoMIPS:            2700.27\nVirtualization:      VT-x\nFlags:               fpu vme de pse tsc msr pae mce cx8 apic sep mtrr pge mca cmov pat pse36 clflush dts acpi mmx fxsr sse sse2 ss ht tm pbe syscall nx pdpe1gb rdtscp lm pni pclmulqdq dtes64 monitor ds_cpl vmx smx est tm2 ssse3 sdbg fma cx16 xtpr pdcm pcid dca sse4_1 sse4_2 x2apic movbe popcnt tsc_deadline_timer aes xsave avx f16c rdrand lahf_lm abm 3dnowprefetch fsgsbase tsc_adjust bmi1 hle avx2 smep bmi2 erms invpcid rtm cqm mpx rdt_a avx512f avx512dq rdseed adx smap clwb avx512cd avx512bw avx512vl xsaveopt xsavec xgetbv1 xsaves pku"
    }
},
{
    "pystart_ms": 1588924012462.5925,
    "pyend_ms": 1588924014765.0933,
    "pyduration_ms": 2302.500732421875,
    "func_data": {
        "initTime_ms": 1588924012945.468,
        "endTime_ms": 1588924014603.4111,
        "duration_ms": 1657.9432487487793,
        "executionID": "wyydcy0kbkfm",
        "containerID": "b6799254-ac48-49d0-a971-dbc1f84a44d9",
        "uptime": "42.57",
        "meminfo": "MemTotal:        2097152 kB\nMemFree:         2046728 kB\nMemAvailable:    2046728 kB\nBuffers:               0 kB\nCached:            13740 kB\nSwapCache:             0 kB\nActive:            37084 kB\nInactive:           6872 kB\nActive(anon):      30216 kB\nInactive(anon):        0 kB\nActive(file):       6868 kB\nInactive(file):     6872 kB\nUnevictable:           0 kB\nMlocked:               0 kB\nSwapTotal:             0 kB\nSwapFree:              0 kB\nDirty:                 0 kB\nWriteback:             0 kB\nAnonPages:         30216 kB\nMapped:            13740 kB\nShmem:                 0 kB",
        "cpuinfo": "Architecture:        x86_64\nCPU op-mode(s):      32-bit, 64-bit\nByte Order:          Little Endian\nCPU(s):              2\nOn-line CPU(s) list: 0,1\nVendor ID:           GenuineIntel\nCPU family:          6\nModel:               79\nModel name:          unknown\nStepping:            unknown\nCPU MHz:             2772.014\nBogoMIPS:            2772.01\nVirtualization:      VT-x\nFlags:               fpu vme de pse tsc msr pae mce cx8 apic sep mtrr pge mca cmov pat pse36 clflush dts acpi mmx fxsr sse sse2 ss ht tm pbe syscall nx pdpe1gb rdtscp lm pni pclmulqdq dtes64 monitor ds_cpl vmx smx est tm2 ssse3 sdbg fma cx16 xtpr pdcm pcid dca sse4_1 sse4_2 x2apic movbe popcnt tsc_deadline_timer aes xsave avx f16c rdrand lahf_lm abm 3dnowprefetch fsgsbase tsc_adjust bmi1 hle avx2 smep bmi2 erms invpcid rtm cqm rdt_a rdseed adx smap xsaveopt"
    }
},
{
    "pystart_ms": 1588924012438.5786,
    "pyend_ms": 1588924014774.1665,
    "pyduration_ms": 2335.587890625,
    "func_data": {
        "initTime_ms": 1588924012860.6868,
        "endTime_ms": 1588924014618.331,
        "duration_ms": 1757.6441764831543,
        "executionID": "p2t2p5iibjq4",
        "containerID": "5a195e2c-d813-400b-b105-87aa3437d259",
        "uptime": "42.86",
        "meminfo": "MemTotal:        2097152 kB\nMemFree:         2048672 kB\nMemAvailable:    2048672 kB\nBuffers:               0 kB\nCached:            12912 kB\nSwapCache:             0 kB\nActive:            35556 kB\nInactive:           6456 kB\nActive(anon):      29100 kB\nInactive(anon):        0 kB\nActive(file):       6456 kB\nInactive(file):     6456 kB\nUnevictable:           0 kB\nMlocked:               0 kB\nSwapTotal:             0 kB\nSwapFree:              0 kB\nDirty:                 0 kB\nWriteback:             0 kB\nAnonPages:         29100 kB\nMapped:            12912 kB\nShmem:                 0 kB",
        "cpuinfo": "Architecture:        x86_64\nCPU op-mode(s):      32-bit, 64-bit\nByte Order:          Little Endian\nCPU(s):              2\nOn-line CPU(s) list: 0,1\nVendor ID:           GenuineIntel\nCPU family:          6\nModel:               63\nModel name:          unknown\nStepping:            unknown\nCPU MHz:             2703.517\nBogoMIPS:            2703.52\nVirtualization:      VT-x\nFlags:               fpu vme de pse tsc msr pae mce cx8 apic sep mtrr pge mca cmov pat pse36 clflush dts acpi mmx fxsr sse sse2 ss ht tm pbe syscall nx pdpe1gb rdtscp lm pni pclmulqdq dtes64 monitor ds_cpl vmx smx est tm2 ssse3 sdbg fma cx16 xtpr pdcm pcid dca sse4_1 sse4_2 x2apic movbe popcnt tsc_deadline_timer aes xsave avx f16c rdrand lahf_lm abm fsgsbase tsc_adjust bmi1 avx2 smep bmi2 erms invpcid cqm xsaveopt"
    }
},
{
    "pystart_ms": 1588924012422.58,
    "pyend_ms": 1588924014777.1675,
    "pyduration_ms": 2354.58740234375,
    "func_data": {
        "initTime_ms": 1588924012898.1753,
        "endTime_ms": 1588924014610.7708,
        "duration_ms": 1712.5954627990723,
        "executionID": "2ctqnc5e3wcy",
        "containerID": "3d2ce492-a4af-43af-bf55-5a430cd5e2df",
        "uptime": "42.60",
        "meminfo": "MemTotal:        2097152 kB\nMemFree:         2045648 kB\nMemAvailable:    2045648 kB\nBuffers:               0 kB\nCached:            13608 kB\nSwapCache:             0 kB\nActive:            36356 kB\nInactive:           6804 kB\nActive(anon):      29552 kB\nInactive(anon):        0 kB\nActive(file):       6804 kB\nInactive(file):     6804 kB\nUnevictable:           0 kB\nMlocked:               0 kB\nSwapTotal:             0 kB\nSwapFree:              0 kB\nDirty:                 0 kB\nWriteback:             0 kB\nAnonPages:         29552 kB\nMapped:            13608 kB\nShmem:                 0 kB",
        "cpuinfo": "Architecture:        x86_64\nCPU op-mode(s):      32-bit, 64-bit\nByte Order:          Little Endian\nCPU(s):              2\nOn-line CPU(s) list: 0,1\nVendor ID:           GenuineIntel\nCPU family:          6\nModel:               79\nModel name:          unknown\nStepping:            unknown\nCPU MHz:             2782.546\nBogoMIPS:            2782.55\nVirtualization:      VT-x\nFlags:               fpu vme de pse tsc msr pae mce cx8 apic sep mtrr pge mca cmov pat pse36 clflush dts acpi mmx fxsr sse sse2 ss ht tm pbe syscall nx pdpe1gb rdtscp lm pni pclmulqdq dtes64 monitor ds_cpl vmx smx est tm2 ssse3 sdbg fma cx16 xtpr pdcm pcid dca sse4_1 sse4_2 x2apic movbe popcnt tsc_deadline_timer aes xsave avx f16c rdrand lahf_lm abm 3dnowprefetch fsgsbase tsc_adjust bmi1 hle avx2 smep bmi2 erms invpcid rtm cqm rdt_a rdseed adx smap xsaveopt"
    }
},
{
    "pystart_ms": 1588924012421.5784,
    "pyend_ms": 1588924014780.1704,
    "pyduration_ms": 2358.592041015625,
    "func_data": {
        "initTime_ms": 1588924012810.326,
        "endTime_ms": 1588924014609.2751,
        "duration_ms": 1798.9492416381836,
        "executionID": "ppy1mvv2nj4m",
        "containerID": "4b802ea7-d2b7-4b5f-a230-1d7a31af28cc",
        "uptime": "43.57",
        "meminfo": "MemTotal:        2097152 kB\nMemFree:         2048780 kB\nMemAvailable:    2048780 kB\nBuffers:               0 kB\nCached:            13676 kB\nSwapCache:             0 kB\nActive:            35064 kB\nInactive:           6840 kB\nActive(anon):      28228 kB\nInactive(anon):        0 kB\nActive(file):       6836 kB\nInactive(file):     6840 kB\nUnevictable:           0 kB\nMlocked:               0 kB\nSwapTotal:             0 kB\nSwapFree:              0 kB\nDirty:                 0 kB\nWriteback:             0 kB\nAnonPages:         28228 kB\nMapped:            13676 kB\nShmem:                 0 kB",
        "cpuinfo": "Architecture:        x86_64\nCPU op-mode(s):      32-bit, 64-bit\nByte Order:          Little Endian\nCPU(s):              2\nOn-line CPU(s) list: 0,1\nVendor ID:           GenuineIntel\nCPU family:          6\nModel:               63\nModel name:          unknown\nStepping:            unknown\nCPU MHz:             2797.009\nBogoMIPS:            2797.01\nVirtualization:      VT-x\nFlags:               fpu vme de pse tsc msr pae mce cx8 apic sep mtrr pge mca cmov pat pse36 clflush dts acpi mmx fxsr sse sse2 ss ht tm pbe syscall nx pdpe1gb rdtscp lm pni pclmulqdq dtes64 monitor ds_cpl vmx smx est tm2 ssse3 sdbg fma cx16 xtpr pdcm pcid dca sse4_1 sse4_2 x2apic movbe popcnt tsc_deadline_timer aes xsave avx f16c rdrand lahf_lm abm fsgsbase tsc_adjust bmi1 avx2 smep bmi2 erms invpcid cqm xsaveopt"
    }
},
{
    "pystart_ms": 1588924012434.5688,
    "pyend_ms": 1588924014786.1677,
    "pyduration_ms": 2351.598876953125,
    "func_data": {
        "initTime_ms": 1588924012855.0557,
        "endTime_ms": 1588924014606.561,
        "duration_ms": 1751.5053749084473,
        "executionID": "l9v3gaj90n9d",
        "containerID": "9b71c8cb-540b-4e18-bebc-6fb2bc7ba468",
        "uptime": "72.49",
        "meminfo": "MemTotal:        2097152 kB\nMemFree:         2051328 kB\nMemAvailable:    2051328 kB\nBuffers:               0 kB\nCached:            13604 kB\nSwapCache:             0 kB\nActive:            32552 kB\nInactive:           6804 kB\nActive(anon):      25752 kB\nInactive(anon):        0 kB\nActive(file):       6800 kB\nInactive(file):     6804 kB\nUnevictable:           0 kB\nMlocked:               0 kB\nSwapTotal:             0 kB\nSwapFree:              0 kB\nDirty:                 0 kB\nWriteback:             0 kB\nAnonPages:         25752 kB\nMapped:            13604 kB\nShmem:                 0 kB",
        "cpuinfo": "Architecture:        x86_64\nCPU op-mode(s):      32-bit, 64-bit\nByte Order:          Little Endian\nCPU(s):              2\nOn-line CPU(s) list: 0,1\nVendor ID:           GenuineIntel\nCPU family:          6\nModel:               79\nModel name:          unknown\nStepping:            unknown\nCPU MHz:             2794.867\nBogoMIPS:            2794.87\nVirtualization:      VT-x\nFlags:               fpu vme de pse tsc msr pae mce cx8 apic sep mtrr pge mca cmov pat pse36 clflush dts acpi mmx fxsr sse sse2 ss ht tm pbe syscall nx pdpe1gb rdtscp lm pni pclmulqdq dtes64 monitor ds_cpl vmx smx est tm2 ssse3 sdbg fma cx16 xtpr pdcm pcid dca sse4_1 sse4_2 x2apic movbe popcnt tsc_deadline_timer aes xsave avx f16c rdrand lahf_lm abm 3dnowprefetch fsgsbase tsc_adjust bmi1 hle avx2 smep bmi2 erms invpcid rtm cqm rdt_a rdseed adx smap xsaveopt"
    }
},
{
    "pystart_ms": 1588924012482.5852,
    "pyend_ms": 1588924014796.1577,
    "pyduration_ms": 2313.572509765625,
    "func_data": {
        "initTime_ms": 1588924013077.318,
        "endTime_ms": 1588924014632.217,
        "duration_ms": 1554.898738861084,
        "executionID": "76svllo1wufa",
        "containerID": "c5bada31-06f7-41ea-bb5a-2c7a5e388ef6",
        "uptime": "73.59",
        "meminfo": "MemTotal:        2097152 kB\nMemFree:         2051344 kB\nMemAvailable:    2051344 kB\nBuffers:               0 kB\nCached:            13028 kB\nSwapCache:             0 kB\nActive:            32824 kB\nInactive:           6516 kB\nActive(anon):      26312 kB\nInactive(anon):        0 kB\nActive(file):       6512 kB\nInactive(file):     6516 kB\nUnevictable:           0 kB\nMlocked:               0 kB\nSwapTotal:             0 kB\nSwapFree:              0 kB\nDirty:                 0 kB\nWriteback:             0 kB\nAnonPages:         26312 kB\nMapped:            13028 kB\nShmem:                 0 kB",
        "cpuinfo": "Architecture:        x86_64\nCPU op-mode(s):      32-bit, 64-bit\nByte Order:          Little Endian\nCPU(s):              2\nOn-line CPU(s) list: 0,1\nVendor ID:           GenuineIntel\nCPU family:          6\nModel:               45\nModel name:          unknown\nStepping:            unknown\nCPU MHz:             3299.993\nBogoMIPS:            3299.99\nVirtualization:      VT-x\nFlags:               fpu vme de pse tsc msr pae mce cx8 apic sep mtrr pge mca cmov pat pse36 clflush dts acpi mmx fxsr sse sse2 ss ht tm pbe syscall nx pdpe1gb rdtscp lm pni pclmulqdq dtes64 monitor ds_cpl vmx smx est tm2 ssse3 cx16 xtpr pdcm pcid dca sse4_1 sse4_2 x2apic popcnt tsc_deadline_timer aes xsave avx lahf_lm xsaveopt"
    }
},
{
    "pystart_ms": 1588924012448.5818,
    "pyend_ms": 1588924014798.121,
    "pyduration_ms": 2349.539306640625,
    "func_data": {
        "initTime_ms": 1588924013017.9292,
        "endTime_ms": 1588924014639.1836,
        "duration_ms": 1621.2542057037354,
        "executionID": "sf3tenes0oum",
        "containerID": "bf64a9b2-92ff-4ed0-aa03-37a682066d82",
        "uptime": "124.18",
        "meminfo": "MemTotal:        2097152 kB\nMemFree:         2050596 kB\nMemAvailable:    2050596 kB\nBuffers:               0 kB\nCached:            13740 kB\nSwapCache:             0 kB\nActive:            33216 kB\nInactive:           6872 kB\nActive(anon):      26348 kB\nInactive(anon):        0 kB\nActive(file):       6868 kB\nInactive(file):     6872 kB\nUnevictable:           0 kB\nMlocked:               0 kB\nSwapTotal:             0 kB\nSwapFree:              0 kB\nDirty:                 0 kB\nWriteback:             0 kB\nAnonPages:         26348 kB\nMapped:            13740 kB\nShmem:                 0 kB",
        "cpuinfo": "Architecture:        x86_64\nCPU op-mode(s):      32-bit, 64-bit\nByte Order:          Little Endian\nCPU(s):              2\nOn-line CPU(s) list: 0,1\nVendor ID:           GenuineIntel\nCPU family:          6\nModel:               45\nModel name:          unknown\nStepping:            unknown\nCPU MHz:             3299.994\nBogoMIPS:            3299.99\nVirtualization:      VT-x\nFlags:               fpu vme de pse tsc msr pae mce cx8 apic sep mtrr pge mca cmov pat pse36 clflush dts acpi mmx fxsr sse sse2 ss ht tm pbe syscall nx pdpe1gb rdtscp lm pni pclmulqdq dtes64 monitor ds_cpl vmx smx est tm2 ssse3 cx16 xtpr pdcm pcid dca sse4_1 sse4_2 x2apic popcnt tsc_deadline_timer aes xsave avx lahf_lm xsaveopt"
    }
},
{
    "pystart_ms": 1588924012450.581,
    "pyend_ms": 1588924014801.1597,
    "pyduration_ms": 2350.57861328125,
    "func_data": {
        "initTime_ms": 1588924012948.6768,
        "endTime_ms": 1588924014715.516,
        "duration_ms": 1766.8392658233643,
        "executionID": "h0a5r73fva60",
        "containerID": "c87c9b4b-f62b-4425-bace-60ad6d6813db",
        "uptime": "72.06",
        "meminfo": "MemTotal:        2097152 kB\nMemFree:         2048136 kB\nMemAvailable:    2048136 kB\nBuffers:               0 kB\nCached:            13748 kB\nSwapCache:             0 kB\nActive:            35672 kB\nInactive:           6876 kB\nActive(anon):      28800 kB\nInactive(anon):        0 kB\nActive(file):       6872 kB\nInactive(file):     6876 kB\nUnevictable:           0 kB\nMlocked:               0 kB\nSwapTotal:             0 kB\nSwapFree:              0 kB\nDirty:                 0 kB\nWriteback:             0 kB\nAnonPages:         28800 kB\nMapped:            13748 kB\nShmem:                 0 kB",
        "cpuinfo": "Architecture:        x86_64\nCPU op-mode(s):      32-bit, 64-bit\nByte Order:          Little Endian\nCPU(s):              2\nOn-line CPU(s) list: 0,1\nVendor ID:           GenuineIntel\nCPU family:          6\nModel:               85\nModel name:          unknown\nStepping:            unknown\nCPU MHz:             2581.749\nBogoMIPS:            2581.75\nVirtualization:      VT-x\nFlags:               fpu vme de pse tsc msr pae mce cx8 apic sep mtrr pge mca cmov pat pse36 clflush dts acpi mmx fxsr sse sse2 ss ht tm pbe syscall nx pdpe1gb rdtscp lm pni pclmulqdq dtes64 monitor ds_cpl vmx smx est tm2 ssse3 sdbg fma cx16 xtpr pdcm pcid dca sse4_1 sse4_2 x2apic movbe popcnt tsc_deadline_timer aes xsave avx f16c rdrand lahf_lm abm 3dnowprefetch fsgsbase tsc_adjust bmi1 hle avx2 smep bmi2 erms invpcid rtm cqm mpx rdt_a avx512f avx512dq rdseed adx smap clwb avx512cd avx512bw avx512vl xsaveopt xsavec xgetbv1 xsaves pku"
    }
},
{
    "pystart_ms": 1588924012415.5444,
    "pyend_ms": 1588924014803.1567,
    "pyduration_ms": 2387.6123046875,
    "func_data": {
        "initTime_ms": 1588924012750.1978,
        "endTime_ms": 1588924014624.665,
        "duration_ms": 1874.467372894287,
        "executionID": "9zs0bdh4o83l",
        "containerID": "b8eb6f8a-003a-45ef-b3c7-6ccf8154bdfa",
        "uptime": "43.29",
        "meminfo": "MemTotal:        2097152 kB\nMemFree:         2048092 kB\nMemAvailable:    2048092 kB\nBuffers:               0 kB\nCached:            13840 kB\nSwapCache:             0 kB\nActive:            35672 kB\nInactive:           6920 kB\nActive(anon):      28752 kB\nInactive(anon):        0 kB\nActive(file):       6920 kB\nInactive(file):     6920 kB\nUnevictable:           0 kB\nMlocked:               0 kB\nSwapTotal:             0 kB\nSwapFree:              0 kB\nDirty:                 0 kB\nWriteback:             0 kB\nAnonPages:         28752 kB\nMapped:            13840 kB\nShmem:                 0 kB",
        "cpuinfo": "Architecture:        x86_64\nCPU op-mode(s):      32-bit, 64-bit\nByte Order:          Little Endian\nCPU(s):              2\nOn-line CPU(s) list: 0,1\nVendor ID:           GenuineIntel\nCPU family:          6\nModel:               85\nModel name:          unknown\nStepping:            unknown\nCPU MHz:             2545.402\nBogoMIPS:            2545.40\nVirtualization:      VT-x\nFlags:               fpu vme de pse tsc msr pae mce cx8 apic sep mtrr pge mca cmov pat pse36 clflush dts acpi mmx fxsr sse sse2 ss ht tm pbe syscall nx pdpe1gb rdtscp lm pni pclmulqdq dtes64 monitor ds_cpl vmx smx est tm2 ssse3 sdbg fma cx16 xtpr pdcm pcid dca sse4_1 sse4_2 x2apic movbe popcnt tsc_deadline_timer aes xsave avx f16c rdrand lahf_lm abm 3dnowprefetch fsgsbase tsc_adjust bmi1 hle avx2 smep bmi2 erms invpcid rtm cqm mpx rdt_a avx512f avx512dq rdseed adx smap clwb avx512cd avx512bw avx512vl xsaveopt xsavec xgetbv1 xsaves pku"
    }
},
{
    "pystart_ms": 1588924012426.579,
    "pyend_ms": 1588924014805.1538,
    "pyduration_ms": 2378.57470703125,
    "func_data": {
        "initTime_ms": 1588924012927.96,
        "endTime_ms": 1588924014626.8604,
        "duration_ms": 1698.9004611968994,
        "executionID": "ldaqex8uhp2y",
        "containerID": "54685549-f676-456c-9ccb-348d69517670",
        "uptime": "73.12",
        "meminfo": "MemTotal:        2097152 kB\nMemFree:         2051164 kB\nMemAvailable:    2051164 kB\nBuffers:               0 kB\nCached:            13240 kB\nSwapCache:             0 kB\nActive:            32900 kB\nInactive:           6620 kB\nActive(anon):      26280 kB\nInactive(anon):        0 kB\nActive(file):       6620 kB\nInactive(file):     6620 kB\nUnevictable:           0 kB\nMlocked:               0 kB\nSwapTotal:             0 kB\nSwapFree:              0 kB\nDirty:                 0 kB\nWriteback:             0 kB\nAnonPages:         26280 kB\nMapped:            13240 kB\nShmem:                 0 kB",
        "cpuinfo": "Architecture:        x86_64\nCPU op-mode(s):      32-bit, 64-bit\nByte Order:          Little Endian\nCPU(s):              2\nOn-line CPU(s) list: 0,1\nVendor ID:           GenuineIntel\nCPU family:          6\nModel:               85\nModel name:          unknown\nStepping:            unknown\nCPU MHz:             2694.910\nBogoMIPS:            2694.91\nVirtualization:      VT-x\nFlags:               fpu vme de pse tsc msr pae mce cx8 apic sep mtrr pge mca cmov pat pse36 clflush dts acpi mmx fxsr sse sse2 ss ht tm pbe syscall nx pdpe1gb rdtscp lm pni pclmulqdq dtes64 monitor ds_cpl vmx smx est tm2 ssse3 sdbg fma cx16 xtpr pdcm pcid dca sse4_1 sse4_2 x2apic movbe popcnt tsc_deadline_timer aes xsave avx f16c rdrand lahf_lm abm 3dnowprefetch fsgsbase tsc_adjust bmi1 hle avx2 smep bmi2 erms invpcid rtm cqm mpx rdt_a avx512f avx512dq rdseed adx smap clwb avx512cd avx512bw avx512vl xsaveopt xsavec xgetbv1 xsaves pku"
    }
},
{
    "pystart_ms": 1588924012434.5688,
    "pyend_ms": 1588924014806.1191,
    "pyduration_ms": 2371.55029296875,
    "func_data": {
        "initTime_ms": 1588924012853.036,
        "endTime_ms": 1588924014708.3474,
        "duration_ms": 1855.311393737793,
        "executionID": "n1si7gy43pqf",
        "containerID": "ba269975-0773-4ffd-8bfc-6c3c7085d5c0",
        "uptime": "72.48",
        "meminfo": "MemTotal:        2097152 kB\nMemFree:         2047804 kB\nMemAvailable:    2047804 kB\nBuffers:               0 kB\nCached:            13768 kB\nSwapCache:             0 kB\nActive:            35996 kB\nInactive:           6884 kB\nActive(anon):      29112 kB\nInactive(anon):        0 kB\nActive(file):       6884 kB\nInactive(file):     6884 kB\nUnevictable:           0 kB\nMlocked:               0 kB\nSwapTotal:             0 kB\nSwapFree:              0 kB\nDirty:                 0 kB\nWriteback:             0 kB\nAnonPages:         29112 kB\nMapped:            13768 kB\nShmem:                 0 kB",
        "cpuinfo": "Architecture:        x86_64\nCPU op-mode(s):      32-bit, 64-bit\nByte Order:          Little Endian\nCPU(s):              2\nOn-line CPU(s) list: 0,1\nVendor ID:           GenuineIntel\nCPU family:          6\nModel:               85\nModel name:          unknown\nStepping:            unknown\nCPU MHz:             2627.100\nBogoMIPS:            2627.10\nVirtualization:      VT-x\nFlags:               fpu vme de pse tsc msr pae mce cx8 apic sep mtrr pge mca cmov pat pse36 clflush dts acpi mmx fxsr sse sse2 ss ht tm pbe syscall nx pdpe1gb rdtscp lm pni pclmulqdq dtes64 monitor ds_cpl vmx smx est tm2 ssse3 sdbg fma cx16 xtpr pdcm pcid dca sse4_1 sse4_2 x2apic movbe popcnt tsc_deadline_timer aes xsave avx f16c rdrand lahf_lm abm 3dnowprefetch fsgsbase tsc_adjust bmi1 hle avx2 smep bmi2 erms invpcid rtm cqm mpx rdt_a avx512f avx512dq rdseed adx smap clwb avx512cd avx512bw avx512vl xsaveopt xsavec xgetbv1 xsaves pku"
    }
},
{
    "pystart_ms": 1588924012432.544,
    "pyend_ms": 1588924014808.1533,
    "pyduration_ms": 2375.609375,
    "func_data": {
        "initTime_ms": 1588924012935.3828,
        "endTime_ms": 1588924014630.5168,
        "duration_ms": 1695.133924484253,
        "executionID": "7v7v3mnl7r8s",
        "containerID": "facd92d4-1c23-435f-a822-106e43023ec4",
        "uptime": "42.56",
        "meminfo": "MemTotal:        2097152 kB\nMemFree:         2049056 kB\nMemAvailable:    2049056 kB\nBuffers:               0 kB\nCached:            12752 kB\nSwapCache:             0 kB\nActive:            35252 kB\nInactive:           6376 kB\nActive(anon):      28876 kB\nInactive(anon):        0 kB\nActive(file):       6376 kB\nInactive(file):     6376 kB\nUnevictable:           0 kB\nMlocked:               0 kB\nSwapTotal:             0 kB\nSwapFree:              0 kB\nDirty:                 0 kB\nWriteback:             0 kB\nAnonPages:         28876 kB\nMapped:            12752 kB\nShmem:                 0 kB",
        "cpuinfo": "Architecture:        x86_64\nCPU op-mode(s):      32-bit, 64-bit\nByte Order:          Little Endian\nCPU(s):              2\nOn-line CPU(s) list: 0,1\nVendor ID:           GenuineIntel\nCPU family:          6\nModel:               85\nModel name:          unknown\nStepping:            unknown\nCPU MHz:             2700.239\nBogoMIPS:            2700.24\nVirtualization:      VT-x\nFlags:               fpu vme de pse tsc msr pae mce cx8 apic sep mtrr pge mca cmov pat pse36 clflush dts acpi mmx fxsr sse sse2 ss ht tm pbe syscall nx pdpe1gb rdtscp lm pni pclmulqdq dtes64 monitor ds_cpl vmx smx est tm2 ssse3 sdbg fma cx16 xtpr pdcm pcid dca sse4_1 sse4_2 x2apic movbe popcnt tsc_deadline_timer aes xsave avx f16c rdrand lahf_lm abm 3dnowprefetch fsgsbase tsc_adjust bmi1 hle avx2 smep bmi2 erms invpcid rtm cqm mpx rdt_a avx512f avx512dq rdseed adx smap clwb avx512cd avx512bw avx512vl xsaveopt xsavec xgetbv1 xsaves pku"
    }
},
{
    "pystart_ms": 1588924012427.5781,
    "pyend_ms": 1588924014809.117,
    "pyduration_ms": 2381.538818359375,
    "func_data": {
        "initTime_ms": 1588924012860.0452,
        "endTime_ms": 1588924014638.5044,
        "duration_ms": 1778.4593105316162,
        "executionID": "u4dn0j5kgluu",
        "containerID": "9b57c1ef-33ae-4a60-94b9-5adf6eecd19c",
        "uptime": "72.81",
        "meminfo": "MemTotal:        2097152 kB\nMemFree:         2049076 kB\nMemAvailable:    2049076 kB\nBuffers:               0 kB\nCached:            13776 kB\nSwapCache:             0 kB\nActive:            34720 kB\nInactive:           6888 kB\nActive(anon):      27832 kB\nInactive(anon):        0 kB\nActive(file):       6888 kB\nInactive(file):     6888 kB\nUnevictable:           0 kB\nMlocked:               0 kB\nSwapTotal:             0 kB\nSwapFree:              0 kB\nDirty:                 0 kB\nWriteback:             0 kB\nAnonPages:         27832 kB\nMapped:            13776 kB\nShmem:                 0 kB",
        "cpuinfo": "Architecture:        x86_64\nCPU op-mode(s):      32-bit, 64-bit\nByte Order:          Little Endian\nCPU(s):              2\nOn-line CPU(s) list: 0,1\nVendor ID:           GenuineIntel\nCPU family:          6\nModel:               85\nModel name:          unknown\nStepping:            unknown\nCPU MHz:             2661.106\nBogoMIPS:            2661.11\nVirtualization:      VT-x\nFlags:               fpu vme de pse tsc msr pae mce cx8 apic sep mtrr pge mca cmov pat pse36 clflush dts acpi mmx fxsr sse sse2 ss ht tm pbe syscall nx pdpe1gb rdtscp lm pni pclmulqdq dtes64 monitor ds_cpl vmx smx est tm2 ssse3 sdbg fma cx16 xtpr pdcm pcid dca sse4_1 sse4_2 x2apic movbe popcnt tsc_deadline_timer aes xsave avx f16c rdrand lahf_lm abm 3dnowprefetch fsgsbase tsc_adjust bmi1 hle avx2 smep bmi2 erms invpcid rtm cqm mpx rdt_a avx512f avx512dq rdseed adx smap clwb avx512cd avx512bw avx512vl xsaveopt xsavec xgetbv1 xsaves pku"
    }
},
{
    "pystart_ms": 1588924012474.5828,
    "pyend_ms": 1588924014813.1555,
    "pyduration_ms": 2338.57275390625,
    "func_data": {
        "initTime_ms": 1588924013076.3547,
        "endTime_ms": 1588924014739.4878,
        "duration_ms": 1663.133144378662,
        "executionID": "1rsgcxfwqx3u",
        "containerID": "f7dccd6c-9a09-4c2f-9d12-07222557aa4c",
        "uptime": "43.60",
        "meminfo": "MemTotal:        2097152 kB\nMemFree:         2049828 kB\nMemAvailable:    2049828 kB\nBuffers:               0 kB\nCached:            13836 kB\nSwapCache:             0 kB\nActive:            33936 kB\nInactive:           6920 kB\nActive(anon):      27020 kB\nInactive(anon):        0 kB\nActive(file):       6916 kB\nInactive(file):     6920 kB\nUnevictable:           0 kB\nMlocked:               0 kB\nSwapTotal:             0 kB\nSwapFree:              0 kB\nDirty:                 0 kB\nWriteback:             0 kB\nAnonPages:         27020 kB\nMapped:            13836 kB\nShmem:                 0 kB",
        "cpuinfo": "Architecture:        x86_64\nCPU op-mode(s):      32-bit, 64-bit\nByte Order:          Little Endian\nCPU(s):              2\nOn-line CPU(s) list: 0,1\nVendor ID:           GenuineIntel\nCPU family:          6\nModel:               79\nModel name:          unknown\nStepping:            unknown\nCPU MHz:             2781.354\nBogoMIPS:            2781.35\nVirtualization:      VT-x\nFlags:               fpu vme de pse tsc msr pae mce cx8 apic sep mtrr pge mca cmov pat pse36 clflush dts acpi mmx fxsr sse sse2 ss ht tm pbe syscall nx pdpe1gb rdtscp lm pni pclmulqdq dtes64 monitor ds_cpl vmx smx est tm2 ssse3 sdbg fma cx16 xtpr pdcm pcid dca sse4_1 sse4_2 x2apic movbe popcnt tsc_deadline_timer aes xsave avx f16c rdrand lahf_lm abm 3dnowprefetch fsgsbase tsc_adjust bmi1 hle avx2 smep bmi2 erms invpcid rtm cqm rdt_a rdseed adx smap xsaveopt"
    }
},
{
    "pystart_ms": 1588924012445.5781,
    "pyend_ms": 1588924014821.1528,
    "pyduration_ms": 2375.57470703125,
    "func_data": {
        "initTime_ms": 1588924012875.4932,
        "endTime_ms": 1588924014748.3765,
        "duration_ms": 1872.8833198547363,
        "executionID": "oxg9q51cg5sr",
        "containerID": "128d7137-6785-4814-9308-c99f397fdee7",
        "uptime": "43.18",
        "meminfo": "MemTotal:        2097152 kB\nMemFree:         2050340 kB\nMemAvailable:    2050340 kB\nBuffers:               0 kB\nCached:            13620 kB\nSwapCache:             0 kB\nActive:            33532 kB\nInactive:           6812 kB\nActive(anon):      26724 kB\nInactive(anon):        0 kB\nActive(file):       6808 kB\nInactive(file):     6812 kB\nUnevictable:           0 kB\nMlocked:               0 kB\nSwapTotal:             0 kB\nSwapFree:              0 kB\nDirty:                 0 kB\nWriteback:             0 kB\nAnonPages:         26724 kB\nMapped:            13620 kB\nShmem:                 0 kB",
        "cpuinfo": "Architecture:        x86_64\nCPU op-mode(s):      32-bit, 64-bit\nByte Order:          Little Endian\nCPU(s):              2\nOn-line CPU(s) list: 0,1\nVendor ID:           GenuineIntel\nCPU family:          6\nModel:               85\nModel name:          unknown\nStepping:            unknown\nCPU MHz:             2606.688\nBogoMIPS:            2606.69\nVirtualization:      VT-x\nFlags:               fpu vme de pse tsc msr pae mce cx8 apic sep mtrr pge mca cmov pat pse36 clflush dts acpi mmx fxsr sse sse2 ss ht tm pbe syscall nx pdpe1gb rdtscp lm pni pclmulqdq dtes64 monitor ds_cpl vmx smx est tm2 ssse3 sdbg fma cx16 xtpr pdcm pcid dca sse4_1 sse4_2 x2apic movbe popcnt tsc_deadline_timer aes xsave avx f16c rdrand lahf_lm abm 3dnowprefetch fsgsbase tsc_adjust bmi1 hle avx2 smep bmi2 erms invpcid rtm cqm mpx rdt_a avx512f avx512dq rdseed adx smap clwb avx512cd avx512bw avx512vl xsaveopt xsavec xgetbv1 xsaves pku"
    }
},
{
    "pystart_ms": 1588924012443.5806,
    "pyend_ms": 1588924014828.1553,
    "pyduration_ms": 2384.57470703125,
    "func_data": {
        "initTime_ms": 1588924012948.9978,
        "endTime_ms": 1588924014752.6738,
        "duration_ms": 1803.6761283874512,
        "executionID": "jmj0f5ul262w",
        "containerID": "b99bdd86-d5e8-4bce-92dd-89870b83cecc",
        "uptime": "71.11",
        "meminfo": "MemTotal:        2097152 kB\nMemFree:         2047408 kB\nMemAvailable:    2047408 kB\nBuffers:               0 kB\nCached:            13740 kB\nSwapCache:             0 kB\nActive:            36404 kB\nInactive:           6872 kB\nActive(anon):      29536 kB\nInactive(anon):        0 kB\nActive(file):       6868 kB\nInactive(file):     6872 kB\nUnevictable:           0 kB\nMlocked:               0 kB\nSwapTotal:             0 kB\nSwapFree:              0 kB\nDirty:                 0 kB\nWriteback:             0 kB\nAnonPages:         29536 kB\nMapped:            13740 kB\nShmem:                 0 kB",
        "cpuinfo": "Architecture:        x86_64\nCPU op-mode(s):      32-bit, 64-bit\nByte Order:          Little Endian\nCPU(s):              2\nOn-line CPU(s) list: 0,1\nVendor ID:           GenuineIntel\nCPU family:          6\nModel:               85\nModel name:          unknown\nStepping:            unknown\nCPU MHz:             2568.005\nBogoMIPS:            2568.01\nVirtualization:      VT-x\nFlags:               fpu vme de pse tsc msr pae mce cx8 apic sep mtrr pge mca cmov pat pse36 clflush dts acpi mmx fxsr sse sse2 ss ht tm pbe syscall nx pdpe1gb rdtscp lm pni pclmulqdq dtes64 monitor ds_cpl vmx smx est tm2 ssse3 sdbg fma cx16 xtpr pdcm pcid dca sse4_1 sse4_2 x2apic movbe popcnt tsc_deadline_timer aes xsave avx f16c rdrand lahf_lm abm 3dnowprefetch fsgsbase tsc_adjust bmi1 hle avx2 smep bmi2 erms invpcid rtm cqm mpx rdt_a avx512f avx512dq rdseed adx smap clwb avx512cd avx512bw avx512vl xsaveopt xsavec xgetbv1 xsaves pku"
    }
},
{
    "pystart_ms": 1588924012411.5515,
    "pyend_ms": 1588924014829.116,
    "pyduration_ms": 2417.564453125,
    "func_data": {
        "initTime_ms": 1588924012764.147,
        "endTime_ms": 1588924014673.396,
        "duration_ms": 1909.2490673065186,
        "executionID": "v9owzi20e4do",
        "containerID": "ad758ed9-1843-498e-b31a-114c6f2004e5",
        "uptime": "42.99",
        "meminfo": "MemTotal:        2097152 kB\nMemFree:         2047596 kB\nMemAvailable:    2047596 kB\nBuffers:               0 kB\nCached:            13604 kB\nSwapCache:             0 kB\nActive:            36284 kB\nInactive:           6804 kB\nActive(anon):      29484 kB\nInactive(anon):        0 kB\nActive(file):       6800 kB\nInactive(file):     6804 kB\nUnevictable:           0 kB\nMlocked:               0 kB\nSwapTotal:             0 kB\nSwapFree:              0 kB\nDirty:                 0 kB\nWriteback:             0 kB\nAnonPages:         29484 kB\nMapped:            13604 kB\nShmem:                 0 kB",
        "cpuinfo": "Architecture:        x86_64\nCPU op-mode(s):      32-bit, 64-bit\nByte Order:          Little Endian\nCPU(s):              2\nOn-line CPU(s) list: 0,1\nVendor ID:           GenuineIntel\nCPU family:          6\nModel:               85\nModel name:          unknown\nStepping:            unknown\nCPU MHz:             2581.752\nBogoMIPS:            2581.75\nVirtualization:      VT-x\nFlags:               fpu vme de pse tsc msr pae mce cx8 apic sep mtrr pge mca cmov pat pse36 clflush dts acpi mmx fxsr sse sse2 ss ht tm pbe syscall nx pdpe1gb rdtscp lm pni pclmulqdq dtes64 monitor ds_cpl vmx smx est tm2 ssse3 sdbg fma cx16 xtpr pdcm pcid dca sse4_1 sse4_2 x2apic movbe popcnt tsc_deadline_timer aes xsave avx f16c rdrand lahf_lm abm 3dnowprefetch fsgsbase tsc_adjust bmi1 hle avx2 smep bmi2 erms invpcid rtm cqm mpx rdt_a avx512f avx512dq rdseed adx smap clwb avx512cd avx512bw avx512vl xsaveopt xsavec xgetbv1 xsaves pku"
    }
},
{
    "pystart_ms": 1588924012467.5928,
    "pyend_ms": 1588924014830.1157,
    "pyduration_ms": 2362.52294921875,
    "func_data": {
        "initTime_ms": 1588924013073.3826,
        "endTime_ms": 1588924014750.9077,
        "duration_ms": 1677.5250434875488,
        "executionID": "63he9dk796qf",
        "containerID": "e11d0fdc-602c-4c8e-be84-472a20e7ec0e",
        "uptime": "43.10",
        "meminfo": "MemTotal:        2097152 kB\nMemFree:         2050144 kB\nMemAvailable:    2050144 kB\nBuffers:               0 kB\nCached:            13608 kB\nSwapCache:             0 kB\nActive:            33736 kB\nInactive:           6804 kB\nActive(anon):      26932 kB\nInactive(anon):        0 kB\nActive(file):       6804 kB\nInactive(file):     6804 kB\nUnevictable:           0 kB\nMlocked:               0 kB\nSwapTotal:             0 kB\nSwapFree:              0 kB\nDirty:                 0 kB\nWriteback:             0 kB\nAnonPages:         26932 kB\nMapped:            13608 kB\nShmem:                 0 kB",
        "cpuinfo": "Architecture:        x86_64\nCPU op-mode(s):      32-bit, 64-bit\nByte Order:          Little Endian\nCPU(s):              2\nOn-line CPU(s) list: 0,1\nVendor ID:           GenuineIntel\nCPU family:          6\nModel:               85\nModel name:          unknown\nStepping:            unknown\nCPU MHz:             2589.505\nBogoMIPS:            2589.51\nVirtualization:      VT-x\nFlags:               fpu vme de pse tsc msr pae mce cx8 apic sep mtrr pge mca cmov pat pse36 clflush dts acpi mmx fxsr sse sse2 ss ht tm pbe syscall nx pdpe1gb rdtscp lm pni pclmulqdq dtes64 monitor ds_cpl vmx smx est tm2 ssse3 sdbg fma cx16 xtpr pdcm pcid dca sse4_1 sse4_2 x2apic movbe popcnt tsc_deadline_timer aes xsave avx f16c rdrand lahf_lm abm 3dnowprefetch fsgsbase tsc_adjust bmi1 hle avx2 smep bmi2 erms invpcid rtm cqm mpx rdt_a avx512f avx512dq rdseed adx smap clwb avx512cd avx512bw avx512vl xsaveopt xsavec xgetbv1 xsaves pku"
    }
},
{
    "pystart_ms": 1588924012437.58,
    "pyend_ms": 1588924014836.5718,
    "pyduration_ms": 2398.99169921875,
    "func_data": {
        "initTime_ms": 1588924012869.0752,
        "endTime_ms": 1588924014681.5596,
        "duration_ms": 1812.4842643737793,
        "executionID": "n1g6z8sgucos",
        "containerID": "09a121da-d8ce-4b64-a0d0-d599f270bb0d",
        "uptime": "71.91",
        "meminfo": "MemTotal:        2097152 kB\nMemFree:         2047076 kB\nMemAvailable:    2047076 kB\nBuffers:               0 kB\nCached:            13604 kB\nSwapCache:             0 kB\nActive:            36804 kB\nInactive:           6804 kB\nActive(anon):      30004 kB\nInactive(anon):        0 kB\nActive(file):       6800 kB\nInactive(file):     6804 kB\nUnevictable:           0 kB\nMlocked:               0 kB\nSwapTotal:             0 kB\nSwapFree:              0 kB\nDirty:                 0 kB\nWriteback:             0 kB\nAnonPages:         30004 kB\nMapped:            13604 kB\nShmem:                 0 kB",
        "cpuinfo": "Architecture:        x86_64\nCPU op-mode(s):      32-bit, 64-bit\nByte Order:          Little Endian\nCPU(s):              2\nOn-line CPU(s) list: 0,1\nVendor ID:           GenuineIntel\nCPU family:          6\nModel:               79\nModel name:          unknown\nStepping:            unknown\nCPU MHz:             2764.795\nBogoMIPS:            2764.80\nVirtualization:      VT-x\nFlags:               fpu vme de pse tsc msr pae mce cx8 apic sep mtrr pge mca cmov pat pse36 clflush dts acpi mmx fxsr sse sse2 ss ht tm pbe syscall nx pdpe1gb rdtscp lm pni pclmulqdq dtes64 monitor ds_cpl vmx smx est tm2 ssse3 sdbg fma cx16 xtpr pdcm pcid dca sse4_1 sse4_2 x2apic movbe popcnt tsc_deadline_timer aes xsave avx f16c rdrand lahf_lm abm 3dnowprefetch fsgsbase tsc_adjust bmi1 hle avx2 smep bmi2 erms invpcid rtm cqm rdt_a rdseed adx smap xsaveopt"
    }
},
{
    "pystart_ms": 1588924012486.586,
    "pyend_ms": 1588924014851.5327,
    "pyduration_ms": 2364.94677734375,
    "func_data": {
        "initTime_ms": 1588924013088.9482,
        "endTime_ms": 1588924014770.5127,
        "duration_ms": 1681.5643310546875,
        "executionID": "prpg269adghy",
        "containerID": "8bfe628c-5183-402b-994d-616a1ed7cc3a",
        "uptime": "72.16",
        "meminfo": "MemTotal:        2097152 kB\nMemFree:         2047848 kB\nMemAvailable:    2047848 kB\nBuffers:               0 kB\nCached:            13604 kB\nSwapCache:             0 kB\nActive:            36032 kB\nInactive:           6804 kB\nActive(anon):      29232 kB\nInactive(anon):        0 kB\nActive(file):       6800 kB\nInactive(file):     6804 kB\nUnevictable:           0 kB\nMlocked:               0 kB\nSwapTotal:             0 kB\nSwapFree:              0 kB\nDirty:                 0 kB\nWriteback:             0 kB\nAnonPages:         29232 kB\nMapped:            13604 kB\nShmem:                 0 kB",
        "cpuinfo": "Architecture:        x86_64\nCPU op-mode(s):      32-bit, 64-bit\nByte Order:          Little Endian\nCPU(s):              2\nOn-line CPU(s) list: 0,1\nVendor ID:           GenuineIntel\nCPU family:          6\nModel:               79\nModel name:          unknown\nStepping:            unknown\nCPU MHz:             2739.158\nBogoMIPS:            2739.16\nVirtualization:      VT-x\nFlags:               fpu vme de pse tsc msr pae mce cx8 apic sep mtrr pge mca cmov pat pse36 clflush dts acpi mmx fxsr sse sse2 ss ht tm pbe syscall nx pdpe1gb rdtscp lm pni pclmulqdq dtes64 monitor ds_cpl vmx smx est tm2 ssse3 sdbg fma cx16 xtpr pdcm pcid dca sse4_1 sse4_2 x2apic movbe popcnt tsc_deadline_timer aes xsave avx f16c rdrand lahf_lm abm 3dnowprefetch fsgsbase tsc_adjust bmi1 hle avx2 smep bmi2 erms invpcid rtm cqm rdt_a rdseed adx smap xsaveopt"
    }
},
{
    "pystart_ms": 1588924012457.5903,
    "pyend_ms": 1588924014856.0298,
    "pyduration_ms": 2398.439453125,
    "func_data": {
        "initTime_ms": 1588924012996.2822,
        "endTime_ms": 1588924014685.611,
        "duration_ms": 1689.328670501709,
        "executionID": "r60z4ty4w3xa",
        "containerID": "1386db12-5950-45e7-922b-026fad8ee9b4",
        "uptime": "72.64",
        "meminfo": "MemTotal:        2097152 kB\nMemFree:         2048392 kB\nMemAvailable:    2048392 kB\nBuffers:               0 kB\nCached:            13604 kB\nSwapCache:             0 kB\nActive:            35488 kB\nInactive:           6804 kB\nActive(anon):      28688 kB\nInactive(anon):        0 kB\nActive(file):       6800 kB\nInactive(file):     6804 kB\nUnevictable:           0 kB\nMlocked:               0 kB\nSwapTotal:             0 kB\nSwapFree:              0 kB\nDirty:                 0 kB\nWriteback:             0 kB\nAnonPages:         28688 kB\nMapped:            13604 kB\nShmem:                 0 kB",
        "cpuinfo": "Architecture:        x86_64\nCPU op-mode(s):      32-bit, 64-bit\nByte Order:          Little Endian\nCPU(s):              2\nOn-line CPU(s) list: 0,1\nVendor ID:           GenuineIntel\nCPU family:          6\nModel:               85\nModel name:          unknown\nStepping:            unknown\nCPU MHz:             2456.138\nBogoMIPS:            2456.14\nVirtualization:      VT-x\nFlags:               fpu vme de pse tsc msr pae mce cx8 apic sep mtrr pge mca cmov pat pse36 clflush dts acpi mmx fxsr sse sse2 ss ht tm pbe syscall nx pdpe1gb rdtscp lm pni pclmulqdq dtes64 monitor ds_cpl vmx smx est tm2 ssse3 sdbg fma cx16 xtpr pdcm pcid dca sse4_1 sse4_2 x2apic movbe popcnt tsc_deadline_timer aes xsave avx f16c rdrand lahf_lm abm 3dnowprefetch fsgsbase tsc_adjust bmi1 hle avx2 smep bmi2 erms invpcid rtm cqm mpx rdt_a avx512f avx512dq rdseed adx smap clwb avx512cd avx512bw avx512vl xsaveopt xsavec xgetbv1 xsaves pku"
    }
},
{
    "pystart_ms": 1588924012447.5818,
    "pyend_ms": 1588924014857.0012,
    "pyduration_ms": 2409.41943359375,
    "func_data": {
        "initTime_ms": 1588924012991.7668,
        "endTime_ms": 1588924014694.846,
        "duration_ms": 1703.0789852142334,
        "executionID": "psji19l2mzdh",
        "containerID": "2e3f7e58-581c-4f98-997b-56e2b6515e0f",
        "uptime": "42.22",
        "meminfo": "MemTotal:        2097152 kB\nMemFree:         2049608 kB\nMemAvailable:    2049608 kB\nBuffers:               0 kB\nCached:            13628 kB\nSwapCache:             0 kB\nActive:            34260 kB\nInactive:           6816 kB\nActive(anon):      27448 kB\nInactive(anon):        0 kB\nActive(file):       6812 kB\nInactive(file):     6816 kB\nUnevictable:           0 kB\nMlocked:               0 kB\nSwapTotal:             0 kB\nSwapFree:              0 kB\nDirty:                 0 kB\nWriteback:             0 kB\nAnonPages:         27448 kB\nMapped:            13628 kB\nShmem:                 0 kB",
        "cpuinfo": "Architecture:        x86_64\nCPU op-mode(s):      32-bit, 64-bit\nByte Order:          Little Endian\nCPU(s):              2\nOn-line CPU(s) list: 0,1\nVendor ID:           GenuineIntel\nCPU family:          6\nModel:               85\nModel name:          unknown\nStepping:            unknown\nCPU MHz:             2672.907\nBogoMIPS:            2672.91\nVirtualization:      VT-x\nFlags:               fpu vme de pse tsc msr pae mce cx8 apic sep mtrr pge mca cmov pat pse36 clflush dts acpi mmx fxsr sse sse2 ss ht tm pbe syscall nx pdpe1gb rdtscp lm pni pclmulqdq dtes64 monitor ds_cpl vmx smx est tm2 ssse3 sdbg fma cx16 xtpr pdcm pcid dca sse4_1 sse4_2 x2apic movbe popcnt tsc_deadline_timer aes xsave avx f16c rdrand lahf_lm abm 3dnowprefetch fsgsbase tsc_adjust bmi1 hle avx2 smep bmi2 erms invpcid rtm cqm mpx rdt_a avx512f avx512dq rdseed adx smap clwb avx512cd avx512bw avx512vl xsaveopt xsavec xgetbv1 xsaves pku"
    }
},
{
    "pystart_ms": 1588924012425.5806,
    "pyend_ms": 1588924014865.9902,
    "pyduration_ms": 2440.40966796875,
    "func_data": {
        "initTime_ms": 1588924012904.8733,
        "endTime_ms": 1588924014695.454,
        "duration_ms": 1790.5807495117188,
        "executionID": "z1ub519pq6b0",
        "containerID": "09c57ad3-f42a-4403-9c7b-b8689afe12c4",
        "uptime": "72.76",
        "meminfo": "MemTotal:        2097152 kB\nMemFree:         2048448 kB\nMemAvailable:    2048448 kB\nBuffers:               0 kB\nCached:            13660 kB\nSwapCache:             0 kB\nActive:            35404 kB\nInactive:           6832 kB\nActive(anon):      28576 kB\nInactive(anon):        0 kB\nActive(file):       6828 kB\nInactive(file):     6832 kB\nUnevictable:           0 kB\nMlocked:               0 kB\nSwapTotal:             0 kB\nSwapFree:              0 kB\nDirty:                 0 kB\nWriteback:             0 kB\nAnonPages:         28576 kB\nMapped:            13660 kB\nShmem:                 0 kB",
        "cpuinfo": "Architecture:        x86_64\nCPU op-mode(s):      32-bit, 64-bit\nByte Order:          Little Endian\nCPU(s):              2\nOn-line CPU(s) list: 0,1\nVendor ID:           GenuineIntel\nCPU family:          6\nModel:               79\nModel name:          unknown\nStepping:            unknown\nCPU MHz:             2530.055\nBogoMIPS:            2530.05\nVirtualization:      VT-x\nFlags:               fpu vme de pse tsc msr pae mce cx8 apic sep mtrr pge mca cmov pat pse36 clflush dts acpi mmx fxsr sse sse2 ss ht tm pbe syscall nx pdpe1gb rdtscp lm pni pclmulqdq dtes64 monitor ds_cpl vmx smx est tm2 ssse3 sdbg fma cx16 xtpr pdcm pcid dca sse4_1 sse4_2 x2apic movbe popcnt tsc_deadline_timer aes xsave avx f16c rdrand lahf_lm abm 3dnowprefetch fsgsbase tsc_adjust bmi1 hle avx2 smep bmi2 erms invpcid rtm cqm rdt_a rdseed adx smap xsaveopt"
    }
},
{
    "pystart_ms": 1588924012451.584,
    "pyend_ms": 1588924014868.9905,
    "pyduration_ms": 2417.406494140625,
    "func_data": {
        "initTime_ms": 1588924012937.0664,
        "endTime_ms": 1588924014714.968,
        "duration_ms": 1777.9016494750977,
        "executionID": "gkmco8e8v08h",
        "containerID": "d434509f-e69b-4309-955b-b680d4fd5f80",
        "uptime": "42.74",
        "meminfo": "MemTotal:        2097152 kB\nMemFree:         2048204 kB\nMemAvailable:    2048204 kB\nBuffers:               0 kB\nCached:            13740 kB\nSwapCache:             0 kB\nActive:            35608 kB\nInactive:           6872 kB\nActive(anon):      28740 kB\nInactive(anon):        0 kB\nActive(file):       6868 kB\nInactive(file):     6872 kB\nUnevictable:           0 kB\nMlocked:               0 kB\nSwapTotal:             0 kB\nSwapFree:              0 kB\nDirty:                 0 kB\nWriteback:             0 kB\nAnonPages:         28740 kB\nMapped:            13740 kB\nShmem:                 0 kB",
        "cpuinfo": "Architecture:        x86_64\nCPU op-mode(s):      32-bit, 64-bit\nByte Order:          Little Endian\nCPU(s):              2\nOn-line CPU(s) list: 0,1\nVendor ID:           GenuineIntel\nCPU family:          6\nModel:               79\nModel name:          unknown\nStepping:            unknown\nCPU MHz:             2776.633\nBogoMIPS:            2776.63\nVirtualization:      VT-x\nFlags:               fpu vme de pse tsc msr pae mce cx8 apic sep mtrr pge mca cmov pat pse36 clflush dts acpi mmx fxsr sse sse2 ss ht tm pbe syscall nx pdpe1gb rdtscp lm pni pclmulqdq dtes64 monitor ds_cpl vmx smx est tm2 ssse3 sdbg fma cx16 xtpr pdcm pcid dca sse4_1 sse4_2 x2apic movbe popcnt tsc_deadline_timer aes xsave avx f16c rdrand lahf_lm abm 3dnowprefetch fsgsbase tsc_adjust bmi1 hle avx2 smep bmi2 erms invpcid rtm cqm rdt_a rdseed adx smap xsaveopt"
    }
},
{
    "pystart_ms": 1588924012456.59,
    "pyend_ms": 1588924014871.028,
    "pyduration_ms": 2414.43798828125,
    "func_data": {
        "initTime_ms": 1588924012944.6865,
        "endTime_ms": 1588924014705.2407,
        "duration_ms": 1760.554313659668,
        "executionID": "sjdpqmh0r6cw",
        "containerID": "585fcb4f-fcce-4bb6-86bb-3bfb77070d1a",
        "uptime": "73.18",
        "meminfo": "MemTotal:        2097152 kB\nMemFree:         2048104 kB\nMemAvailable:    2048104 kB\nBuffers:               0 kB\nCached:            13740 kB\nSwapCache:             0 kB\nActive:            35708 kB\nInactive:           6872 kB\nActive(anon):      28840 kB\nInactive(anon):        0 kB\nActive(file):       6868 kB\nInactive(file):     6872 kB\nUnevictable:           0 kB\nMlocked:               0 kB\nSwapTotal:             0 kB\nSwapFree:              0 kB\nDirty:                 0 kB\nWriteback:             0 kB\nAnonPages:         28840 kB\nMapped:            13740 kB\nShmem:                 0 kB",
        "cpuinfo": "Architecture:        x86_64\nCPU op-mode(s):      32-bit, 64-bit\nByte Order:          Little Endian\nCPU(s):              2\nOn-line CPU(s) list: 0,1\nVendor ID:           GenuineIntel\nCPU family:          6\nModel:               79\nModel name:          unknown\nStepping:            unknown\nCPU MHz:             2799.998\nBogoMIPS:            2800.00\nVirtualization:      VT-x\nFlags:               fpu vme de pse tsc msr pae mce cx8 apic sep mtrr pge mca cmov pat pse36 clflush dts acpi mmx fxsr sse sse2 ss ht tm pbe syscall nx pdpe1gb rdtscp lm pni pclmulqdq dtes64 monitor ds_cpl vmx smx est tm2 ssse3 sdbg fma cx16 xtpr pdcm pcid dca sse4_1 sse4_2 x2apic movbe popcnt tsc_deadline_timer aes xsave avx f16c rdrand lahf_lm abm 3dnowprefetch fsgsbase tsc_adjust bmi1 hle avx2 smep bmi2 erms invpcid rtm cqm rdt_a rdseed adx smap xsaveopt"
    }
},
{
    "pystart_ms": 1588924012454.585,
    "pyend_ms": 1588924014871.99,
    "pyduration_ms": 2417.405029296875,
    "func_data": {
        "initTime_ms": 1588924012942.3518,
        "endTime_ms": 1588924014792.7126,
        "duration_ms": 1850.3608703613281,
        "executionID": "x2sea0sg8vuw",
        "containerID": "ea52e9b9-760b-416a-88e3-523b56d5f74a",
        "uptime": "71.16",
        "meminfo": "MemTotal:        2097152 kB\nMemFree:         2050016 kB\nMemAvailable:    2050016 kB\nBuffers:               0 kB\nCached:            13752 kB\nSwapCache:             0 kB\nActive:            33792 kB\nInactive:           6876 kB\nActive(anon):      26916 kB\nInactive(anon):        0 kB\nActive(file):       6876 kB\nInactive(file):     6876 kB\nUnevictable:           0 kB\nMlocked:               0 kB\nSwapTotal:             0 kB\nSwapFree:              0 kB\nDirty:                 0 kB\nWriteback:             0 kB\nAnonPages:         26916 kB\nMapped:            13752 kB\nShmem:                 0 kB",
